03-03 21:37:26.581  5820  6313 I global  :  RENO - ObjectDetection.sleeveColorDetect(ObjectDetection.java:132): Sleeve max color = 118977.00, 111282.00, 106187.00
03-03 21:37:26.582  5820  6313 I global  :  RENO - ObjectDetection.sleeveColorDetect(ObjectDetection.java:151): Sleeve position: LEFT
03-03 21:37:26.647  5820  6313 I global  :  RENO - ObjectDetection.sleeveColorDetect(ObjectDetection.java:125): Start Opcv process to detect sleeve color.
03-03 21:37:26.649  5820  6313 I global  :  RENO - ObjectDetection.sleeveColorDetect(ObjectDetection.java:132): Sleeve max color = 119820.00, 111748.00, 106030.00
03-03 21:37:26.650  5820  6313 I global  :  RENO - ObjectDetection.sleeveColorDetect(ObjectDetection.java:151): Sleeve position: LEFT
03-03 21:37:26.716  5820  6313 I global  :  RENO - ObjectDetection.sleeveColorDetect(ObjectDetection.java:125): Start Opcv process to detect sleeve color.
03-03 21:37:26.717  5820  6313 I global  :  RENO - ObjectDetection.sleeveColorDetect(ObjectDetection.java:132): Sleeve max color = 124213.00, 115834.00, 109082.00
03-03 21:37:26.718  5820  6313 I global  :  RENO - ObjectDetection.sleeveColorDetect(ObjectDetection.java:151): Sleeve position: LEFT
03-03 21:37:26.785  5820  6313 I global  :  RENO - ObjectDetection.sleeveColorDetect(ObjectDetection.java:125): Start Opcv process to detect sleeve color.
03-03 21:37:26.786  5820  6313 I global  :  RENO - ObjectDetection.sleeveColorDetect(ObjectDetection.java:132): Sleeve max color = 135477.00, 126385.00, 118233.00
03-03 21:37:26.787  5820  6313 I global  :  RENO - ObjectDetection.sleeveColorDetect(ObjectDetection.java:151): Sleeve position: LEFT
03-03 21:37:26.848  5820  6313 I global  :  RENO - ObjectDetection.sleeveColorDetect(ObjectDetection.java:125): Start Opcv process to detect sleeve color.
03-03 21:37:26.850  5820  6313 I global  :  RENO - ObjectDetection.sleeveColorDetect(ObjectDetection.java:132): Sleeve max color = 162879.00, 151579.00, 141194.00
03-03 21:37:26.852  5820  6313 I global  :  RENO - ObjectDetection.sleeveColorDetect(ObjectDetection.java:151): Sleeve position: LEFT
03-03 21:37:26.916  5820  6313 I global  :  RENO - ObjectDetection.sleeveColorDetect(ObjectDetection.java:125): Start Opcv process to detect sleeve color.
03-03 21:37:26.918  5820  6313 I global  :  RENO - ObjectDetection.sleeveColorDetect(ObjectDetection.java:132): Sleeve max color = 175902.00, 163332.00, 158544.00
03-03 21:37:26.919  5820  6313 I global  :  RENO - ObjectDetection.sleeveColorDetect(ObjectDetection.java:151): Sleeve position: LEFT
03-03 21:37:26.983  5820  6313 I global  :  RENO - ObjectDetection.sleeveColorDetect(ObjectDetection.java:125): Start Opcv process to detect sleeve color.
03-03 21:37:26.985  5820  6313 I global  :  RENO - ObjectDetection.sleeveColorDetect(ObjectDetection.java:132): Sleeve max color = 185645.00, 170444.00, 167574.00
03-03 21:37:26.986  5820  6313 I global  :  RENO - ObjectDetection.sleeveColorDetect(ObjectDetection.java:151): Sleeve position: LEFT
03-03 21:37:27.013  5820  6306 D UsbResiliantWebcam|DelCaptureSession: stopCapture()...
03-03 21:37:27.013  5820  6306 D UsbResiliantWebcam|DelCaptureSequence: undoStreaming()...
03-03 21:37:27.014  5820  6306 D UvcApiCaptureSession: stopCapture()...
03-03 21:37:27.014  5820  6306 D Uvc     : [jni_streamhandle.cpp:184] Java_org_firstinspires_ftc_robotcore_internal_camera_libuvc_nativeobject_UvcStreamHandle_nativeStopStreaming()...
03-03 21:37:27.014  5820  6306 V Uvc     : API: Java_org_firstinspires_ftc_robotcore_internal_camera_libuvc_nativeobject_UvcStreamHandle_nativeStopStreaming: enter...
03-03 21:37:27.014  5820  6306 D Uvc     : [stream.cpp:1514] uvc_stream_stop()...
03-03 21:37:27.014  5820  6306 D UvcStream: [stream.cpp:1542] cancelling extant transfers
03-03 21:37:27.017  5820  5820 D OpenCvViewport: surfaceDestroyed()
03-03 21:37:27.017  5820  5820 D OpenCvViewport: CheckState(): lifecycle mandates deactivation regardless of user
03-03 21:37:27.017  5820  5820 D OpenCvViewport: CheckState(): deactivating viewport
03-03 21:37:27.017  5820  6306 D Uvc     : [stream.cpp:1471] (waitForAllTransfers(waiting for cancelled transfers))...
03-03 21:37:27.017  5820  6312 W System.err: java.lang.InterruptedException
03-03 21:37:27.018  5820  6312 W System.err: 	at java.lang.Object.wait(Native Method)
03-03 21:37:27.018  5820  6312 W System.err: 	at org.firstinspires.ftc.robotcore.internal.collections.EvictingBlockingQueue.take(EvictingBlockingQueue.java:143)
03-03 21:37:27.018  5820  6312 W System.err: 	at org.openftc.easyopencv.OpenCvViewport$RenderThread.run(OpenCvViewport.java:554)
03-03 21:37:27.018  5820  6312 D OpenCvViewportRenderThread: About to exit
03-03 21:37:27.018  5820  6306 D UvcStream: [stream.cpp:1485] no extant active transfers: continuing
03-03 21:37:27.018  5820  6306 D Uvc     : [stream.cpp:1471] ...()
03-03 21:37:27.018  5820  6306 D Uvc     : [stream.cpp:1189] uvc_stream_handle::stopIsochronousStreaming()...
03-03 21:37:27.018  5820  6306 D Uvc     : [libuvc/libuvc_internal.h:825] uvc_device_handle::setInterfaceAltSetting(setInterfaceAltSetting(intf=1 alt=0))...
03-03 21:37:27.018  5820  6306 D UvcDevice: setInterfaceAltSetting(1,0)
03-03 21:37:27.018  5820  5820 D OpenCvViewport: ...surfaceDestroyed()
03-03 21:37:27.028  5820  6306 D UvcDevice: setInterfaceAltSetting(1,0) succeeded
03-03 21:37:27.028  5820  6306 D Uvc     : [libuvc/libuvc_internal.h:825] ...uvc_device_handle::setInterfaceAltSetting() rc=0
03-03 21:37:27.028  5820  6306 D Uvc     : [stream.cpp:1189] ...uvc_stream_handle::stopIsochronousStreaming() rc=0
03-03 21:37:27.028  5820  6306 D UvcStream: [stream.cpp:1558] awakening user thread
03-03 21:37:27.028  5820  6306 D UvcStream: [stream.cpp:1567] waiting for user callback thread to finish
03-03 21:37:27.028  5820  6313 D UvcStream: [stream.cpp:1329] user callback thread stopped
03-03 21:37:27.028  5820  6306 D Uvc     : [stream.cpp:1514] ...uvc_stream_stop() rc=0
03-03 21:37:27.028  5820  6306 V Uvc     : API: Java_org_firstinspires_ftc_robotcore_internal_camera_libuvc_nativeobject_UvcStreamHandle_nativeStopStreaming: ...exit
03-03 21:37:27.028  5820  6306 D Uvc     : [jni_streamhandle.cpp:184] ...Java_org_firstinspires_ftc_robotcore_internal_camera_libuvc_nativeobject_UvcStreamHandle_nativeStopStreaming()
03-03 21:37:27.029  5820  6306 V UvcFrameCallback: destroy(hash=0x064f7401)
03-03 21:37:27.029  5820  6306 V UvcFrameCallbackData: destroy(pointer=0xcbee12d8)
03-03 21:37:27.029  5820  6306 V Uvc     : API: Java_org_firstinspires_ftc_robotcore_internal_camera_libuvc_nativeobject_UvcFrameCallback_nativeReleaseCallbackState: enter...
03-03 21:37:27.029  5820  6306 V Uvc     : API: Java_org_firstinspires_ftc_robotcore_internal_camera_libuvc_nativeobject_UvcFrameCallback_nativeReleaseCallbackState: ...exit
03-03 21:37:27.030  5820  6306 V UvcStreamHandle: destroy(pointer=0xd2d262e0)
03-03 21:37:27.030  5820  6306 D Uvc     : [jni_streamhandle.cpp:184] Java_org_firstinspires_ftc_robotcore_internal_camera_libuvc_nativeobject_UvcStreamHandle_nativeStopStreaming()...
03-03 21:37:27.030  5820  6306 V Uvc     : API: Java_org_firstinspires_ftc_robotcore_internal_camera_libuvc_nativeobject_UvcStreamHandle_nativeStopStreaming: enter...
03-03 21:37:27.030  5820  6306 D Uvc     : [stream.cpp:1514] uvc_stream_stop()...
03-03 21:37:27.030  5820  6306 D Uvc     : [stream.cpp:1514] ...uvc_stream_stop() rc=0
03-03 21:37:27.030  5820  6306 V Uvc     : API: Java_org_firstinspires_ftc_robotcore_internal_camera_libuvc_nativeobject_UvcStreamHandle_nativeStopStreaming: ...exit
03-03 21:37:27.030  5820  6306 D Uvc     : [jni_streamhandle.cpp:184] ...Java_org_firstinspires_ftc_robotcore_internal_camera_libuvc_nativeobject_UvcStreamHandle_nativeStopStreaming()
03-03 21:37:27.030  5820  6306 D Uvc     : [jni_streamhandle.cpp:200] Java_org_firstinspires_ftc_robotcore_internal_camera_libuvc_nativeobject_UvcStreamHandle_nativeCloseStreamHandle()...
03-03 21:37:27.030  5820  6306 V Uvc     : API: Java_org_firstinspires_ftc_robotcore_internal_camera_libuvc_nativeobject_UvcStreamHandle_nativeCloseStreamHandle: enter...
03-03 21:37:27.030  5820  6306 D Uvc     : [stream.cpp:1584] uvc_stream_close()...
03-03 21:37:27.030  5820  6306 D Uvc     : [streamhandle.cpp:45] uvc_stream_handle::~uvc_stream_handle()...
03-03 21:37:27.030  5820  6306 D Uvc     : [streamhandle.cpp:66] uvc_stream_handle::releaseInterface()...
03-03 21:37:27.030  5820  6306 D Uvc     : [libuvc/libuvc_internal.h:793] uvc_device_handle::releaseInterface()...
03-03 21:37:27.030  5820  6306 D UvcDevice: releaseInterface(1)
03-03 21:37:27.031  5820  6306 D UvcDevice: releaseInterface(1) succeeded
03-03 21:37:27.031  5820  6306 D Uvc     : [libuvc/libuvc_internal.h:793] ...uvc_device_handle::releaseInterface() rc=0
03-03 21:37:27.031  5820  6306 D Uvc     : [streamhandle.cpp:66] ...uvc_stream_handle::releaseInterface()
03-03 21:37:27.031  5820  6306 D Uvc     : [streamhandle.cpp:45] ...uvc_stream_handle::~uvc_stream_handle()
03-03 21:37:27.031  5820  6306 D Uvc     : [stream.cpp:1584] ...uvc_stream_close()
03-03 21:37:27.031  5820  6306 V Uvc     : API: Java_org_firstinspires_ftc_robotcore_internal_camera_libuvc_nativeobject_UvcStreamHandle_nativeCloseStreamHandle: ...exit
03-03 21:37:27.031  5820  6306 D Uvc     : [jni_streamhandle.cpp:200] ...Java_org_firstinspires_ftc_robotcore_internal_camera_libuvc_nativeobject_UvcStreamHandle_nativeCloseStreamHandle()
03-03 21:37:27.032  5820  6101 D RobotCore: capture sequence DelegatingCaptureSequenceId(1) reports completed: lastFrame=183
03-03 21:37:27.033  5820  6306 V UvcApiCameraCaptureSequence: destroy(hash=0x007b830b)
03-03 21:37:27.034  5820  6306 D UvcApiCaptureSession: ...stopCapture()
03-03 21:37:27.034  5820  6306 D UvcApiCaptureSession: doClose()...
03-03 21:37:27.034  5820  6306 D UvcApiCaptureSession: ...doClose()
03-03 21:37:27.035  5820  6306 D UsbResiliantWebcam|DelCaptureSequence: ...undoStreaming()
03-03 21:37:27.035  5820  6311 D UsbResiliantWebcam|DelCaptureSession: camera session is closed: Webcam(D5386480)
03-03 21:37:27.035  5820  6311 V UvcApiCaptureSession: destroy(hash=0x0b7072da)
03-03 21:37:27.035  5820  6311 D UvcApiCaptureSession: destructor...
03-03 21:37:27.035  5820  6311 D UvcApiCaptureSession: ...destructor
03-03 21:37:27.035  5820  6101 D RobotCore: capture sequence DelegatingCaptureSequenceId(1) reports completed: lastFrame=183
03-03 21:37:27.036  5820  6306 V UsbResiliantWebcam|DelCaptureSequence: destroy(hash=0x04cd1485)
03-03 21:37:27.037  5820  6306 D UsbResiliantWebcam|DelCaptureSession: ...stopCapture()
03-03 21:37:27.037  5820  6306 D UsbResiliantWebcam|DelCaptureSession: doClose()...
03-03 21:37:27.037  5820  6306 D UsbResiliantWebcam|DelCaptureSession: ...doClose()
03-03 21:37:27.038  5820  6306 V UsbResiliantWebcam|DelCaptureSession: destroy(hash=0x0d53d5fc)
03-03 21:37:27.038  5820  6306 D UsbResiliantWebcam|DelCaptureSession: destructor()...
03-03 21:37:27.039  5820  6306 D UsbResiliantWebcam|DelCaptureSession: ...destructor()
03-03 21:37:27.039  5820  6306 V CameraImpl: destroy(hash=0x0b12f4c9)
03-03 21:37:27.039  5820  6306 D UsbResiliantWebcam: CameraImpl.destructor()...
03-03 21:37:27.039  5820  6306 D UsbResiliantWebcam: externalDestructor()...
03-03 21:37:27.042  5820  6311 D CameraManager: camera reports closed: CameraImpl(UsbResiliantWebcam(Webcam(D5386480)))
03-03 21:37:27.043  5820  6306 V CameraImpl: destroy(hash=0x0d8898cd)
03-03 21:37:27.043  5820  6306 D UvcDeviceHandle: CameraImpl.destructor()...
03-03 21:37:27.044  5820  6306 D UvcDeviceHandle: externalDestructor()...
03-03 21:37:27.046  5820  6306 D UsbResiliantWebcam: changeDelegatedCamera(CameraImpl(UvcDeviceHandle(pointer=0xcecf7ec0|UvcDevice(/dev/bus/usb/001/002)))->null)...
03-03 21:37:27.047  5820  6306 D CachingExposureControl: onCameraChanged(CameraImpl(UvcDeviceHandle(pointer=0xcecf7ec0|UvcDevice(/dev/bus/usb/001/002)))->null)...
03-03 21:37:27.047  5820  6306 D CachingExposureControl: ...onCameraChanged(CameraImpl(UvcDeviceHandle(pointer=0xcecf7ec0|UvcDevice(/dev/bus/usb/001/002)))->null)
03-03 21:37:27.048  5820  6306 D UsbResiliantWebcam: ...changeDelegatedCamera(CameraImpl(UvcDeviceHandle(pointer=0xcecf7ec0|UvcDevice(/dev/bus/usb/001/002)))->null)
03-03 21:37:27.048  5820  6306 D UvcDeviceHandle: ...externalDestructor()
03-03 21:37:27.048  5820  6306 V UvcDeviceHandle: destroy(pointer=0xcecf7ec0)
03-03 21:37:27.049  5820  6306 D UvcDeviceHandle: destructor...
03-03 21:37:27.049  5820  6306 D Uvc     : [jni_devicehandle.cpp:87] Java_org_firstinspires_ftc_robotcore_internal_camera_libuvc_nativeobject_UvcDeviceHandle_nativeReleaseRefDeviceHandle()...
03-03 21:37:27.049  5820  6306 V Uvc     : API: Java_org_firstinspires_ftc_robotcore_internal_camera_libuvc_nativeobject_UvcDeviceHandle_nativeReleaseRefDeviceHandle: enter...
03-03 21:37:27.049  5820  6306 D Uvc     : [libuvc/libuvc_internal.h:872] uvc_device_handle::~uvc_device_handle()...
03-03 21:37:27.049  5820  6306 D Uvc     : [libuvc/libuvc_internal.h:840] uvc_device_handle::deconstruct()...
03-03 21:37:27.049  5820  6306 D Uvc     : [libuvc/libuvc_internal.h:751] uvc_device_handle::stop()...
03-03 21:37:27.049  5820  6306 D Uvc     : [libuvc/libuvc_internal.h:751] ...uvc_device_handle::stop()
03-03 21:37:27.049  5820  6306 D Uvc     : [libuvc/libuvc_internal.h:865] uvc_device_handle::close()...
03-03 21:37:27.049  5820  6306 E libusb  : [168.346113] [000018a2] libusb: error [do_close] Device handle closed while transfer was still being processed, but the device is still connected as far as we know
03-03 21:37:27.049  5820  6306 E libusb  : [168.346184] [000018a2] libusb: error [do_close] A cancellation hasn't even been scheduled on the transfer for which the device is closing
03-03 21:37:27.049  5820  6306 D Uvc     : [libuvc/libuvc_internal.h:865] ...uvc_device_handle::close()
03-03 21:37:27.049  5820  6306 D Uvc     : [libuvc/libuvc_internal.h:840] ...uvc_device_handle::deconstruct()
03-03 21:37:27.049  5820  6306 D Uvc     : [device.cpp:433] uvc_free_device_info()...
03-03 21:37:27.049  5820  6306 D Uvc     : [device.cpp:433] ...uvc_free_device_info()
03-03 21:37:27.049  5820  6306 D Uvc     : [libuvc/libuvc_internal.h:872] ...uvc_device_handle::~uvc_device_handle()
03-03 21:37:27.049  5820  6306 V Uvc     : API: Java_org_firstinspires_ftc_robotcore_internal_camera_libuvc_nativeobject_UvcDeviceHandle_nativeReleaseRefDeviceHandle: ...exit
03-03 21:37:27.049  5820  6306 D Uvc     : [jni_devicehandle.cpp:87] ...Java_org_firstinspires_ftc_robotcore_internal_camera_libuvc_nativeobject_UvcDeviceHandle_nativeReleaseRefDeviceHandle()
03-03 21:37:27.050  5820  6306 V UvcDevice: destroy(pointer=0xcfa1d488|/dev/bus/usb/001/002)
03-03 21:37:27.050  5820  6306 D UsbDeviceConnectionJNI: close
03-03 21:37:27.050  5820  6306 D Uvc     : [jni_device.cpp:126] Java_org_firstinspires_ftc_robotcore_internal_camera_libuvc_nativeobject_UvcDevice_nativeReleaseRefDevice()...
03-03 21:37:27.050  5820  6306 V Uvc     : API: Java_org_firstinspires_ftc_robotcore_internal_camera_libuvc_nativeobject_UvcDevice_nativeReleaseRefDevice: enter...
03-03 21:37:27.050  5820  6306 D Uvc     : [device.cpp:882] uvc_unref_device()...
03-03 21:37:27.050  5820  6306 D Uvc     : [device.cpp:882] ...uvc_unref_device()
03-03 21:37:27.051  5820  6306 V Uvc     : API: Java_org_firstinspires_ftc_robotcore_internal_camera_libuvc_nativeobject_UvcDevice_nativeReleaseRefDevice: ...exit
03-03 21:37:27.051  5820  6306 D Uvc     : [jni_device.cpp:126] ...Java_org_firstinspires_ftc_robotcore_internal_camera_libuvc_nativeobject_UvcDevice_nativeReleaseRefDevice()
03-03 21:37:27.051  5820  6306 V LibUsbDevice: destroy(pointer=0xd2d34d40)
03-03 21:37:27.051  5820  6306 D Uvc     : [jni_libusb_device.cpp:64] Java_org_firstinspires_ftc_robotcore_internal_camera_libuvc_nativeobject_LibUsbDevice_nativeReleaseRefDevice()...
03-03 21:37:27.051  5820  6306 D Uvc     : [jni_libusb_device.cpp:64] ...Java_org_firstinspires_ftc_robotcore_internal_camera_libuvc_nativeobject_LibUsbDevice_nativeReleaseRefDevice()
03-03 21:37:27.052  5820  6306 D UvcDeviceHandle: ...destructor
03-03 21:37:27.052  5820  6306 D UvcDeviceHandle: ...CameraImpl.destructor()
03-03 21:37:27.052  5820  6306 D UsbResiliantWebcam: ...externalDestructor()
03-03 21:37:27.053  5820  6306 V UsbResiliantWebcam: destroy(hash=0x08666ff7)
03-03 21:37:27.053  5820  6306 D UsbResiliantWebcam: destructor()...
03-03 21:37:27.054  5820  6306 D UsbResiliantWebcam: ...destructor()
03-03 21:37:27.054  5820  6306 D UsbResiliantWebcam: ...CameraImpl.destructor()
03-03 21:37:29.088  5820  6306 I global  :  RENO - AutoMJ_Right.autonomousCore(AutoMJ_Right.java:438): Autonomous time- ending traj1: 2.6077 seconds
03-03 21:37:29.091  5820  6306 I global  :  RENO - AutoMJ_Right.autonomousCore(AutoMJ_Right.java:441): Arrived pre cone junction
03-03 21:37:29.093  5820  6306 I global  :  RENO - AutoMJ_Right.autonomousCore(AutoMJ_Right.java:442): start pose: end x = -64.50,  y = 36.00, angle = 90.00
03-03 21:37:29.097  5820  6306 I global  :  RENO - AutoMJ_Right.autonomousCore(AutoMJ_Right.java:445): pre-cone pose trajSeq1: end x = -19.98,  y = 29.73, angle = 55.00
03-03 21:37:29.099  5820  6306 I global  :  RENO - AutoMJ_Right.autonomousCore(AutoMJ_Right.java:448): pre-cone pose trajSeq2: end x = -19.98,  y = 29.73, angle = 55.00
03-03 21:37:29.102  5820  6306 I global  :  RENO - AutoMJ_Right.autonomousCore(AutoMJ_Right.java:451): pre-cone pose traj1: end x = -19.98,  y = 29.73, angle = 55.00
03-03 21:37:29.104  5820  6306 I global  :  RENO - AutoMJ_Right.autonomousCore(AutoMJ_Right.java:454): pre-cone pose estimate end x = -20.06,  y = 29.73, angle = 57.39
03-03 21:37:29.263  5820  6306 I global  :  RENO - SlidersWith2Motors.waitRunningComplete(SlidersWith2Motors.java:146): Slider waiting time = 0.14 sec
03-03 21:37:29.265  5820  6306 I global  :  RENO - AutoMJ_Right.rrUnloadCone(AutoMJ_Right.java:559): Wait before unloading claw open.
03-03 21:37:29.326  5820  6306 I global  :  RENO - AutoMJ_Right.rrUnloadCone(AutoMJ_Right.java:563): Auto unload - Cone has been unloaded.
03-03 21:37:31.230  5820  6306 I global  :  RENO - AutoMJ_Right.moveFromJunctionToConeStack(AutoMJ_Right.java:584): Arrived cone stack
03-03 21:37:31.232  5820  6306 I global  :  RENO - AutoMJ_Right.moveFromJunctionToConeStack(AutoMJ_Right.java:585): traj1 end x = -11.20,  y = 62.80, angle = 90.00
03-03 21:37:31.234  5820  6306 I global  :  RENO - AutoMJ_Right.moveFromJunctionToConeStack(AutoMJ_Right.java:587): estimate end x = -11.22,  y = 62.61, angle = 89.53
03-03 21:37:31.612  5820  6306 I global  :  RENO - AutoMJ_Right.rrLoadCone(AutoMJ_Right.java:536): Wait before claw close.
03-03 21:37:31.622  5820  6306 I global  :  RENO - SlidersWith2Motors.waitRunningComplete(SlidersWith2Motors.java:146): Slider waiting time = 0.01 sec
03-03 21:37:31.791  5820  6306 I global  :  RENO - AutoMJ_Right.rrLoadCone(AutoMJ_Right.java:547): Wait before moving out cone stack.
03-03 21:37:33.681  5820  6306 I global  :  RENO - AutoMJ_Right.moveFromConeStackToJunction(AutoMJ_Right.java:606): Arrived junction
03-03 21:37:33.683  5820  6306 I global  :  RENO - AutoMJ_Right.moveFromConeStackToJunction(AutoMJ_Right.java:607): traj1 end x = -19.98,  y = 29.73, angle = 55.00
03-03 21:37:33.685  5820  6306 I global  :  RENO - AutoMJ_Right.moveFromConeStackToJunction(AutoMJ_Right.java:609): estimate end x = -20.03,  y = 29.52, angle = 54.24
03-03 21:37:33.687  5820  6306 I global  :  RENO - AutoMJ_Right.moveFromConeStackToJunction(AutoMJ_Right.java:612): MJ pos est x= 0.00
03-03 21:37:33.689  5820  6306 I global  :  RENO - AutoMJ_Right.moveFromConeStackToJunction(AutoMJ_Right.java:613): poseMJDropOff x= -19.98
03-03 21:37:33.855  5820  6306 I global  :  RENO - SlidersWith2Motors.waitRunningComplete(SlidersWith2Motors.java:146): Slider waiting time = 0.14 sec
03-03 21:37:33.857  5820  6306 I global  :  RENO - AutoMJ_Right.rrUnloadCone(AutoMJ_Right.java:559): Wait before unloading claw open.
03-03 21:37:33.918  5820  6306 I global  :  RENO - AutoMJ_Right.rrUnloadCone(AutoMJ_Right.java:563): Auto unload - Cone has been unloaded.
03-03 21:37:35.836  5820  6306 I global  :  RENO - AutoMJ_Right.moveFromJunctionToConeStack(AutoMJ_Right.java:584): Arrived cone stack
03-03 21:37:35.838  5820  6306 I global  :  RENO - AutoMJ_Right.moveFromJunctionToConeStack(AutoMJ_Right.java:585): traj1 end x = -11.20,  y = 62.80, angle = 90.00
03-03 21:37:35.840  5820  6306 I global  :  RENO - AutoMJ_Right.moveFromJunctionToConeStack(AutoMJ_Right.java:587): estimate end x = -11.18,  y = 62.71, angle = 90.09
03-03 21:37:36.226  5820  6306 I global  :  RENO - AutoMJ_Right.rrLoadCone(AutoMJ_Right.java:536): Wait before claw close.
03-03 21:37:36.235  5820  6306 I global  :  RENO - SlidersWith2Motors.waitRunningComplete(SlidersWith2Motors.java:146): Slider waiting time = 0.01 sec
03-03 21:37:36.403  5820  6306 I global  :  RENO - AutoMJ_Right.rrLoadCone(AutoMJ_Right.java:547): Wait before moving out cone stack.
03-03 21:37:38.292  5820  6306 I global  :  RENO - AutoMJ_Right.moveFromConeStackToJunction(AutoMJ_Right.java:606): Arrived junction
03-03 21:37:38.293  5820  6306 I global  :  RENO - AutoMJ_Right.moveFromConeStackToJunction(AutoMJ_Right.java:607): traj1 end x = -19.98,  y = 29.73, angle = 55.00
03-03 21:37:38.294  5820  6306 I global  :  RENO - AutoMJ_Right.moveFromConeStackToJunction(AutoMJ_Right.java:609): estimate end x = -20.08,  y = 29.40, angle = 53.59
03-03 21:37:38.295  5820  6306 I global  :  RENO - AutoMJ_Right.moveFromConeStackToJunction(AutoMJ_Right.java:612): MJ pos est x= 0.00
03-03 21:37:38.296  5820  6306 I global  :  RENO - AutoMJ_Right.moveFromConeStackToJunction(AutoMJ_Right.java:613): poseMJDropOff x= -19.98
03-03 21:37:38.471  5820  6306 I global  :  RENO - SlidersWith2Motors.waitRunningComplete(SlidersWith2Motors.java:146): Slider waiting time = 0.15 sec
03-03 21:37:38.472  5820  6306 I global  :  RENO - AutoMJ_Right.rrUnloadCone(AutoMJ_Right.java:559): Wait before unloading claw open.
03-03 21:37:38.532  5820  6306 I global  :  RENO - AutoMJ_Right.rrUnloadCone(AutoMJ_Right.java:563): Auto unload - Cone has been unloaded.
03-03 21:37:40.453  5820  6306 I global  :  RENO - AutoMJ_Right.moveFromJunctionToConeStack(AutoMJ_Right.java:584): Arrived cone stack
03-03 21:37:40.455  5820  6306 I global  :  RENO - AutoMJ_Right.moveFromJunctionToConeStack(AutoMJ_Right.java:585): traj1 end x = -11.20,  y = 62.80, angle = 90.00
03-03 21:37:40.457  5820  6306 I global  :  RENO - AutoMJ_Right.moveFromJunctionToConeStack(AutoMJ_Right.java:587): estimate end x = -11.13,  y = 62.70, angle = 89.89
03-03 21:37:40.860  5820  6306 I global  :  RENO - AutoMJ_Right.rrLoadCone(AutoMJ_Right.java:536): Wait before claw close.
03-03 21:37:40.869  5820  6306 I global  :  RENO - SlidersWith2Motors.waitRunningComplete(SlidersWith2Motors.java:146): Slider waiting time = 0.01 sec
03-03 21:37:41.037  5820  6306 I global  :  RENO - AutoMJ_Right.rrLoadCone(AutoMJ_Right.java:547): Wait before moving out cone stack.
03-03 21:37:42.949  5820  6306 I global  :  RENO - AutoMJ_Right.moveFromConeStackToJunction(AutoMJ_Right.java:606): Arrived junction
03-03 21:37:42.952  5820  6306 I global  :  RENO - AutoMJ_Right.moveFromConeStackToJunction(AutoMJ_Right.java:607): traj1 end x = -19.98,  y = 29.73, angle = 55.00
03-03 21:37:42.955  5820  6306 I global  :  RENO - AutoMJ_Right.moveFromConeStackToJunction(AutoMJ_Right.java:609): estimate end x = -20.09,  y = 29.41, angle = 54.22
03-03 21:37:42.958  5820  6306 I global  :  RENO - AutoMJ_Right.moveFromConeStackToJunction(AutoMJ_Right.java:612): MJ pos est x= 0.00
03-03 21:37:42.959  5820  6306 I global  :  RENO - AutoMJ_Right.moveFromConeStackToJunction(AutoMJ_Right.java:613): poseMJDropOff x= -19.98
03-03 21:37:43.113  5820  6306 I global  :  RENO - SlidersWith2Motors.waitRunningComplete(SlidersWith2Motors.java:146): Slider waiting time = 0.13 sec
03-03 21:37:43.115  5820  6306 I global  :  RENO - AutoMJ_Right.rrUnloadCone(AutoMJ_Right.java:559): Wait before unloading claw open.
03-03 21:37:43.176  5820  6306 I global  :  RENO - AutoMJ_Right.rrUnloadCone(AutoMJ_Right.java:563): Auto unload - Cone has been unloaded.
03-03 21:37:45.098  5820  6306 I global  :  RENO - AutoMJ_Right.moveFromJunctionToConeStack(AutoMJ_Right.java:584): Arrived cone stack
03-03 21:37:45.100  5820  6306 I global  :  RENO - AutoMJ_Right.moveFromJunctionToConeStack(AutoMJ_Right.java:585): traj1 end x = -11.20,  y = 62.80, angle = 90.00
03-03 21:37:45.102  5820  6306 I global  :  RENO - AutoMJ_Right.moveFromJunctionToConeStack(AutoMJ_Right.java:587): estimate end x = -11.21,  y = 62.65, angle = 89.56
03-03 21:37:45.485  5820  6306 I global  :  RENO - AutoMJ_Right.rrLoadCone(AutoMJ_Right.java:536): Wait before claw close.
03-03 21:37:45.495  5820  6306 I global  :  RENO - SlidersWith2Motors.waitRunningComplete(SlidersWith2Motors.java:146): Slider waiting time = 0.01 sec
03-03 21:37:45.764  5820  6306 I global  :  RENO - AutoMJ_Right.rrLoadCone(AutoMJ_Right.java:547): Wait before moving out cone stack.
03-03 21:37:47.701  5820  6306 I global  :  RENO - AutoMJ_Right.moveFromConeStackToJunction(AutoMJ_Right.java:606): Arrived junction
03-03 21:37:47.703  5820  6306 I global  :  RENO - AutoMJ_Right.moveFromConeStackToJunction(AutoMJ_Right.java:607): traj1 end x = -19.98,  y = 29.73, angle = 55.00
03-03 21:37:47.708  5820  6306 I global  :  RENO - AutoMJ_Right.moveFromConeStackToJunction(AutoMJ_Right.java:609): estimate end x = -20.10,  y = 29.43, angle = 52.52
03-03 21:37:47.712  5820  6306 I global  :  RENO - AutoMJ_Right.moveFromConeStackToJunction(AutoMJ_Right.java:612): MJ pos est x= 0.00
03-03 21:37:47.714  5820  6306 I global  :  RENO - AutoMJ_Right.moveFromConeStackToJunction(AutoMJ_Right.java:613): poseMJDropOff x= -19.98
03-03 21:37:47.875  5820  6306 I global  :  RENO - SlidersWith2Motors.waitRunningComplete(SlidersWith2Motors.java:146): Slider waiting time = 0.14 sec
03-03 21:37:47.877  5820  6306 I global  :  RENO - AutoMJ_Right.rrUnloadCone(AutoMJ_Right.java:559): Wait before unloading claw open.
03-03 21:37:47.938  5820  6306 I global  :  RENO - AutoMJ_Right.rrUnloadCone(AutoMJ_Right.java:563): Auto unload - Cone has been unloaded.
03-03 21:37:49.852  5820  6306 I global  :  RENO - AutoMJ_Right.moveFromJunctionToConeStack(AutoMJ_Right.java:584): Arrived cone stack
03-03 21:37:49.854  5820  6306 I global  :  RENO - AutoMJ_Right.moveFromJunctionToConeStack(AutoMJ_Right.java:585): traj1 end x = -11.20,  y = 62.80, angle = 90.00
03-03 21:37:49.857  5820  6306 I global  :  RENO - AutoMJ_Right.moveFromJunctionToConeStack(AutoMJ_Right.java:587): estimate end x = -11.22,  y = 62.80, angle = 90.06
03-03 21:37:50.245  5820  6306 I global  :  RENO - AutoMJ_Right.rrLoadCone(AutoMJ_Right.java:536): Wait before claw close.
03-03 21:37:50.254  5820  6306 I global  :  RENO - SlidersWith2Motors.waitRunningComplete(SlidersWith2Motors.java:146): Slider waiting time = 0.01 sec
03-03 21:37:50.522  5820  6306 I global  :  RENO - AutoMJ_Right.rrLoadCone(AutoMJ_Right.java:547): Wait before moving out cone stack.
03-03 21:37:52.434  5820  6306 I global  :  RENO - AutoMJ_Right.moveFromConeStackToJunction(AutoMJ_Right.java:606): Arrived junction
03-03 21:37:52.436  5820  6306 I global  :  RENO - AutoMJ_Right.moveFromConeStackToJunction(AutoMJ_Right.java:607): traj1 end x = -19.98,  y = 29.73, angle = 55.00
03-03 21:37:52.438  5820  6306 I global  :  RENO - AutoMJ_Right.moveFromConeStackToJunction(AutoMJ_Right.java:609): estimate end x = -20.16,  y = 29.34, angle = 52.49
03-03 21:37:52.439  5820  6306 I global  :  RENO - AutoMJ_Right.moveFromConeStackToJunction(AutoMJ_Right.java:612): MJ pos est x= 0.00
03-03 21:37:52.441  5820  6306 I global  :  RENO - AutoMJ_Right.moveFromConeStackToJunction(AutoMJ_Right.java:613): poseMJDropOff x= -19.98
03-03 21:37:52.738  5820  6306 I global  :  RENO - SlidersWith2Motors.waitRunningComplete(SlidersWith2Motors.java:146): Slider waiting time = 0.27 sec
03-03 21:37:52.739  5820  6306 I global  :  RENO - AutoMJ_Right.rrUnloadCone(AutoMJ_Right.java:559): Wait before unloading claw open.
03-03 21:37:52.803  5820  6306 I global  :  RENO - AutoMJ_Right.rrUnloadCone(AutoMJ_Right.java:563): Auto unload - Cone has been unloaded.
03-03 21:37:54.597  5820  6306 I global  :  RENO - AutoMJ_Right.driveToParkingLot(AutoMJ_Right.java:719): Complete parking.
03-03 21:37:54.600  5820  6306 I global  :  RENO - AutoMJ_Right.autonomousCore(AutoMJ_Right.java:525): estimate end x = -11.19,  y = 60.14, angle = 89.70
03-03 21:37:54.601  5820  6306 I global  :  RENO - AutoMJ_Right.runOpMode(AutoMJ_Right.java:412): Autonomous time - Core completed: 28.1226 seconds
03-03 21:37:54.603  5820  6306 I global  :  RENO - AutoMJ_Right.runOpMode(AutoMJ_Right.java:415): Autonomous time - total Run Time: 28.1239 seconds
03-03 21:37:54.616  5820  6306 D RobotCore: User runOpModeMethod exited
03-03 21:37:54.616  5820  6306 V RobotCore: thread: ...terminating 'OpModeThread'
03-03 21:37:54.619  5820  5997 I FtcEventLoop: auto-stopping OpMode 'Auto M Left'
03-03 21:37:54.760  5820  5997 I RobotCore: ******************** STOP - OPMODE /storage/emulated/0/FIRST/matchlogs/Match-0-Auto_M_Left.txt ********************
03-03 21:37:54.766  5820  6365 I RobotCore: saving match logcat to /storage/emulated/0/FIRST/matchlogs/Match-0-Auto_M_Left.txt
03-03 21:37:54.766  5820  6365 I RobotCore: logging command line: exec logcat -d -T '3-3 21:37:17.000' -f '/storage/emulated/0/FIRST/matchlogs/Match-0-Auto_M_Left.txt' -n4 -v threadtime UsbRequestJNI:S UsbRequest:S art:W ThreadPool:W System:W ExtendedExtractor:W OMXClient:W MediaPlayer:W dalvikvm:W  *:V
03-03 21:37:54.781  5820  5970 V Robocol : sending CMD_STREAM_CHANGE(2568), attempt: 0
03-03 21:37:54.862  5820  6365 I RobotCore: Done running exec logcat -d -T '3-3 21:37:17.000' -f '/storage/emulated/0/FIRST/matchlogs/Match-0-Auto_M_Left.txt' -n4 -v threadtime UsbRequestJNI:S UsbRequest:S art:W ThreadPool:W System:W ExtendedExtractor:W OMXClient:W MediaPlayer:W dalvikvm:W  *:V
03-03 21:37:54.862  5820  6365 I RobotCore: exiting match logcat for /storage/emulated/0/FIRST/matchlogs/Match-0-Auto_M_Left.txt
03-03 21:37:54.888  5820  5997 I RobotCore: Attempting to switch to op mode $Stop$Robot$
03-03 21:37:54.926  5820  5997 D HardwareMap: Clearing which device instances have been retrieved
03-03 21:37:54.927  5820  5997 D HardwareMap: Clearing which device instances have been retrieved
03-03 21:37:54.929  5820  6372 V RobotCore: thread: 'OpModeThread' starting...
03-03 21:37:54.940  5820  5970 V Robocol : sending CMD_NOTIFY_INIT_OP_MODE(2578), attempt: 0
03-03 21:37:54.988  5820  5967 V Robocol : received command: CMD_RUN_OP_MODE(12505) $Stop$Robot$
03-03 21:37:55.022  5820  5970 V Robocol : sending CMD_NOTIFY_RUN_OP_MODE(2583), attempt: 0
03-03 21:39:28.912  5820  5967 V Robocol : received command: CMD_SET_MATCH_NUMBER(13776) 0
03-03 21:39:28.914  5820  5967 V Robocol : received command: CMD_INIT_OP_MODE(13777) Auto M Left
03-03 21:39:28.932  5820  5968 I RobotCore: ******************** START - OPMODE Auto M Left ********************
03-03 21:39:28.936  5820  6372 V RobotCore: thread: ...terminating 'OpModeThread'
03-03 21:39:28.943  5820  5997 I RobotCore: Attempting to switch to op mode Auto M Left
03-03 21:39:29.194  5820  5997 D HardwareMap: Clearing which device instances have been retrieved
03-03 21:39:29.194  5820  5997 D HardwareMap: Clearing which device instances have been retrieved
03-03 21:39:29.196  5820  6508 V RobotCore: thread: 'OpModeThread' starting...
03-03 21:39:29.198  5820  6508 I global  :  RENO - AutoMJ_Right.runOpMode(AutoMJ_Right.java:270): Status - Initialized
03-03 21:39:29.200  5820  6508 I System.out: OpenCvCameraBase ctor: EasyOpenCV version 1.5.2
03-03 21:39:29.206  5820  6509 D CameraManager: doOpenCamera()...
03-03 21:39:29.206  5820  6509 D CameraManager: requesting permission for camera: Webcam(D5386480)
03-03 21:39:29.213  5820  6508 I I2C     : Automatically initializing I2C device LynxEmbeddedBNO055IMUNew (USB (embedded); module 2; bus 0; addr7=0x28)
03-03 21:39:29.213  5820  6508 V BNO055  : Suppressing I2C warnings while we check for a BNO055 IMU
03-03 21:39:29.216  5820  6509 D WebcamNameImpl: requesting permission for /dev/bus/usb/001/002
03-03 21:39:29.216  5820  6509 V WebcamNameImpl: asyncRequestUsbPermission()...
03-03 21:39:29.218  5820  6508 V BNO055  : Found BNO055 IMU
03-03 21:39:29.219  5820  6509 D WebcamNameImpl: permission already available for /dev/bus/usb/001/002
03-03 21:39:29.220  5820  6509 V WebcamNameImpl: ...asyncRequestUsbPermission()
03-03 21:39:29.221  5820  5970 V Robocol : sending CMD_NOTIFY_INIT_OP_MODE(3868), attempt: 0
03-03 21:39:29.221  5820  5970 V Robocol : sending CMD_STREAM_CHANGE(3869), attempt: 0
03-03 21:39:29.223  5820  6509 D ContinuationSynchronizer: awaiting(camera open)...
03-03 21:39:29.223  5820  6510 D WebcamNameImpl: permission for /dev/bus/usb/001/002=true
03-03 21:39:29.226  5820  6510 D CameraManager: permission granted for camera: Webcam(D5386480)
03-03 21:39:29.226  5820  6510 D CameraManager: asyncOpenCamera(Webcam(D5386480))...
03-03 21:39:29.227  5820  6510 D CameraManager: asyncOpenWebcam(Webcam(D5386480))...
03-03 21:39:29.228  5820  6510 V UsbResiliantWebcam: construct(0x08d528f5)
03-03 21:39:29.229  5820  6510 D UsbResiliantWebcam: openAssumingPermission()...
03-03 21:39:29.237  5820  6510 D UvcContext: found webcam: usbPath=/dev/bus/usb/003/004 vid=0x46D pid=0x8E5 serial=2D25B27F product=HD Pro Webcam C920
03-03 21:39:29.237  5820  6510 D Uvc     : [jni_context.cpp:120] Java_org_firstinspires_ftc_robotcore_internal_camera_libuvc_nativeobject_UvcContext_nativeCreateUvcDevice()...
03-03 21:39:29.237  5820  6510 V Uvc     : API: Java_org_firstinspires_ftc_robotcore_internal_camera_libuvc_nativeobject_UvcContext_nativeCreateUvcDevice: enter...
03-03 21:39:29.237  5820  5820 D OpenCvViewport: surfaceCreated()
03-03 21:39:29.238  5820  5820 D OpenCvViewport: ...surfaceCreated()
03-03 21:39:29.238  5820  5820 D OpenCvViewport: surfaceChanged()
03-03 21:39:29.238  5820  5820 D OpenCvViewport: CheckState(): user requested that we deactivate
03-03 21:39:29.238  5820  5820 D OpenCvViewport: CheckState(): already deactivated
03-03 21:39:29.238  5820  5820 D OpenCvViewport: ...surfaceChanged()
03-03 21:39:29.238  5820  6510 D libusb  : [290.535289] [0000196e] libusb: debug [op_create] op_create: szUsbPath=/dev/bus/usb/003/004 szSysfsDir=3-1.4
03-03 21:39:29.238  5820  6510 D libusb  : [290.535503] [0000196e] libusb: debug [initialize_device] initialize_device(szUsbPath=/dev/bus/usb/003/004 szSysfsDir=3-1.4)
03-03 21:39:29.239  5820  6510 D libusb  : [290.536291] [0000196e] libusb: debug [initialize_device] initialize_device(szUsbPath=(null) szSysfsDir=3-1)
03-03 21:39:29.240  5820  6510 E libusb  : [290.536691] [0000196e] libusb: error [initialize_device] unable to open serial number sysfs; error ignored
03-03 21:39:29.241  5820  6510 D libusb  : [290.537623] [0000196e] libusb: debug [initialize_device] initialize_device(szUsbPath=(null) szSysfsDir=usb3)
03-03 21:39:29.241  5820  6510 D Uvc     : [device.cpp:613] uvc_create_uvc_device()...
03-03 21:39:29.241  5820  6510 D Uvc     : [libuvc/libuvc_internal.h:346] uvc_device::uvc_device()...
03-03 21:39:29.241  5820  6510 D Uvc     : [libuvc/libuvc_internal.h:375] acquired vid=1133 & pid=2277
03-03 21:39:29.242  5820  6510 D Uvc     : [libuvc/libuvc_internal.h:346] ...uvc_device::uvc_device()
03-03 21:39:29.242  5820  6510 D Uvc     : [device.cpp:613] ...uvc_create_uvc_device() rc=0
03-03 21:39:29.242  5820  6510 V Uvc     : API: Java_org_firstinspires_ftc_robotcore_internal_camera_libuvc_nativeobject_UvcContext_nativeCreateUvcDevice: ...exit
03-03 21:39:29.242  5820  6510 D Uvc     : [jni_context.cpp:120] ...Java_org_firstinspires_ftc_robotcore_internal_camera_libuvc_nativeobject_UvcContext_nativeCreateUvcDevice()
03-03 21:39:29.242  5820  6510 V UvcDevice: construct(pointer=0xcfa1eb30|null)
03-03 21:39:29.242  5820  6510 D Uvc     : [jni_device.cpp:108] Java_org_firstinspires_ftc_robotcore_internal_camera_libuvc_nativeobject_UvcDevice_nativeGetLibUsbDevice()...
03-03 21:39:29.242  5820  6510 D Uvc     : [jni_device.cpp:108] ...Java_org_firstinspires_ftc_robotcore_internal_camera_libuvc_nativeobject_UvcDevice_nativeGetLibUsbDevice()
03-03 21:39:29.243  5820  6510 V LibUsbDevice: construct(pointer=0xd2d34ec0)
03-03 21:39:29.243  5820  6510 D UvcContext: usb device is *not* UVC compatible, /dev/bus/usb/003/003
03-03 21:39:29.243  5820  6510 D UvcContext: found webcam: usbPath=/dev/bus/usb/001/002 vid=0x46D pid=0x825 serial=D5386480 product=C270 HD WEBCAM
03-03 21:39:29.244  5820  6510 D Uvc     : [jni_context.cpp:120] Java_org_firstinspires_ftc_robotcore_internal_camera_libuvc_nativeobject_UvcContext_nativeCreateUvcDevice()...
03-03 21:39:29.244  5820  6510 V Uvc     : API: Java_org_firstinspires_ftc_robotcore_internal_camera_libuvc_nativeobject_UvcContext_nativeCreateUvcDevice: enter...
03-03 21:39:29.244  5820  6510 D libusb  : [290.541305] [0000196e] libusb: debug [op_create] op_create: szUsbPath=/dev/bus/usb/001/002 szSysfsDir=1-1
03-03 21:39:29.245  5820  6510 D Uvc     : [device.cpp:613] uvc_create_uvc_device()...
03-03 21:39:29.245  5820  6510 D Uvc     : [libuvc/libuvc_internal.h:346] uvc_device::uvc_device()...
03-03 21:39:29.245  5820  6510 D Uvc     : [libuvc/libuvc_internal.h:375] acquired vid=1133 & pid=2085
03-03 21:39:29.245  5820  6510 D Uvc     : [libuvc/libuvc_internal.h:346] ...uvc_device::uvc_device()
03-03 21:39:29.245  5820  6510 D Uvc     : [device.cpp:613] ...uvc_create_uvc_device() rc=0
03-03 21:39:29.246  5820  6510 V Uvc     : API: Java_org_firstinspires_ftc_robotcore_internal_camera_libuvc_nativeobject_UvcContext_nativeCreateUvcDevice: ...exit
03-03 21:39:29.246  5820  6510 D Uvc     : [jni_context.cpp:120] ...Java_org_firstinspires_ftc_robotcore_internal_camera_libuvc_nativeobject_UvcContext_nativeCreateUvcDevice()
03-03 21:39:29.247  5820  6510 V UvcDevice: construct(pointer=0xcfa1eba8|null)
03-03 21:39:29.247  5820  6510 D Uvc     : [jni_device.cpp:108] Java_org_firstinspires_ftc_robotcore_internal_camera_libuvc_nativeobject_UvcDevice_nativeGetLibUsbDevice()...
03-03 21:39:29.247  5820  6510 D Uvc     : [jni_device.cpp:108] ...Java_org_firstinspires_ftc_robotcore_internal_camera_libuvc_nativeobject_UvcDevice_nativeGetLibUsbDevice()
03-03 21:39:29.247  5820  6510 V LibUsbDevice: construct(pointer=0xd2d34d40)
03-03 21:39:29.248  5820  6510 V UvcDevice: destroy(pointer=0xcfa1eb30|/dev/bus/usb/003/004)
03-03 21:39:29.248  5820  6510 D Uvc     : [jni_device.cpp:126] Java_org_firstinspires_ftc_robotcore_internal_camera_libuvc_nativeobject_UvcDevice_nativeReleaseRefDevice()...
03-03 21:39:29.248  5820  6510 V Uvc     : API: Java_org_firstinspires_ftc_robotcore_internal_camera_libuvc_nativeobject_UvcDevice_nativeReleaseRefDevice: enter...
03-03 21:39:29.248  5820  6510 D Uvc     : [device.cpp:882] uvc_unref_device()...
03-03 21:39:29.250  5820  6510 D Uvc     : [device.cpp:882] ...uvc_unref_device()
03-03 21:39:29.250  5820  6510 V Uvc     : API: Java_org_firstinspires_ftc_robotcore_internal_camera_libuvc_nativeobject_UvcDevice_nativeReleaseRefDevice: ...exit
03-03 21:39:29.250  5820  6510 D Uvc     : [jni_device.cpp:126] ...Java_org_firstinspires_ftc_robotcore_internal_camera_libuvc_nativeobject_UvcDevice_nativeReleaseRefDevice()
03-03 21:39:29.251  5820  6510 V LibUsbDevice: destroy(pointer=0xd2d34ec0)
03-03 21:39:29.252  5820  6510 D Uvc     : [jni_libusb_device.cpp:64] Java_org_firstinspires_ftc_robotcore_internal_camera_libuvc_nativeobject_LibUsbDevice_nativeReleaseRefDevice()...
03-03 21:39:29.252  5820  6510 D Uvc     : [jni_libusb_device.cpp:64] ...Java_org_firstinspires_ftc_robotcore_internal_camera_libuvc_nativeobject_LibUsbDevice_nativeReleaseRefDevice()
03-03 21:39:29.256  5820  6510 D UvcDevice: open()...
03-03 21:39:29.315  5820  6508 V BNO055  : Suppressing I2C warnings while we check for a BNO055 IMU
03-03 21:39:29.320  5820  6508 V BNO055  : Found BNO055 IMU
03-03 21:39:29.335  5820  6510 D Uvc     : [jni_device.cpp:50] Java_org_firstinspires_ftc_robotcore_internal_camera_libuvc_nativeobject_UvcDevice_nativeSetUsbDeviceInfo()...
03-03 21:39:29.335  5820  6510 D Uvc     : [jni_device.cpp:50] ...Java_org_firstinspires_ftc_robotcore_internal_camera_libuvc_nativeobject_UvcDevice_nativeSetUsbDeviceInfo()
03-03 21:39:29.335  5820  6510 D Uvc     : [jni_device.cpp:233] Java_org_firstinspires_ftc_robotcore_internal_camera_libuvc_nativeobject_UvcDevice_nativeOpenDeviceHandle()...
03-03 21:39:29.335  5820  6510 V Uvc     : API: Java_org_firstinspires_ftc_robotcore_internal_camera_libuvc_nativeobject_UvcDevice_nativeOpenDeviceHandle: enter...
03-03 21:39:29.335  5820  6510 D Uvc     : [device.cpp:279] uvc_open()...
03-03 21:39:29.335  5820  6510 D Uvc     : [libuvc/libuvc_internal.h:356] uvc_device::open()...
03-03 21:39:29.335  5820  6510 D libusb  : [290.632195] [0000196e] libusb: debug [op_open] op_open: szUsbPath=/dev/bus/usb/001/002
03-03 21:39:29.335  5820  6510 D Uvc     : [libuvc/libuvc_internal.h:356] ...uvc_device::open() rc=0
03-03 21:39:29.335  5820  6510 D Uvc     : [device.cpp:295] calling libusb_reset_device()...
03-03 21:39:29.543  5820  6508 I global  :  RENO - SlidersWith2Motors.init(SlidersWith2Motors.java:78): init slider motors.
03-03 21:39:29.584  5820  6508 I global  :  RENO - ArmClawUnit.init(ArmClawUnit.java:91): init servo motors for arm and claw.
03-03 21:39:29.937  5820  6510 D Uvc     : [device.cpp:303] ...libusb_reset_device() called
03-03 21:39:29.937  5820  6510 D Uvc     : [device.cpp:311] libusb_open() = 0
03-03 21:39:29.937  5820  6510 D Uvc     : [libuvc/libuvc_internal.h:732] uvc_device_handle::uvc_device_handle()...
03-03 21:39:29.937  5820  6510 D Uvc     : [libuvc/libuvc_internal.h:732] ...uvc_device_handle::uvc_device_handle()
03-03 21:39:29.937  5820  6510 D Uvc     : [device.cpp:386] uvc_get_device_info()...
03-03 21:39:29.938  5820  6510 D libusb  : [291.234587] [0000196e] libusb: debug [op_get_config_descriptor] op_get_config_descriptor: config_index=0
03-03 21:39:29.938  5820  6510 D libusb  : [291.234709] [0000196e] libusb: debug [op_get_config_descriptor] op_get_config_descriptor: config_index=0
03-03 21:39:29.938  5820  6510 D Uvc     : [device.cpp:986] uvc_scan_control()...
03-03 21:39:29.938  5820  6510 D Uvc     : [device.cpp:1041] uvc_parse_vc_header()...
03-03 21:39:29.938  5820  6510 D Uvc     : [device.cpp:1284] uvc_scan_streaming()...
03-03 21:39:29.938  5820  6510 D Uvc     : [device.cpp:1340] uvc_parse_vs_input_header()...
03-03 21:39:29.938  5820  6510 D Uvc     : [device.cpp:1340] ...uvc_parse_vs_input_header() rc=0
03-03 21:39:29.938  5820  6510 D Uvc     : [device.cpp:1389] uvc_parse_vs_format_uncompressed()...
03-03 21:39:29.938  5820  6510 D Uvc     : [device.cpp:1389] ...uvc_parse_vs_format_uncompressed() rc=0
03-03 21:39:29.939  5820  6510 V Uvc     : [device.cpp:1630] unsupported descriptor subtype: 13 UVC_VS_COLORFORMAT
03-03 21:39:29.939  5820  6510 D Uvc     : [device.cpp:1449] uvc_parse_vs_format_mjpeg()...
03-03 21:39:29.939  5820  6510 D Uvc     : [device.cpp:1449] ...uvc_parse_vs_format_mjpeg() rc=0
03-03 21:39:29.940  5820  6510 V Uvc     : [device.cpp:1630] unsupported descriptor subtype: 13 UVC_VS_COLORFORMAT
03-03 21:39:29.940  5820  6510 D Uvc     : [device.cpp:1284] ...uvc_scan_streaming() rc=0
03-03 21:39:29.940  5820  6510 D Uvc     : [device.cpp:1041] ...uvc_parse_vc_header() rc=0
03-03 21:39:29.940  5820  6510 D Uvc     : [device.cpp:1083] uvc_parse_vc_input_terminal()...
03-03 21:39:29.940  5820  6510 D Uvc     : [device.cpp:1083] ...uvc_parse_vc_input_terminal() rc=0
03-03 21:39:29.940  5820  6510 D Uvc     : [device.cpp:1156] uvc_parse_vc_processing_unit()...
03-03 21:39:29.940  5820  6510 D Uvc     : [device.cpp:1156] ...uvc_parse_vc_processing_unit() rc=0
03-03 21:39:29.943  5820  6510 D Uvc     : [device.cpp:986] ...uvc_scan_control() rc=0
03-03 21:39:29.943  5820  6510 D Uvc     : [device.cpp:386] ...uvc_get_device_info() rc=0
03-03 21:39:29.943  5820  6510 D Uvc     : [device.cpp:326] claiming control interface 0
03-03 21:39:29.943  5820  6510 D Uvc     : [libuvc/libuvc_internal.h:770] uvc_device_handle::claimInterface(idx=0)...
03-03 21:39:29.943  5820  6510 D UvcDevice: claimInterface(0)
03-03 21:39:29.945  5820  6510 D UvcDevice: claimInterface(0) succeeded
03-03 21:39:29.945  5820  6510 D Uvc     : [libuvc/libuvc_internal.h:783] claimInterface(0) succeeded
03-03 21:39:29.945  5820  6510 D Uvc     : [libuvc/libuvc_internal.h:770] ...uvc_device_handle::claimInterface() rc=0
03-03 21:39:29.945  5820  6510 D Uvc     : [device.cpp:279] ...uvc_open() rc=0
03-03 21:39:29.945  5820  6510 V Uvc     : API: Java_org_firstinspires_ftc_robotcore_internal_camera_libuvc_nativeobject_UvcDevice_nativeOpenDeviceHandle: ...exit
03-03 21:39:29.945  5820  6510 D Uvc     : [jni_device.cpp:233] ...Java_org_firstinspires_ftc_robotcore_internal_camera_libuvc_nativeobject_UvcDevice_nativeOpenDeviceHandle()
03-03 21:39:29.946  5820  6510 V UvcDeviceHandle: construct(pointer=0xcecf45e0)
03-03 21:39:29.947  5820  6510 V CameraImpl: construct(0x02f744fb)
03-03 21:39:29.949  5820  6510 D UsbResiliantWebcam.InterveningStateCallback: onOpened() camera=CameraImpl(UvcDeviceHandle(pointer=0xcecf45e0|UvcDevice(/dev/bus/usb/001/002)))...
03-03 21:39:29.951  5820  6510 D UsbResiliantWebcam: changeDelegatedCamera(null->CameraImpl(UvcDeviceHandle(pointer=0xcecf45e0|UvcDevice(/dev/bus/usb/001/002))))...
03-03 21:39:29.952  5820  6510 D UvcApiFocusControl: isModeSupported(Auto)...
03-03 21:39:29.953  5820  6510 D UvcApiFocusControl: ...isModeSupported(Auto): false
03-03 21:39:29.953  5820  6510 D UvcApiFocusControl: isModeSupported(ContinuousAuto)...
03-03 21:39:29.954  5820  6510 D UvcApiFocusControl: ...isModeSupported(ContinuousAuto): false
03-03 21:39:29.954  5820  6510 D UvcApiFocusControl: isModeSupported(Macro)...
03-03 21:39:29.955  5820  6510 D UvcApiFocusControl: ...isModeSupported(Macro): false
03-03 21:39:29.955  5820  6510 D UvcApiFocusControl: isModeSupported(Infinity)...
03-03 21:39:29.955  5820  6510 D UvcApiFocusControl: ...isModeSupported(Infinity): false
03-03 21:39:29.956  5820  6510 D UvcApiFocusControl: isModeSupported(Fixed)...
03-03 21:39:29.957  5820  6510 D UvcApiFocusControl: ...isModeSupported(Fixed): true
03-03 21:39:29.957  5820  6510 D UvcApiFocusControl: isFocusLengthSupported...
03-03 21:39:29.957  5820  6510 D UvcApiFocusControl: ...isFocusLengthSupported: false
03-03 21:39:29.962  5820  6510 D CachingExposureControl: onCameraChanged(null->CameraImpl(UvcDeviceHandle(pointer=0xcecf45e0|UvcDevice(/dev/bus/usb/001/002))))...
03-03 21:39:29.963  5820  6510 D UvcApiExposureControl: isModeSupported(Auto)...
03-03 21:39:29.965  5820  6510 D UvcApiExposureControl: ...isModeSupported(Auto): false
03-03 21:39:29.965  5820  6510 D UvcApiExposureControl: isModeSupported(ContinuousAuto)...
03-03 21:39:29.968  5820  6510 D UvcApiExposureControl: ...isModeSupported(ContinuousAuto): false
03-03 21:39:29.968  5820  6510 D UvcApiExposureControl: isModeSupported(Manual)...
03-03 21:39:29.970  5820  6510 D UvcApiExposureControl: ...isModeSupported(Manual): true
03-03 21:39:29.971  5820  6510 D UvcApiExposureControl: isModeSupported(ShutterPriority)...
03-03 21:39:29.973  5820  6510 D UvcApiExposureControl: ...isModeSupported(ShutterPriority): false
03-03 21:39:29.973  5820  6510 D UvcApiExposureControl: isModeSupported(AperturePriority)...
03-03 21:39:29.975  5820  6510 D UvcApiExposureControl: ...isModeSupported(AperturePriority): true
03-03 21:39:29.975  5820  6510 D UvcApiExposureControl: isExposureSupported()...
03-03 21:39:29.975  5820  6510 D UvcApiExposureControl: ...isExposureSupported(): true
03-03 21:39:29.976  5820  6510 D UvcApiExposureControl: getMinExposure(NANOSECONDS)...
03-03 21:39:29.976  5820  6510 D Uvc     : [jni_devicehandle.cpp:645] Java_org_firstinspires_ftc_robotcore_internal_camera_libuvc_nativeobject_UvcDeviceHandle_nativeGetMinExposure()...
03-03 21:39:29.978  5820  6510 D Uvc     : [jni_devicehandle.cpp:645] ...Java_org_firstinspires_ftc_robotcore_internal_camera_libuvc_nativeobject_UvcDeviceHandle_nativeGetMinExposure()
03-03 21:39:29.978  5820  6510 D UvcApiExposureControl: ...getMinExposure(NANOSECONDS): 100000
03-03 21:39:29.978  5820  6510 D UvcApiExposureControl: getMaxExposure(NANOSECONDS)...
03-03 21:39:29.980  5820  6510 D UvcApiExposureControl: ...getMaxExposure(NANOSECONDS): 1000000000
03-03 21:39:29.981  5820  6510 D UvcApiExposureControl: setAePriority()...
03-03 21:39:29.983  5820  6510 D UvcApiExposureControl: ...setAePriority()
03-03 21:39:29.983  5820  6510 D UvcApiExposureControl: getMode()...
03-03 21:39:29.983  5820  6510 D Uvc     : [jni_devicehandle.cpp:493] Java_org_firstinspires_ftc_robotcore_internal_camera_libuvc_nativeobject_UvcDeviceHandle_nativeGetVuforiaExposureMode()...
03-03 21:39:29.984  5820  6510 D Uvc     : [jni_devicehandle.cpp:493] ...Java_org_firstinspires_ftc_robotcore_internal_camera_libuvc_nativeobject_UvcDeviceHandle_nativeGetVuforiaExposureMode()
03-03 21:39:29.985  5820  6510 D UvcApiExposureControl: ...getMode(): AperturePriority
03-03 21:39:29.987  5820  6510 D CachingExposureControl: ...onCameraChanged(null->CameraImpl(UvcDeviceHandle(pointer=0xcecf45e0|UvcDevice(/dev/bus/usb/001/002))))
03-03 21:39:29.988  5820  6510 D UvcApiPtzControl: getMinZoom()...
03-03 21:39:29.989  5820  6510 E UvcDeviceHandle: [jni_devicehandle.cpp:219] Failed to get min zoom : error -9
03-03 21:39:29.989  5820  6510 D UvcApiPtzControl: ...getMinZoom(): 0
03-03 21:39:29.989  5820  6510 D UvcApiPtzControl: getMaxZoom()...
03-03 21:39:29.990  5820  6510 E UvcDeviceHandle: [jni_devicehandle.cpp:242] Failed to get max zoom : error -9
03-03 21:39:29.991  5820  6510 D UvcApiPtzControl: ...getMaxZoom(): 0
