02-26 09:13:00.952  3496  3702 I global  :  RENO - AutoMJ_Right.moveFromConeStackToJunction(AutoMJ_Right.java:579): traj1 end x = -18.98,  y = -28.73, angle = 305.00
02-26 09:13:00.954  3496  3702 I global  :  RENO - AutoMJ_Right.moveFromConeStackToJunction(AutoMJ_Right.java:581): estimate end x = -19.24,  y = -28.41, angle = 305.01
02-26 09:13:01.121  3496  3702 I global  :  RENO - SlidersWith2Motors.waitRunningComplete(SlidersWith2Motors.java:147): Slider waiting time = 0.15 sec
02-26 09:13:01.173  3496  3702 I global  :  RENO - AutoMJ_Right.rrUnloadCone(AutoMJ_Right.java:503): Wait before unloading claw open.
02-26 09:13:01.234  3496  3702 I global  :  RENO - AutoMJ_Right.rrUnloadCone(AutoMJ_Right.java:507): Auto unload - Cone has been unloaded.
02-26 09:13:03.096  3496  3702 I global  :  RENO - AutoMJ_Right.moveFromJunctionToConeStack(AutoMJ_Right.java:545): Arrived cone stack
02-26 09:13:03.099  3496  3702 I global  :  RENO - AutoMJ_Right.moveFromJunctionToConeStack(AutoMJ_Right.java:546): traj1 end x = -12.00,  y = -63.00, angle = 270.00
02-26 09:13:03.101  3496  3702 I global  :  RENO - AutoMJ_Right.moveFromJunctionToConeStack(AutoMJ_Right.java:548): estimate end x = -12.01,  y = -63.42, angle = 269.61
02-26 09:13:03.486  3496  3702 I global  :  RENO - AutoMJ_Right.rrLoadCone(AutoMJ_Right.java:481): Wait before claw close.
02-26 09:13:03.631  3496  3702 I global  :  RENO - SlidersWith2Motors.waitRunningComplete(SlidersWith2Motors.java:147): Slider waiting time = 0.14 sec
02-26 09:13:03.800  3496  3702 I global  :  RENO - AutoMJ_Right.rrLoadCone(AutoMJ_Right.java:492): Wait before moving out cone stack.
02-26 09:13:05.722  3496  3702 I global  :  RENO - AutoMJ_Right.moveFromConeStackToJunction(AutoMJ_Right.java:578): Arrived junction
02-26 09:13:05.724  3496  3702 I global  :  RENO - AutoMJ_Right.moveFromConeStackToJunction(AutoMJ_Right.java:579): traj1 end x = -18.98,  y = -28.73, angle = 305.00
02-26 09:13:05.726  3496  3702 I global  :  RENO - AutoMJ_Right.moveFromConeStackToJunction(AutoMJ_Right.java:581): estimate end x = -19.21,  y = -28.39, angle = 304.86
02-26 09:13:05.865  3496  3702 I global  :  RENO - SlidersWith2Motors.waitRunningComplete(SlidersWith2Motors.java:147): Slider waiting time = 0.12 sec
02-26 09:13:05.918  3496  3702 I global  :  RENO - AutoMJ_Right.rrUnloadCone(AutoMJ_Right.java:503): Wait before unloading claw open.
02-26 09:13:05.979  3496  3702 I global  :  RENO - AutoMJ_Right.rrUnloadCone(AutoMJ_Right.java:507): Auto unload - Cone has been unloaded.
02-26 09:13:08.969  3496  3626 V Robocol : received command: CMD_INIT_OP_MODE(10653) $Stop$Robot$
02-26 09:13:08.980  3496  3627 I RobotCore: ******************** STOP - OPMODE /storage/emulated/0/FIRST/matchlogs/Match-0-Auto_M_right.txt ********************
02-26 09:13:08.990  3496  3797 I RobotCore: saving match logcat to /storage/emulated/0/FIRST/matchlogs/Match-0-Auto_M_right.txt
02-26 09:13:08.990  3496  3797 I RobotCore: logging command line: exec logcat -d -T '2-26 9:12:31.000' -f '/storage/emulated/0/FIRST/matchlogs/Match-0-Auto_M_right.txt' -n4 -v threadtime UsbRequestJNI:S UsbRequest:S art:W ThreadPool:W System:W ExtendedExtractor:W OMXClient:W MediaPlayer:W dalvikvm:W  *:V
02-26 09:13:08.997  3496  3702 I global  :  RENO - AutoMJ_Right.autonomousCore(AutoMJ_Right.java:462): traj1 end x = -34.00,  y = -61.00, angle = 270.00
02-26 09:13:08.998  3496  3702 I global  :  RENO - AutoMJ_Right.autonomousCore(AutoMJ_Right.java:464): estimate end x = -13.57,  y = -61.28, angle = 270.31
02-26 09:13:09.003  3496  3702 I global  :  RENO - AutoMJ_Right.runOpMode(AutoMJ_Right.java:371): Autonomous - total Run Time: 29.6229 seconds
02-26 09:13:09.005  3496  3702 D RobotCore: User runOpModeMethod exited
02-26 09:13:09.005  3496  3702 V RobotCore: thread: ...terminating 'OpModeThread'
02-26 09:13:09.002  3798  3798 I sh      : type=1400 audit(0.0:271): avc: denied { read } for name="/" dev="rootfs" ino=1 scontext=u:r:untrusted_app:s0:c512,c768 tcontext=u:object_r:rootfs:s0 tclass=dir permissive=1
02-26 09:13:09.002  3798  3798 I sh      : type=1400 audit(0.0:272): avc: denied { open } for path="/" dev="rootfs" ino=1 scontext=u:r:untrusted_app:s0:c512,c768 tcontext=u:object_r:rootfs:s0 tclass=dir permissive=1
02-26 09:13:09.123  3496  3797 I RobotCore: Done running exec logcat -d -T '2-26 9:12:31.000' -f '/storage/emulated/0/FIRST/matchlogs/Match-0-Auto_M_right.txt' -n4 -v threadtime UsbRequestJNI:S UsbRequest:S art:W ThreadPool:W System:W ExtendedExtractor:W OMXClient:W MediaPlayer:W dalvikvm:W  *:V
02-26 09:13:09.123  3496  3797 I RobotCore: exiting match logcat for /storage/emulated/0/FIRST/matchlogs/Match-0-Auto_M_right.txt
02-26 09:13:09.368  3496  3629 V Robocol : sending CMD_STREAM_CHANGE(715), attempt: 0
02-26 09:13:09.406  3496  3663 I RobotCore: Attempting to switch to op mode $Stop$Robot$
02-26 09:13:09.491  3496  3663 D HardwareMap: Clearing which device instances have been retrieved
02-26 09:13:09.491  3496  3663 D HardwareMap: Clearing which device instances have been retrieved
02-26 09:13:09.493  3496  3802 V RobotCore: thread: 'OpModeThread' starting...
02-26 09:13:09.528  3496  3629 V Robocol : sending CMD_NOTIFY_INIT_OP_MODE(723), attempt: 0
02-26 09:13:09.572  3496  3626 V Robocol : received command: CMD_RUN_OP_MODE(10665) $Stop$Robot$
02-26 09:13:09.608  3496  3629 V Robocol : sending CMD_NOTIFY_RUN_OP_MODE(728), attempt: 0
02-26 09:13:15.623  3496  3581 V FtcWebSocket: Opening websocket (ip=192.168.43.107/192.168.43.107 port=8081)
02-26 09:13:15.634  3496  3829 I RobotCore: ftc21180
02-26 09:13:15.639  3496  3581 V WebSocketManager: Subscribed websocket (ip=192.168.43.107/192.168.43.107 port=8081) to namespace (ControlHubUpdater)
02-26 09:13:15.642  3496  3581 V WebSocketManager: Subscribed websocket (ip=192.168.43.107/192.168.43.107 port=8081) to namespace (progress)
02-26 09:13:15.748  3496  3835 V ProgrammingModeManager: serve uri=/css/colors.less
--------- beginning of main
02-26 09:21:06.435  4740  4740 D Uvc     : [jni.cpp:72] JNI_OnLoad()...
02-26 09:21:06.435  4740  4740 D Uvc     : [JniEnv.h:32] ScopedJniEnv::onJniLoad()...
02-26 09:21:06.435  4740  4740 D Uvc     : [JniEnv.h:32] ...ScopedJniEnv::onJniLoad()
02-26 09:21:06.435  4740  4740 D Uvc     : [jni.cpp:72] ...JNI_OnLoad()
02-26 09:21:06.442  4740  4740 V AppUtil : initializing: getExternalStorageDirectory()=/storage/emulated/0
02-26 09:21:06.449  4740  4740 I AppUtil : found usbFileSystemRoot: /dev/bus/usb
02-26 09:21:06.463  4740  4740 I AppAliveNotifier: Telling the OS to set the RC alive notification timeout to 20 seconds
02-26 09:21:06.469  4740  4756 V RobotCore: saving logcat to /storage/emulated/0/robotControllerLog.txt
02-26 09:21:06.470  4740  4756 V RobotCore: logging command line: exec logcat -f /storage/emulated/0/robotControllerLog.txt -r4096 -n4 -v threadtime UsbRequestJNI:S UsbRequest:S art:W ThreadPool:W System:W ExtendedExtractor:W OMXClient:W MediaPlayer:W dalvikvm:W  *:V
02-26 09:21:06.481  4740  4740 V AppUtil : rootActivity=PermissionValidatorWrapper
02-26 09:21:06.481  4740  4740 I PermissionValidatorActivity: Lifecycle onCreate : 6d5214a
02-26 09:21:06.511  4740  4756 I RobotCore: Done running ps
02-26 09:21:06.589  4740  4740 I PermissionValidatorActivity: Lifecycle onStart : 6d5214a
02-26 09:21:06.591  4740  4740 I PermissionValidator: Checking permission for android.permission.WRITE_EXTERNAL_STORAGE
02-26 09:21:06.595  4740  4740 I PermissionValidator:     Granted: android.permission.WRITE_EXTERNAL_STORAGE
02-26 09:21:06.595  4740  4740 I PermissionValidator: Checking permission for android.permission.READ_EXTERNAL_STORAGE
02-26 09:21:06.596  4740  4740 I PermissionValidator:     Granted: android.permission.READ_EXTERNAL_STORAGE
02-26 09:21:06.596  4740  4740 I PermissionValidator: Checking permission for android.permission.CAMERA
02-26 09:21:06.597  4740  4740 I PermissionValidator:     Granted: android.permission.CAMERA
02-26 09:21:06.597  4740  4740 I PermissionValidator: Checking permission for android.permission.ACCESS_COARSE_LOCATION
02-26 09:21:06.598  4740  4740 I PermissionValidator:     Granted: android.permission.ACCESS_COARSE_LOCATION
02-26 09:21:06.598  4740  4740 I PermissionValidator: Checking permission for android.permission.ACCESS_FINE_LOCATION
02-26 09:21:06.599  4740  4740 I PermissionValidator:     Granted: android.permission.ACCESS_FINE_LOCATION
02-26 09:21:06.599  4740  4740 I PermissionValidator: Checking permission for android.permission.READ_PHONE_STATE
02-26 09:21:06.600  4740  4740 I PermissionValidator:     Granted: android.permission.READ_PHONE_STATE
02-26 09:21:06.603  4740  4740 V ServiceStarter: attempting to start service MediaTransferProtocolMonitorService
02-26 09:21:06.605  4740  4740 V ServiceStarter: started service MediaTransferProtocolMonitorService
02-26 09:21:06.606  4740  4740 V ServiceStarter: attempting to start service OnBotJavaService
02-26 09:21:06.608  4740  4740 V ServiceStarter: started service OnBotJavaService
02-26 09:21:06.608  4740  4740 I PermissionValidatorActivity: All permissions validated.  Starting RobotController
02-26 09:21:06.621  4740  4740 V MTPMonitorService: onCreate()
02-26 09:21:06.622  4740  4740 V MTPMonitorService: onStartCommand() intent=Intent { cmp=com.qualcomm.ftcrobotcontroller/org.firstinspires.ftc.robotcore.internal.files.MediaTransferProtocolMonitorService } flags=0x0 startId=1
02-26 09:21:06.626  4740  4740 V MTPMonitor: observing: /storage/emulated/0
02-26 09:21:06.759  4768  4768 I ps      : type=1400 audit(0.0:276): avc: denied { getattr } for path="/proc/1" dev="proc" ino=1115 scontext=u:r:untrusted_app:s0:c512,c768 tcontext=u:r:init:s0 tclass=dir permissive=1
02-26 09:21:06.759  4768  4768 I ps      : type=1400 audit(0.0:277): avc: denied { search } for name="1" dev="proc" ino=1115 scontext=u:r:untrusted_app:s0:c512,c768 tcontext=u:r:init:s0 tclass=dir permissive=1
02-26 09:21:06.759  4768  4768 I ps      : type=1400 audit(0.0:278): avc: denied { read } for name="cmdline" dev="proc" ino=6618 scontext=u:r:untrusted_app:s0:c512,c768 tcontext=u:r:init:s0 tclass=file permissive=1
02-26 09:21:06.759  4768  4768 I ps      : type=1400 audit(0.0:279): avc: denied { open } for path="/proc/1/cmdline" dev="proc" ino=6618 scontext=u:r:untrusted_app:s0:c512,c768 tcontext=u:r:init:s0 tclass=file permissive=1
02-26 09:21:06.759  4768  4768 I ps      : type=1400 audit(0.0:280): avc: denied { getattr } for path="/proc/2" dev="proc" ino=11304 scontext=u:r:untrusted_app:s0:c512,c768 tcontext=u:r:kernel:s0 tclass=dir permissive=1
02-26 09:21:06.759  4768  4768 I ps      : type=1400 audit(0.0:281): avc: denied { search } for name="2" dev="proc" ino=11304 scontext=u:r:untrusted_app:s0:c512,c768 tcontext=u:r:kernel:s0 tclass=dir permissive=1
02-26 09:21:06.759  4768  4768 I ps      : type=1400 audit(0.0:282): avc: denied { read } for name="cmdline" dev="proc" ino=11405 scontext=u:r:untrusted_app:s0:c512,c768 tcontext=u:r:kernel:s0 tclass=file permissive=1
02-26 09:21:06.759  4768  4768 I ps      : type=1400 audit(0.0:283): avc: denied { open } for path="/proc/2/cmdline" dev="proc" ino=11405 scontext=u:r:untrusted_app:s0:c512,c768 tcontext=u:r:kernel:s0 tclass=file permissive=1
02-26 09:21:06.845  4740  4740 V OnBotJavaService: onCreate()
02-26 09:21:06.846  4740  4740 V OnBotJavaService: onStartCommand() intent=Intent { cmp=com.qualcomm.ftcrobotcontroller/org.firstinspires.ftc.onbotjava.OnBotJavaService } flags=0x0 startId=1
02-26 09:21:06.848  4740  4740 V OnBotJava: OnBotJavaManager::static
02-26 09:21:07.600  4740  4740 V OnBotJava: ctor()...
02-26 09:21:07.603  4740  4740 V OnBotJava: ...ctor()
02-26 09:21:07.608  4740  4740 V RCActivity: Permissions validated already
02-26 09:21:07.608  4740  4740 V RCActivity: onCreate()
02-26 09:21:07.611  4740  4740 V RCActivity: rootActivity is of class PermissionValidatorWrapper
02-26 09:21:07.614  4740  4740 V RCActivity: launchActivity is of class class org.firstinspires.ftc.robotcontroller.internal.PermissionValidatorWrapper
02-26 09:21:07.612  4740  4740 I robotcontroller: type=1400 audit(0.0:284): avc: denied { read } for name="direction" dev="sysfs" ino=16836 scontext=u:r:untrusted_app:s0:c512,c768 tcontext=u:object_r:sysfs:s0 tclass=file permissive=1
02-26 09:21:07.627  4740  4781 V CallbackLooper: thread=50
02-26 09:21:07.612  4740  4740 I robotcontroller: type=1400 audit(0.0:285): avc: denied { open } for path="/sys/devices/pinctrl.26/gpio/gpio50/direction" dev="sysfs" ino=16836 scontext=u:r:untrusted_app:s0:c512,c768 tcontext=u:object_r:sysfs:s0 tclass=file permissive=1
02-26 09:21:07.612  4740  4740 I robotcontroller: type=1400 audit(0.0:286): avc: denied { getattr } for path="/sys/devices/pinctrl.26/gpio/gpio50/direction" dev="sysfs" ino=16836 scontext=u:r:untrusted_app:s0:c512,c768 tcontext=u:object_r:sysfs:s0 tclass=file permissive=1
02-26 09:21:07.612  4740  4740 I robotcontroller: type=1400 audit(0.0:287): avc: denied { write } for name="value" dev="sysfs" ino=13327 scontext=u:r:untrusted_app:s0:c512,c768 tcontext=u:object_r:sysfs:s0 tclass=file permissive=1
02-26 09:21:07.632  4740  4740 V NetDiscover_wifiDirectAgent: doStart()...
02-26 09:21:07.638  4740  4740 V NetDiscover_wifiDirectAgent: ...doStart()
02-26 09:21:07.639  4740  4740 V NetDiscover_prefremrc: ----- all preferences -----
02-26 09:21:07.639  4740  4740 V NetDiscover_prefremrc: name='android.permission.READ_PHONE_STATE' value=false
02-26 09:21:07.640  4740  4740 V NetDiscover_prefremrc: name='pref_app_version' value=unavailable
02-26 09:21:07.640  4740  4740 V NetDiscover_prefremrc: name='pref_autostarted_robot_controller' value=true
02-26 09:21:07.640  4740  4740 V NetDiscover_prefremrc: name='pref_warn_about_obsolete_software' value=true
02-26 09:21:07.640  4740  4740 V NetDiscover_prefremrc: name='pref_network_protocol_version' value=unavailable
02-26 09:21:07.640  4740  4740 V NetDiscover_prefremrc: name='pref_has_independent_phone_battery' value=false
02-26 09:21:07.640  4740  4740 V NetDiscover_prefremrc: name='android.permission.CAMERA' value=false
02-26 09:21:07.640  4740  4740 V NetDiscover_prefremrc: name='pref_wifip2p_remote_channel_change_works' value=false
02-26 09:21:07.641  4740  4740 V NetDiscover_prefremrc: name='pref_hardware_config_filename' value={"isDirty":false,"location":"LOCAL_STORAGE","name":"Odometry1ExpIMU","resourceId":0}
02-26 09:21:07.641  4740  4740 V NetDiscover_prefremrc: name='pref_build_time' value=unavailable
02-26 09:21:07.641  4740  4740 V NetDiscover_prefremrc: name='pref_warn_about_mismatched_app_versions' value=true
02-26 09:21:07.641  4740  4740 V NetDiscover_prefremrc: name='pref_sound_on_off' value=false
02-26 09:21:07.641  4740  4740 V NetDiscover_prefremrc: name='pref_ftc_season_year_of_current_rc_new' value=2022
02-26 09:21:07.642  4740  4740 V NetDiscover_prefremrc: name='App Restrictions' value=AAAAAA==
02-26 09:21:07.642  4740  4740 V NetDiscover_prefremrc:     
02-26 09:21:07.642  4740  4740 V NetDiscover_prefremrc: name='pref_warn_about_incorrect_clocks' value=true
02-26 09:21:07.642  4740  4740 V NetDiscover_prefremrc: name='android.permission.ACCESS_COARSE_LOCATION' value=false
02-26 09:21:07.642  4740  4740 V NetDiscover_prefremrc: name='pref_has_speaker' value=false
02-26 09:21:07.642  4740  4740 V NetDiscover_prefremrc: name='android.permission.WRITE_EXTERNAL_STORAGE' value=false
02-26 09:21:07.643  4740  4740 V NetDiscover_prefremrc: name='pref_connection_owner_password' value=ftc21180
02-26 09:21:07.643  4740  4740 V NetDiscover_prefremrc: name='pref_pairing_kind' value=RCWIRELESSAP
02-26 09:21:07.643  4740  4740 V NetDiscover_prefremrc: name='pref_device_name_internal' value=21180-RC
02-26 09:21:07.643  4740  4740 V NetDiscover_prefremrc: name='pref_app_theme' value=red
02-26 09:21:07.643  4740  4740 V NetDiscover_prefremrc: name='android.permission.ACCESS_FINE_LOCATION' value=false
02-26 09:21:07.644  4740  4740 V NetDiscover_prefremrc: name='pref_device_name' value=21180-RC
02-26 09:21:07.644  4740  4740 V NetDiscover_prefremrc: name='pref_network_connection_info' value=unavailable
02-26 09:21:07.644  4740  4740 V NetDiscover_prefremrc: name='pref_warn_about_2_4_ghz_band' value=true
02-26 09:21:07.644  4740  4740 V NetDiscover_prefremrc: name='android.permission.READ_EXTERNAL_STORAGE' value=false
02-26 09:21:07.644  4740  4740 V NetDiscover_prefremrc: name='pref_device_name_tracking' value=WIFIAP
02-26 09:21:07.645  4740  4740 V NetDiscover_prefremrc: name='pref_lib_version' value=unavailable
02-26 09:21:07.645  4740  4740 V NetDiscover_prefremrc: name='pref_rc_connected' value=true
02-26 09:21:07.652  4740  4740 V Robocol : SendOnceRunnable created
02-26 09:21:07.655  4740  4740 V NetDiscover_prefremrc: doStart()...
02-26 09:21:07.656  4740  4740 V NetDiscover_prefremrc: ...doStart()
02-26 09:21:07.697  4740  4740 W System  : ClassLoader referenced unknown path: /system/app/webview/lib/arm
02-26 09:21:07.698  4740  4740 D ApplicationLoaders: ignored Vulkan layer search path /system/app/webview/lib/arm:/system/app/webview/webview.apk!/lib/armeabi-v7a:/system/lib:/vendor/lib for namespace 0xe9905090
02-26 09:21:07.702  4740  4740 I WebViewFactory: Loading com.android.webview version 52.0.2743.100 (code 275610050)
02-26 09:21:07.743  4740  4740 I cr_LibraryLoader: Time to load native libraries: 4 ms (timestamps 487-491)
02-26 09:21:07.743  4740  4740 I cr_LibraryLoader: Expected native library version number "52.0.2743.100", actual native library version number "52.0.2743.100"
02-26 09:21:07.763  4740  4740 V WebViewChromiumFactoryProvider: Binding Chromium to main looper Looper (main, tid 1) {dc6c5c8}
02-26 09:21:07.763  4740  4740 I cr_LibraryLoader: Expected native library version number "52.0.2743.100", actual native library version number "52.0.2743.100"
02-26 09:21:07.764  4740  4740 I chromium: [INFO:library_loader_hooks.cc(143)] Chromium logging enabled: level = 0, default verbosity = 0
02-26 09:21:07.794  4740  4740 I cr_BrowserStartup: Initializing chromium process, singleProcess=true
02-26 09:21:07.833  4740  4740 I mali_so : [File] : hardware/rockchip/driver/./src/base/arch/arch_011_udd/base_arch_main.c; [Line] : 565; [Func] : deal_with_version_affairs_rk_ext;
02-26 09:21:07.833  4740  4740 I mali_so : arm_release_ver of this mali_so is 'r7p0-00rel1', rk_so_ver is '1@2' for 3328h_android_7.1, built at '15:47:49', on 'Jun 28 2017'.
02-26 09:21:07.833  4740  4740 I mali_so : [File] : hardware/rockchip/driver/./src/base/arch/arch_011_udd/base_arch_main.c; [Line] : 578; [Func] : deal_with_version_affairs_rk_ext;
02-26 09:21:07.833  4740  4740 I mali_so : mali_ver_property has been set to 'r7p0-00rel1-5-1@2', to return.
02-26 09:21:07.903  4740  4740 I cr_DRP  : No DRP key due to exception:java.lang.ClassNotFoundException: com.android.webview.chromium.Drp
02-26 09:21:07.957  4740  4740 W cr_AwContents: onDetachedFromWindow called when already detached. Ignoring
02-26 09:21:08.277  4740  4740 V OnBotJava: getCurrentOutputDir() unavailable
02-26 09:21:08.278  4740  4740 V OnBotJava: getCurrentOutputDir() unavailable
02-26 09:21:08.278  4740  4740 W System  : ClassLoader referenced unknown path: 
02-26 09:21:11.269  4852  4852 I ps      : type=1400 audit(0.0:288): avc: denied { getattr } for path="/proc/2" dev="proc" ino=11304 scontext=u:r:untrusted_app:s0:c512,c768 tcontext=u:r:kernel:s0 tclass=dir permissive=1
02-26 09:21:11.269  4852  4852 I ps      : type=1400 audit(0.0:289): avc: denied { search } for name="2" dev="proc" ino=11304 scontext=u:r:untrusted_app:s0:c512,c768 tcontext=u:r:kernel:s0 tclass=dir permissive=1
--------- beginning of main
02-26 09:21:12.155  4868  4868 D Uvc     : [jni.cpp:72] JNI_OnLoad()...
02-26 09:21:12.155  4868  4868 D Uvc     : [JniEnv.h:32] ScopedJniEnv::onJniLoad()...
02-26 09:21:12.155  4868  4868 D Uvc     : [JniEnv.h:32] ...ScopedJniEnv::onJniLoad()
02-26 09:21:12.155  4868  4868 D Uvc     : [jni.cpp:72] ...JNI_OnLoad()
02-26 09:21:12.164  4868  4868 V AppUtil : initializing: getExternalStorageDirectory()=/storage/emulated/0
02-26 09:21:12.172  4868  4868 I AppUtil : found usbFileSystemRoot: /dev/bus/usb
02-26 09:21:12.186  4868  4868 I AppAliveNotifier: Telling the OS to set the RC alive notification timeout to 20 seconds
02-26 09:21:12.209  4868  4890 V RobotCore: saving logcat to /storage/emulated/0/robotControllerLog.txt
02-26 09:21:12.209  4868  4890 V RobotCore: logging command line: exec logcat -f /storage/emulated/0/robotControllerLog.txt -r4096 -n4 -v threadtime UsbRequestJNI:S UsbRequest:S art:W ThreadPool:W System:W ExtendedExtractor:W OMXClient:W MediaPlayer:W dalvikvm:W  *:V
02-26 09:21:12.243  4868  4890 I RobotCore: Done running ps
02-26 09:21:12.276  4895  4895 I ps      : type=1400 audit(0.0:290): avc: denied { getattr } for path="/proc/1" dev="proc" ino=1115 scontext=u:r:untrusted_app:s0:c512,c768 tcontext=u:r:init:s0 tclass=dir permissive=1
02-26 09:21:12.276  4895  4895 I ps      : type=1400 audit(0.0:291): avc: denied { search } for name="1" dev="proc" ino=1115 scontext=u:r:untrusted_app:s0:c512,c768 tcontext=u:r:init:s0 tclass=dir permissive=1
02-26 09:21:12.276  4895  4895 I ps      : type=1400 audit(0.0:292): avc: denied { read } for name="cmdline" dev="proc" ino=6618 scontext=u:r:untrusted_app:s0:c512,c768 tcontext=u:r:init:s0 tclass=file permissive=1
02-26 09:21:12.276  4895  4895 I ps      : type=1400 audit(0.0:293): avc: denied { open } for path="/proc/1/cmdline" dev="proc" ino=6618 scontext=u:r:untrusted_app:s0:c512,c768 tcontext=u:r:init:s0 tclass=file permissive=1
02-26 09:21:12.296  4894  4894 I sh      : type=1400 audit(0.0:294): avc: denied { read } for name="/" dev="rootfs" ino=1 scontext=u:r:untrusted_app:s0:c512,c768 tcontext=u:object_r:rootfs:s0 tclass=dir permissive=1
02-26 09:21:12.296  4894  4894 I sh      : type=1400 audit(0.0:295): avc: denied { open } for path="/" dev="rootfs" ino=1 scontext=u:r:untrusted_app:s0:c512,c768 tcontext=u:object_r:rootfs:s0 tclass=dir permissive=1
02-26 09:21:12.871  4868  4868 V AppUtil : rootActivity=PermissionValidatorWrapper
02-26 09:21:12.871  4868  4868 I PermissionValidatorActivity: Lifecycle onCreate : 21fe8bb
02-26 09:21:12.978  4868  4868 I PermissionValidatorActivity: Lifecycle onStart : 21fe8bb
02-26 09:21:12.979  4868  4868 I PermissionValidator: Checking permission for android.permission.WRITE_EXTERNAL_STORAGE
02-26 09:21:12.983  4868  4868 I PermissionValidator:     Granted: android.permission.WRITE_EXTERNAL_STORAGE
02-26 09:21:12.984  4868  4868 I PermissionValidator: Checking permission for android.permission.READ_EXTERNAL_STORAGE
02-26 09:21:12.985  4868  4868 I PermissionValidator:     Granted: android.permission.READ_EXTERNAL_STORAGE
02-26 09:21:12.985  4868  4868 I PermissionValidator: Checking permission for android.permission.CAMERA
02-26 09:21:12.986  4868  4868 I PermissionValidator:     Granted: android.permission.CAMERA
02-26 09:21:12.986  4868  4868 I PermissionValidator: Checking permission for android.permission.ACCESS_COARSE_LOCATION
02-26 09:21:12.987  4868  4868 I PermissionValidator:     Granted: android.permission.ACCESS_COARSE_LOCATION
02-26 09:21:12.987  4868  4868 I PermissionValidator: Checking permission for android.permission.ACCESS_FINE_LOCATION
02-26 09:21:12.987  4868  4868 I PermissionValidator:     Granted: android.permission.ACCESS_FINE_LOCATION
02-26 09:21:12.988  4868  4868 I PermissionValidator: Checking permission for android.permission.READ_PHONE_STATE
02-26 09:21:12.988  4868  4868 I PermissionValidator:     Granted: android.permission.READ_PHONE_STATE
02-26 09:21:12.992  4868  4868 V ServiceStarter: attempting to start service MediaTransferProtocolMonitorService
02-26 09:21:12.994  4868  4868 V ServiceStarter: started service MediaTransferProtocolMonitorService
02-26 09:21:12.994  4868  4868 V ServiceStarter: attempting to start service OnBotJavaService
02-26 09:21:12.997  4868  4868 V ServiceStarter: started service OnBotJavaService
02-26 09:21:12.998  4868  4868 I PermissionValidatorActivity: All permissions validated.  Starting RobotController
02-26 09:21:13.010  4868  4868 V MTPMonitorService: onCreate()
02-26 09:21:13.010  4868  4868 V MTPMonitorService: onStartCommand() intent=Intent { cmp=com.qualcomm.ftcrobotcontroller/org.firstinspires.ftc.robotcore.internal.files.MediaTransferProtocolMonitorService } flags=0x0 startId=1
02-26 09:21:13.014  4868  4868 V MTPMonitor: observing: /storage/emulated/0
02-26 09:21:13.088  4868  4868 V OnBotJavaService: onCreate()
02-26 09:21:13.089  4868  4868 V OnBotJavaService: onStartCommand() intent=Intent { cmp=com.qualcomm.ftcrobotcontroller/org.firstinspires.ftc.onbotjava.OnBotJavaService } flags=0x0 startId=1
02-26 09:21:13.090  4868  4868 V OnBotJava: OnBotJavaManager::static
02-26 09:21:13.599  4868  4868 V OnBotJava: ctor()...
02-26 09:21:13.602  4868  4868 V OnBotJava: ...ctor()
02-26 09:21:13.607  4868  4868 V RCActivity: Permissions validated already
02-26 09:21:13.608  4868  4868 V RCActivity: onCreate()
02-26 09:21:13.609  4868  4868 V RCActivity: rootActivity is of class PermissionValidatorWrapper
02-26 09:21:13.613  4868  4868 V RCActivity: launchActivity is of class class org.firstinspires.ftc.robotcontroller.internal.PermissionValidatorWrapper
02-26 09:21:13.609  4868  4868 I robotcontroller: type=1400 audit(0.0:296): avc: denied { read } for name="direction" dev="sysfs" ino=16836 scontext=u:r:untrusted_app:s0:c512,c768 tcontext=u:object_r:sysfs:s0 tclass=file permissive=1
02-26 09:21:13.609  4868  4868 I robotcontroller: type=1400 audit(0.0:297): avc: denied { open } for path="/sys/devices/pinctrl.26/gpio/gpio50/direction" dev="sysfs" ino=16836 scontext=u:r:untrusted_app:s0:c512,c768 tcontext=u:object_r:sysfs:s0 tclass=file permissive=1
02-26 09:21:13.609  4868  4868 I robotcontroller: type=1400 audit(0.0:298): avc: denied { getattr } for path="/sys/devices/pinctrl.26/gpio/gpio50/direction" dev="sysfs" ino=16836 scontext=u:r:untrusted_app:s0:c512,c768 tcontext=u:object_r:sysfs:s0 tclass=file permissive=1
02-26 09:21:13.612  4868  4868 I robotcontroller: type=1400 audit(0.0:299): avc: denied { write } for name="value" dev="sysfs" ino=13327 scontext=u:r:untrusted_app:s0:c512,c768 tcontext=u:object_r:sysfs:s0 tclass=file permissive=1
02-26 09:21:13.623  4868  4914 V CallbackLooper: thread=52
02-26 09:21:13.628  4868  4868 V NetDiscover_wifiDirectAgent: doStart()...
02-26 09:21:13.632  4868  4868 V NetDiscover_wifiDirectAgent: ...doStart()
02-26 09:21:13.633  4868  4868 V NetDiscover_prefremrc: ----- all preferences -----
02-26 09:21:13.633  4868  4868 V NetDiscover_prefremrc: name='android.permission.READ_PHONE_STATE' value=false
02-26 09:21:13.633  4868  4868 V NetDiscover_prefremrc: name='pref_app_version' value=unavailable
02-26 09:21:13.633  4868  4868 V NetDiscover_prefremrc: name='pref_autostarted_robot_controller' value=true
02-26 09:21:13.634  4868  4868 V NetDiscover_prefremrc: name='pref_warn_about_obsolete_software' value=true
02-26 09:21:13.634  4868  4868 V NetDiscover_prefremrc: name='pref_network_protocol_version' value=unavailable
02-26 09:21:13.634  4868  4868 V NetDiscover_prefremrc: name='pref_has_independent_phone_battery' value=false
02-26 09:21:13.634  4868  4868 V NetDiscover_prefremrc: name='android.permission.CAMERA' value=false
02-26 09:21:13.634  4868  4868 V NetDiscover_prefremrc: name='pref_wifip2p_remote_channel_change_works' value=false
02-26 09:21:13.634  4868  4868 V NetDiscover_prefremrc: name='pref_hardware_config_filename' value={"isDirty":false,"location":"LOCAL_STORAGE","name":"Odometry1ExpIMU","resourceId":0}
02-26 09:21:13.634  4868  4868 V NetDiscover_prefremrc: name='pref_build_time' value=unavailable
02-26 09:21:13.635  4868  4868 V NetDiscover_prefremrc: name='pref_warn_about_mismatched_app_versions' value=true
02-26 09:21:13.635  4868  4868 V NetDiscover_prefremrc: name='pref_sound_on_off' value=false
02-26 09:21:13.635  4868  4868 V NetDiscover_prefremrc: name='pref_ftc_season_year_of_current_rc_new' value=2022
02-26 09:21:13.635  4868  4868 V NetDiscover_prefremrc: name='App Restrictions' value=AAAAAA==
02-26 09:21:13.635  4868  4868 V NetDiscover_prefremrc:     
02-26 09:21:13.635  4868  4868 V NetDiscover_prefremrc: name='pref_warn_about_incorrect_clocks' value=true
02-26 09:21:13.635  4868  4868 V NetDiscover_prefremrc: name='android.permission.ACCESS_COARSE_LOCATION' value=false
02-26 09:21:13.635  4868  4868 V NetDiscover_prefremrc: name='pref_has_speaker' value=false
02-26 09:21:13.635  4868  4868 V NetDiscover_prefremrc: name='android.permission.WRITE_EXTERNAL_STORAGE' value=false
02-26 09:21:13.636  4868  4868 V NetDiscover_prefremrc: name='pref_connection_owner_password' value=ftc21180
02-26 09:21:13.636  4868  4868 V NetDiscover_prefremrc: name='pref_pairing_kind' value=RCWIRELESSAP
02-26 09:21:13.636  4868  4868 V NetDiscover_prefremrc: name='pref_device_name_internal' value=21180-RC
02-26 09:21:13.636  4868  4868 V NetDiscover_prefremrc: name='pref_app_theme' value=red
02-26 09:21:13.636  4868  4868 V NetDiscover_prefremrc: name='android.permission.ACCESS_FINE_LOCATION' value=false
02-26 09:21:13.636  4868  4868 V NetDiscover_prefremrc: name='pref_device_name' value=21180-RC
02-26 09:21:13.636  4868  4868 V NetDiscover_prefremrc: name='pref_network_connection_info' value=unavailable
02-26 09:21:13.636  4868  4868 V NetDiscover_prefremrc: name='pref_warn_about_2_4_ghz_band' value=true
02-26 09:21:13.637  4868  4868 V NetDiscover_prefremrc: name='android.permission.READ_EXTERNAL_STORAGE' value=false
02-26 09:21:13.637  4868  4868 V NetDiscover_prefremrc: name='pref_device_name_tracking' value=WIFIAP
02-26 09:21:13.637  4868  4868 V NetDiscover_prefremrc: name='pref_lib_version' value=unavailable
02-26 09:21:13.637  4868  4868 V NetDiscover_prefremrc: name='pref_rc_connected' value=true
02-26 09:21:13.643  4868  4868 V Robocol : SendOnceRunnable created
02-26 09:21:13.646  4868  4868 V NetDiscover_prefremrc: doStart()...
02-26 09:21:13.646  4868  4868 V NetDiscover_prefremrc: ...doStart()
02-26 09:21:13.672  4868  4868 W System  : ClassLoader referenced unknown path: /system/app/webview/lib/arm
02-26 09:21:13.674  4868  4868 D ApplicationLoaders: ignored Vulkan layer search path /system/app/webview/lib/arm:/system/app/webview/webview.apk!/lib/armeabi-v7a:/system/lib:/vendor/lib for namespace 0xe9905090
02-26 09:21:13.677  4868  4868 I WebViewFactory: Loading com.android.webview version 52.0.2743.100 (code 275610050)
02-26 09:21:13.739  4868  4868 I cr_LibraryLoader: Time to load native libraries: 3 ms (timestamps 6484-6487)
02-26 09:21:13.740  4868  4868 I cr_LibraryLoader: Expected native library version number "52.0.2743.100", actual native library version number "52.0.2743.100"
02-26 09:21:13.757  4868  4868 V WebViewChromiumFactoryProvider: Binding Chromium to main looper Looper (main, tid 1) {dc6c5c8}
02-26 09:21:13.757  4868  4868 I cr_LibraryLoader: Expected native library version number "52.0.2743.100", actual native library version number "52.0.2743.100"
02-26 09:21:13.758  4868  4868 I chromium: [INFO:library_loader_hooks.cc(143)] Chromium logging enabled: level = 0, default verbosity = 0
02-26 09:21:13.778  4868  4868 I cr_BrowserStartup: Initializing chromium process, singleProcess=true
02-26 09:21:13.806  4868  4868 I mali_so : [File] : hardware/rockchip/driver/./src/base/arch/arch_011_udd/base_arch_main.c; [Line] : 565; [Func] : deal_with_version_affairs_rk_ext;
02-26 09:21:13.806  4868  4868 I mali_so : arm_release_ver of this mali_so is 'r7p0-00rel1', rk_so_ver is '1@2' for 3328h_android_7.1, built at '15:47:49', on 'Jun 28 2017'.
02-26 09:21:13.806  4868  4868 I mali_so : [File] : hardware/rockchip/driver/./src/base/arch/arch_011_udd/base_arch_main.c; [Line] : 578; [Func] : deal_with_version_affairs_rk_ext;
02-26 09:21:13.806  4868  4868 I mali_so : mali_ver_property has been set to 'r7p0-00rel1-5-1@2', to return.
02-26 09:21:13.886  4868  4868 I cr_DRP  : No DRP key due to exception:java.lang.ClassNotFoundException: com.android.webview.chromium.Drp
02-26 09:21:13.936  4868  4868 W cr_AwContents: onDetachedFromWindow called when already detached. Ignoring
02-26 09:21:14.237  4868  4868 V OnBotJava: getCurrentOutputDir() unavailable
02-26 09:21:14.238  4868  4868 V OnBotJava: getCurrentOutputDir() unavailable
02-26 09:21:14.238  4868  4868 W System  : ClassLoader referenced unknown path: 
02-26 09:21:17.749  4868  4868 V UpdateUI: Network: inactive, disconnected
02-26 09:21:17.750  4868  4868 V ServiceStarter: attempting to start service FtcRobotControllerWatchdogService
02-26 09:21:17.752  4868  4868 V ServiceStarter: started service FtcRobotControllerWatchdogService
02-26 09:21:17.774  4868  4868 I RobotCore: App info: version=8.1.1 appId=com.qualcomm.ftcrobotcontroller
02-26 09:21:17.774  4868  4868 I RobotCore: Android Device: maker=REV Robotics model=Control Hub v1.0 sdk=25 serial=f37ef77f208445bb
02-26 09:21:17.774  4868  4868 V AndroidBoard: REV Control Hub contains REV3328
02-26 09:21:17.774  4868  4868 V AndroidBoard: Communicating with embedded REV hub via /dev/ttyS1
02-26 09:21:18.921  4868  4868 V RCActivity: onStart()
02-26 09:21:18.926  4868  4868 V RCActivity: onResume()
02-26 09:21:18.949  4868  4868 V NetDiscover_prefremrc: onSharedPreferenceChanged(name=App Restrictions, value=AAAAAA==
02-26 09:21:18.949  4868  4868 V NetDiscover_prefremrc: )
02-26 09:21:18.963  4868  4868 V FtcRobotControllerWatchdogService: onCreate()
02-26 09:21:18.965  4868  4868 V FtcRobotControllerWatchdogService: onStartCommand() intent=Intent { cmp=com.qualcomm.ftcrobotcontroller/org.firstinspires.ftc.ftccommon.internal.FtcRobotControllerWatchdogService } flags=0x0 startId=1
02-26 09:21:18.965  4868  4868 V FtcRobotControllerWatchdogService: shouldAutoLauchRobotController() result=true
02-26 09:21:18.967  4868  4868 V FTCService: onCreate()
02-26 09:21:19.006  4868  4868 W art     : Before Android 4.1, method double java.util.concurrent.ThreadLocalRandom.internalNextDouble(double, double) would have incorrectly overridden the package-private method in java.util.Random
02-26 09:21:19.006  4868  4868 W art     : Before Android 4.1, method int java.util.concurrent.ThreadLocalRandom.internalNextInt(int, int) would have incorrectly overridden the package-private method in java.util.Random
02-26 09:21:19.006  4868  4868 W art     : Before Android 4.1, method long java.util.concurrent.ThreadLocalRandom.internalNextLong(long, long) would have incorrectly overridden the package-private method in java.util.Random
02-26 09:21:19.043  4868  4868 V FTCService: onBind()
02-26 09:21:19.074  4868  4868 V CoreRobotWebServer: creating NanoHTTPD(8080)
02-26 09:21:19.077  4868  4868 V WebSocketManager: Registered broadcast-only namespace progress
02-26 09:21:19.085  4868  4868 V WebSocketManager: Registered handler for namespace ControlHubUpdater
02-26 09:21:19.086  4868  4868 V RobotCore: Getting network assistant of type: RCWIRELESSAP
02-26 09:21:19.088  4868  4868 I RobotControllerAccessPointAssistant: Enabling network services
02-26 09:21:19.091  4868  4868 I RobotControllerAccessPointAssistant: Sending SSID and password to AP service
02-26 09:21:19.092  4868  4868 I RobotCore: ftc21180
02-26 09:21:19.093  4868  4868 D RobotControllerAccessPointAssistant: setNetworkProperties(deviceName=21180-RC, password=ftc21180, ApChannel=null) sendSettingsIndividually=false
02-26 09:21:19.093  4868  4868 I NetDiscover_ControlHubNameManager: Robot controller name: 21180-RC
02-26 09:21:19.093  4868  4868 I ControlHubPasswordManager: Robot controller password: ftc21180
02-26 09:21:19.093  4868  4868 D RobotControllerAccessPointAssistant: Sending bulk settings broadcast intent
02-26 09:21:19.161  4868  4944 I OpenGLRenderer: Initialized EGL, version 1.4
02-26 09:21:19.161  4868  4944 D OpenGLRenderer: Swap behavior 1
02-26 09:21:19.169  4868  4868 I RobotControllerAccessPointAssistant: Wi-Fi state change:, wifiApState: 13
02-26 09:21:19.169  4868  4868 I FTCService: onNetworkConnectionEvent: CONNECTION_INFO_AVAILABLE
02-26 09:21:19.170  4868  4868 I RobotCore: ftc21180
02-26 09:21:19.170  4868  4868 I FTCService: Network Connection Passphrase: ftc21180
02-26 09:21:19.170  4868  4868 V CoreRobotWebServer: starting port=8080
02-26 09:21:19.182  4868  4868 V RobotCore: Getting network assistant of type: RCWIRELESSAP
02-26 09:21:19.183  4868  4868 V CoreRobotWebServer: started port=8080
02-26 09:21:19.183  4868  4868 V FTCService: RCActivity.controllerService=bound
02-26 09:21:19.184  4868  4868 V UpdateUI: Network: active, disconnected
02-26 09:21:19.185  4868  4868 V RobotCore: Robot Status: stopped
02-26 09:21:19.194  4868  4952 V TooTallWebSocketServer: Started WebSocket server on port 8081
02-26 09:21:19.199  4868  4955 V RobotCore: thread: 'RobotSetupRunnable.run()' starting...
02-26 09:21:19.199  4868  4955 V FTCService: Processing robot setup
02-26 09:21:19.200  4868  4955 V RobotCore: Robot Status: stopped, scanning for USB devices
02-26 09:21:19.200  4868  4955 I AppAliveNotifier: Telling the OS to set the RC alive notification timeout to 10 seconds
02-26 09:21:19.230  4868  4868 V WebSocketManager: Registered handler for namespace ONBOTJAVA
02-26 09:21:19.291  4868  4944 I [Gralloc]:  ion device open success! fd = 93
02-26 09:21:19.370  4868  4868 V AppUtil : rootActivity=PermissionValidatorWrapper destroyed
02-26 09:21:19.371  4868  4868 V AppUtil : rootActivity=FtcRobotControllerActivity
02-26 09:21:19.371  4868  4868 I PermissionValidatorActivity: Lifecycle onDestroy : 21fe8bb
02-26 09:21:19.380  4868  4954 V FtcWebSocket: Opening websocket (ip=192.168.43.107/192.168.43.107 port=8081)
02-26 09:21:19.402  4868  4954 V WebSocketManager: Subscribed websocket (ip=192.168.43.107/192.168.43.107 port=8081) to namespace (progress)
02-26 09:21:19.403  4868  4954 V WebSocketManager: Subscribed websocket (ip=192.168.43.107/192.168.43.107 port=8081) to namespace (ControlHubUpdater)
02-26 09:21:19.423  4868  4954 V FtcWebSocket: Opening websocket (ip=192.168.43.107/192.168.43.107 port=8081)
02-26 09:21:19.427  4868  4954 V WebSocketManager: Subscribed websocket (ip=192.168.43.107/192.168.43.107 port=8081) to namespace (progress)
02-26 09:21:19.428  4868  4954 V WebSocketManager: Subscribed websocket (ip=192.168.43.107/192.168.43.107 port=8081) to namespace (ControlHubUpdater)
02-26 09:21:19.818  4868  4968 I RobotCore: ftc21180
02-26 09:21:19.897  4868  4967 V ProgrammingModeManager: serve uri=/css/colors.less
02-26 09:21:20.160  4868  4969 I RobotCore: ftc21180
02-26 09:21:20.296  4868  4966 V ProgrammingModeManager: serve uri=/css/colors.less
02-26 09:21:22.104  4868  4966 I RobotCore: ftc21180
02-26 09:21:24.208  4868  4955 V RobotCore: EventLoopManager state is NOT_STARTED
02-26 09:21:24.208  4868  4955 V FTCService: Waiting for a connection to a Wi-Fi service
02-26 09:21:24.209  4868  4955 V RobotCore: Robot Status: stopped, waiting for network to become active
02-26 09:21:24.212  4868  4955 I RobotControllerAccessPointAssistant: Wi-Fi AP is enabled
02-26 09:21:24.212  4868  4955 V CoreRobotWebServer: Asked an already running WebServer to start
02-26 09:21:24.213  4868  4955 V RobotCore: Robot Status: stopped, starting robot
02-26 09:21:24.213  4868  4955 V Robocol : EventLoopManager.start()
02-26 09:21:24.213  4868  4955 V RobotCore: Getting network assistant of type: RCWIRELESSAP
02-26 09:21:24.218  4868  4955 I RobotControllerAccessPointAssistant: Wi-Fi AP is enabled
02-26 09:21:24.218  4868  4955 V Robocol : Spoofing a Network Connection event...
02-26 09:21:24.218  4868  4955 I EventLoopManager: onNetworkConnectionEvent: CONNECTION_INFO_AVAILABLE
02-26 09:21:24.218  4868  4955 I Robocol : Received network connection event
02-26 09:21:24.220  4868  4955 I RobotControllerAccessPointAssistant: Wi-Fi AP is enabled
02-26 09:21:24.220  4868  4955 I NetworkConnectionHandler: Handling new network connection infomation, connected: true setup needed: true
02-26 09:21:24.222  4868  4955 I RobotControllerAccessPointAssistant: Wi-Fi AP is enabled
02-26 09:21:27.261  4868  4989 V RobotCore: thread: 'SetupRunnable.run()' starting...
02-26 09:21:27.261  4868  4955 V RobotCore: EventLoopManager state is STOPPED
02-26 09:21:27.263  4868  4955 V Robocol : eventLoop=FtcEventLoop
02-26 09:21:27.263  4868  4955 V RobotCore: EventLoopManager state is INIT
02-26 09:21:27.264  4868  4955 V RobotCore: Robot Status: initializing, starting robot
02-26 09:21:27.264  4868  4955 I FtcEventLoop: ======= INIT START =======
02-26 09:21:27.265  4868  4955 V OpmodeRegistration: registered {DefaultOpMode} as {$Stop$Robot$}
02-26 09:21:27.266  4868  4989 D Robocol : RobocolDatagramSocket listening addr=/192.168.43.1:20884 cbRec=65520 cbSend=106496 msRecTO=300
02-26 09:21:27.267  4868  4989 V Robocol : RecvLoopRunnable created
02-26 09:21:27.269  4868  4990 V Robocol : PacketProcessor started
02-26 09:21:27.269  4868  4955 V OpmodeRegistration: registered instance as {Enable/Disable Dashboard}
02-26 09:21:27.270  4868  4955 D OpmodeRegistration: registered instance {com.acmerobotics.dashboard.FtcDashboard$9@800fcf1} as {Enable/Disable Dashboard}
02-26 09:21:27.270  4868  4991 V Robocol : CommandProcessor started
02-26 09:21:27.273  4868  4989 V PeerDiscovery: Starting peer discovery remote: /192.168.43.1 local: /192.168.43.1
02-26 09:21:27.273  4868  4989 V PeerDiscovery: No need for initiating peer discovery, we are the Robot Controller
02-26 09:21:27.273  4868  4989 V RobotCore: Setup complete
02-26 09:21:27.274  4868  4989 V RobotCore: thread: ...terminating 'SetupRunnable.run()'
02-26 09:21:27.276  4868  4992 V RobotCore: thread: 'RecvLoopRunnable.run()' starting...
02-26 09:21:27.459  4868  4955 V MD5     : Calculated digest: 9d9a9ed11665dc92c91c475aad54ef94
02-26 09:21:27.459  4868  4955 V MD5     : Provided digest: 9d9a9ed11665dc92c91c475aad54ef94
02-26 09:21:27.580  4868  4992 E Robocol : exception SocketTimeoutException(Receive timed out): no packet received [java.net.PlainDatagramSocketImpl.receive0(Native Method)]
02-26 09:21:27.952  4868  4990 D RobotCore: system telemetry: key=$System$None$ msg=""
02-26 09:21:27.953  4868  4990 V PeerDiscovery: new remote peer discovered: 192.168.43.230
02-26 09:21:27.953  4868  4990 V NetworkConnectionHandler: starting sending loop
02-26 09:21:27.955  4868  4993 V Robocol : sending CMD_NOTIFY_ROBOT_STATE(9), attempt: 0
02-26 09:21:27.957  4868  4993 V Robocol : sending CMD_NOTIFY_ROBOT_STATE(10), attempt: 0
02-26 09:21:27.957  4868  4993 V Robocol : sending CMD_NOTIFY_ROBOT_STATE(11), attempt: 0
02-26 09:21:27.972  4868  4990 V UpdateUI: Network: active, connected
02-26 09:21:27.972  4868  4990 D FTCService: Sending user device types and preferences to driver station
02-26 09:21:28.050  4868  4990 V NetDiscover_prefremrc: sendAllPreferences()
02-26 09:21:28.050  4868  4990 V NetDiscover_prefremrc: sending RC pref name=pref_wifip2p_remote_channel_change_works value=false
02-26 09:21:28.052  4868  4996 V SoundInfo: construct(0x006ef8a5)
02-26 09:21:28.055  4868  4990 V NetDiscover_prefremrc: sending RC pref name=pref_device_name value=21180-RC
02-26 09:21:28.055  4868  4990 V NetDiscover_prefremrc: sending RC pref name=pref_warn_about_incorrect_clocks value=true
02-26 09:21:28.056  4868  4990 V NetDiscover_prefremrc: sending RC pref name=pref_warn_about_obsolete_software value=true
02-26 09:21:28.056  4868  4990 V NetDiscover_prefremrc: sending RC pref name=pref_has_speaker value=false
02-26 09:21:28.057  4868  4990 V NetDiscover_prefremrc: sending RC pref name=pref_warn_about_2_4_ghz_band value=true
02-26 09:21:28.057  4868  4990 V NetDiscover_prefremrc: sending RC pref name=pref_has_independent_phone_battery value=false
02-26 09:21:28.058  4868  4990 V NetDiscover_prefremrc: sending RC pref name=pref_app_theme value=red
02-26 09:21:28.058  4868  4990 V NetDiscover_prefremrc: sending RC pref name=pref_warn_about_mismatched_app_versions value=true
02-26 09:21:28.059  4868  4990 V NetDiscover_prefremrc: sending RC pref name=pref_sound_on_off value=false
02-26 09:21:28.059  4868  4990 V NetworkConnectionHandler: Peer connection established
02-26 09:21:28.062  4868  4995 E WVMExtractor: Failed to open libwvm.so: dlopen failed: library "libwvm.so" not found
02-26 09:21:28.063  4868  4990 V Robocol : packet processing took 111.2ms: type=PEER_DISCOVERY
02-26 09:21:28.070  4868  4992 V EventLoopManager: Setting authoritative wall clock based on connected DS.
02-26 09:21:28.070  4868  4992 D Uvc     : [time.cpp:64] Java_org_firstinspires_ftc_robotcore_internal_system_AppUtil_nativeSetCurrentTimeMillis()...
02-26 09:21:28.047  4868  4992 I JniTime : [time.cpp:83] settimeofday() succeeded
02-26 09:21:28.047  4868  4992 D Uvc     : [time.cpp:64] ...Java_org_firstinspires_ftc_robotcore_internal_system_AppUtil_nativeSetCurrentTimeMillis()
02-26 09:21:28.048  4868  4992 V AppUtil : attempted to set timezone: before=America/Chicago after=America/Chicago
02-26 09:21:28.050  4868  4993 V Robocol : sending CMD_NOTIFY_USER_DEVICE_LIST(19), attempt: 0
02-26 09:21:28.053  4868  4993 V Robocol : sending CMD_ROBOT_CONTROLLER_PREFERENCE(20), attempt: 0
02-26 09:21:28.053  4868  4993 V Robocol : sending CMD_ROBOT_CONTROLLER_PREFERENCE(21), attempt: 0
02-26 09:21:28.054  4868  4993 V Robocol : sending CMD_ROBOT_CONTROLLER_PREFERENCE(22), attempt: 0
02-26 09:21:28.055  4868  4993 V Robocol : sending CMD_ROBOT_CONTROLLER_PREFERENCE(23), attempt: 0
02-26 09:21:28.058  4868  4993 V Robocol : sending CMD_ROBOT_CONTROLLER_PREFERENCE(24), attempt: 0
02-26 09:21:28.061  4868  4993 V Robocol : sending CMD_ROBOT_CONTROLLER_PREFERENCE(25), attempt: 0
02-26 09:21:28.062  4868  4993 V Robocol : sending CMD_ROBOT_CONTROLLER_PREFERENCE(26), attempt: 0
02-26 09:21:28.066  4868  4993 V Robocol : sending CMD_ROBOT_CONTROLLER_PREFERENCE(27), attempt: 0
02-26 09:21:28.067  4868  4993 V Robocol : sending CMD_ROBOT_CONTROLLER_PREFERENCE(28), attempt: 0
02-26 09:21:28.068  4868  4993 V Robocol : sending CMD_ROBOT_CONTROLLER_PREFERENCE(29), attempt: 0
02-26 09:21:28.073  4868  4995 I MediaCodec: callingProcessName:com.qualcomm.ftcrobotcontroller
02-26 09:21:28.077  4868  5002 I ACodec  : onAllocateComponent:6752 mSoftCodecPref:0 componentName:
02-26 09:21:28.078  4868  5002 I ACodec  : onAllocateComponent:6783 mSoftCodecPref:0 componentName:OMX.google.raw.decoder
02-26 09:21:28.086  4868  4990 V Robocol : received command: CMD_REQUEST_ACTIVE_CONFIG(10002) 
02-26 09:21:28.088  4868  4990 V Robocol : received command: CMD_REQUEST_USER_DEVICE_TYPES(10003) 
02-26 09:21:28.094  4868  4990 V Robocol : received command: CMD_REQUEST_OP_MODE_LIST(10004) 
02-26 09:21:28.095  4868  4990 V Robocol : received command: CMD_ROBOT_CONTROLLER_PREFERENCE(10005) {"booleanValue":true,"prefName":"pref_ds_supports_5_ghz"}
02-26 09:21:28.095  4868  4990 V Robocol : received command: CMD_ROBOT_CONTROLLER_PREFERENCE(10006) {"intValue":21,"prefName":"pref_dh_os_version_code"}
02-26 09:21:28.119  4868  4914 D SoundPlayer: onLoadComplete(samp=1|ms=757, samp=1)=0
02-26 09:21:28.121  4868  4996 W AudioTrack: AUDIO_OUTPUT_FLAG_FAST denied by client; transfer 4, track 48000 Hz, output 44100 Hz
02-26 09:21:28.124  4868  4996 D SoundPlayer: playing volume=0.000000 samp=1|ms=757
02-26 09:21:28.130  4868  4993 V Robocol : sending CMD_PLAY_SOUND(47), attempt: 0
02-26 09:21:28.157  4868  4955 V OpmodeRegistration: registered {StrafeTest} as {StrafeTest}
02-26 09:21:28.158  4868  4955 V OpmodeRegistration: registered {TeleopRR} as {Teleop RR}
02-26 09:21:28.159  4868  4955 V OpmodeRegistration: registered {FollowerPIDTuner} as {FollowerPIDTuner}
02-26 09:21:28.159  4868  4955 V OpmodeRegistration: registered {AutomaticFeedforwardTuner} as {AutomaticFeedforwardTuner}
02-26 09:21:28.160  4868  4955 V OpmodeRegistration: registered {LocalizationTest} as {LocalizationTest}
02-26 09:21:28.161  4868  4955 V OpmodeRegistration: registered {AutoRRTest_PickCone} as {RR test 2 - pickCone}
02-26 09:21:28.161  4868  4955 V OpmodeRegistration: registered {StraightTest} as {StraightTest}
02-26 09:21:28.162  4868  4955 V OpmodeRegistration: registered {MaxVelocityTuner} as {MaxVelocityTuner}
02-26 09:21:28.163  4868  4955 V OpmodeRegistration: registered {AutoRRTest_PreCone} as {RR test 1 - precone}
02-26 09:21:28.163  4868  4955 V OpmodeRegistration: registered {TrackWidthTuner} as {TrackWidthTuner}
02-26 09:21:28.164  4868  4955 V OpmodeRegistration: registered {TrackingWheelForwardOffsetTuner} as {TrackingWheelForwardOffsetTuner}
02-26 09:21:28.165  4868  4955 V OpmodeRegistration: registered {SplineTest} as {SplineTest}
02-26 09:21:28.165  4868  4955 V OpmodeRegistration: registered {AutoMJ_Right} as {Auto M right}
02-26 09:21:28.167  4868  4955 V OpmodeRegistration: registered {DriveVelocityPIDTuner} as {DriveVelocityPIDTuner}
02-26 09:21:28.167  4868  4955 V OpmodeRegistration: registered {AutonomousTest} as {RR test - test}
02-26 09:21:28.168  4868  4955 V OpmodeRegistration: registered {MaxAngularVeloTuner} as {MaxAngularVeloTuner}
02-26 09:21:28.169  4868  4955 V OpmodeRegistration: registered {TrackingWheelLateralDistanceTuner} as {TrackingWheelLateralDistanceTuner}
02-26 09:21:28.170  4868  4993 V Robocol : sending CMD_NOTIFY_ROBOT_STATE(9), attempt: 1
02-26 09:21:28.170  4868  4993 V Robocol : sending CMD_NOTIFY_ROBOT_STATE(10), attempt: 1
02-26 09:21:28.171  4868  4993 V Robocol : sending CMD_NOTIFY_ROBOT_STATE(11), attempt: 1
02-26 09:21:28.172  4868  4955 V OpmodeRegistration: registered {AutoMJ_Left} as {Auto M Left}
02-26 09:21:28.173  4868  4955 V OpmodeRegistration: registered {ManualFeedforwardTuner} as {ManualFeedforwardTuner}
02-26 09:21:28.174  4868  4955 V OpmodeRegistration: registered {TurnTest} as {TurnTest}
02-26 09:21:28.174  4868  4955 V OpmodeRegistration: registered {BackAndForth} as {BackAndForth}
