02-26 09:11:56.246  3356  3356 V OnBotJavaService: onStartCommand() intent=Intent { cmp=com.qualcomm.ftcrobotcontroller/org.firstinspires.ftc.onbotjava.OnBotJavaService } flags=0x0 startId=1
02-26 09:11:56.248  3356  3356 V OnBotJava: OnBotJavaManager::static
02-26 09:11:56.757  3385  3385 I ps      : type=1400 audit(0.0:222): avc: denied { getattr } for path="/proc/1" dev="proc" ino=1115 scontext=u:r:untrusted_app:s0:c512,c768 tcontext=u:r:init:s0 tclass=dir permissive=1
02-26 09:11:56.757  3385  3385 I ps      : type=1400 audit(0.0:223): avc: denied { search } for name="1" dev="proc" ino=1115 scontext=u:r:untrusted_app:s0:c512,c768 tcontext=u:r:init:s0 tclass=dir permissive=1
02-26 09:11:56.757  3385  3385 I ps      : type=1400 audit(0.0:224): avc: denied { read } for name="cmdline" dev="proc" ino=6618 scontext=u:r:untrusted_app:s0:c512,c768 tcontext=u:r:init:s0 tclass=file permissive=1
02-26 09:11:56.757  3385  3385 I ps      : type=1400 audit(0.0:225): avc: denied { open } for path="/proc/1/cmdline" dev="proc" ino=6618 scontext=u:r:untrusted_app:s0:c512,c768 tcontext=u:r:init:s0 tclass=file permissive=1
02-26 09:11:56.757  3385  3385 I ps      : type=1400 audit(0.0:226): avc: denied { getattr } for path="/proc/2" dev="proc" ino=11304 scontext=u:r:untrusted_app:s0:c512,c768 tcontext=u:r:kernel:s0 tclass=dir permissive=1
02-26 09:11:56.757  3385  3385 I ps      : type=1400 audit(0.0:227): avc: denied { search } for name="2" dev="proc" ino=11304 scontext=u:r:untrusted_app:s0:c512,c768 tcontext=u:r:kernel:s0 tclass=dir permissive=1
02-26 09:11:56.757  3385  3385 I ps      : type=1400 audit(0.0:228): avc: denied { read } for name="cmdline" dev="proc" ino=11405 scontext=u:r:untrusted_app:s0:c512,c768 tcontext=u:r:kernel:s0 tclass=file permissive=1
02-26 09:11:56.757  3385  3385 I ps      : type=1400 audit(0.0:229): avc: denied { open } for path="/proc/2/cmdline" dev="proc" ino=11405 scontext=u:r:untrusted_app:s0:c512,c768 tcontext=u:r:kernel:s0 tclass=file permissive=1
02-26 09:11:56.915  3356  3356 V OnBotJava: ctor()...
02-26 09:11:56.920  3356  3356 V OnBotJava: ...ctor()
02-26 09:11:56.925  3356  3356 V RCActivity: Permissions validated already
02-26 09:11:56.926  3356  3356 V RCActivity: onCreate()
02-26 09:11:56.928  3356  3356 V RCActivity: rootActivity is of class PermissionValidatorWrapper
02-26 09:11:56.932  3356  3356 V RCActivity: launchActivity is of class class org.firstinspires.ftc.robotcontroller.internal.PermissionValidatorWrapper
02-26 09:11:56.943  3356  3396 V CallbackLooper: thread=40
02-26 09:11:56.956  3356  3356 V NetDiscover_wifiDirectAgent: doStart()...
02-26 09:11:56.962  3356  3356 V NetDiscover_wifiDirectAgent: ...doStart()
02-26 09:11:56.963  3356  3356 V NetDiscover_prefremrc: ----- all preferences -----
02-26 09:11:56.963  3356  3356 V NetDiscover_prefremrc: name='pref_app_version' value=unavailable
02-26 09:11:56.963  3356  3356 V NetDiscover_prefremrc: name='android.permission.READ_PHONE_STATE' value=false
02-26 09:11:56.964  3356  3356 V NetDiscover_prefremrc: name='pref_autostarted_robot_controller' value=true
02-26 09:11:56.964  3356  3356 V NetDiscover_prefremrc: name='pref_warn_about_obsolete_software' value=true
02-26 09:11:56.964  3356  3356 V NetDiscover_prefremrc: name='pref_network_protocol_version' value=unavailable
02-26 09:11:56.964  3356  3356 V NetDiscover_prefremrc: name='pref_has_independent_phone_battery' value=false
02-26 09:11:56.964  3356  3356 V NetDiscover_prefremrc: name='android.permission.CAMERA' value=false
02-26 09:11:56.964  3356  3356 V NetDiscover_prefremrc: name='pref_wifip2p_remote_channel_change_works' value=false
02-26 09:11:56.965  3356  3356 V NetDiscover_prefremrc: name='pref_hardware_config_filename' value={"isDirty":false,"location":"LOCAL_STORAGE","name":"Odometry1ExpIMU","resourceId":0}
02-26 09:11:56.965  3356  3356 V NetDiscover_prefremrc: name='pref_build_time' value=unavailable
02-26 09:11:56.965  3356  3356 V NetDiscover_prefremrc: name='pref_sound_on_off' value=false
02-26 09:11:56.965  3356  3356 V NetDiscover_prefremrc: name='pref_warn_about_mismatched_app_versions' value=true
02-26 09:11:56.965  3356  3356 V NetDiscover_prefremrc: name='pref_ftc_season_year_of_current_rc_new' value=2022
02-26 09:11:56.965  3356  3356 V NetDiscover_prefremrc: name='App Restrictions' value=AAAAAA==
02-26 09:11:56.965  3356  3356 V NetDiscover_prefremrc:     
02-26 09:11:56.966  3356  3356 V NetDiscover_prefremrc: name='pref_warn_about_incorrect_clocks' value=true
02-26 09:11:56.966  3356  3356 V NetDiscover_prefremrc: name='android.permission.ACCESS_COARSE_LOCATION' value=false
02-26 09:11:56.966  3356  3356 V NetDiscover_prefremrc: name='pref_has_speaker' value=false
02-26 09:11:56.966  3356  3356 V NetDiscover_prefremrc: name='android.permission.WRITE_EXTERNAL_STORAGE' value=false
02-26 09:11:56.966  3356  3356 V NetDiscover_prefremrc: name='pref_connection_owner_password' value=ftc21180
02-26 09:11:56.966  3356  3356 V NetDiscover_prefremrc: name='pref_pairing_kind' value=RCWIRELESSAP
02-26 09:11:56.967  3356  3356 V NetDiscover_prefremrc: name='pref_device_name_internal' value=21180-RC
02-26 09:11:56.967  3356  3356 V NetDiscover_prefremrc: name='pref_app_theme' value=red
02-26 09:11:56.968  3356  3356 V NetDiscover_prefremrc: name='android.permission.ACCESS_FINE_LOCATION' value=false
02-26 09:11:56.968  3356  3356 V NetDiscover_prefremrc: name='pref_network_connection_info' value=unavailable
02-26 09:11:56.968  3356  3356 V NetDiscover_prefremrc: name='pref_device_name' value=21180-RC
02-26 09:11:56.969  3356  3356 V NetDiscover_prefremrc: name='pref_warn_about_2_4_ghz_band' value=true
02-26 09:11:56.969  3356  3356 V NetDiscover_prefremrc: name='pref_device_name_tracking' value=WIFIAP
02-26 09:11:56.969  3356  3356 V NetDiscover_prefremrc: name='android.permission.READ_EXTERNAL_STORAGE' value=false
02-26 09:11:56.969  3356  3356 V NetDiscover_prefremrc: name='pref_rc_connected' value=true
02-26 09:11:56.969  3356  3356 V NetDiscover_prefremrc: name='pref_lib_version' value=unavailable
02-26 09:11:56.976  3356  3356 V Robocol : SendOnceRunnable created
02-26 09:11:56.979  3356  3356 V NetDiscover_prefremrc: doStart()...
02-26 09:11:56.979  3356  3356 V NetDiscover_prefremrc: ...doStart()
02-26 09:11:57.012  3356  3356 W System  : ClassLoader referenced unknown path: /system/app/webview/lib/arm
02-26 09:11:57.013  3356  3356 D ApplicationLoaders: ignored Vulkan layer search path /system/app/webview/lib/arm:/system/app/webview/webview.apk!/lib/armeabi-v7a:/system/lib:/vendor/lib for namespace 0xe9905090
02-26 09:11:57.017  3356  3356 I WebViewFactory: Loading com.android.webview version 52.0.2743.100 (code 275610050)
02-26 09:11:57.067  3356  3356 I cr_LibraryLoader: Time to load native libraries: 3 ms (timestamps 9773-9776)
02-26 09:11:57.068  3356  3356 I cr_LibraryLoader: Expected native library version number "52.0.2743.100", actual native library version number "52.0.2743.100"
02-26 09:11:57.084  3356  3356 V WebViewChromiumFactoryProvider: Binding Chromium to main looper Looper (main, tid 1) {dc6c5c8}
02-26 09:11:57.084  3356  3356 I cr_LibraryLoader: Expected native library version number "52.0.2743.100", actual native library version number "52.0.2743.100"
02-26 09:11:57.085  3356  3356 I chromium: [INFO:library_loader_hooks.cc(143)] Chromium logging enabled: level = 0, default verbosity = 0
02-26 09:11:57.104  3356  3356 I cr_BrowserStartup: Initializing chromium process, singleProcess=true
02-26 09:11:57.131  3356  3356 I mali_so : [File] : hardware/rockchip/driver/./src/base/arch/arch_011_udd/base_arch_main.c; [Line] : 565; [Func] : deal_with_version_affairs_rk_ext;
02-26 09:11:57.131  3356  3356 I mali_so : arm_release_ver of this mali_so is 'r7p0-00rel1', rk_so_ver is '1@2' for 3328h_android_7.1, built at '15:47:49', on 'Jun 28 2017'.
02-26 09:11:57.131  3356  3356 I mali_so : [File] : hardware/rockchip/driver/./src/base/arch/arch_011_udd/base_arch_main.c; [Line] : 578; [Func] : deal_with_version_affairs_rk_ext;
02-26 09:11:57.131  3356  3356 I mali_so : mali_ver_property has been set to 'r7p0-00rel1-5-1@2', to return.
02-26 09:11:57.194  3356  3356 I cr_DRP  : No DRP key due to exception:java.lang.ClassNotFoundException: com.android.webview.chromium.Drp
02-26 09:11:57.247  3356  3356 W cr_AwContents: onDetachedFromWindow called when already detached. Ignoring
02-26 09:11:57.564  3356  3356 V OnBotJava: getCurrentOutputDir() unavailable
02-26 09:11:57.565  3356  3356 V OnBotJava: getCurrentOutputDir() unavailable
02-26 09:11:57.565  3356  3356 W System  : ClassLoader referenced unknown path: 
02-26 09:11:59.707  3481  3481 I ps      : type=1400 audit(0.0:230): avc: denied { getattr } for path="/proc/1" dev="proc" ino=1115 scontext=u:r:untrusted_app:s0:c512,c768 tcontext=u:r:init:s0 tclass=dir permissive=1
02-26 09:11:59.707  3481  3481 I ps      : type=1400 audit(0.0:231): avc: denied { search } for name="1" dev="proc" ino=1115 scontext=u:r:untrusted_app:s0:c512,c768 tcontext=u:r:init:s0 tclass=dir permissive=1
02-26 09:11:59.707  3481  3481 I ps      : type=1400 audit(0.0:232): avc: denied { read } for name="cmdline" dev="proc" ino=6618 scontext=u:r:untrusted_app:s0:c512,c768 tcontext=u:r:init:s0 tclass=file permissive=1
02-26 09:11:59.707  3481  3481 I ps      : type=1400 audit(0.0:233): avc: denied { open } for path="/proc/1/cmdline" dev="proc" ino=6618 scontext=u:r:untrusted_app:s0:c512,c768 tcontext=u:r:init:s0 tclass=file permissive=1
02-26 09:11:59.720  3481  3481 I ps      : type=1400 audit(0.0:234): avc: denied { getattr } for path="/proc/1025" dev="proc" ino=11942 scontext=u:r:untrusted_app:s0:c512,c768 tcontext=u:r:kernel:s0 tclass=dir permissive=1
02-26 09:11:59.720  3481  3481 I ps      : type=1400 audit(0.0:235): avc: denied { search } for name="1025" dev="proc" ino=11942 scontext=u:r:untrusted_app:s0:c512,c768 tcontext=u:r:kernel:s0 tclass=dir permissive=1
--------- beginning of main
02-26 09:12:00.301  3496  3496 D Uvc     : [jni.cpp:72] JNI_OnLoad()...
02-26 09:12:00.301  3496  3496 D Uvc     : [JniEnv.h:32] ScopedJniEnv::onJniLoad()...
02-26 09:12:00.301  3496  3496 D Uvc     : [JniEnv.h:32] ...ScopedJniEnv::onJniLoad()
02-26 09:12:00.301  3496  3496 D Uvc     : [jni.cpp:72] ...JNI_OnLoad()
02-26 09:12:00.310  3496  3496 V AppUtil : initializing: getExternalStorageDirectory()=/storage/emulated/0
02-26 09:12:00.320  3496  3496 I AppUtil : found usbFileSystemRoot: /dev/bus/usb
02-26 09:12:00.323  3496  3496 I robotcontroller: type=1400 audit(0.0:236): avc: denied { read } for name="direction" dev="sysfs" ino=16836 scontext=u:r:untrusted_app:s0:c512,c768 tcontext=u:object_r:sysfs:s0 tclass=file permissive=1
02-26 09:12:00.323  3496  3496 I robotcontroller: type=1400 audit(0.0:237): avc: denied { open } for path="/sys/devices/pinctrl.26/gpio/gpio50/direction" dev="sysfs" ino=16836 scontext=u:r:untrusted_app:s0:c512,c768 tcontext=u:object_r:sysfs:s0 tclass=file permissive=1
02-26 09:12:00.323  3496  3496 I robotcontroller: type=1400 audit(0.0:238): avc: denied { getattr } for path="/sys/devices/pinctrl.26/gpio/gpio50/direction" dev="sysfs" ino=16836 scontext=u:r:untrusted_app:s0:c512,c768 tcontext=u:object_r:sysfs:s0 tclass=file permissive=1
02-26 09:12:00.327  3496  3496 I robotcontroller: type=1400 audit(0.0:239): avc: denied { write } for name="value" dev="sysfs" ino=13327 scontext=u:r:untrusted_app:s0:c512,c768 tcontext=u:object_r:sysfs:s0 tclass=file permissive=1
02-26 09:12:00.337  3496  3496 I AppAliveNotifier: Telling the OS to set the RC alive notification timeout to 20 seconds
02-26 09:12:00.349  3496  3515 V RobotCore: saving logcat to /storage/emulated/0/robotControllerLog.txt
02-26 09:12:00.349  3496  3515 V RobotCore: logging command line: exec logcat -f /storage/emulated/0/robotControllerLog.txt -r4096 -n4 -v threadtime UsbRequestJNI:S UsbRequest:S art:W ThreadPool:W System:W ExtendedExtractor:W OMXClient:W MediaPlayer:W dalvikvm:W  *:V
02-26 09:12:00.385  3496  3515 I RobotCore: Done running ps
02-26 09:12:00.397  3518  3518 I sh      : type=1400 audit(0.0:240): avc: denied { read } for name="/" dev="rootfs" ino=1 scontext=u:r:untrusted_app:s0:c512,c768 tcontext=u:object_r:rootfs:s0 tclass=dir permissive=1
02-26 09:12:00.397  3518  3518 I sh      : type=1400 audit(0.0:241): avc: denied { open } for path="/" dev="rootfs" ino=1 scontext=u:r:untrusted_app:s0:c512,c768 tcontext=u:object_r:rootfs:s0 tclass=dir permissive=1
02-26 09:12:00.710  3523  3523 I ps      : type=1400 audit(0.0:245): avc: denied { read } for name="cmdline" dev="proc" ino=11405 scontext=u:r:untrusted_app:s0:c512,c768 tcontext=u:r:kernel:s0 tclass=file permissive=1
02-26 09:12:00.710  3523  3523 I ps      : type=1400 audit(0.0:246): avc: denied { open } for path="/proc/2/cmdline" dev="proc" ino=11405 scontext=u:r:untrusted_app:s0:c512,c768 tcontext=u:r:kernel:s0 tclass=file permissive=1
02-26 09:12:01.088  3496  3496 V AppUtil : rootActivity=PermissionValidatorWrapper
02-26 09:12:01.088  3496  3496 I PermissionValidatorActivity: Lifecycle onCreate : 21fe8bb
02-26 09:12:01.196  3496  3496 I PermissionValidatorActivity: Lifecycle onStart : 21fe8bb
02-26 09:12:01.198  3496  3496 I PermissionValidator: Checking permission for android.permission.WRITE_EXTERNAL_STORAGE
02-26 09:12:01.202  3496  3496 I PermissionValidator:     Granted: android.permission.WRITE_EXTERNAL_STORAGE
02-26 09:12:01.202  3496  3496 I PermissionValidator: Checking permission for android.permission.READ_EXTERNAL_STORAGE
02-26 09:12:01.203  3496  3496 I PermissionValidator:     Granted: android.permission.READ_EXTERNAL_STORAGE
02-26 09:12:01.203  3496  3496 I PermissionValidator: Checking permission for android.permission.CAMERA
02-26 09:12:01.204  3496  3496 I PermissionValidator:     Granted: android.permission.CAMERA
02-26 09:12:01.204  3496  3496 I PermissionValidator: Checking permission for android.permission.ACCESS_COARSE_LOCATION
02-26 09:12:01.206  3496  3496 I PermissionValidator:     Granted: android.permission.ACCESS_COARSE_LOCATION
02-26 09:12:01.206  3496  3496 I PermissionValidator: Checking permission for android.permission.ACCESS_FINE_LOCATION
02-26 09:12:01.206  3496  3496 I PermissionValidator:     Granted: android.permission.ACCESS_FINE_LOCATION
02-26 09:12:01.207  3496  3496 I PermissionValidator: Checking permission for android.permission.READ_PHONE_STATE
02-26 09:12:01.207  3496  3496 I PermissionValidator:     Granted: android.permission.READ_PHONE_STATE
02-26 09:12:01.210  3496  3496 V ServiceStarter: attempting to start service MediaTransferProtocolMonitorService
02-26 09:12:01.214  3496  3496 V ServiceStarter: started service MediaTransferProtocolMonitorService
02-26 09:12:01.214  3496  3496 V ServiceStarter: attempting to start service OnBotJavaService
02-26 09:12:01.217  3496  3496 V ServiceStarter: started service OnBotJavaService
02-26 09:12:01.218  3496  3496 I PermissionValidatorActivity: All permissions validated.  Starting RobotController
02-26 09:12:01.229  3496  3496 V MTPMonitorService: onCreate()
02-26 09:12:01.230  3496  3496 V MTPMonitorService: onStartCommand() intent=Intent { cmp=com.qualcomm.ftcrobotcontroller/org.firstinspires.ftc.robotcore.internal.files.MediaTransferProtocolMonitorService } flags=0x0 startId=1
02-26 09:12:01.233  3496  3496 V MTPMonitor: observing: /storage/emulated/0
02-26 09:12:01.309  3496  3496 V OnBotJavaService: onCreate()
02-26 09:12:01.311  3496  3496 V OnBotJavaService: onStartCommand() intent=Intent { cmp=com.qualcomm.ftcrobotcontroller/org.firstinspires.ftc.onbotjava.OnBotJavaService } flags=0x0 startId=1
02-26 09:12:01.312  3496  3496 V OnBotJava: OnBotJavaManager::static
02-26 09:12:01.814  3496  3496 V OnBotJava: ctor()...
02-26 09:12:01.819  3496  3496 V OnBotJava: ...ctor()
02-26 09:12:01.823  3496  3496 V RCActivity: Permissions validated already
02-26 09:12:01.823  3496  3496 V RCActivity: onCreate()
02-26 09:12:01.826  3496  3496 V RCActivity: rootActivity is of class PermissionValidatorWrapper
02-26 09:12:01.829  3496  3496 V RCActivity: launchActivity is of class class org.firstinspires.ftc.robotcontroller.internal.PermissionValidatorWrapper
02-26 09:12:01.838  3496  3541 V CallbackLooper: thread=44
02-26 09:12:01.842  3496  3496 V NetDiscover_wifiDirectAgent: doStart()...
02-26 09:12:01.847  3496  3496 V NetDiscover_wifiDirectAgent: ...doStart()
02-26 09:12:01.847  3496  3496 V NetDiscover_prefremrc: ----- all preferences -----
02-26 09:12:01.848  3496  3496 V NetDiscover_prefremrc: name='pref_app_version' value=unavailable
02-26 09:12:01.848  3496  3496 V NetDiscover_prefremrc: name='android.permission.READ_PHONE_STATE' value=false
02-26 09:12:01.848  3496  3496 V NetDiscover_prefremrc: name='pref_autostarted_robot_controller' value=true
02-26 09:12:01.848  3496  3496 V NetDiscover_prefremrc: name='pref_warn_about_obsolete_software' value=true
02-26 09:12:01.849  3496  3496 V NetDiscover_prefremrc: name='pref_network_protocol_version' value=unavailable
02-26 09:12:01.849  3496  3496 V NetDiscover_prefremrc: name='pref_has_independent_phone_battery' value=false
02-26 09:12:01.849  3496  3496 V NetDiscover_prefremrc: name='android.permission.CAMERA' value=false
02-26 09:12:01.849  3496  3496 V NetDiscover_prefremrc: name='pref_wifip2p_remote_channel_change_works' value=false
02-26 09:12:01.849  3496  3496 V NetDiscover_prefremrc: name='pref_hardware_config_filename' value={"isDirty":false,"location":"LOCAL_STORAGE","name":"Odometry1ExpIMU","resourceId":0}
02-26 09:12:01.849  3496  3496 V NetDiscover_prefremrc: name='pref_build_time' value=unavailable
02-26 09:12:01.849  3496  3496 V NetDiscover_prefremrc: name='pref_sound_on_off' value=false
02-26 09:12:01.849  3496  3496 V NetDiscover_prefremrc: name='pref_warn_about_mismatched_app_versions' value=true
02-26 09:12:01.849  3496  3496 V NetDiscover_prefremrc: name='pref_ftc_season_year_of_current_rc_new' value=2022
02-26 09:12:01.850  3496  3496 V NetDiscover_prefremrc: name='App Restrictions' value=AAAAAA==
02-26 09:12:01.850  3496  3496 V NetDiscover_prefremrc:     
02-26 09:12:01.850  3496  3496 V NetDiscover_prefremrc: name='pref_warn_about_incorrect_clocks' value=true
02-26 09:12:01.850  3496  3496 V NetDiscover_prefremrc: name='android.permission.ACCESS_COARSE_LOCATION' value=false
02-26 09:12:01.850  3496  3496 V NetDiscover_prefremrc: name='pref_has_speaker' value=false
02-26 09:12:01.850  3496  3496 V NetDiscover_prefremrc: name='android.permission.WRITE_EXTERNAL_STORAGE' value=false
02-26 09:12:01.850  3496  3496 V NetDiscover_prefremrc: name='pref_connection_owner_password' value=ftc21180
02-26 09:12:01.850  3496  3496 V NetDiscover_prefremrc: name='pref_pairing_kind' value=RCWIRELESSAP
02-26 09:12:01.850  3496  3496 V NetDiscover_prefremrc: name='pref_device_name_internal' value=21180-RC
02-26 09:12:01.851  3496  3496 V NetDiscover_prefremrc: name='pref_app_theme' value=red
02-26 09:12:01.851  3496  3496 V NetDiscover_prefremrc: name='android.permission.ACCESS_FINE_LOCATION' value=false
02-26 09:12:01.851  3496  3496 V NetDiscover_prefremrc: name='pref_network_connection_info' value=unavailable
02-26 09:12:01.851  3496  3496 V NetDiscover_prefremrc: name='pref_device_name' value=21180-RC
02-26 09:12:01.851  3496  3496 V NetDiscover_prefremrc: name='pref_warn_about_2_4_ghz_band' value=true
02-26 09:12:01.851  3496  3496 V NetDiscover_prefremrc: name='pref_device_name_tracking' value=WIFIAP
02-26 09:12:01.852  3496  3496 V NetDiscover_prefremrc: name='android.permission.READ_EXTERNAL_STORAGE' value=false
02-26 09:12:01.852  3496  3496 V NetDiscover_prefremrc: name='pref_rc_connected' value=true
02-26 09:12:01.852  3496  3496 V NetDiscover_prefremrc: name='pref_lib_version' value=unavailable
02-26 09:12:01.858  3496  3496 V Robocol : SendOnceRunnable created
02-26 09:12:01.860  3496  3496 V NetDiscover_prefremrc: doStart()...
02-26 09:12:01.860  3496  3496 V NetDiscover_prefremrc: ...doStart()
02-26 09:12:01.887  3496  3496 W System  : ClassLoader referenced unknown path: /system/app/webview/lib/arm
02-26 09:12:01.888  3496  3496 D ApplicationLoaders: ignored Vulkan layer search path /system/app/webview/lib/arm:/system/app/webview/webview.apk!/lib/armeabi-v7a:/system/lib:/vendor/lib for namespace 0xe9905090
02-26 09:12:01.891  3496  3496 I WebViewFactory: Loading com.android.webview version 52.0.2743.100 (code 275610050)
02-26 09:12:01.921  3496  3496 I cr_LibraryLoader: Time to load native libraries: 2 ms (timestamps 4628-4630)
02-26 09:12:01.922  3496  3496 I cr_LibraryLoader: Expected native library version number "52.0.2743.100", actual native library version number "52.0.2743.100"
02-26 09:12:01.935  3496  3496 V WebViewChromiumFactoryProvider: Binding Chromium to main looper Looper (main, tid 1) {dc6c5c8}
02-26 09:12:01.935  3496  3496 I cr_LibraryLoader: Expected native library version number "52.0.2743.100", actual native library version number "52.0.2743.100"
02-26 09:12:01.935  3496  3496 I chromium: [INFO:library_loader_hooks.cc(143)] Chromium logging enabled: level = 0, default verbosity = 0
02-26 09:12:01.953  3496  3496 I cr_BrowserStartup: Initializing chromium process, singleProcess=true
02-26 09:12:01.977  3496  3496 I mali_so : [File] : hardware/rockchip/driver/./src/base/arch/arch_011_udd/base_arch_main.c; [Line] : 565; [Func] : deal_with_version_affairs_rk_ext;
02-26 09:12:01.977  3496  3496 I mali_so : arm_release_ver of this mali_so is 'r7p0-00rel1', rk_so_ver is '1@2' for 3328h_android_7.1, built at '15:47:49', on 'Jun 28 2017'.
02-26 09:12:01.977  3496  3496 I mali_so : [File] : hardware/rockchip/driver/./src/base/arch/arch_011_udd/base_arch_main.c; [Line] : 578; [Func] : deal_with_version_affairs_rk_ext;
02-26 09:12:01.977  3496  3496 I mali_so : mali_ver_property has been set to 'r7p0-00rel1-5-1@2', to return.
02-26 09:12:02.038  3496  3496 I cr_DRP  : No DRP key due to exception:java.lang.ClassNotFoundException: com.android.webview.chromium.Drp
02-26 09:12:02.086  3496  3496 W cr_AwContents: onDetachedFromWindow called when already detached. Ignoring
02-26 09:12:02.395  3496  3496 V OnBotJava: getCurrentOutputDir() unavailable
02-26 09:12:02.395  3496  3496 V OnBotJava: getCurrentOutputDir() unavailable
02-26 09:12:02.395  3496  3496 W System  : ClassLoader referenced unknown path: 
02-26 09:12:05.934  3496  3496 V UpdateUI: Network: inactive, disconnected
02-26 09:12:05.935  3496  3496 V ServiceStarter: attempting to start service FtcRobotControllerWatchdogService
02-26 09:12:05.938  3496  3496 V ServiceStarter: started service FtcRobotControllerWatchdogService
02-26 09:12:05.964  3496  3496 I RobotCore: App info: version=8.1.1 appId=com.qualcomm.ftcrobotcontroller
02-26 09:12:05.964  3496  3496 I RobotCore: Android Device: maker=REV Robotics model=Control Hub v1.0 sdk=25 serial=f37ef77f208445bb
02-26 09:12:05.964  3496  3496 V AndroidBoard: REV Control Hub contains REV3328
02-26 09:12:05.965  3496  3496 V AndroidBoard: Communicating with embedded REV hub via /dev/ttyS1
02-26 09:12:07.202  3496  3496 V RCActivity: onStart()
02-26 09:12:07.213  3496  3496 V RCActivity: onResume()
02-26 09:12:07.243  3496  3496 V NetDiscover_prefremrc: onSharedPreferenceChanged(name=App Restrictions, value=AAAAAA==
02-26 09:12:07.243  3496  3496 V NetDiscover_prefremrc: )
02-26 09:12:07.265  3496  3496 V FtcRobotControllerWatchdogService: onCreate()
02-26 09:12:07.267  3496  3496 V FtcRobotControllerWatchdogService: onStartCommand() intent=Intent { cmp=com.qualcomm.ftcrobotcontroller/org.firstinspires.ftc.ftccommon.internal.FtcRobotControllerWatchdogService } flags=0x0 startId=1
02-26 09:12:07.268  3496  3496 V FtcRobotControllerWatchdogService: shouldAutoLauchRobotController() result=true
02-26 09:12:07.271  3496  3496 V FTCService: onCreate()
02-26 09:12:07.314  3496  3496 W art     : Before Android 4.1, method double java.util.concurrent.ThreadLocalRandom.internalNextDouble(double, double) would have incorrectly overridden the package-private method in java.util.Random
02-26 09:12:07.314  3496  3496 W art     : Before Android 4.1, method int java.util.concurrent.ThreadLocalRandom.internalNextInt(int, int) would have incorrectly overridden the package-private method in java.util.Random
02-26 09:12:07.314  3496  3496 W art     : Before Android 4.1, method long java.util.concurrent.ThreadLocalRandom.internalNextLong(long, long) would have incorrectly overridden the package-private method in java.util.Random
02-26 09:12:07.351  3496  3496 V FTCService: onBind()
02-26 09:12:07.381  3496  3496 V CoreRobotWebServer: creating NanoHTTPD(8080)
02-26 09:12:07.383  3496  3496 V WebSocketManager: Registered broadcast-only namespace progress
02-26 09:12:07.387  3496  3496 V WebSocketManager: Registered handler for namespace ControlHubUpdater
02-26 09:12:07.388  3496  3496 V RobotCore: Getting network assistant of type: RCWIRELESSAP
02-26 09:12:07.390  3496  3496 I RobotControllerAccessPointAssistant: Enabling network services
02-26 09:12:07.393  3496  3496 I RobotControllerAccessPointAssistant: Sending SSID and password to AP service
02-26 09:12:07.394  3496  3496 I RobotCore: ftc21180
02-26 09:12:07.395  3496  3496 D RobotControllerAccessPointAssistant: setNetworkProperties(deviceName=21180-RC, password=ftc21180, ApChannel=null) sendSettingsIndividually=false
02-26 09:12:07.395  3496  3496 I NetDiscover_ControlHubNameManager: Robot controller name: 21180-RC
02-26 09:12:07.395  3496  3496 I ControlHubPasswordManager: Robot controller password: ftc21180
02-26 09:12:07.395  3496  3496 D RobotControllerAccessPointAssistant: Sending bulk settings broadcast intent
02-26 09:12:07.460  3496  3574 I OpenGLRenderer: Initialized EGL, version 1.4
02-26 09:12:07.460  3496  3574 D OpenGLRenderer: Swap behavior 1
02-26 09:12:07.468  3496  3496 I RobotControllerAccessPointAssistant: Wi-Fi state change:, wifiApState: 13
02-26 09:12:07.468  3496  3496 I FTCService: onNetworkConnectionEvent: CONNECTION_INFO_AVAILABLE
02-26 09:12:07.469  3496  3496 I RobotCore: ftc21180
02-26 09:12:07.469  3496  3496 I FTCService: Network Connection Passphrase: ftc21180
02-26 09:12:07.469  3496  3496 V CoreRobotWebServer: starting port=8080
02-26 09:12:07.481  3496  3496 V RobotCore: Getting network assistant of type: RCWIRELESSAP
02-26 09:12:07.482  3496  3496 V CoreRobotWebServer: started port=8080
02-26 09:12:07.482  3496  3496 V FTCService: RCActivity.controllerService=bound
02-26 09:12:07.483  3496  3496 V UpdateUI: Network: active, disconnected
02-26 09:12:07.484  3496  3496 V RobotCore: Robot Status: stopped
02-26 09:12:07.496  3496  3579 V TooTallWebSocketServer: Started WebSocket server on port 8081
02-26 09:12:07.497  3496  3582 V RobotCore: thread: 'RobotSetupRunnable.run()' starting...
02-26 09:12:07.498  3496  3582 V FTCService: Processing robot setup
02-26 09:12:07.498  3496  3582 V RobotCore: Robot Status: stopped, scanning for USB devices
02-26 09:12:07.499  3496  3582 I AppAliveNotifier: Telling the OS to set the RC alive notification timeout to 10 seconds
02-26 09:12:07.523  3496  3496 V WebSocketManager: Registered handler for namespace ONBOTJAVA
02-26 09:12:07.590  3496  3574 I [Gralloc]:  ion device open success! fd = 93
02-26 09:12:07.672  3496  3496 V AppUtil : rootActivity=PermissionValidatorWrapper destroyed
02-26 09:12:07.672  3496  3496 V AppUtil : rootActivity=FtcRobotControllerActivity
02-26 09:12:07.672  3496  3496 I PermissionValidatorActivity: Lifecycle onDestroy : 21fe8bb
02-26 09:12:07.698  3496  3581 V FtcWebSocket: Opening websocket (ip=192.168.43.107/192.168.43.107 port=8081)
02-26 09:12:07.702  3496  3581 V WebSocketManager: Subscribed websocket (ip=192.168.43.107/192.168.43.107 port=8081) to namespace (progress)
02-26 09:12:07.703  3496  3581 V WebSocketManager: Subscribed websocket (ip=192.168.43.107/192.168.43.107 port=8081) to namespace (ControlHubUpdater)
02-26 09:12:07.719  3496  3581 V FtcWebSocket: Opening websocket (ip=192.168.43.107/192.168.43.107 port=8081)
02-26 09:12:07.732  3496  3581 V WebSocketManager: Subscribed websocket (ip=192.168.43.107/192.168.43.107 port=8081) to namespace (progress)
02-26 09:12:07.733  3496  3581 V WebSocketManager: Subscribed websocket (ip=192.168.43.107/192.168.43.107 port=8081) to namespace (ControlHubUpdater)
02-26 09:12:08.180  3496  3592 I RobotCore: ftc21180
02-26 09:12:08.275  3496  3594 V ProgrammingModeManager: serve uri=/css/colors.less
02-26 09:12:08.621  3496  3599 I RobotCore: ftc21180
02-26 09:12:08.712  3496  3600 V ProgrammingModeManager: serve uri=/css/colors.less
02-26 09:12:10.556  3496  3600 I RobotCore: ftc21180
02-26 09:12:12.506  3496  3582 V RobotCore: EventLoopManager state is NOT_STARTED
02-26 09:12:12.506  3496  3582 V FTCService: Waiting for a connection to a Wi-Fi service
02-26 09:12:12.506  3496  3582 V RobotCore: Robot Status: stopped, waiting for network to become active
02-26 09:12:12.509  3496  3582 I RobotControllerAccessPointAssistant: Wi-Fi AP is enabled
02-26 09:12:12.509  3496  3582 V CoreRobotWebServer: Asked an already running WebServer to start
02-26 09:12:12.510  3496  3582 V RobotCore: Robot Status: stopped, starting robot
02-26 09:12:12.510  3496  3582 V Robocol : EventLoopManager.start()
02-26 09:12:12.510  3496  3582 V RobotCore: Getting network assistant of type: RCWIRELESSAP
02-26 09:12:12.511  3496  3582 I RobotControllerAccessPointAssistant: Wi-Fi AP is enabled
02-26 09:12:12.512  3496  3582 V Robocol : Spoofing a Network Connection event...
02-26 09:12:12.512  3496  3582 I EventLoopManager: onNetworkConnectionEvent: CONNECTION_INFO_AVAILABLE
02-26 09:12:12.512  3496  3582 I Robocol : Received network connection event
02-26 09:12:12.513  3496  3582 I RobotControllerAccessPointAssistant: Wi-Fi AP is enabled
02-26 09:12:12.513  3496  3582 I NetworkConnectionHandler: Handling new network connection infomation, connected: true setup needed: true
02-26 09:12:12.514  3496  3582 I RobotControllerAccessPointAssistant: Wi-Fi AP is enabled
02-26 09:12:15.558  3496  3625 V RobotCore: thread: 'SetupRunnable.run()' starting...
02-26 09:12:15.558  3496  3582 V RobotCore: EventLoopManager state is STOPPED
02-26 09:12:15.560  3496  3582 V Robocol : eventLoop=FtcEventLoop
02-26 09:12:15.561  3496  3582 V RobotCore: EventLoopManager state is INIT
02-26 09:12:15.561  3496  3582 V RobotCore: Robot Status: initializing, starting robot
02-26 09:12:15.561  3496  3582 I FtcEventLoop: ======= INIT START =======
02-26 09:12:15.562  3496  3582 V OpmodeRegistration: registered {DefaultOpMode} as {$Stop$Robot$}
02-26 09:12:15.564  3496  3625 D Robocol : RobocolDatagramSocket listening addr=/192.168.43.1:20884 cbRec=65520 cbSend=106496 msRecTO=300
02-26 09:12:15.565  3496  3582 V OpmodeRegistration: registered instance as {Enable/Disable Dashboard}
02-26 09:12:15.566  3496  3582 D OpmodeRegistration: registered instance {com.acmerobotics.dashboard.FtcDashboard$9@4455e0a} as {Enable/Disable Dashboard}
02-26 09:12:15.566  3496  3625 V Robocol : RecvLoopRunnable created
02-26 09:12:15.571  3496  3627 V Robocol : CommandProcessor started
02-26 09:12:15.573  3496  3625 V PeerDiscovery: Starting peer discovery remote: /192.168.43.1 local: /192.168.43.1
02-26 09:12:15.574  3496  3625 V PeerDiscovery: No need for initiating peer discovery, we are the Robot Controller
02-26 09:12:15.574  3496  3625 V RobotCore: Setup complete
02-26 09:12:15.574  3496  3625 V RobotCore: thread: ...terminating 'SetupRunnable.run()'
02-26 09:12:15.574  3496  3626 V Robocol : PacketProcessor started
02-26 09:12:15.581  3496  3628 V RobotCore: thread: 'RecvLoopRunnable.run()' starting...
02-26 09:12:15.805  3496  3582 V MD5     : Calculated digest: 9d9a9ed11665dc92c91c475aad54ef94
02-26 09:12:15.805  3496  3582 V MD5     : Provided digest: 9d9a9ed11665dc92c91c475aad54ef94
02-26 09:12:15.885  3496  3628 E Robocol : exception SocketTimeoutException(Receive timed out): no packet received [java.net.PlainDatagramSocketImpl.receive0(Native Method)]
02-26 09:12:15.966  3496  3626 D RobotCore: system telemetry: key=$System$None$ msg=""
02-26 09:12:15.966  3496  3626 V PeerDiscovery: new remote peer discovered: 192.168.43.230
02-26 09:12:15.966  3496  3626 V NetworkConnectionHandler: starting sending loop
02-26 09:12:15.968  3496  3629 V Robocol : sending CMD_NOTIFY_ROBOT_STATE(9), attempt: 0
02-26 09:12:15.970  3496  3629 V Robocol : sending CMD_NOTIFY_ROBOT_STATE(10), attempt: 0
02-26 09:12:15.971  3496  3629 V Robocol : sending CMD_NOTIFY_ROBOT_STATE(11), attempt: 0
02-26 09:12:15.990  3496  3626 V UpdateUI: Network: active, connected
02-26 09:12:15.991  3496  3626 D FTCService: Sending user device types and preferences to driver station
02-26 09:12:16.057  3496  3632 V SoundInfo: construct(0x0bbc369c)
02-26 09:12:16.065  3496  3631 E WVMExtractor: Failed to open libwvm.so: dlopen failed: library "libwvm.so" not found
02-26 09:12:16.076  3496  3626 V NetDiscover_prefremrc: sendAllPreferences()
02-26 09:12:16.076  3496  3626 V NetDiscover_prefremrc: sending RC pref name=pref_wifip2p_remote_channel_change_works value=false
02-26 09:12:16.080  3496  3626 V NetDiscover_prefremrc: sending RC pref name=pref_device_name value=21180-RC
02-26 09:12:16.080  3496  3626 V NetDiscover_prefremrc: sending RC pref name=pref_warn_about_incorrect_clocks value=true
02-26 09:12:16.081  3496  3626 V NetDiscover_prefremrc: sending RC pref name=pref_warn_about_obsolete_software value=true
02-26 09:12:16.081  3496  3626 V NetDiscover_prefremrc: sending RC pref name=pref_has_speaker value=false
02-26 09:12:16.082  3496  3626 V NetDiscover_prefremrc: sending RC pref name=pref_warn_about_2_4_ghz_band value=true
02-26 09:12:16.082  3496  3626 V NetDiscover_prefremrc: sending RC pref name=pref_has_independent_phone_battery value=false
02-26 09:12:16.083  3496  3626 V NetDiscover_prefremrc: sending RC pref name=pref_app_theme value=red
02-26 09:12:16.083  3496  3626 V NetDiscover_prefremrc: sending RC pref name=pref_warn_about_mismatched_app_versions value=true
02-26 09:12:16.084  3496  3626 V NetDiscover_prefremrc: sending RC pref name=pref_sound_on_off value=false
02-26 09:12:16.084  3496  3626 V NetworkConnectionHandler: Peer connection established
02-26 09:12:16.087  3496  3629 V Robocol : sending CMD_NOTIFY_USER_DEVICE_LIST(19), attempt: 0
02-26 09:12:16.087  3496  3631 I MediaCodec: callingProcessName:com.qualcomm.ftcrobotcontroller
02-26 09:12:16.088  3496  3626 V Robocol : packet processing took 122.9ms: type=PEER_DISCOVERY
02-26 09:12:16.089  3496  3629 V Robocol : sending CMD_ROBOT_CONTROLLER_PREFERENCE(20), attempt: 0
02-26 09:12:16.090  3496  3629 V Robocol : sending CMD_ROBOT_CONTROLLER_PREFERENCE(21), attempt: 0
02-26 09:12:16.091  3496  3629 V Robocol : sending CMD_ROBOT_CONTROLLER_PREFERENCE(22), attempt: 0
02-26 09:12:16.092  3496  3629 V Robocol : sending CMD_ROBOT_CONTROLLER_PREFERENCE(23), attempt: 0
02-26 09:12:16.093  3496  3629 V Robocol : sending CMD_ROBOT_CONTROLLER_PREFERENCE(24), attempt: 0
02-26 09:12:16.094  3496  3629 V Robocol : sending CMD_ROBOT_CONTROLLER_PREFERENCE(25), attempt: 0
02-26 09:12:16.096  3496  3629 V Robocol : sending CMD_ROBOT_CONTROLLER_PREFERENCE(26), attempt: 0
02-26 09:12:16.098  3496  3629 V Robocol : sending CMD_ROBOT_CONTROLLER_PREFERENCE(27), attempt: 0
02-26 09:12:16.100  3496  3638 I ACodec  : onAllocateComponent:6752 mSoftCodecPref:0 componentName:
02-26 09:12:16.101  3496  3629 V Robocol : sending CMD_ROBOT_CONTROLLER_PREFERENCE(28), attempt: 0
02-26 09:12:16.101  3496  3638 I ACodec  : onAllocateComponent:6783 mSoftCodecPref:0 componentName:OMX.google.raw.decoder
02-26 09:12:16.103  3496  3629 V Robocol : sending CMD_ROBOT_CONTROLLER_PREFERENCE(29), attempt: 0
02-26 09:12:16.124  3496  3628 V EventLoopManager: Setting authoritative wall clock based on connected DS.
02-26 09:12:16.125  3496  3628 D Uvc     : [time.cpp:64] Java_org_firstinspires_ftc_robotcore_internal_system_AppUtil_nativeSetCurrentTimeMillis()...
02-26 09:12:16.086  3496  3628 I JniTime : [time.cpp:83] settimeofday() succeeded
02-26 09:12:16.086  3496  3628 D Uvc     : [time.cpp:64] ...Java_org_firstinspires_ftc_robotcore_internal_system_AppUtil_nativeSetCurrentTimeMillis()
02-26 09:12:16.099  3496  3628 V AppUtil : attempted to set timezone: before=America/Chicago after=America/Chicago
02-26 09:12:16.101  3496  3541 D SoundPlayer: onLoadComplete(samp=1|ms=757, samp=1)=0
02-26 09:12:16.102  3496  3626 V Robocol : received command: CMD_REQUEST_ACTIVE_CONFIG(10001) 
02-26 09:12:16.103  3496  3626 V Robocol : received command: CMD_REQUEST_USER_DEVICE_TYPES(10002) 
02-26 09:12:16.103  3496  3626 V Robocol : received command: CMD_REQUEST_OP_MODE_LIST(10003) 
02-26 09:12:16.104  3496  3626 V Robocol : received command: CMD_ROBOT_CONTROLLER_PREFERENCE(10004) {"booleanValue":true,"prefName":"pref_ds_supports_5_ghz"}
02-26 09:12:16.105  3496  3626 V Robocol : received command: CMD_ROBOT_CONTROLLER_PREFERENCE(10005) {"intValue":21,"prefName":"pref_dh_os_version_code"}
02-26 09:12:16.110  3496  3632 W AudioTrack: AUDIO_OUTPUT_FLAG_FAST denied by client; transfer 4, track 48000 Hz, output 44100 Hz
02-26 09:12:16.115  3496  3632 D SoundPlayer: playing volume=0.000000 samp=1|ms=757
02-26 09:12:16.130  3496  3629 V Robocol : sending CMD_PLAY_SOUND(45), attempt: 0
02-26 09:12:16.168  3496  3629 V Robocol : sending CMD_NOTIFY_ROBOT_STATE(9), attempt: 1
02-26 09:12:16.168  3496  3629 V Robocol : sending CMD_NOTIFY_ROBOT_STATE(10), attempt: 1
02-26 09:12:16.169  3496  3629 V Robocol : sending CMD_NOTIFY_ROBOT_STATE(11), attempt: 1
02-26 09:12:16.559  3496  3582 V OpmodeRegistration: registered {StrafeTest} as {StrafeTest}
02-26 09:12:16.560  3496  3582 V OpmodeRegistration: registered {TeleopRR} as {Teleop RR}
02-26 09:12:16.561  3496  3582 V OpmodeRegistration: registered {FollowerPIDTuner} as {FollowerPIDTuner}
02-26 09:12:16.562  3496  3582 V OpmodeRegistration: registered {AutomaticFeedforwardTuner} as {AutomaticFeedforwardTuner}
02-26 09:12:16.562  3496  3582 V OpmodeRegistration: registered {LocalizationTest} as {LocalizationTest}
02-26 09:12:16.563  3496  3582 V OpmodeRegistration: registered {AutoRRTest_PickCone} as {RR test 2 - pickCone}
02-26 09:12:16.564  3496  3582 V OpmodeRegistration: registered {StraightTest} as {StraightTest}
02-26 09:12:16.564  3496  3582 V OpmodeRegistration: registered {MaxVelocityTuner} as {MaxVelocityTuner}
02-26 09:12:16.565  3496  3582 V OpmodeRegistration: registered {AutoRRTest_PreCone} as {RR test 1 - precone}
02-26 09:12:16.566  3496  3582 V OpmodeRegistration: registered {TrackWidthTuner} as {TrackWidthTuner}
02-26 09:12:16.567  3496  3582 V OpmodeRegistration: registered {TrackingWheelForwardOffsetTuner} as {TrackingWheelForwardOffsetTuner}
02-26 09:12:16.567  3496  3582 V OpmodeRegistration: registered {SplineTest} as {SplineTest}
02-26 09:12:16.568  3496  3582 V OpmodeRegistration: registered {AutoMJ_Right} as {Auto M right}
02-26 09:12:16.569  3496  3582 V OpmodeRegistration: registered {DriveVelocityPIDTuner} as {DriveVelocityPIDTuner}
02-26 09:12:16.570  3496  3582 V OpmodeRegistration: registered {AutonomousTest} as {RR test - test}
02-26 09:12:16.570  3496  3582 V OpmodeRegistration: registered {MaxAngularVeloTuner} as {MaxAngularVeloTuner}
02-26 09:12:16.571  3496  3582 V OpmodeRegistration: registered {TrackingWheelLateralDistanceTuner} as {TrackingWheelLateralDistanceTuner}
02-26 09:12:16.572  3496  3582 V OpmodeRegistration: registered {AutoMJ_Left} as {Auto M Left}
02-26 09:12:16.573  3496  3582 V OpmodeRegistration: registered {ManualFeedforwardTuner} as {ManualFeedforwardTuner}
02-26 09:12:16.573  3496  3582 V OpmodeRegistration: registered {TurnTest} as {TurnTest}
02-26 09:12:16.574  3496  3582 V OpmodeRegistration: registered {BackAndForth} as {BackAndForth}
02-26 09:12:16.597  3496  3582 V FtcEventLoop: Ensuring that the embedded Control Hub module is set up correctly
02-26 09:12:16.607  3496  3582 V RobotCore: Creating REV Robotics USB Expansion Hub Portal [(embedded)]
02-26 09:12:16.608  3496  3629 V Robocol : sending CMD_NOTIFY_ACTIVE_CONFIGURATION(56), attempt: 0
02-26 09:12:16.608  3496  3582 V LynxUsb : creating new [(embedded)]: 0x0d05db64
02-26 09:12:16.608  3496  3629 V Robocol : sending CMD_NOTIFY_USER_DEVICE_LIST(57), attempt: 0
02-26 09:12:16.610  3496  3629 V Robocol : sending CMD_NOTIFY_OP_MODE_LIST(58), attempt: 0
02-26 09:12:16.614  3496  3582 V FtDeviceManager: createDeviceInfoList(): 0 USB devices
02-26 09:12:16.614  3496  3582 V RobotUsbManagerCombining: FTDI driver failed to open USB device with serial number (embedded) (returned null device)
02-26 09:12:16.612  3496  3496 I pRunnable.run(): type=1400 audit(0.0:261): avc: denied { read } for name="ttyS1" dev="tmpfs" ino=8410 scontext=u:r:untrusted_app:s0:c512,c768 tcontext=u:object_r:serial_device:s0 tclass=chr_file permissive=1
02-26 09:12:16.616  3496  3582 V SerialPortNative: [SerialPort.cpp:150] opened(/dev/ttyS1): fd=102
02-26 09:12:16.617  3496  3582 V RobotUsbDeviceTTY: opening serial=(embedded) file=/dev/ttyS1
02-26 09:12:16.617  3496  3582 V LynxUsb : armDevice() serial=(embedded)...
02-26 09:12:16.617  3496  3582 V LynxUsb : resetDevice() serial=(embedded)
02-26 09:12:16.618  3496  3582 V LynxModule: resetting embedded usb device: isPresent: was=true
02-26 09:12:16.612  3496  3496 I pRunnable.run(): type=1400 audit(0.0:262): avc: denied { write } for name="ttyS1" dev="tmpfs" ino=8410 scontext=u:r:untrusted_app:s0:c512,c768 tcontext=u:object_r:serial_device:s0 tclass=chr_file permissive=1
02-26 09:12:16.612  3496  3496 I pRunnable.run(): type=1400 audit(0.0:263): avc: denied { open } for path="/dev/ttyS1" dev="tmpfs" ino=8410 scontext=u:r:untrusted_app:s0:c512,c768 tcontext=u:object_r:serial_device:s0 tclass=chr_file permissive=1
02-26 09:12:16.612  3496  3496 I pRunnable.run(): type=1400 audit(0.0:264): avc: denied { ioctl } for path="/dev/ttyS1" dev="tmpfs" ino=8410 ioctlcmd=5401 scontext=u:r:untrusted_app:s0:c512,c768 tcontext=u:object_r:serial_device:s0 tclass=chr_file permissive=1
02-26 09:12:16.616  3496  3496 I pRunnable.run(): type=1400 audit(0.0:265): avc: denied { read } for name="value" dev="sysfs" ino=13327 scontext=u:r:untrusted_app:s0:c512,c768 tcontext=u:object_r:sysfs:s0 tclass=file permissive=1
02-26 09:12:16.616  3496  3496 I pRunnable.run(): type=1400 audit(0.0:266): avc: denied { open } for path="/sys/devices/pinctrl.26/gpio/gpio50/value" dev="sysfs" ino=13327 scontext=u:r:untrusted_app:s0:c512,c768 tcontext=u:object_r:sysfs:s0 tclass=file permissive=1
02-26 09:12:16.616  3496  3496 I pRunnable.run(): type=1400 audit(0.0:267): avc: denied { getattr } for path="/sys/devices/pinctrl.26/gpio/gpio50/value" dev="sysfs" ino=13327 scontext=u:r:untrusted_app:s0:c512,c768 tcontext=u:object_r:sysfs:s0 tclass=file permissive=1
02-26 09:12:16.616  3496  3496 I pRunnable.run(): type=1400 audit(0.0:268): avc: denied { write } for name="value" dev="sysfs" ino=16879 scontext=u:r:untrusted_app:s0:c512,c768 tcontext=u:object_r:sysfs:s0 tclass=file permissive=1
02-26 09:12:16.975  3496  3582 V LynxUsb : ...done armDevice()
02-26 09:12:16.976  3496  3650 V RobotCore: thread: 'lynx incoming datagrams' starting...
02-26 09:12:16.976  3496  3582 V LynxUsb : 0x07f749d0 on 0x0d05db64: new delegate to [(embedded)]
02-26 09:12:16.984  3496  3582 V LynxUsb : addConfiguredModule() module#=173
02-26 09:12:16.985  3496  3582 V LynxModule: pingAndQueryKnownInterfaces mod=173
02-26 09:12:16.988  3496  3650 V LynxUsb : synchronization gained: serial=(embedded)
02-26 09:12:17.009  3496  3582 V LynxModule: mod#=173 queryInterface(DEKA)=54 commands starting at 4096
02-26 09:12:17.023  3496  3582 V LynxModule: sending LynxFtdiResetControlCommand(true) wasInterrupted=false
02-26 09:12:17.029  3496  3582 V LynxModule: sendLEDPatternSteps(): steps=[Step(color=65280, msDuration=1000)]
02-26 09:12:17.034  3496  3582 V LynxModule: setAsControlHubEmbeddedModule(mod=173)
02-26 09:12:17.034  3496  3582 V EmbeddedControlHubModule: setting embedded module
02-26 09:12:17.035  3496  3582 V LynxModule: sending LynxFtdiResetControlCommand(false) wasInterrupted=false
02-26 09:12:17.037  3496  3582 V LynxModule: close(#173)
02-26 09:12:17.039  3496  3582 V LynxUsb : Verified that the embedded Control Hub module has the correct address
02-26 09:12:17.040  3496  3582 V LynxUsb : addConfiguredModule() module#=173
02-26 09:12:17.041  3496  3582 V LynxModule: pingAndQueryKnownInterfaces mod=173
02-26 09:12:17.055  3496  3582 V LynxModule: mod#=173 queryInterface(DEKA)=54 commands starting at 4096
02-26 09:12:17.067  3496  3582 V LynxModule: sending LynxFtdiResetControlCommand(true) wasInterrupted=false
02-26 09:12:17.072  3496  3582 V LynxModule: sendLEDPatternSteps(): steps=[Step(color=65280, msDuration=1000)]
02-26 09:12:17.076  3496  3582 V LynxModule: setAsControlHubEmbeddedModule(mod=173)
02-26 09:12:17.076  3496  3582 V EmbeddedControlHubModule: setting embedded module
02-26 09:12:17.076  3496  3582 I RobotCore: LynxFirmwareVersionManager: LynxI2cDeviceSynchV2
02-26 09:12:17.077  3496  3582 V LynxI2cDeviceSynch: initializeHardware() mod#=173
02-26 09:12:17.078  3496  3582 V BHI260IMU: Suppressing I2C warnings while we check for a BHI260AP IMU
02-26 09:12:17.082  3496  3582 V BHI260IMU: No BHI260AP IMU found
02-26 09:12:17.083  3496  3582 V BNO055  : Suppressing I2C warnings while we check for a BNO055 IMU
02-26 09:12:17.088  3496  3582 V BNO055  : Found BNO055 IMU
02-26 09:12:17.088  3496  3582 V LynxModule: sending LynxFtdiResetControlCommand(false) wasInterrupted=false
02-26 09:12:17.090  3496  3582 V LynxModule: close(#173)
02-26 09:12:17.092  3496  3582 V HardwareFactory: createHardwareMap()
02-26 09:12:17.092  3496  3582 V EmbeddedControlHubModule: clearing embedded module
02-26 09:12:17.104  3496  3582 V ReadXMLFileHandler: embedded lynx USB device is already present
02-26 09:12:17.105  3496  3582 V RobotCore: Creating Webcam [2D25B27F]
02-26 09:12:17.106  3496  3582 V CameraManager: construct(hash=0x0ad104ee|inst#=0)
02-26 09:12:17.107  3496  3582 D libusb  : [ 0.000204] [00000dfe] libusb: debug [op_init] sysfs(/sys/bus/usb/devices) available
02-26 09:12:17.107  3496  3582 D libusb  : [ 0.000299] [00000dfe] libusb: debug [op_init] sysfs can relate devices
02-26 09:12:17.107  3496  3582 D libusb  : [ 0.000329] [00000dfe] libusb: debug [op_init] sysfs has complete descriptors
02-26 09:12:17.107  3496  3582 D libusb  : [ 0.000357] [00000dfe] libusb: debug [op_init] sysfs has serial numbers
02-26 09:12:17.102  3496  3496 I pRunnable.run(): type=1400 audit(0.0:269): avc: denied { read } for name="devices" dev="sysfs" ino=7258 scontext=u:r:untrusted_app:s0:c512,c768 tcontext=u:object_r:sysfs:s0 tclass=dir permissive=1
02-26 09:12:17.102  3496  3496 I pRunnable.run(): type=1400 audit(0.0:270): avc: denied { open } for path="/sys/bus/usb/devices" dev="sysfs" ino=7258 scontext=u:r:untrusted_app:s0:c512,c768 tcontext=u:object_r:sysfs:s0 tclass=dir permissive=1
02-26 09:12:17.108  3496  3582 V UvcContext: construct(pointer=0xc5fb7bc0|inst#=0)
02-26 09:12:17.115  3496  3582 V RobotCore: Creating REV Robotics USB Expansion Hub Portal [(embedded)]
02-26 09:12:17.116  3496  3582 V LynxUsb : using existing [(embedded)]: 0x0d05db64
02-26 09:12:17.116  3496  3582 V LynxUsb : 0x0b2a481c on 0x0d05db64: new delegate to [(embedded)]
02-26 09:12:17.117  3496  3582 V RobotCore: Creating Lynx Module - mod=173 parent=true
02-26 09:12:17.118  3496  3582 V RobotCore: Creating Lynx Module - mod=2 parent=false
02-26 09:12:17.120  3496  3582 V LynxUsb : addConfiguredModule() module#=173
02-26 09:12:17.120  3496  3582 V LynxModule: pingAndQueryKnownInterfaces mod=173
02-26 09:12:17.132  3496  3582 V LynxModule: mod#=173 queryInterface(DEKA)=54 commands starting at 4096
02-26 09:12:17.139  3496  3582 V LynxModule: sending LynxFtdiResetControlCommand(true) wasInterrupted=false
02-26 09:12:17.144  3496  3659 V LynxModule: received status: LynxGetModuleStatusResponse(status=0x02 alerts=0x00: Reset)
02-26 09:12:17.145  3496  3659 W HubPowerCycle: Expansion Hub 173 regained power after a complete power loss. No user Op Mode was running.
02-26 09:12:17.145  3496  3659 V LynxModule: resendCurrentPattern()
02-26 09:12:17.146  3496  3659 V LynxModule: sendLEDPatternSteps(): steps=[]
02-26 09:12:17.146  3496  3582 V LynxModule: sendLEDPatternSteps(): steps=[Step(color=65280, msDuration=1000)]
02-26 09:12:17.154  3496  3582 V LynxModule: setAsControlHubEmbeddedModule(mod=173)
02-26 09:12:17.154  3496  3582 V EmbeddedControlHubModule: setting embedded module
02-26 09:12:17.155  3496  3582 V LynxUsb : addConfiguredModule() module#=2
02-26 09:12:17.155  3496  3582 V LynxModule: pingAndQueryKnownInterfaces mod=2
02-26 09:12:17.167  3496  3582 V LynxModule: mod#=2 queryInterface(DEKA)=54 commands starting at 4096
02-26 09:12:17.175  3496  3582 V LynxModule: sending LynxFtdiResetControlCommand(true) wasInterrupted=false
02-26 09:12:17.183  3496  3582 V LynxModule: sendLEDPatternSteps(): steps=[Step(color=65280, msDuration=4500), Step(color=0, msDuration=500), Step(color=255, msDuration=500), Step(color=0, msDuration=500), Step(color=255, msDuration=500), Step(color=0, msDuration=500)]
02-26 09:12:17.185  3496  3661 V LynxModule: received status: LynxGetModuleStatusResponse(status=0x05 alerts=0x00: KeepAliveTimeout|FailSafe)
02-26 09:12:17.185  3496  3661 V LynxModule: resendCurrentPattern()
02-26 09:12:17.186  3496  3661 V LynxModule: sendLEDPatternSteps(): steps=[Step(color=65280, msDuration=4500), Step(color=0, msDuration=500), Step(color=255, msDuration=500), Step(color=0, msDuration=500), Step(color=255, msDuration=500), Step(color=0, msDuration=500)]
02-26 09:12:17.195  3496  3582 V LynxMotor: initializeHardware() mod#=173
02-26 09:12:17.236  3496  3582 V RobotCore: DcMotorImpl(type=goBILDA5202SeriesMotor)
02-26 09:12:17.236  3496  3582 V RobotCore: DcMotorImpl(type=goBILDA5202SeriesMotor)
