01-29 11:06:00.197  5977  6273 I global  :  RENO - ObjectDetection.sleeveColorDetect(ObjectDetection.java:151): Sleeve position: RIGHT
01-29 11:06:00.231  5977  6273 I global  :  RENO - ObjectDetection.sleeveColorDetect(ObjectDetection.java:125): Start Opcv process to detect sleeve color.
01-29 11:06:00.232  5977  6273 I global  :  RENO - ObjectDetection.sleeveColorDetect(ObjectDetection.java:132): Sleeve max color = 91094.00, 91090.00, 104816.00
01-29 11:06:00.233  5977  6273 I global  :  RENO - ObjectDetection.sleeveColorDetect(ObjectDetection.java:151): Sleeve position: RIGHT
01-29 11:06:00.246  5977  6074 V Robocol : received command: CMD_RUN_OP_MODE(10812) auto RR right
01-29 11:06:00.263  5977  6273 I global  :  RENO - ObjectDetection.sleeveColorDetect(ObjectDetection.java:125): Start Opcv process to detect sleeve color.
01-29 11:06:00.265  5977  6273 I global  :  RENO - ObjectDetection.sleeveColorDetect(ObjectDetection.java:132): Sleeve max color = 90788.00, 90830.00, 104081.00
01-29 11:06:00.266  5977  6273 I global  :  RENO - ObjectDetection.sleeveColorDetect(ObjectDetection.java:151): Sleeve position: RIGHT
01-29 11:06:00.271  5977  6077 V Robocol : sending CMD_NOTIFY_RUN_OP_MODE(896), attempt: 0
01-29 11:06:00.287  5977  6264 I System.out: stopRecordingPipeline()
01-29 11:06:00.287  5977  6264 I System.out: ...stopRecordingPipeline()
01-29 11:06:00.288  5977  6264 D UsbResiliantWebcam|DelCaptureSession: stopCapture()...
01-29 11:06:00.288  5977  6264 D UsbResiliantWebcam|DelCaptureSequence: undoStreaming()...
01-29 11:06:00.288  5977  6264 D UvcApiCaptureSession: stopCapture()...
01-29 11:06:00.288  5977  6264 D Uvc     : [jni_streamhandle.cpp:184] Java_org_firstinspires_ftc_robotcore_internal_camera_libuvc_nativeobject_UvcStreamHandle_nativeStopStreaming()...
01-29 11:06:00.288  5977  6264 V Uvc     : API: Java_org_firstinspires_ftc_robotcore_internal_camera_libuvc_nativeobject_UvcStreamHandle_nativeStopStreaming: enter...
01-29 11:06:00.288  5977  6264 D Uvc     : [stream.cpp:1514] uvc_stream_stop()...
01-29 11:06:00.288  5977  6264 D UvcStream: [stream.cpp:1542] cancelling extant transfers
01-29 11:06:00.290  5977  5977 D OpenCvViewport: surfaceDestroyed()
01-29 11:06:00.291  5977  5977 D OpenCvViewport: CheckState(): lifecycle mandates deactivation regardless of user
01-29 11:06:00.291  5977  5977 D OpenCvViewport: CheckState(): deactivating viewport
01-29 11:06:00.291  5977  6272 W System.err: java.lang.InterruptedException
01-29 11:06:00.291  5977  6272 W System.err: 	at java.lang.Object.wait(Native Method)
01-29 11:06:00.291  5977  6272 W System.err: 	at org.firstinspires.ftc.robotcore.internal.collections.EvictingBlockingQueue.take(EvictingBlockingQueue.java:143)
01-29 11:06:00.291  5977  6272 W System.err: 	at org.openftc.easyopencv.OpenCvViewport$RenderThread.run(OpenCvViewport.java:554)
01-29 11:06:00.291  5977  6272 D OpenCvViewportRenderThread: About to exit
01-29 11:06:00.292  5977  5977 D OpenCvViewport: ...surfaceDestroyed()
01-29 11:06:00.325  5977  6264 D Uvc     : [stream.cpp:1471] (waitForAllTransfers(waiting for cancelled transfers))...
01-29 11:06:00.327  5977  6264 D UvcStream: [stream.cpp:1485] no extant active transfers: continuing
01-29 11:06:00.327  5977  6264 D Uvc     : [stream.cpp:1471] ...()
01-29 11:06:00.327  5977  6264 D Uvc     : [stream.cpp:1189] uvc_stream_handle::stopIsochronousStreaming()...
01-29 11:06:00.327  5977  6264 D Uvc     : [libuvc/libuvc_internal.h:825] uvc_device_handle::setInterfaceAltSetting(setInterfaceAltSetting(intf=1 alt=0))...
01-29 11:06:00.327  5977  6264 D UvcDevice: setInterfaceAltSetting(1,0)
01-29 11:06:00.327  5977  6264 D UvcDevice: setInterfaceAltSetting(1,0) succeeded
01-29 11:06:00.327  5977  6264 D Uvc     : [libuvc/libuvc_internal.h:825] ...uvc_device_handle::setInterfaceAltSetting() rc=0
01-29 11:06:00.327  5977  6264 D Uvc     : [stream.cpp:1189] ...uvc_stream_handle::stopIsochronousStreaming() rc=0
01-29 11:06:00.327  5977  6264 D UvcStream: [stream.cpp:1558] awakening user thread
01-29 11:06:00.327  5977  6264 D UvcStream: [stream.cpp:1567] waiting for user callback thread to finish
01-29 11:06:00.328  5977  6273 D UvcStream: [stream.cpp:1329] user callback thread stopped
01-29 11:06:00.328  5977  6264 D Uvc     : [stream.cpp:1514] ...uvc_stream_stop() rc=0
01-29 11:06:00.328  5977  6264 V Uvc     : API: Java_org_firstinspires_ftc_robotcore_internal_camera_libuvc_nativeobject_UvcStreamHandle_nativeStopStreaming: ...exit
01-29 11:06:00.328  5977  6264 D Uvc     : [jni_streamhandle.cpp:184] ...Java_org_firstinspires_ftc_robotcore_internal_camera_libuvc_nativeobject_UvcStreamHandle_nativeStopStreaming()
01-29 11:06:00.328  5977  6264 V UvcFrameCallback: destroy(hash=0x0f76d121)
01-29 11:06:00.328  5977  6264 V UvcFrameCallbackData: destroy(pointer=0xd0a5cc58)
01-29 11:06:00.328  5977  6264 V Uvc     : API: Java_org_firstinspires_ftc_robotcore_internal_camera_libuvc_nativeobject_UvcFrameCallback_nativeReleaseCallbackState: enter...
01-29 11:06:00.328  5977  6264 V Uvc     : API: Java_org_firstinspires_ftc_robotcore_internal_camera_libuvc_nativeobject_UvcFrameCallback_nativeReleaseCallbackState: ...exit
01-29 11:06:00.329  5977  6264 V UvcStreamHandle: destroy(pointer=0xd78a6120)
01-29 11:06:00.329  5977  6264 D Uvc     : [jni_streamhandle.cpp:184] Java_org_firstinspires_ftc_robotcore_internal_camera_libuvc_nativeobject_UvcStreamHandle_nativeStopStreaming()...
01-29 11:06:00.329  5977  6264 V Uvc     : API: Java_org_firstinspires_ftc_robotcore_internal_camera_libuvc_nativeobject_UvcStreamHandle_nativeStopStreaming: enter...
01-29 11:06:00.329  5977  6264 D Uvc     : [stream.cpp:1514] uvc_stream_stop()...
01-29 11:06:00.329  5977  6264 D Uvc     : [stream.cpp:1514] ...uvc_stream_stop() rc=0
01-29 11:06:00.329  5977  6264 V Uvc     : API: Java_org_firstinspires_ftc_robotcore_internal_camera_libuvc_nativeobject_UvcStreamHandle_nativeStopStreaming: ...exit
01-29 11:06:00.329  5977  6264 D Uvc     : [jni_streamhandle.cpp:184] ...Java_org_firstinspires_ftc_robotcore_internal_camera_libuvc_nativeobject_UvcStreamHandle_nativeStopStreaming()
01-29 11:06:00.329  5977  6264 D Uvc     : [jni_streamhandle.cpp:200] Java_org_firstinspires_ftc_robotcore_internal_camera_libuvc_nativeobject_UvcStreamHandle_nativeCloseStreamHandle()...
01-29 11:06:00.329  5977  6264 V Uvc     : API: Java_org_firstinspires_ftc_robotcore_internal_camera_libuvc_nativeobject_UvcStreamHandle_nativeCloseStreamHandle: enter...
01-29 11:06:00.329  5977  6264 D Uvc     : [stream.cpp:1584] uvc_stream_close()...
01-29 11:06:00.329  5977  6264 D Uvc     : [streamhandle.cpp:45] uvc_stream_handle::~uvc_stream_handle()...
01-29 11:06:00.329  5977  6264 D Uvc     : [streamhandle.cpp:66] uvc_stream_handle::releaseInterface()...
01-29 11:06:00.329  5977  6264 D Uvc     : [libuvc/libuvc_internal.h:793] uvc_device_handle::releaseInterface()...
01-29 11:06:00.329  5977  6264 D UvcDevice: releaseInterface(1)
01-29 11:06:00.330  5977  6264 D UvcDevice: releaseInterface(1) succeeded
01-29 11:06:00.330  5977  6264 D Uvc     : [libuvc/libuvc_internal.h:793] ...uvc_device_handle::releaseInterface() rc=0
01-29 11:06:00.330  5977  6264 D Uvc     : [streamhandle.cpp:66] ...uvc_stream_handle::releaseInterface()
01-29 11:06:00.330  5977  6264 D Uvc     : [streamhandle.cpp:45] ...uvc_stream_handle::~uvc_stream_handle()
01-29 11:06:00.330  5977  6264 D Uvc     : [stream.cpp:1584] ...uvc_stream_close()
01-29 11:06:00.330  5977  6264 V Uvc     : API: Java_org_firstinspires_ftc_robotcore_internal_camera_libuvc_nativeobject_UvcStreamHandle_nativeCloseStreamHandle: ...exit
01-29 11:06:00.330  5977  6264 D Uvc     : [jni_streamhandle.cpp:200] ...Java_org_firstinspires_ftc_robotcore_internal_camera_libuvc_nativeobject_UvcStreamHandle_nativeCloseStreamHandle()
01-29 11:06:00.331  5977  6131 D RobotCore: capture sequence DelegatingCaptureSequenceId(1) reports completed: lastFrame=145
01-29 11:06:00.331  5977  6264 V UvcApiCameraCaptureSequence: destroy(hash=0x058d132b)
01-29 11:06:00.331  5977  6264 D UvcApiCaptureSession: ...stopCapture()
01-29 11:06:00.332  5977  6264 D UvcApiCaptureSession: doClose()...
01-29 11:06:00.332  5977  6264 D UvcApiCaptureSession: ...doClose()
01-29 11:06:00.332  5977  6264 D UsbResiliantWebcam|DelCaptureSequence: ...undoStreaming()
01-29 11:06:00.332  5977  6207 D UsbResiliantWebcam|DelCaptureSession: camera session is closed: Webcam(D5386480)
01-29 11:06:00.332  5977  6207 V UvcApiCaptureSession: destroy(hash=0x01cbaf7a)
01-29 11:06:00.333  5977  6207 D UvcApiCaptureSession: destructor...
01-29 11:06:00.333  5977  6131 D RobotCore: capture sequence DelegatingCaptureSequenceId(1) reports completed: lastFrame=145
01-29 11:06:00.333  5977  6207 D UvcApiCaptureSession: ...destructor
01-29 11:06:00.333  5977  6264 V UsbResiliantWebcam|DelCaptureSequence: destroy(hash=0x0712dfa5)
01-29 11:06:00.333  5977  6264 D UsbResiliantWebcam|DelCaptureSession: ...stopCapture()
01-29 11:06:00.333  5977  6264 D UsbResiliantWebcam|DelCaptureSession: doClose()...
01-29 11:06:00.334  5977  6264 D UsbResiliantWebcam|DelCaptureSession: ...doClose()
01-29 11:06:00.334  5977  6264 V UsbResiliantWebcam|DelCaptureSession: destroy(hash=0x0e73599c)
01-29 11:06:00.335  5977  6264 D UsbResiliantWebcam|DelCaptureSession: destructor()...
01-29 11:06:00.335  5977  6264 D UsbResiliantWebcam|DelCaptureSession: ...destructor()
01-29 11:06:00.335  5977  6264 V CameraImpl: destroy(hash=0x0cf05a6e)
01-29 11:06:00.335  5977  6264 D UsbResiliantWebcam: CameraImpl.destructor()...
01-29 11:06:00.335  5977  6264 D UsbResiliantWebcam: externalDestructor()...
01-29 11:06:00.336  5977  6264 V CameraImpl: destroy(hash=0x0ce47e22)
01-29 11:06:00.336  5977  6207 D CameraManager: camera reports closed: CameraImpl(UsbResiliantWebcam(Webcam(D5386480)))
01-29 11:06:00.336  5977  6264 D UvcDeviceHandle: CameraImpl.destructor()...
01-29 11:06:00.336  5977  6264 D UvcDeviceHandle: externalDestructor()...
01-29 11:06:00.337  5977  6264 D UsbResiliantWebcam: changeDelegatedCamera(CameraImpl(UvcDeviceHandle(pointer=0xd3ac4390|UvcDevice(/dev/bus/usb/003/003)))->null)...
01-29 11:06:00.338  5977  6264 D CachingExposureControl: onCameraChanged(CameraImpl(UvcDeviceHandle(pointer=0xd3ac4390|UvcDevice(/dev/bus/usb/003/003)))->null)...
01-29 11:06:00.338  5977  6264 D CachingExposureControl: ...onCameraChanged(CameraImpl(UvcDeviceHandle(pointer=0xd3ac4390|UvcDevice(/dev/bus/usb/003/003)))->null)
01-29 11:06:00.338  5977  6264 D UsbResiliantWebcam: ...changeDelegatedCamera(CameraImpl(UvcDeviceHandle(pointer=0xd3ac4390|UvcDevice(/dev/bus/usb/003/003)))->null)
01-29 11:06:00.338  5977  6264 D UvcDeviceHandle: ...externalDestructor()
01-29 11:06:00.338  5977  6264 V UvcDeviceHandle: destroy(pointer=0xd3ac4390)
01-29 11:06:00.338  5977  6264 D UvcDeviceHandle: destructor...
01-29 11:06:00.338  5977  6264 D Uvc     : [jni_devicehandle.cpp:87] Java_org_firstinspires_ftc_robotcore_internal_camera_libuvc_nativeobject_UvcDeviceHandle_nativeReleaseRefDeviceHandle()...
01-29 11:06:00.338  5977  6264 V Uvc     : API: Java_org_firstinspires_ftc_robotcore_internal_camera_libuvc_nativeobject_UvcDeviceHandle_nativeReleaseRefDeviceHandle: enter...
01-29 11:06:00.338  5977  6264 D Uvc     : [libuvc/libuvc_internal.h:872] uvc_device_handle::~uvc_device_handle()...
01-29 11:06:00.338  5977  6264 D Uvc     : [libuvc/libuvc_internal.h:840] uvc_device_handle::deconstruct()...
01-29 11:06:00.338  5977  6264 D Uvc     : [libuvc/libuvc_internal.h:751] uvc_device_handle::stop()...
01-29 11:06:00.338  5977  6264 D Uvc     : [libuvc/libuvc_internal.h:751] ...uvc_device_handle::stop()
01-29 11:06:00.338  5977  6264 D Uvc     : [libuvc/libuvc_internal.h:865] uvc_device_handle::close()...
01-29 11:06:00.339  5977  6264 E libusb  : [54.216659] [00001878] libusb: error [do_close] Device handle closed while transfer was still being processed, but the device is still connected as far as we know
01-29 11:06:00.339  5977  6264 E libusb  : [54.216719] [00001878] libusb: error [do_close] A cancellation hasn't even been scheduled on the transfer for which the device is closing
01-29 11:06:00.339  5977  6264 D Uvc     : [libuvc/libuvc_internal.h:865] ...uvc_device_handle::close()
01-29 11:06:00.339  5977  6264 D Uvc     : [libuvc/libuvc_internal.h:840] ...uvc_device_handle::deconstruct()
01-29 11:06:00.339  5977  6264 D Uvc     : [device.cpp:433] uvc_free_device_info()...
01-29 11:06:00.339  5977  6264 D Uvc     : [device.cpp:433] ...uvc_free_device_info()
01-29 11:06:00.339  5977  6264 D Uvc     : [libuvc/libuvc_internal.h:872] ...uvc_device_handle::~uvc_device_handle()
01-29 11:06:00.339  5977  6264 V Uvc     : API: Java_org_firstinspires_ftc_robotcore_internal_camera_libuvc_nativeobject_UvcDeviceHandle_nativeReleaseRefDeviceHandle: ...exit
01-29 11:06:00.339  5977  6264 D Uvc     : [jni_devicehandle.cpp:87] ...Java_org_firstinspires_ftc_robotcore_internal_camera_libuvc_nativeobject_UvcDeviceHandle_nativeReleaseRefDeviceHandle()
01-29 11:06:00.339  5977  6264 V UvcDevice: destroy(pointer=0xd78c66d8|/dev/bus/usb/003/003)
01-29 11:06:00.339  5977  6264 D UsbDeviceConnectionJNI: close
01-29 11:06:00.339  5977  6264 D Uvc     : [jni_device.cpp:126] Java_org_firstinspires_ftc_robotcore_internal_camera_libuvc_nativeobject_UvcDevice_nativeReleaseRefDevice()...
01-29 11:06:00.339  5977  6264 V Uvc     : API: Java_org_firstinspires_ftc_robotcore_internal_camera_libuvc_nativeobject_UvcDevice_nativeReleaseRefDevice: enter...
01-29 11:06:00.340  5977  6264 D Uvc     : [device.cpp:882] uvc_unref_device()...
01-29 11:06:00.342  5977  6264 D Uvc     : [device.cpp:882] ...uvc_unref_device()
01-29 11:06:00.342  5977  6264 V Uvc     : API: Java_org_firstinspires_ftc_robotcore_internal_camera_libuvc_nativeobject_UvcDevice_nativeReleaseRefDevice: ...exit
01-29 11:06:00.342  5977  6264 D Uvc     : [jni_device.cpp:126] ...Java_org_firstinspires_ftc_robotcore_internal_camera_libuvc_nativeobject_UvcDevice_nativeReleaseRefDevice()
01-29 11:06:00.342  5977  6264 V LibUsbDevice: destroy(pointer=0xd78b34a0)
01-29 11:06:00.342  5977  6264 D Uvc     : [jni_libusb_device.cpp:64] Java_org_firstinspires_ftc_robotcore_internal_camera_libuvc_nativeobject_LibUsbDevice_nativeReleaseRefDevice()...
01-29 11:06:00.342  5977  6264 D Uvc     : [jni_libusb_device.cpp:64] ...Java_org_firstinspires_ftc_robotcore_internal_camera_libuvc_nativeobject_LibUsbDevice_nativeReleaseRefDevice()
01-29 11:06:00.342  5977  6264 D UvcDeviceHandle: ...destructor
01-29 11:06:00.342  5977  6264 D UvcDeviceHandle: ...CameraImpl.destructor()
01-29 11:06:00.342  5977  6264 D UsbResiliantWebcam: ...externalDestructor()
01-29 11:06:00.343  5977  6264 V UsbResiliantWebcam: destroy(hash=0x05a24e04)
01-29 11:06:00.343  5977  6264 D UsbResiliantWebcam: destructor()...
01-29 11:06:00.343  5977  6264 D UsbResiliantWebcam: ...destructor()
01-29 11:06:00.343  5977  6264 D UsbResiliantWebcam: ...CameraImpl.destructor()
01-29 11:06:02.871  5977  6264 I global  :  RENO - AutoRoadRunner.rrUnloadCone(AutoRoadRunner.java:430): Wait before unloading claw open.
01-29 11:06:02.976  5977  6264 I global  :  RENO - AutoRoadRunner.rrUnloadCone(AutoRoadRunner.java:435): Auto unload - Cone has been unloaded.
01-29 11:06:04.836  5977  6264 I global  :  RENO - AutoRoadRunner.moveFromJunctionToConeStack(AutoRoadRunner.java:451): Arrived cone stack
01-29 11:06:04.837  5977  6264 I global  :  RENO - AutoRoadRunner.moveFromJunctionToConeStack(AutoRoadRunner.java:452): traj1 end x = -12.00,  y = -61.50, angle = 270.00
01-29 11:06:04.838  5977  6264 I global  :  RENO - AutoRoadRunner.moveFromJunctionToConeStack(AutoRoadRunner.java:454): estimate end x = -12.12,  y = -61.71, angle = 269.45
01-29 11:06:04.840  5977  6264 I global  :  RENO - AutoRoadRunner.runOpMode(AutoRoadRunner.java:233): Autonomous - total Run Time: 4.5515 seconds
01-29 11:06:04.853  5977  6264 D RobotCore: User runOpModeMethod exited
01-29 11:06:04.853  5977  6264 V RobotCore: thread: ...terminating 'OpModeThread'
01-29 11:06:04.856  5977  6102 I FtcEventLoop: auto-stopping OpMode 'auto RR right'
01-29 11:06:04.858  5977  6102 I RobotCore: ******************** STOP - OPMODE /storage/emulated/0/FIRST/matchlogs/Match-0-auto_RR_right.txt ********************
01-29 11:06:04.864  5977  6288 I RobotCore: saving match logcat to /storage/emulated/0/FIRST/matchlogs/Match-0-auto_RR_right.txt
01-29 11:06:04.864  5977  6288 I RobotCore: logging command line: exec logcat -d -T '1-29 11:5:57.000' -f '/storage/emulated/0/FIRST/matchlogs/Match-0-auto_RR_right.txt' -n4 -v threadtime UsbRequestJNI:S UsbRequest:S art:W ThreadPool:W System:W ExtendedExtractor:W OMXClient:W MediaPlayer:W dalvikvm:W  *:V
01-29 11:06:04.866  5977  6102 I RobotCore: Attempting to switch to op mode $Stop$Robot$
01-29 11:06:04.867  5977  6102 D HardwareMap: Clearing which device instances have been retrieved
01-29 11:06:04.867  5977  6102 D HardwareMap: Clearing which device instances have been retrieved
01-29 11:06:04.869  5977  6292 V RobotCore: thread: 'OpModeThread' starting...
01-29 11:06:04.871  5977  6077 V Robocol : sending CMD_STREAM_CHANGE(943), attempt: 0
01-29 11:06:04.872  5977  6077 V Robocol : sending CMD_NOTIFY_INIT_OP_MODE(950), attempt: 0
01-29 11:06:04.888  5977  6074 V Robocol : received command: CMD_RUN_OP_MODE(10865) $Stop$Robot$
01-29 11:06:04.911  5977  6077 V Robocol : sending CMD_NOTIFY_RUN_OP_MODE(956), attempt: 0
01-29 11:06:04.983  5977  6288 I RobotCore: Done running exec logcat -d -T '1-29 11:5:57.000' -f '/storage/emulated/0/FIRST/matchlogs/Match-0-auto_RR_right.txt' -n4 -v threadtime UsbRequestJNI:S UsbRequest:S art:W ThreadPool:W System:W ExtendedExtractor:W OMXClient:W MediaPlayer:W dalvikvm:W  *:V
01-29 11:06:04.983  5977  6288 I RobotCore: exiting match logcat for /storage/emulated/0/FIRST/matchlogs/Match-0-auto_RR_right.txt
01-29 11:06:12.971  6324  6324 I ps      : type=1400 audit(0.0:503): avc: denied { getattr } for path="/proc/1" dev="proc" ino=7215 scontext=u:r:untrusted_app:s0:c512,c768 tcontext=u:r:init:s0 tclass=dir permissive=1
01-29 11:06:12.975  6324  6324 I ps      : type=1400 audit(0.0:504): avc: denied { search } for name="1" dev="proc" ino=7215 scontext=u:r:untrusted_app:s0:c512,c768 tcontext=u:r:init:s0 tclass=dir permissive=1
01-29 11:06:12.975  6324  6324 I ps      : type=1400 audit(0.0:505): avc: denied { read } for name="cmdline" dev="proc" ino=8801 scontext=u:r:untrusted_app:s0:c512,c768 tcontext=u:r:init:s0 tclass=file permissive=1
01-29 11:06:12.975  6324  6324 I ps      : type=1400 audit(0.0:506): avc: denied { open } for path="/proc/1/cmdline" dev="proc" ino=8801 scontext=u:r:untrusted_app:s0:c512,c768 tcontext=u:r:init:s0 tclass=file permissive=1
01-29 11:06:12.975  6324  6324 I ps      : type=1400 audit(0.0:507): avc: denied { getattr } for path="/proc/2" dev="proc" ino=10346 scontext=u:r:untrusted_app:s0:c512,c768 tcontext=u:r:kernel:s0 tclass=dir permissive=1
01-29 11:06:12.975  6324  6324 I ps      : type=1400 audit(0.0:508): avc: denied { search } for name="2" dev="proc" ino=10346 scontext=u:r:untrusted_app:s0:c512,c768 tcontext=u:r:kernel:s0 tclass=dir permissive=1
01-29 11:06:12.975  6324  6324 I ps      : type=1400 audit(0.0:509): avc: denied { read } for name="cmdline" dev="proc" ino=10445 scontext=u:r:untrusted_app:s0:c512,c768 tcontext=u:r:kernel:s0 tclass=file permissive=1
01-29 11:06:12.975  6324  6324 I ps      : type=1400 audit(0.0:510): avc: denied { open } for path="/proc/2/cmdline" dev="proc" ino=10445 scontext=u:r:untrusted_app:s0:c512,c768 tcontext=u:r:kernel:s0 tclass=file permissive=1
--------- beginning of main
01-29 11:08:17.859  6660  6660 D Uvc     : [jni.cpp:72] JNI_OnLoad()...
01-29 11:08:17.859  6660  6660 D Uvc     : [JniEnv.h:32] ScopedJniEnv::onJniLoad()...
01-29 11:08:17.859  6660  6660 D Uvc     : [JniEnv.h:32] ...ScopedJniEnv::onJniLoad()
01-29 11:08:17.859  6660  6660 D Uvc     : [jni.cpp:72] ...JNI_OnLoad()
01-29 11:08:17.865  6660  6660 V AppUtil : initializing: getExternalStorageDirectory()=/storage/emulated/0
01-29 11:08:17.870  6660  6660 I AppUtil : found usbFileSystemRoot: /dev/bus/usb
01-29 11:08:17.871  6660  6660 I robotcontroller: type=1400 audit(0.0:514): avc: denied { read } for name="direction" dev="sysfs" ino=16602 scontext=u:r:untrusted_app:s0:c512,c768 tcontext=u:object_r:sysfs:s0 tclass=file permissive=1
01-29 11:08:17.871  6660  6660 I robotcontroller: type=1400 audit(0.0:515): avc: denied { open } for path="/sys/devices/pinctrl.26/gpio/gpio50/direction" dev="sysfs" ino=16602 scontext=u:r:untrusted_app:s0:c512,c768 tcontext=u:object_r:sysfs:s0 tclass=file permissive=1
01-29 11:08:17.871  6660  6660 I robotcontroller: type=1400 audit(0.0:516): avc: denied { getattr } for path="/sys/devices/pinctrl.26/gpio/gpio50/direction" dev="sysfs" ino=16602 scontext=u:r:untrusted_app:s0:c512,c768 tcontext=u:object_r:sysfs:s0 tclass=file permissive=1
01-29 11:08:17.875  6660  6660 I robotcontroller: type=1400 audit(0.0:517): avc: denied { write } for name="value" dev="sysfs" ino=13327 scontext=u:r:untrusted_app:s0:c512,c768 tcontext=u:object_r:sysfs:s0 tclass=file permissive=1
01-29 11:08:17.883  6660  6660 I AppAliveNotifier: Telling the OS to set the RC alive notification timeout to 20 seconds
01-29 11:08:17.889  6660  6676 V RobotCore: saving logcat to /storage/emulated/0/robotControllerLog.txt
01-29 11:08:17.889  6660  6676 V RobotCore: logging command line: exec logcat -f /storage/emulated/0/robotControllerLog.txt -r4096 -n4 -v threadtime UsbRequestJNI:S UsbRequest:S art:W ThreadPool:W System:W ExtendedExtractor:W OMXClient:W MediaPlayer:W dalvikvm:W  *:V
01-29 11:08:17.900  6660  6660 V AppUtil : rootActivity=PermissionValidatorWrapper
01-29 11:08:17.900  6660  6660 I PermissionValidatorActivity: Lifecycle onCreate : 6d5214a
01-29 11:08:17.949  6660  6676 I RobotCore: Done running ps
01-29 11:08:17.958  6679  6679 I sh      : type=1400 audit(0.0:518): avc: denied { read } for name="/" dev="rootfs" ino=1 scontext=u:r:untrusted_app:s0:c512,c768 tcontext=u:object_r:rootfs:s0 tclass=dir permissive=1
01-29 11:08:17.958  6679  6679 I sh      : type=1400 audit(0.0:519): avc: denied { open } for path="/" dev="rootfs" ino=1 scontext=u:r:untrusted_app:s0:c512,c768 tcontext=u:object_r:rootfs:s0 tclass=dir permissive=1
01-29 11:08:18.003  6660  6660 I PermissionValidatorActivity: Lifecycle onStart : 6d5214a
01-29 11:08:18.004  6660  6660 I PermissionValidator: Checking permission for android.permission.WRITE_EXTERNAL_STORAGE
01-29 11:08:18.008  6660  6660 I PermissionValidator:     Granted: android.permission.WRITE_EXTERNAL_STORAGE
01-29 11:08:18.009  6660  6660 I PermissionValidator: Checking permission for android.permission.READ_EXTERNAL_STORAGE
01-29 11:08:18.009  6660  6660 I PermissionValidator:     Granted: android.permission.READ_EXTERNAL_STORAGE
01-29 11:08:18.010  6660  6660 I PermissionValidator: Checking permission for android.permission.CAMERA
01-29 11:08:18.010  6660  6660 I PermissionValidator:     Granted: android.permission.CAMERA
01-29 11:08:18.010  6660  6660 I PermissionValidator: Checking permission for android.permission.ACCESS_COARSE_LOCATION
01-29 11:08:18.011  6660  6660 I PermissionValidator:     Granted: android.permission.ACCESS_COARSE_LOCATION
01-29 11:08:18.012  6660  6660 I PermissionValidator: Checking permission for android.permission.ACCESS_FINE_LOCATION
01-29 11:08:18.012  6660  6660 I PermissionValidator:     Granted: android.permission.ACCESS_FINE_LOCATION
01-29 11:08:18.013  6660  6660 I PermissionValidator: Checking permission for android.permission.READ_PHONE_STATE
01-29 11:08:18.014  6660  6660 I PermissionValidator:     Granted: android.permission.READ_PHONE_STATE
01-29 11:08:18.017  6660  6660 V ServiceStarter: attempting to start service MediaTransferProtocolMonitorService
01-29 11:08:18.019  6660  6660 V ServiceStarter: started service MediaTransferProtocolMonitorService
01-29 11:08:18.019  6660  6660 V ServiceStarter: attempting to start service OnBotJavaService
01-29 11:08:18.021  6660  6660 V ServiceStarter: started service OnBotJavaService
01-29 11:08:18.021  6660  6660 I PermissionValidatorActivity: All permissions validated.  Starting RobotController
01-29 11:08:18.034  6660  6660 V MTPMonitorService: onCreate()
01-29 11:08:18.035  6660  6660 V MTPMonitorService: onStartCommand() intent=Intent { cmp=com.qualcomm.ftcrobotcontroller/org.firstinspires.ftc.robotcore.internal.files.MediaTransferProtocolMonitorService } flags=0x0 startId=1
01-29 11:08:18.038  6660  6660 V MTPMonitor: observing: /storage/emulated/0
01-29 11:08:18.129  6660  6660 V OnBotJavaService: onCreate()
01-29 11:08:18.130  6660  6660 V OnBotJavaService: onStartCommand() intent=Intent { cmp=com.qualcomm.ftcrobotcontroller/org.firstinspires.ftc.onbotjava.OnBotJavaService } flags=0x0 startId=1
01-29 11:08:18.132  6660  6660 V OnBotJava: OnBotJavaManager::static
01-29 11:08:18.298  6691  6691 I ps      : type=1400 audit(0.0:520): avc: denied { getattr } for path="/proc/1" dev="proc" ino=7215 scontext=u:r:untrusted_app:s0:c512,c768 tcontext=u:r:init:s0 tclass=dir permissive=1
01-29 11:08:18.298  6691  6691 I ps      : type=1400 audit(0.0:521): avc: denied { search } for name="1" dev="proc" ino=7215 scontext=u:r:untrusted_app:s0:c512,c768 tcontext=u:r:init:s0 tclass=dir permissive=1
01-29 11:08:18.301  6691  6691 I ps      : type=1400 audit(0.0:522): avc: denied { read } for name="cmdline" dev="proc" ino=8801 scontext=u:r:untrusted_app:s0:c512,c768 tcontext=u:r:init:s0 tclass=file permissive=1
01-29 11:08:18.301  6691  6691 I ps      : type=1400 audit(0.0:523): avc: denied { open } for path="/proc/1/cmdline" dev="proc" ino=8801 scontext=u:r:untrusted_app:s0:c512,c768 tcontext=u:r:init:s0 tclass=file permissive=1
01-29 11:08:18.301  6691  6691 I ps      : type=1400 audit(0.0:524): avc: denied { getattr } for path="/proc/2" dev="proc" ino=10346 scontext=u:r:untrusted_app:s0:c512,c768 tcontext=u:r:kernel:s0 tclass=dir permissive=1
01-29 11:08:18.301  6691  6691 I ps      : type=1400 audit(0.0:525): avc: denied { search } for name="2" dev="proc" ino=10346 scontext=u:r:untrusted_app:s0:c512,c768 tcontext=u:r:kernel:s0 tclass=dir permissive=1
01-29 11:08:18.301  6691  6691 I ps      : type=1400 audit(0.0:526): avc: denied { read } for name="cmdline" dev="proc" ino=10445 scontext=u:r:untrusted_app:s0:c512,c768 tcontext=u:r:kernel:s0 tclass=file permissive=1
01-29 11:08:18.301  6691  6691 I ps      : type=1400 audit(0.0:527): avc: denied { open } for path="/proc/2/cmdline" dev="proc" ino=10445 scontext=u:r:untrusted_app:s0:c512,c768 tcontext=u:r:kernel:s0 tclass=file permissive=1
01-29 11:08:18.974  6660  6660 V OnBotJava: ctor()...
01-29 11:08:18.976  6660  6660 V OnBotJava: ...ctor()
01-29 11:08:18.981  6660  6660 W asset   : Asset path /data/app/com.qualcomm.ftcrobotcontroller-1/base.apk is neither a directory nor file (type=1).
01-29 11:08:18.981  6660  6660 E ResourcesManager: failed to add asset path /data/app/com.qualcomm.ftcrobotcontroller-1/base.apk
01-29 11:08:18.985  6660  6660 V AppUtil : initializing: getExternalStorageDirectory()=/storage/emulated/0
01-29 11:08:18.989  6660  6660 I AppUtil : found usbFileSystemRoot: /dev/bus/usb
01-29 11:08:18.989  6660  6660 I AppAliveNotifier: Telling the OS to set the RC alive notification timeout to 20 seconds
01-29 11:08:18.991  6660  6660 W asset   : Asset path /data/app/com.qualcomm.ftcrobotcontroller-1/base.apk is neither a directory nor file (type=1).
01-29 11:08:18.991  6660  6660 E ResourcesManager: failed to add asset path /data/app/com.qualcomm.ftcrobotcontroller-1/base.apk
01-29 11:08:18.999  6660  6660 D AndroidRuntime: Shutting down VM
--------- beginning of crash
01-29 11:08:19.000  6660  6660 E AndroidRuntime: FATAL EXCEPTION: main
01-29 11:08:19.000  6660  6660 E AndroidRuntime: Process: com.qualcomm.ftcrobotcontroller, PID: 6660
01-29 11:08:19.000  6660  6660 E AndroidRuntime: java.lang.RuntimeException: Unable to start activity ComponentInfo{com.qualcomm.ftcrobotcontroller/org.firstinspires.ftc.robotcontroller.internal.FtcRobotControllerActivity}: java.lang.NullPointerException: Attempt to invoke virtual method 'android.content.res.AssetManager android.content.res.Resources.getAssets()' on a null object reference
01-29 11:08:19.000  6660  6660 E AndroidRuntime: 	at android.app.ActivityThread.performLaunchActivity(ActivityThread.java:2666)
01-29 11:08:19.000  6660  6660 E AndroidRuntime: 	at android.app.ActivityThread.handleLaunchActivity(ActivityThread.java:2727)
01-29 11:08:19.000  6660  6660 E AndroidRuntime: 	at android.app.ActivityThread.-wrap12(ActivityThread.java)
01-29 11:08:19.000  6660  6660 E AndroidRuntime: 	at android.app.ActivityThread$H.handleMessage(ActivityThread.java:1478)
01-29 11:08:19.000  6660  6660 E AndroidRuntime: 	at android.os.Handler.dispatchMessage(Handler.java:102)
01-29 11:08:19.000  6660  6660 E AndroidRuntime: 	at android.os.Looper.loop(Looper.java:154)
01-29 11:08:19.000  6660  6660 E AndroidRuntime: 	at android.app.ActivityThread.main(ActivityThread.java:6121)
01-29 11:08:19.000  6660  6660 E AndroidRuntime: 	at java.lang.reflect.Method.invoke(Native Method)
01-29 11:08:19.000  6660  6660 E AndroidRuntime: 	at com.android.internal.os.ZygoteInit$MethodAndArgsCaller.run(ZygoteInit.java:905)
01-29 11:08:19.000  6660  6660 E AndroidRuntime: 	at com.android.internal.os.ZygoteInit.main(ZygoteInit.java:795)
01-29 11:08:19.000  6660  6660 E AndroidRuntime: Caused by: java.lang.NullPointerException: Attempt to invoke virtual method 'android.content.res.AssetManager android.content.res.Resources.getAssets()' on a null object reference
01-29 11:08:19.000  6660  6660 E AndroidRuntime: 	at android.app.LoadedApk.getAssets(LoadedApk.java:761)
01-29 11:08:19.000  6660  6660 E AndroidRuntime: 	at android.app.LoadedApk.makeApplication(LoadedApk.java:824)
01-29 11:08:19.000  6660  6660 E AndroidRuntime: 	at android.app.ActivityThread.performLaunchActivity(ActivityThread.java:2575)
01-29 11:08:19.000  6660  6660 E AndroidRuntime: 	... 9 more
01-29 11:08:19.165  6725  6725 I ps      : type=1400 audit(0.0:528): avc: denied { getattr } for path="/proc/2" dev="proc" ino=10346 scontext=u:r:untrusted_app:s0:c512,c768 tcontext=u:r:kernel:s0 tclass=dir permissive=1
01-29 11:08:19.165  6725  6725 I ps      : type=1400 audit(0.0:529): avc: denied { search } for name="2" dev="proc" ino=10346 scontext=u:r:untrusted_app:s0:c512,c768 tcontext=u:r:kernel:s0 tclass=dir permissive=1
01-29 11:08:19.165  6725  6725 I ps      : type=1400 audit(0.0:530): avc: denied { read } for name="cmdline" dev="proc" ino=10445 scontext=u:r:untrusted_app:s0:c512,c768 tcontext=u:r:kernel:s0 tclass=file permissive=1
01-29 11:08:19.165  6725  6725 I ps      : type=1400 audit(0.0:531): avc: denied { open } for path="/proc/2/cmdline" dev="proc" ino=10445 scontext=u:r:untrusted_app:s0:c512,c768 tcontext=u:r:kernel:s0 tclass=file permissive=1
--------- beginning of main
01-29 11:08:21.013  6754  6754 D Uvc     : [jni.cpp:72] JNI_OnLoad()...
01-29 11:08:21.014  6754  6754 D Uvc     : [JniEnv.h:32] ScopedJniEnv::onJniLoad()...
01-29 11:08:21.014  6754  6754 D Uvc     : [JniEnv.h:32] ...ScopedJniEnv::onJniLoad()
01-29 11:08:21.014  6754  6754 D Uvc     : [jni.cpp:72] ...JNI_OnLoad()
01-29 11:08:21.020  6754  6754 V AppUtil : initializing: getExternalStorageDirectory()=/storage/emulated/0
01-29 11:08:21.026  6754  6754 I AppUtil : found usbFileSystemRoot: /dev/bus/usb
01-29 11:08:21.028  6754  6754 I robotcontroller: type=1400 audit(0.0:532): avc: denied { read } for name="direction" dev="sysfs" ino=16602 scontext=u:r:untrusted_app:s0:c512,c768 tcontext=u:object_r:sysfs:s0 tclass=file permissive=1
01-29 11:08:21.028  6754  6754 I robotcontroller: type=1400 audit(0.0:533): avc: denied { open } for path="/sys/devices/pinctrl.26/gpio/gpio50/direction" dev="sysfs" ino=16602 scontext=u:r:untrusted_app:s0:c512,c768 tcontext=u:object_r:sysfs:s0 tclass=file permissive=1
01-29 11:08:21.028  6754  6754 I robotcontroller: type=1400 audit(0.0:534): avc: denied { getattr } for path="/sys/devices/pinctrl.26/gpio/gpio50/direction" dev="sysfs" ino=16602 scontext=u:r:untrusted_app:s0:c512,c768 tcontext=u:object_r:sysfs:s0 tclass=file permissive=1
01-29 11:08:21.028  6754  6754 I robotcontroller: type=1400 audit(0.0:535): avc: denied { write } for name="value" dev="sysfs" ino=13327 scontext=u:r:untrusted_app:s0:c512,c768 tcontext=u:object_r:sysfs:s0 tclass=file permissive=1
01-29 11:08:21.039  6754  6754 I AppAliveNotifier: Telling the OS to set the RC alive notification timeout to 20 seconds
01-29 11:08:21.045  6754  6770 V RobotCore: saving logcat to /storage/emulated/0/robotControllerLog.txt
01-29 11:08:21.045  6754  6770 V RobotCore: logging command line: exec logcat -f /storage/emulated/0/robotControllerLog.txt -r4096 -n4 -v threadtime UsbRequestJNI:S UsbRequest:S art:W ThreadPool:W System:W ExtendedExtractor:W OMXClient:W MediaPlayer:W dalvikvm:W  *:V
01-29 11:08:21.057  6754  6754 V AppUtil : rootActivity=PermissionValidatorWrapper
01-29 11:08:21.057  6754  6754 I PermissionValidatorActivity: Lifecycle onCreate : 6d5214a
01-29 11:08:21.133  6754  6770 I RobotCore: Done running ps
01-29 11:08:21.151  6780  6780 I sh      : type=1400 audit(0.0:536): avc: denied { read } for name="/" dev="rootfs" ino=1 scontext=u:r:untrusted_app:s0:c512,c768 tcontext=u:object_r:rootfs:s0 tclass=dir permissive=1
01-29 11:08:21.155  6780  6780 I sh      : type=1400 audit(0.0:537): avc: denied { open } for path="/" dev="rootfs" ino=1 scontext=u:r:untrusted_app:s0:c512,c768 tcontext=u:object_r:rootfs:s0 tclass=dir permissive=1
01-29 11:08:21.226  6754  6754 I PermissionValidatorActivity: Lifecycle onStart : 6d5214a
01-29 11:08:21.232  6754  6754 I PermissionValidator: Checking permission for android.permission.WRITE_EXTERNAL_STORAGE
01-29 11:08:21.242  6754  6754 I PermissionValidator:     Granted: android.permission.WRITE_EXTERNAL_STORAGE
01-29 11:08:21.242  6754  6754 I PermissionValidator: Checking permission for android.permission.READ_EXTERNAL_STORAGE
01-29 11:08:21.244  6754  6754 I PermissionValidator:     Granted: android.permission.READ_EXTERNAL_STORAGE
01-29 11:08:21.244  6754  6754 I PermissionValidator: Checking permission for android.permission.CAMERA
01-29 11:08:21.245  6754  6754 I PermissionValidator:     Granted: android.permission.CAMERA
01-29 11:08:21.245  6754  6754 I PermissionValidator: Checking permission for android.permission.ACCESS_COARSE_LOCATION
01-29 11:08:21.246  6754  6754 I PermissionValidator:     Granted: android.permission.ACCESS_COARSE_LOCATION
01-29 11:08:21.246  6754  6754 I PermissionValidator: Checking permission for android.permission.ACCESS_FINE_LOCATION
01-29 11:08:21.247  6754  6754 I PermissionValidator:     Granted: android.permission.ACCESS_FINE_LOCATION
01-29 11:08:21.247  6754  6754 I PermissionValidator: Checking permission for android.permission.READ_PHONE_STATE
01-29 11:08:21.249  6754  6754 I PermissionValidator:     Granted: android.permission.READ_PHONE_STATE
01-29 11:08:21.253  6754  6754 V ServiceStarter: attempting to start service MediaTransferProtocolMonitorService
01-29 11:08:21.255  6754  6754 V ServiceStarter: started service MediaTransferProtocolMonitorService
01-29 11:08:21.256  6754  6754 V ServiceStarter: attempting to start service OnBotJavaService
01-29 11:08:21.258  6754  6754 V ServiceStarter: started service OnBotJavaService
01-29 11:08:21.258  6754  6754 I PermissionValidatorActivity: All permissions validated.  Starting RobotController
01-29 11:08:21.273  6754  6754 V MTPMonitorService: onCreate()
01-29 11:08:21.274  6754  6754 V MTPMonitorService: onStartCommand() intent=Intent { cmp=com.qualcomm.ftcrobotcontroller/org.firstinspires.ftc.robotcore.internal.files.MediaTransferProtocolMonitorService } flags=0x0 startId=1
01-29 11:08:21.278  6754  6754 V MTPMonitor: observing: /storage/emulated/0
01-29 11:08:21.341  6754  6754 V OnBotJavaService: onCreate()
01-29 11:08:21.342  6754  6754 V OnBotJavaService: onStartCommand() intent=Intent { cmp=com.qualcomm.ftcrobotcontroller/org.firstinspires.ftc.onbotjava.OnBotJavaService } flags=0x0 startId=1
01-29 11:08:21.343  6754  6754 V OnBotJava: OnBotJavaManager::static
01-29 11:08:21.802  6754  6754 V OnBotJava: ctor()...
01-29 11:08:21.803  6754  6754 V OnBotJava: ...ctor()
01-29 11:08:21.809  6754  6754 V RCActivity: Permissions validated already
01-29 11:08:21.809  6754  6754 V RCActivity: onCreate()
01-29 11:08:21.811  6754  6754 V RCActivity: rootActivity is of class PermissionValidatorWrapper
01-29 11:08:21.814  6754  6754 V RCActivity: launchActivity is of class class org.firstinspires.ftc.robotcontroller.internal.PermissionValidatorWrapper
01-29 11:08:21.822  6754  6788 V CallbackLooper: thread=88
01-29 11:08:21.829  6754  6754 V NetDiscover_wifiDirectAgent: doStart()...
01-29 11:08:21.834  6754  6754 V NetDiscover_wifiDirectAgent: ...doStart()
01-29 11:08:21.835  6754  6754 V NetDiscover_prefremrc: ----- all preferences -----
01-29 11:08:21.835  6754  6754 V NetDiscover_prefremrc: name='android.permission.READ_PHONE_STATE' value=false
01-29 11:08:21.835  6754  6754 V NetDiscover_prefremrc: name='pref_autostarted_robot_controller' value=true
01-29 11:08:21.835  6754  6754 V NetDiscover_prefremrc: name='pref_warn_about_obsolete_software' value=true
01-29 11:08:21.836  6754  6754 V NetDiscover_prefremrc: name='pref_has_independent_phone_battery' value=false
01-29 11:08:21.836  6754  6754 V NetDiscover_prefremrc: name='android.permission.CAMERA' value=false
01-29 11:08:21.836  6754  6754 V NetDiscover_prefremrc: name='pref_wifip2p_remote_channel_change_works' value=false
01-29 11:08:21.836  6754  6754 V NetDiscover_prefremrc: name='pref_hardware_config_filename' value={"isDirty":false,"location":"LOCAL_STORAGE","name":"ExCamera2Ds","resourceId":0}
01-29 11:08:21.836  6754  6754 V NetDiscover_prefremrc: name='pref_warn_about_mismatched_app_versions' value=true
01-29 11:08:21.836  6754  6754 V NetDiscover_prefremrc: name='pref_sound_on_off' value=false
01-29 11:08:21.836  6754  6754 V NetDiscover_prefremrc: name='pref_ftc_season_year_of_current_rc_new' value=2022
01-29 11:08:21.836  6754  6754 V NetDiscover_prefremrc: name='App Restrictions' value=AAAAAA==
01-29 11:08:21.836  6754  6754 V NetDiscover_prefremrc:     
01-29 11:08:21.836  6754  6754 V NetDiscover_prefremrc: name='pref_warn_about_incorrect_clocks' value=true
01-29 11:08:21.837  6754  6754 V NetDiscover_prefremrc: name='pref_has_speaker' value=false
01-29 11:08:21.837  6754  6754 V NetDiscover_prefremrc: name='pref_ftc_season_year_of_current_rc' value=2022
01-29 11:08:21.837  6754  6754 V NetDiscover_prefremrc: name='android.permission.ACCESS_COARSE_LOCATION' value=false
01-29 11:08:21.837  6754  6754 V NetDiscover_prefremrc: name='android.permission.WRITE_EXTERNAL_STORAGE' value=false
01-29 11:08:21.837  6754  6754 V NetDiscover_prefremrc: name='pref_connection_owner_password' value=ftc21180
01-29 11:08:21.837  6754  6754 V NetDiscover_prefremrc: name='pref_pairing_kind' value=RCWIRELESSAP
01-29 11:08:21.837  6754  6754 V NetDiscover_prefremrc: name='pref_device_name_internal' value=21180-RC
01-29 11:08:21.837  6754  6754 V NetDiscover_prefremrc: name='pref_app_theme' value=red
01-29 11:08:21.837  6754  6754 V NetDiscover_prefremrc: name='android.permission.ACCESS_FINE_LOCATION' value=false
01-29 11:08:21.837  6754  6754 V NetDiscover_prefremrc: name='pref_device_name' value=21180-RC
01-29 11:08:21.837  6754  6754 V NetDiscover_prefremrc: name='pref_warn_about_2_4_ghz_band' value=true
01-29 11:08:21.838  6754  6754 V NetDiscover_prefremrc: name='android.permission.READ_EXTERNAL_STORAGE' value=false
01-29 11:08:21.838  6754  6754 V NetDiscover_prefremrc: name='pref_device_name_tracking' value=WIFIAP
01-29 11:08:21.838  6754  6754 V NetDiscover_prefremrc: name='pref_rc_connected' value=true
01-29 11:08:21.844  6754  6754 V Robocol : SendOnceRunnable created
01-29 11:08:21.846  6754  6754 V NetDiscover_prefremrc: doStart()...
01-29 11:08:21.846  6754  6754 V NetDiscover_prefremrc: ...doStart()
01-29 11:08:21.873  6754  6754 W System  : ClassLoader referenced unknown path: /system/app/webview/lib/arm
01-29 11:08:21.875  6754  6754 D ApplicationLoaders: ignored Vulkan layer search path /system/app/webview/lib/arm:/system/app/webview/webview.apk!/lib/armeabi-v7a:/system/lib:/vendor/lib for namespace 0xf748e090
01-29 11:08:21.878  6754  6754 I WebViewFactory: Loading com.android.webview version 52.0.2743.100 (code 275610050)
01-29 11:08:21.929  6754  6754 I cr_LibraryLoader: Time to load native libraries: 2 ms (timestamps 1881-1883)
01-29 11:08:21.929  6754  6754 I cr_LibraryLoader: Expected native library version number "52.0.2743.100", actual native library version number "52.0.2743.100"
01-29 11:08:21.942  6754  6754 V WebViewChromiumFactoryProvider: Binding Chromium to main looper Looper (main, tid 1) {f667674}
01-29 11:08:21.943  6754  6754 I cr_LibraryLoader: Expected native library version number "52.0.2743.100", actual native library version number "52.0.2743.100"
01-29 11:08:21.943  6754  6754 I chromium: [INFO:library_loader_hooks.cc(143)] Chromium logging enabled: level = 0, default verbosity = 0
01-29 11:08:21.962  6754  6754 I cr_BrowserStartup: Initializing chromium process, singleProcess=true
01-29 11:08:21.987  6754  6754 I mali_so : [File] : hardware/rockchip/driver/./src/base/arch/arch_011_udd/base_arch_main.c; [Line] : 565; [Func] : deal_with_version_affairs_rk_ext;
01-29 11:08:21.987  6754  6754 I mali_so : arm_release_ver of this mali_so is 'r7p0-00rel1', rk_so_ver is '1@2' for 3328h_android_7.1, built at '15:47:49', on 'Jun 28 2017'.
01-29 11:08:21.987  6754  6754 I mali_so : [File] : hardware/rockchip/driver/./src/base/arch/arch_011_udd/base_arch_main.c; [Line] : 578; [Func] : deal_with_version_affairs_rk_ext;
01-29 11:08:21.987  6754  6754 I mali_so : mali_ver_property has been set to 'r7p0-00rel1-5-1@2', to return.
01-29 11:08:22.048  6754  6754 I cr_DRP  : No DRP key due to exception:java.lang.ClassNotFoundException: com.android.webview.chromium.Drp
01-29 11:08:22.093  6754  6754 W cr_AwContents: onDetachedFromWindow called when already detached. Ignoring
01-29 11:08:22.422  6754  6754 W System  : ClassLoader referenced unknown path: 
01-29 11:08:25.853  6754  6754 V UpdateUI: Network: inactive, disconnected
01-29 11:08:25.853  6754  6754 V ServiceStarter: attempting to start service FtcRobotControllerWatchdogService
01-29 11:08:25.856  6754  6754 V ServiceStarter: started service FtcRobotControllerWatchdogService
01-29 11:08:25.878  6754  6754 I RobotCore: App info: version=8.1.1 appId=com.qualcomm.ftcrobotcontroller
01-29 11:08:25.878  6754  6754 I RobotCore: Android Device: maker=REV Robotics model=Control Hub v1.0 sdk=25 serial=caade241cd00a884
01-29 11:08:25.878  6754  6754 V AndroidBoard: REV Control Hub contains REV3328
01-29 11:08:25.878  6754  6754 V AndroidBoard: Communicating with embedded REV hub via /dev/ttyS1
01-29 11:08:27.034  6754  6754 V RCActivity: onStart()
01-29 11:08:27.037  6754  6754 V RCActivity: onResume()
01-29 11:08:27.056  6754  6754 V NetDiscover_prefremrc: onSharedPreferenceChanged(name=App Restrictions, value=AAAAAA==
01-29 11:08:27.056  6754  6754 V NetDiscover_prefremrc: )
01-29 11:08:27.068  6754  6754 V FtcRobotControllerWatchdogService: onCreate()
01-29 11:08:27.069  6754  6754 V FtcRobotControllerWatchdogService: onStartCommand() intent=Intent { cmp=com.qualcomm.ftcrobotcontroller/org.firstinspires.ftc.ftccommon.internal.FtcRobotControllerWatchdogService } flags=0x0 startId=1
01-29 11:08:27.069  6754  6754 V FtcRobotControllerWatchdogService: shouldAutoLauchRobotController() result=true
01-29 11:08:27.070  6754  6754 V FTCService: onCreate()
01-29 11:08:27.103  6754  6754 W art     : Before Android 4.1, method double java.util.concurrent.ThreadLocalRandom.internalNextDouble(double, double) would have incorrectly overridden the package-private method in java.util.Random
01-29 11:08:27.103  6754  6754 W art     : Before Android 4.1, method int java.util.concurrent.ThreadLocalRandom.internalNextInt(int, int) would have incorrectly overridden the package-private method in java.util.Random
01-29 11:08:27.103  6754  6754 W art     : Before Android 4.1, method long java.util.concurrent.ThreadLocalRandom.internalNextLong(long, long) would have incorrectly overridden the package-private method in java.util.Random
01-29 11:08:27.138  6754  6754 V FTCService: onBind()
01-29 11:08:27.165  6754  6754 V CoreRobotWebServer: creating NanoHTTPD(8080)
01-29 11:08:27.166  6754  6754 V WebSocketManager: Registered broadcast-only namespace progress
01-29 11:08:27.172  6754  6754 V WebSocketManager: Registered handler for namespace ControlHubUpdater
01-29 11:08:27.174  6754  6754 V RobotCore: Getting network assistant of type: RCWIRELESSAP
01-29 11:08:27.175  6754  6754 I RobotControllerAccessPointAssistant: Enabling network services
01-29 11:08:27.177  6754  6754 I RobotControllerAccessPointAssistant: Sending SSID and password to AP service
01-29 11:08:27.178  6754  6754 I RobotCore: ftc21180
01-29 11:08:27.179  6754  6754 D RobotControllerAccessPointAssistant: setNetworkProperties(deviceName=21180-RC, password=ftc21180, ApChannel=null) sendSettingsIndividually=false
01-29 11:08:27.179  6754  6754 I NetDiscover_ControlHubNameManager: Robot controller name: 21180-RC
01-29 11:08:27.179  6754  6754 I ControlHubPasswordManager: Robot controller password: ftc21180
01-29 11:08:27.179  6754  6754 D RobotControllerAccessPointAssistant: Sending bulk settings broadcast intent
01-29 11:08:27.255  6754  6818 I OpenGLRenderer: Initialized EGL, version 1.4
01-29 11:08:27.256  6754  6818 D OpenGLRenderer: Swap behavior 1
01-29 11:08:27.262  6754  6754 I RobotControllerAccessPointAssistant: Wi-Fi state change:, wifiApState: 13
01-29 11:08:27.262  6754  6754 I FTCService: onNetworkConnectionEvent: CONNECTION_INFO_AVAILABLE
01-29 11:08:27.263  6754  6754 I RobotCore: ftc21180
01-29 11:08:27.263  6754  6754 I FTCService: Network Connection Passphrase: ftc21180
01-29 11:08:27.263  6754  6754 V CoreRobotWebServer: starting port=8080
01-29 11:08:27.275  6754  6754 V RobotCore: Getting network assistant of type: RCWIRELESSAP
01-29 11:08:27.275  6754  6754 V CoreRobotWebServer: started port=8080
01-29 11:08:27.276  6754  6754 V FTCService: RCActivity.controllerService=bound
01-29 11:08:27.276  6754  6754 V UpdateUI: Network: active, disconnected
01-29 11:08:27.277  6754  6754 V RobotCore: Robot Status: stopped
01-29 11:08:27.284  6754  6825 V TooTallWebSocketServer: Started WebSocket server on port 8081
01-29 11:08:27.305  6754  6828 V RobotCore: thread: 'RobotSetupRunnable.run()' starting...
01-29 11:08:27.305  6754  6828 V FTCService: Processing robot setup
01-29 11:08:27.306  6754  6828 V RobotCore: Robot Status: stopped, scanning for USB devices
01-29 11:08:27.306  6754  6828 I AppAliveNotifier: Telling the OS to set the RC alive notification timeout to 10 seconds
01-29 11:08:27.314  6754  6827 V FtcWebSocket: Opening websocket (ip=192.168.43.107/192.168.43.107 port=8081)
01-29 11:08:27.319  6754  6827 V WebSocketManager: Subscribed websocket (ip=192.168.43.107/192.168.43.107 port=8081) to namespace (progress)
01-29 11:08:27.321  6754  6827 V WebSocketManager: Subscribed websocket (ip=192.168.43.107/192.168.43.107 port=8081) to namespace (ControlHubUpdater)
01-29 11:08:27.332  6754  6754 V WebSocketManager: Registered handler for namespace ONBOTJAVA
01-29 11:08:27.336  6754  6827 V FtcWebSocket: Opening websocket (ip=192.168.43.107/192.168.43.107 port=8081)
01-29 11:08:27.351  6754  6827 V WebSocketManager: Subscribed websocket (ip=192.168.43.107/192.168.43.107 port=8081) to namespace (progress)
01-29 11:08:27.353  6754  6827 V WebSocketManager: Subscribed websocket (ip=192.168.43.107/192.168.43.107 port=8081) to namespace (ControlHubUpdater)
01-29 11:08:27.383  6754  6818 I [Gralloc]:  ion device open success! fd = 95
01-29 11:08:27.454  6754  6754 V AppUtil : rootActivity=PermissionValidatorWrapper destroyed
01-29 11:08:27.455  6754  6754 V AppUtil : rootActivity=FtcRobotControllerActivity
01-29 11:08:27.455  6754  6754 I PermissionValidatorActivity: Lifecycle onDestroy : 6d5214a
01-29 11:08:27.750  6754  6843 I RobotCore: ftc21180
01-29 11:08:27.786  6754  6839 V ProgrammingModeManager: serve uri=/css/colors.less
01-29 11:08:28.173  6754  6841 I RobotCore: ftc21180
01-29 11:08:28.265  6754  6839 V ProgrammingModeManager: serve uri=/css/colors.less
01-29 11:08:29.026  6754  6827 V FtcWebSocket: Opening websocket (ip=192.168.43.107/192.168.43.107 port=8081)
01-29 11:08:29.030  6754  6827 V WebSocketManager: Subscribed websocket (ip=192.168.43.107/192.168.43.107 port=8081) to namespace (progress)
01-29 11:08:29.032  6754  6827 V WebSocketManager: Subscribed websocket (ip=192.168.43.107/192.168.43.107 port=8081) to namespace (ControlHubUpdater)
01-29 11:08:30.713  6754  6850 I RobotCore: ftc21180
01-29 11:08:32.313  6754  6828 V RobotCore: EventLoopManager state is NOT_STARTED
01-29 11:08:32.314  6754  6828 V FTCService: Waiting for a connection to a Wi-Fi service
01-29 11:08:32.314  6754  6828 V RobotCore: Robot Status: stopped, waiting for network to become active
01-29 11:08:32.316  6754  6828 I RobotControllerAccessPointAssistant: Wi-Fi AP is enabled
01-29 11:08:32.316  6754  6828 V CoreRobotWebServer: Asked an already running WebServer to start
01-29 11:08:32.316  6754  6828 V RobotCore: Robot Status: stopped, starting robot
01-29 11:08:32.317  6754  6828 V Robocol : EventLoopManager.start()
01-29 11:08:32.317  6754  6828 V RobotCore: Getting network assistant of type: RCWIRELESSAP
01-29 11:08:32.318  6754  6828 I RobotControllerAccessPointAssistant: Wi-Fi AP is enabled
01-29 11:08:32.318  6754  6828 V Robocol : Spoofing a Network Connection event...
01-29 11:08:32.318  6754  6828 I EventLoopManager: onNetworkConnectionEvent: CONNECTION_INFO_AVAILABLE
