01-31 10:54:41.675  9818  9818 I ps      : type=1400 audit(0.0:237): avc: denied { search } for name="2" dev="proc" ino=8995 scontext=u:r:untrusted_app:s0:c512,c768 tcontext=u:r:kernel:s0 tclass=dir permissive=1
01-31 10:54:41.675  9818  9818 I ps      : type=1400 audit(0.0:238): avc: denied { read } for name="cmdline" dev="proc" ino=9094 scontext=u:r:untrusted_app:s0:c512,c768 tcontext=u:r:kernel:s0 tclass=file permissive=1
01-31 10:54:41.675  9818  9818 I ps      : type=1400 audit(0.0:239): avc: denied { open } for path="/proc/2/cmdline" dev="proc" ino=9094 scontext=u:r:untrusted_app:s0:c512,c768 tcontext=u:r:kernel:s0 tclass=file permissive=1
--------- beginning of main
01-31 10:54:42.235  9833  9833 D Uvc     : [jni.cpp:72] JNI_OnLoad()...
01-31 10:54:42.235  9833  9833 D Uvc     : [JniEnv.h:32] ScopedJniEnv::onJniLoad()...
01-31 10:54:42.235  9833  9833 D Uvc     : [JniEnv.h:32] ...ScopedJniEnv::onJniLoad()
01-31 10:54:42.235  9833  9833 D Uvc     : [jni.cpp:72] ...JNI_OnLoad()
01-31 10:54:42.244  9833  9833 V AppUtil : initializing: getExternalStorageDirectory()=/storage/emulated/0
01-31 10:54:42.252  9833  9833 I AppUtil : found usbFileSystemRoot: /dev/bus/usb
01-31 10:54:42.255  9833  9833 I robotcontroller: type=1400 audit(0.0:243): avc: denied { read } for name="direction" dev="sysfs" ino=16602 scontext=u:r:untrusted_app:s0:c512,c768 tcontext=u:object_r:sysfs:s0 tclass=file permissive=1
01-31 10:54:42.255  9833  9833 I robotcontroller: type=1400 audit(0.0:244): avc: denied { open } for path="/sys/devices/pinctrl.26/gpio/gpio50/direction" dev="sysfs" ino=16602 scontext=u:r:untrusted_app:s0:c512,c768 tcontext=u:object_r:sysfs:s0 tclass=file permissive=1
01-31 10:54:42.255  9833  9833 I robotcontroller: type=1400 audit(0.0:245): avc: denied { getattr } for path="/sys/devices/pinctrl.26/gpio/gpio50/direction" dev="sysfs" ino=16602 scontext=u:r:untrusted_app:s0:c512,c768 tcontext=u:object_r:sysfs:s0 tclass=file permissive=1
01-31 10:54:42.261  9833  9833 I robotcontroller: type=1400 audit(0.0:246): avc: denied { write } for name="value" dev="sysfs" ino=13327 scontext=u:r:untrusted_app:s0:c512,c768 tcontext=u:object_r:sysfs:s0 tclass=file permissive=1
01-31 10:54:42.277  9833  9833 I AppAliveNotifier: Telling the OS to set the RC alive notification timeout to 20 seconds
01-31 10:54:42.296  9833  9852 V RobotCore: saving logcat to /storage/emulated/0/robotControllerLog.txt
01-31 10:54:42.296  9833  9852 V RobotCore: logging command line: exec logcat -f /storage/emulated/0/robotControllerLog.txt -r4096 -n4 -v threadtime UsbRequestJNI:S UsbRequest:S art:W ThreadPool:W System:W ExtendedExtractor:W OMXClient:W MediaPlayer:W dalvikvm:W  *:V
01-31 10:54:42.330  9833  9852 I RobotCore: Done running ps
01-31 10:54:42.338  9855  9855 I sh      : type=1400 audit(0.0:247): avc: denied { read } for name="/" dev="rootfs" ino=1 scontext=u:r:untrusted_app:s0:c512,c768 tcontext=u:object_r:rootfs:s0 tclass=dir permissive=1
01-31 10:54:42.338  9855  9855 I sh      : type=1400 audit(0.0:248): avc: denied { open } for path="/" dev="rootfs" ino=1 scontext=u:r:untrusted_app:s0:c512,c768 tcontext=u:object_r:rootfs:s0 tclass=dir permissive=1
01-31 10:54:42.665  9860  9860 I ps      : type=1400 audit(0.0:249): avc: denied { getattr } for path="/proc/1" dev="proc" ino=4875 scontext=u:r:untrusted_app:s0:c512,c768 tcontext=u:r:init:s0 tclass=dir permissive=1
01-31 10:54:42.665  9860  9860 I ps      : type=1400 audit(0.0:250): avc: denied { search } for name="1" dev="proc" ino=4875 scontext=u:r:untrusted_app:s0:c512,c768 tcontext=u:r:init:s0 tclass=dir permissive=1
01-31 10:54:42.665  9860  9860 I ps      : type=1400 audit(0.0:251): avc: denied { read } for name="cmdline" dev="proc" ino=5610 scontext=u:r:untrusted_app:s0:c512,c768 tcontext=u:r:init:s0 tclass=file permissive=1
01-31 10:54:42.665  9860  9860 I ps      : type=1400 audit(0.0:252): avc: denied { open } for path="/proc/1/cmdline" dev="proc" ino=5610 scontext=u:r:untrusted_app:s0:c512,c768 tcontext=u:r:init:s0 tclass=file permissive=1
01-31 10:54:42.665  9860  9860 I ps      : type=1400 audit(0.0:253): avc: denied { getattr } for path="/proc/2" dev="proc" ino=8995 scontext=u:r:untrusted_app:s0:c512,c768 tcontext=u:r:kernel:s0 tclass=dir permissive=1
01-31 10:54:42.665  9860  9860 I ps      : type=1400 audit(0.0:254): avc: denied { search } for name="2" dev="proc" ino=8995 scontext=u:r:untrusted_app:s0:c512,c768 tcontext=u:r:kernel:s0 tclass=dir permissive=1
01-31 10:54:42.665  9860  9860 I ps      : type=1400 audit(0.0:255): avc: denied { read } for name="cmdline" dev="proc" ino=9094 scontext=u:r:untrusted_app:s0:c512,c768 tcontext=u:r:kernel:s0 tclass=file permissive=1
01-31 10:54:42.665  9860  9860 I ps      : type=1400 audit(0.0:256): avc: denied { open } for path="/proc/2/cmdline" dev="proc" ino=9094 scontext=u:r:untrusted_app:s0:c512,c768 tcontext=u:r:kernel:s0 tclass=file permissive=1
01-31 10:54:43.030  9833  9833 V AppUtil : rootActivity=PermissionValidatorWrapper
01-31 10:54:43.030  9833  9833 I PermissionValidatorActivity: Lifecycle onCreate : 21fe8bb
01-31 10:54:43.163  9833  9833 I PermissionValidatorActivity: Lifecycle onStart : 21fe8bb
01-31 10:54:43.164  9833  9833 I PermissionValidator: Checking permission for android.permission.WRITE_EXTERNAL_STORAGE
01-31 10:54:43.170  9833  9833 I PermissionValidator:     Granted: android.permission.WRITE_EXTERNAL_STORAGE
01-31 10:54:43.170  9833  9833 I PermissionValidator: Checking permission for android.permission.READ_EXTERNAL_STORAGE
01-31 10:54:43.171  9833  9833 I PermissionValidator:     Granted: android.permission.READ_EXTERNAL_STORAGE
01-31 10:54:43.172  9833  9833 I PermissionValidator: Checking permission for android.permission.CAMERA
01-31 10:54:43.173  9833  9833 I PermissionValidator:     Granted: android.permission.CAMERA
01-31 10:54:43.173  9833  9833 I PermissionValidator: Checking permission for android.permission.ACCESS_COARSE_LOCATION
01-31 10:54:43.174  9833  9833 I PermissionValidator:     Granted: android.permission.ACCESS_COARSE_LOCATION
01-31 10:54:43.174  9833  9833 I PermissionValidator: Checking permission for android.permission.ACCESS_FINE_LOCATION
01-31 10:54:43.175  9833  9833 I PermissionValidator:     Granted: android.permission.ACCESS_FINE_LOCATION
01-31 10:54:43.175  9833  9833 I PermissionValidator: Checking permission for android.permission.READ_PHONE_STATE
01-31 10:54:43.176  9833  9833 I PermissionValidator:     Granted: android.permission.READ_PHONE_STATE
01-31 10:54:43.179  9833  9833 V ServiceStarter: attempting to start service MediaTransferProtocolMonitorService
01-31 10:54:43.182  9833  9833 V ServiceStarter: started service MediaTransferProtocolMonitorService
01-31 10:54:43.183  9833  9833 V ServiceStarter: attempting to start service OnBotJavaService
01-31 10:54:43.185  9833  9833 V ServiceStarter: started service OnBotJavaService
01-31 10:54:43.185  9833  9833 I PermissionValidatorActivity: All permissions validated.  Starting RobotController
01-31 10:54:43.197  9833  9833 V MTPMonitorService: onCreate()
01-31 10:54:43.198  9833  9833 V MTPMonitorService: onStartCommand() intent=Intent { cmp=com.qualcomm.ftcrobotcontroller/org.firstinspires.ftc.robotcore.internal.files.MediaTransferProtocolMonitorService } flags=0x0 startId=1
01-31 10:54:43.201  9833  9833 V MTPMonitor: observing: /storage/emulated/0
01-31 10:54:43.238  9833  9833 V OnBotJavaService: onCreate()
01-31 10:54:43.239  9833  9833 V OnBotJavaService: onStartCommand() intent=Intent { cmp=com.qualcomm.ftcrobotcontroller/org.firstinspires.ftc.onbotjava.OnBotJavaService } flags=0x0 startId=1
01-31 10:54:43.240  9833  9833 V OnBotJava: OnBotJavaManager::static
01-31 10:54:43.771  9833  9833 V OnBotJava: ctor()...
01-31 10:54:43.773  9833  9833 V OnBotJava: ...ctor()
01-31 10:54:43.778  9833  9833 V RCActivity: Permissions validated already
01-31 10:54:43.778  9833  9833 V RCActivity: onCreate()
01-31 10:54:43.780  9833  9833 V RCActivity: rootActivity is of class PermissionValidatorWrapper
01-31 10:54:43.783  9833  9833 V RCActivity: launchActivity is of class class org.firstinspires.ftc.robotcontroller.internal.PermissionValidatorWrapper
01-31 10:54:43.791  9833  9878 V CallbackLooper: thread=44
01-31 10:54:43.796  9833  9833 V NetDiscover_wifiDirectAgent: doStart()...
01-31 10:54:43.801  9833  9833 V NetDiscover_wifiDirectAgent: ...doStart()
01-31 10:54:43.801  9833  9833 V NetDiscover_prefremrc: ----- all preferences -----
01-31 10:54:43.802  9833  9833 V NetDiscover_prefremrc: name='pref_app_version' value=unavailable
01-31 10:54:43.802  9833  9833 V NetDiscover_prefremrc: name='android.permission.READ_PHONE_STATE' value=false
01-31 10:54:43.802  9833  9833 V NetDiscover_prefremrc: name='pref_autostarted_robot_controller' value=true
01-31 10:54:43.803  9833  9833 V NetDiscover_prefremrc: name='pref_warn_about_obsolete_software' value=true
01-31 10:54:43.803  9833  9833 V NetDiscover_prefremrc: name='pref_network_protocol_version' value=unavailable
01-31 10:54:43.803  9833  9833 V NetDiscover_prefremrc: name='pref_has_independent_phone_battery' value=false
01-31 10:54:43.803  9833  9833 V NetDiscover_prefremrc: name='android.permission.CAMERA' value=false
01-31 10:54:43.803  9833  9833 V NetDiscover_prefremrc: name='pref_wifip2p_remote_channel_change_works' value=false
01-31 10:54:43.803  9833  9833 V NetDiscover_prefremrc: name='pref_hardware_config_filename' value={"isDirty":false,"location":"LOCAL_STORAGE","name":"ftc6motor","resourceId":0}
01-31 10:54:43.803  9833  9833 V NetDiscover_prefremrc: name='pref_build_time' value=unavailable
01-31 10:54:43.803  9833  9833 V NetDiscover_prefremrc: name='pref_warn_about_mismatched_app_versions' value=true
01-31 10:54:43.804  9833  9833 V NetDiscover_prefremrc: name='pref_sound_on_off' value=false
01-31 10:54:43.804  9833  9833 V NetDiscover_prefremrc: name='pref_ftc_season_year_of_current_rc_new' value=2022
01-31 10:54:43.804  9833  9833 V NetDiscover_prefremrc: name='App Restrictions' value=AAAAAA==
01-31 10:54:43.804  9833  9833 V NetDiscover_prefremrc:     
01-31 10:54:43.804  9833  9833 V NetDiscover_prefremrc: name='pref_warn_about_incorrect_clocks' value=true
01-31 10:54:43.804  9833  9833 V NetDiscover_prefremrc: name='pref_has_speaker' value=false
01-31 10:54:43.804  9833  9833 V NetDiscover_prefremrc: name='android.permission.ACCESS_COARSE_LOCATION' value=false
01-31 10:54:43.804  9833  9833 V NetDiscover_prefremrc: name='android.permission.WRITE_EXTERNAL_STORAGE' value=false
01-31 10:54:43.805  9833  9833 V NetDiscover_prefremrc: name='pref_connection_owner_password' value=ftc21180
01-31 10:54:43.805  9833  9833 V NetDiscover_prefremrc: name='pref_pairing_kind' value=RCWIRELESSAP
01-31 10:54:43.805  9833  9833 V NetDiscover_prefremrc: name='pref_device_name_internal' value=21180-RC
01-31 10:54:43.805  9833  9833 V NetDiscover_prefremrc: name='pref_app_theme' value=red
01-31 10:54:43.805  9833  9833 V NetDiscover_prefremrc: name='android.permission.ACCESS_FINE_LOCATION' value=false
01-31 10:54:43.806  9833  9833 V NetDiscover_prefremrc: name='pref_network_connection_info' value=unavailable
01-31 10:54:43.806  9833  9833 V NetDiscover_prefremrc: name='pref_device_name' value=21180-RC
01-31 10:54:43.806  9833  9833 V NetDiscover_prefremrc: name='pref_warn_about_2_4_ghz_band' value=true
01-31 10:54:43.806  9833  9833 V NetDiscover_prefremrc: name='android.permission.READ_EXTERNAL_STORAGE' value=false
01-31 10:54:43.807  9833  9833 V NetDiscover_prefremrc: name='pref_device_name_tracking' value=WIFIAP
01-31 10:54:43.807  9833  9833 V NetDiscover_prefremrc: name='pref_lib_version' value=unavailable
01-31 10:54:43.807  9833  9833 V NetDiscover_prefremrc: name='pref_rc_connected' value=true
01-31 10:54:43.813  9833  9833 V Robocol : SendOnceRunnable created
01-31 10:54:43.816  9833  9833 V NetDiscover_prefremrc: doStart()...
01-31 10:54:43.816  9833  9833 V NetDiscover_prefremrc: ...doStart()
01-31 10:54:43.843  9833  9833 W System  : ClassLoader referenced unknown path: /system/app/webview/lib/arm
01-31 10:54:43.844  9833  9833 D ApplicationLoaders: ignored Vulkan layer search path /system/app/webview/lib/arm:/system/app/webview/webview.apk!/lib/armeabi-v7a:/system/lib:/vendor/lib for namespace 0xf7052090
01-31 10:54:43.847  9833  9833 I WebViewFactory: Loading com.android.webview version 52.0.2743.100 (code 275610050)
01-31 10:54:43.877  9833  9833 I cr_LibraryLoader: Time to load native libraries: 2 ms (timestamps 9315-9317)
01-31 10:54:43.877  9833  9833 I cr_LibraryLoader: Expected native library version number "52.0.2743.100", actual native library version number "52.0.2743.100"
01-31 10:54:43.890  9833  9833 V WebViewChromiumFactoryProvider: Binding Chromium to main looper Looper (main, tid 1) {97cb44f}
01-31 10:54:43.890  9833  9833 I cr_LibraryLoader: Expected native library version number "52.0.2743.100", actual native library version number "52.0.2743.100"
01-31 10:54:43.891  9833  9833 I chromium: [INFO:library_loader_hooks.cc(143)] Chromium logging enabled: level = 0, default verbosity = 0
01-31 10:54:43.908  9833  9833 I cr_BrowserStartup: Initializing chromium process, singleProcess=true
01-31 10:54:43.932  9833  9833 I mali_so : [File] : hardware/rockchip/driver/./src/base/arch/arch_011_udd/base_arch_main.c; [Line] : 565; [Func] : deal_with_version_affairs_rk_ext;
01-31 10:54:43.932  9833  9833 I mali_so : arm_release_ver of this mali_so is 'r7p0-00rel1', rk_so_ver is '1@2' for 3328h_android_7.1, built at '15:47:49', on 'Jun 28 2017'.
01-31 10:54:43.933  9833  9833 I mali_so : [File] : hardware/rockchip/driver/./src/base/arch/arch_011_udd/base_arch_main.c; [Line] : 578; [Func] : deal_with_version_affairs_rk_ext;
01-31 10:54:43.933  9833  9833 I mali_so : mali_ver_property has been set to 'r7p0-00rel1-5-1@2', to return.
01-31 10:54:43.994  9833  9833 I cr_DRP  : No DRP key due to exception:java.lang.ClassNotFoundException: com.android.webview.chromium.Drp
01-31 10:54:44.041  9833  9833 W cr_AwContents: onDetachedFromWindow called when already detached. Ignoring
01-31 10:54:44.344  9833  9833 V OnBotJava: getCurrentOutputDir() unavailable
01-31 10:54:44.344  9833  9833 V OnBotJava: getCurrentOutputDir() unavailable
01-31 10:54:44.345  9833  9833 W System  : ClassLoader referenced unknown path: 
01-31 10:54:47.695  9833  9833 V UpdateUI: Network: inactive, disconnected
01-31 10:54:47.695  9833  9833 V ServiceStarter: attempting to start service FtcRobotControllerWatchdogService
01-31 10:54:47.699  9833  9833 V ServiceStarter: started service FtcRobotControllerWatchdogService
01-31 10:54:47.742  9833  9833 I RobotCore: App info: version=8.1.1 appId=com.qualcomm.ftcrobotcontroller
01-31 10:54:47.742  9833  9833 I RobotCore: Android Device: maker=REV Robotics model=Control Hub v1.0 sdk=25 serial=e909a8e5cde7beec
01-31 10:54:47.742  9833  9833 V AndroidBoard: REV Control Hub contains REV3328
01-31 10:54:47.742  9833  9833 V AndroidBoard: Communicating with embedded REV hub via /dev/ttyS1
01-31 10:54:48.904  9833  9833 V RCActivity: onStart()
01-31 10:54:48.909  9833  9833 V RCActivity: onResume()
01-31 10:54:48.988  9833  9833 V NetDiscover_prefremrc: onSharedPreferenceChanged(name=App Restrictions, value=AAAAAA==
01-31 10:54:48.988  9833  9833 V NetDiscover_prefremrc: )
01-31 10:54:49.100  9833  9833 V FtcRobotControllerWatchdogService: onCreate()
01-31 10:54:49.101  9833  9833 V FtcRobotControllerWatchdogService: onStartCommand() intent=Intent { cmp=com.qualcomm.ftcrobotcontroller/org.firstinspires.ftc.ftccommon.internal.FtcRobotControllerWatchdogService } flags=0x0 startId=1
01-31 10:54:49.102  9833  9833 V FtcRobotControllerWatchdogService: shouldAutoLauchRobotController() result=true
01-31 10:54:49.141  9833  9833 V FTCService: onCreate()
01-31 10:54:49.208  9833  9833 W art     : Before Android 4.1, method double java.util.concurrent.ThreadLocalRandom.internalNextDouble(double, double) would have incorrectly overridden the package-private method in java.util.Random
01-31 10:54:49.208  9833  9833 W art     : Before Android 4.1, method int java.util.concurrent.ThreadLocalRandom.internalNextInt(int, int) would have incorrectly overridden the package-private method in java.util.Random
01-31 10:54:49.208  9833  9833 W art     : Before Android 4.1, method long java.util.concurrent.ThreadLocalRandom.internalNextLong(long, long) would have incorrectly overridden the package-private method in java.util.Random
01-31 10:54:49.255  9833  9833 V FTCService: onBind()
01-31 10:54:49.360  9833  9833 V CoreRobotWebServer: creating NanoHTTPD(8080)
01-31 10:54:49.366  9833  9833 V WebSocketManager: Registered broadcast-only namespace progress
01-31 10:54:49.378  9833  9833 V WebSocketManager: Registered handler for namespace ControlHubUpdater
01-31 10:54:49.380  9833  9833 V RobotCore: Getting network assistant of type: RCWIRELESSAP
01-31 10:54:49.382  9833  9833 I RobotControllerAccessPointAssistant: Enabling network services
01-31 10:54:49.385  9833  9833 I RobotControllerAccessPointAssistant: Sending SSID and password to AP service
01-31 10:54:49.387  9833  9833 I RobotCore: ftc21180
01-31 10:54:49.387  9833  9833 D RobotControllerAccessPointAssistant: setNetworkProperties(deviceName=21180-RC, password=ftc21180, ApChannel=null) sendSettingsIndividually=false
01-31 10:54:49.387  9833  9833 I NetDiscover_ControlHubNameManager: Robot controller name: 21180-RC
01-31 10:54:49.388  9833  9833 I ControlHubPasswordManager: Robot controller password: ftc21180
01-31 10:54:49.389  9833  9833 D RobotControllerAccessPointAssistant: Sending bulk settings broadcast intent
01-31 10:54:49.486  9833  9908 I OpenGLRenderer: Initialized EGL, version 1.4
01-31 10:54:49.487  9833  9908 D OpenGLRenderer: Swap behavior 1
01-31 10:54:49.494  9833  9833 I RobotControllerAccessPointAssistant: Wi-Fi state change:, wifiApState: 13
01-31 10:54:49.495  9833  9833 I FTCService: onNetworkConnectionEvent: CONNECTION_INFO_AVAILABLE
01-31 10:54:49.495  9833  9833 I RobotCore: ftc21180
01-31 10:54:49.495  9833  9833 I FTCService: Network Connection Passphrase: ftc21180
01-31 10:54:49.496  9833  9833 V CoreRobotWebServer: starting port=8080
01-31 10:54:49.507  9833  9833 V RobotCore: Getting network assistant of type: RCWIRELESSAP
01-31 10:54:49.508  9833  9833 V CoreRobotWebServer: started port=8080
01-31 10:54:49.509  9833  9833 V FTCService: RCActivity.controllerService=bound
01-31 10:54:49.509  9833  9833 V UpdateUI: Network: active, disconnected
01-31 10:54:49.510  9833  9833 V RobotCore: Robot Status: stopped
01-31 10:54:49.518  9833  9914 V TooTallWebSocketServer: Started WebSocket server on port 8081
01-31 10:54:49.523  9833  9917 V RobotCore: thread: 'RobotSetupRunnable.run()' starting...
01-31 10:54:49.523  9833  9917 V FTCService: Processing robot setup
01-31 10:54:49.525  9833  9917 V RobotCore: Robot Status: stopped, scanning for USB devices
01-31 10:54:49.526  9833  9917 I AppAliveNotifier: Telling the OS to set the RC alive notification timeout to 10 seconds
01-31 10:54:49.558  9833  9833 V WebSocketManager: Registered handler for namespace ONBOTJAVA
01-31 10:54:49.604  9833  9908 I [Gralloc]:  ion device open success! fd = 92
01-31 10:54:49.680  9833  9833 V AppUtil : rootActivity=PermissionValidatorWrapper destroyed
01-31 10:54:49.680  9833  9833 V AppUtil : rootActivity=FtcRobotControllerActivity
01-31 10:54:49.680  9833  9833 I PermissionValidatorActivity: Lifecycle onDestroy : 21fe8bb
01-31 10:54:49.972  9833  9916 V FtcWebSocket: Opening websocket (ip=192.168.43.107/192.168.43.107 port=8081)
01-31 10:54:49.978  9833  9916 V WebSocketManager: Subscribed websocket (ip=192.168.43.107/192.168.43.107 port=8081) to namespace (progress)
01-31 10:54:49.979  9833  9916 V WebSocketManager: Subscribed websocket (ip=192.168.43.107/192.168.43.107 port=8081) to namespace (ControlHubUpdater)
01-31 10:54:49.993  9833  9916 V FtcWebSocket: Opening websocket (ip=192.168.43.107/192.168.43.107 port=8081)
01-31 10:54:49.997  9833  9916 V WebSocketManager: Subscribed websocket (ip=192.168.43.107/192.168.43.107 port=8081) to namespace (progress)
01-31 10:54:49.998  9833  9916 V WebSocketManager: Subscribed websocket (ip=192.168.43.107/192.168.43.107 port=8081) to namespace (ControlHubUpdater)
01-31 10:54:50.014  9833  9916 V FtcWebSocket: Opening websocket (ip=192.168.43.107/192.168.43.107 port=8081)
01-31 10:54:50.017  9833  9916 V WebSocketManager: Subscribed websocket (ip=192.168.43.107/192.168.43.107 port=8081) to namespace (progress)
01-31 10:54:50.022  9833  9916 V WebSocketManager: Subscribed websocket (ip=192.168.43.107/192.168.43.107 port=8081) to namespace (ControlHubUpdater)
01-31 10:54:50.043  9833  9916 V FtcWebSocket: Opening websocket (ip=192.168.43.107/192.168.43.107 port=8081)
01-31 10:54:50.053  9833  9916 V WebSocketManager: Subscribed websocket (ip=192.168.43.107/192.168.43.107 port=8081) to namespace (progress)
01-31 10:54:50.054  9833  9916 V WebSocketManager: Subscribed websocket (ip=192.168.43.107/192.168.43.107 port=8081) to namespace (ControlHubUpdater)
01-31 10:54:50.074  9833  9916 V FtcWebSocket: Opening websocket (ip=192.168.43.107/192.168.43.107 port=8081)
01-31 10:54:50.077  9833  9916 V WebSocketManager: Subscribed websocket (ip=192.168.43.107/192.168.43.107 port=8081) to namespace (progress)
01-31 10:54:50.078  9833  9916 V WebSocketManager: Subscribed websocket (ip=192.168.43.107/192.168.43.107 port=8081) to namespace (ControlHubUpdater)
01-31 10:54:50.097  9833  9916 V FtcWebSocket: Opening websocket (ip=192.168.43.107/192.168.43.107 port=8081)
01-31 10:54:50.100  9833  9916 V WebSocketManager: Subscribed websocket (ip=192.168.43.107/192.168.43.107 port=8081) to namespace (progress)
01-31 10:54:50.103  9833  9916 V WebSocketManager: Subscribed websocket (ip=192.168.43.107/192.168.43.107 port=8081) to namespace (ControlHubUpdater)
01-31 10:54:50.123  9833  9916 V FtcWebSocket: Opening websocket (ip=192.168.43.107/192.168.43.107 port=8081)
01-31 10:54:50.126  9833  9916 V WebSocketManager: Subscribed websocket (ip=192.168.43.107/192.168.43.107 port=8081) to namespace (progress)
01-31 10:54:50.127  9833  9916 V WebSocketManager: Subscribed websocket (ip=192.168.43.107/192.168.43.107 port=8081) to namespace (ControlHubUpdater)
01-31 10:54:50.307  9833  9916 V FtcWebSocket: Opening websocket (ip=192.168.43.107/192.168.43.107 port=8081)
01-31 10:54:50.330  9833  9916 V WebSocketManager: Subscribed websocket (ip=192.168.43.107/192.168.43.107 port=8081) to namespace (progress)
01-31 10:54:50.332  9833  9916 V WebSocketManager: Subscribed websocket (ip=192.168.43.107/192.168.43.107 port=8081) to namespace (ControlHubUpdater)
01-31 10:54:50.361  9833  9916 V FtcWebSocket: Opening websocket (ip=192.168.43.107/192.168.43.107 port=8081)
01-31 10:54:50.365  9833  9916 V WebSocketManager: Subscribed websocket (ip=192.168.43.107/192.168.43.107 port=8081) to namespace (progress)
01-31 10:54:50.366  9833  9916 V WebSocketManager: Subscribed websocket (ip=192.168.43.107/192.168.43.107 port=8081) to namespace (ControlHubUpdater)
01-31 10:54:50.415  9833  9936 I RobotCore: ftc21180
01-31 10:54:50.505  9833  9937 V ProgrammingModeManager: serve uri=/css/colors.less
01-31 10:54:50.752  9833  9939 I RobotCore: ftc21180
01-31 10:54:50.859  9833  9937 V ProgrammingModeManager: serve uri=/css/colors.less
01-31 10:54:52.700  9833  9937 I RobotCore: ftc21180
01-31 10:54:54.537  9833  9917 V RobotCore: EventLoopManager state is NOT_STARTED
01-31 10:54:54.537  9833  9917 V FTCService: Waiting for a connection to a Wi-Fi service
01-31 10:54:54.538  9833  9917 V RobotCore: Robot Status: stopped, waiting for network to become active
01-31 10:54:54.539  9833  9917 I RobotControllerAccessPointAssistant: Wi-Fi AP is enabled
01-31 10:54:54.539  9833  9917 V CoreRobotWebServer: Asked an already running WebServer to start
01-31 10:54:54.540  9833  9917 V RobotCore: Robot Status: stopped, starting robot
01-31 10:54:54.540  9833  9917 V Robocol : EventLoopManager.start()
01-31 10:54:54.540  9833  9917 V RobotCore: Getting network assistant of type: RCWIRELESSAP
01-31 10:54:54.541  9833  9917 I RobotControllerAccessPointAssistant: Wi-Fi AP is enabled
01-31 10:54:54.541  9833  9917 V Robocol : Spoofing a Network Connection event...
01-31 10:54:54.541  9833  9917 I EventLoopManager: onNetworkConnectionEvent: CONNECTION_INFO_AVAILABLE
01-31 10:54:54.541  9833  9917 I Robocol : Received network connection event
01-31 10:54:54.542  9833  9917 I RobotControllerAccessPointAssistant: Wi-Fi AP is enabled
01-31 10:54:54.542  9833  9917 I NetworkConnectionHandler: Handling new network connection infomation, connected: true setup needed: true
01-31 10:54:54.543  9833  9917 I RobotControllerAccessPointAssistant: Wi-Fi AP is enabled
01-31 10:54:57.581  9833  9971 V RobotCore: thread: 'SetupRunnable.run()' starting...
01-31 10:54:57.581  9833  9917 V RobotCore: EventLoopManager state is STOPPED
01-31 10:54:57.582  9833  9917 V Robocol : eventLoop=FtcEventLoop
01-31 10:54:57.582  9833  9917 V RobotCore: EventLoopManager state is INIT
01-31 10:54:57.582  9833  9917 V RobotCore: Robot Status: initializing, starting robot
01-31 10:54:57.582  9833  9917 I FtcEventLoop: ======= INIT START =======
01-31 10:54:57.584  9833  9917 V OpmodeRegistration: registered {DefaultOpMode} as {$Stop$Robot$}
01-31 10:54:57.589  9833  9917 V OpmodeRegistration: registered instance as {Enable/Disable Dashboard}
01-31 10:54:57.590  9833  9917 D OpmodeRegistration: registered instance {com.acmerobotics.dashboard.FtcDashboard$9@a283731} as {Enable/Disable Dashboard}
01-31 10:54:57.590  9833  9971 D Robocol : RobocolDatagramSocket listening addr=/192.168.43.1:20884 cbRec=65520 cbSend=106496 msRecTO=300
01-31 10:54:57.591  9833  9971 V Robocol : RecvLoopRunnable created
01-31 10:54:57.593  9833  9972 V Robocol : PacketProcessor started
01-31 10:54:57.595  9833  9973 V Robocol : CommandProcessor started
01-31 10:54:57.597  9833  9971 V PeerDiscovery: Starting peer discovery remote: /192.168.43.1 local: /192.168.43.1
01-31 10:54:57.597  9833  9974 V RobotCore: thread: 'RecvLoopRunnable.run()' starting...
01-31 10:54:57.597  9833  9971 V PeerDiscovery: No need for initiating peer discovery, we are the Robot Controller
01-31 10:54:57.597  9833  9971 V RobotCore: Setup complete
01-31 10:54:57.599  9833  9971 V RobotCore: thread: ...terminating 'SetupRunnable.run()'
01-31 10:54:57.619  9833  9972 D RobotCore: system telemetry: key=$System$None$ msg=""
01-31 10:54:57.620  9833  9972 V PeerDiscovery: new remote peer discovered: 192.168.43.230
01-31 10:54:57.620  9833  9972 V NetworkConnectionHandler: starting sending loop
01-31 10:54:57.621  9833  9975 V Robocol : sending CMD_NOTIFY_ROBOT_STATE(9), attempt: 0
01-31 10:54:57.623  9833  9975 V Robocol : sending CMD_NOTIFY_ROBOT_STATE(10), attempt: 0
01-31 10:54:57.623  9833  9975 V Robocol : sending CMD_NOTIFY_ROBOT_STATE(11), attempt: 0
01-31 10:54:57.639  9833  9972 V UpdateUI: Network: active, connected
01-31 10:54:57.640  9833  9972 D FTCService: Sending user device types and preferences to driver station
01-31 10:54:57.709  9833  9972 V NetDiscover_prefremrc: sendAllPreferences()
01-31 10:54:57.709  9833  9972 V NetDiscover_prefremrc: sending RC pref name=pref_wifip2p_remote_channel_change_works value=false
01-31 10:54:57.714  9833  9972 V NetDiscover_prefremrc: sending RC pref name=pref_device_name value=21180-RC
01-31 10:54:57.718  9833  9972 V NetDiscover_prefremrc: sending RC pref name=pref_warn_about_incorrect_clocks value=true
01-31 10:54:57.719  9833  9978 V SoundInfo: construct(0x06396bc8)
01-31 10:54:57.727  9833  9972 V NetDiscover_prefremrc: sending RC pref name=pref_warn_about_obsolete_software value=true
01-31 10:54:57.728  9833  9972 V NetDiscover_prefremrc: sending RC pref name=pref_has_speaker value=false
01-31 10:54:57.729  9833  9972 V NetDiscover_prefremrc: sending RC pref name=pref_warn_about_2_4_ghz_band value=true
01-31 10:54:57.729  9833  9972 V NetDiscover_prefremrc: sending RC pref name=pref_has_independent_phone_battery value=false
01-31 10:54:57.730  9833  9972 V NetDiscover_prefremrc: sending RC pref name=pref_app_theme value=red
01-31 10:54:57.730  9833  9972 V NetDiscover_prefremrc: sending RC pref name=pref_warn_about_mismatched_app_versions value=true
01-31 10:54:57.731  9833  9972 V NetDiscover_prefremrc: sending RC pref name=pref_sound_on_off value=false
01-31 10:54:57.731  9833  9972 V NetworkConnectionHandler: Peer connection established
01-31 10:54:57.734  9833  9972 V Robocol : packet processing took 115.0ms: type=PEER_DISCOVERY
01-31 10:54:57.735  9833  9977 E WVMExtractor: Failed to open libwvm.so: dlopen failed: library "libwvm.so" not found
01-31 10:54:57.741  9833  9975 V Robocol : sending CMD_NOTIFY_USER_DEVICE_LIST(19), attempt: 0
01-31 10:54:57.744  9833  9975 V Robocol : sending CMD_ROBOT_CONTROLLER_PREFERENCE(20), attempt: 0
01-31 10:54:57.744  9833  9975 V Robocol : sending CMD_ROBOT_CONTROLLER_PREFERENCE(21), attempt: 0
01-31 10:54:57.745  9833  9975 V Robocol : sending CMD_ROBOT_CONTROLLER_PREFERENCE(22), attempt: 0
01-31 10:54:57.746  9833  9975 V Robocol : sending CMD_ROBOT_CONTROLLER_PREFERENCE(23), attempt: 0
01-31 10:54:57.747  9833  9975 V Robocol : sending CMD_ROBOT_CONTROLLER_PREFERENCE(24), attempt: 0
01-31 10:54:57.748  9833  9975 V Robocol : sending CMD_ROBOT_CONTROLLER_PREFERENCE(25), attempt: 0
01-31 10:54:57.750  9833  9975 V Robocol : sending CMD_ROBOT_CONTROLLER_PREFERENCE(26), attempt: 0
01-31 10:54:57.751  9833  9975 V Robocol : sending CMD_ROBOT_CONTROLLER_PREFERENCE(27), attempt: 0
01-31 10:54:57.753  9833  9975 V Robocol : sending CMD_ROBOT_CONTROLLER_PREFERENCE(28), attempt: 0
01-31 10:54:57.754  9833  9977 I MediaCodec: callingProcessName:com.qualcomm.ftcrobotcontroller
01-31 10:54:57.754  9833  9974 V EventLoopManager: Setting authoritative wall clock based on connected DS.
01-31 10:54:57.754  9833  9974 D Uvc     : [time.cpp:64] Java_org_firstinspires_ftc_robotcore_internal_system_AppUtil_nativeSetCurrentTimeMillis()...
01-31 10:54:57.707  9833  9974 I JniTime : [time.cpp:83] settimeofday() succeeded
01-31 10:54:57.707  9833  9974 D Uvc     : [time.cpp:64] ...Java_org_firstinspires_ftc_robotcore_internal_system_AppUtil_nativeSetCurrentTimeMillis()
01-31 10:54:57.709  9833  9975 V Robocol : sending CMD_ROBOT_CONTROLLER_PREFERENCE(29), attempt: 0
01-31 10:54:57.711  9833  9974 V AppUtil : attempted to set timezone: before=America/Chicago after=America/Chicago
01-31 10:54:57.713  9833  9987 I ACodec  : onAllocateComponent:6752 mSoftCodecPref:0 componentName:
01-31 10:54:57.715  9833  9987 I ACodec  : onAllocateComponent:6783 mSoftCodecPref:0 componentName:OMX.google.raw.decoder
01-31 10:54:57.717  9833  9972 V Robocol : received command: CMD_REQUEST_ACTIVE_CONFIG(10001) 
01-31 10:54:57.720  9833  9972 V Robocol : received command: CMD_REQUEST_USER_DEVICE_TYPES(10002) 
01-31 10:54:57.721  9833  9972 V Robocol : received command: CMD_REQUEST_OP_MODE_LIST(10003) 
01-31 10:54:57.722  9833  9972 V Robocol : received command: CMD_ROBOT_CONTROLLER_PREFERENCE(10004) {"booleanValue":true,"prefName":"pref_ds_supports_5_ghz"}
01-31 10:54:57.722  9833  9972 V Robocol : received command: CMD_ROBOT_CONTROLLER_PREFERENCE(10005) {"intValue":21,"prefName":"pref_dh_os_version_code"}
01-31 10:54:57.723  9833  9972 V Robocol : received command: CMD_REQUEST_ACTIVE_CONFIG(10006) 
01-31 10:54:57.724  9833  9972 V Robocol : received command: CMD_REQUEST_USER_DEVICE_TYPES(10007) 
01-31 10:54:57.724  9833  9972 V Robocol : received command: CMD_REQUEST_OP_MODE_LIST(10008) 
01-31 10:54:57.744  9833  9972 V Robocol : received command: CMD_ROBOT_CONTROLLER_PREFERENCE(10010) {"booleanValue":true,"prefName":"pref_ds_supports_5_ghz"}
01-31 10:54:57.746  9833  9972 V Robocol : received command: CMD_ROBOT_CONTROLLER_PREFERENCE(10011) {"intValue":21,"prefName":"pref_dh_os_version_code"}
01-31 10:54:57.758  9833  9878 D SoundPlayer: onLoadComplete(samp=1|ms=757, samp=1)=0
01-31 10:54:57.761  9833  9978 W AudioTrack: AUDIO_OUTPUT_FLAG_FAST denied by client; transfer 4, track 48000 Hz, output 44100 Hz
01-31 10:54:57.767  9833  9978 D SoundPlayer: playing volume=0.000000 samp=1|ms=757
01-31 10:54:57.777  9833  9975 V Robocol : sending CMD_NOTIFY_ROBOT_STATE(9), attempt: 1
01-31 10:54:57.777  9833  9975 V Robocol : sending CMD_NOTIFY_ROBOT_STATE(10), attempt: 1
01-31 10:54:57.778  9833  9975 V Robocol : sending CMD_NOTIFY_ROBOT_STATE(11), attempt: 1
01-31 10:54:57.780  9833  9975 V Robocol : sending CMD_PLAY_SOUND(52), attempt: 0
01-31 10:54:57.834  9833  9917 V MD5     : Calculated digest: 9d9a9ed11665dc92c91c475aad54ef94
01-31 10:54:57.834  9833  9917 V MD5     : Provided digest: 9d9a9ed11665dc92c91c475aad54ef94
01-31 10:54:58.462  9833  9917 V OpmodeRegistration: registered {TrackWidthTuner} as {TrackWidthTuner}
01-31 10:54:58.463  9833  9917 V OpmodeRegistration: registered {StraightTest} as {StraightTest}
01-31 10:54:58.463  9833  9917 V OpmodeRegistration: registered {DriveVelocityPIDTuner} as {DriveVelocityPIDTuner}
01-31 10:54:58.464  9833  9917 V OpmodeRegistration: registered {TurnTest} as {TurnTest}
01-31 10:54:58.464  9833  9917 V OpmodeRegistration: registered {FollowerPIDTuner} as {FollowerPIDTuner}
01-31 10:54:58.464  9833  9917 V OpmodeRegistration: registered {StrafeTest} as {StrafeTest}
01-31 10:54:58.465  9833  9917 V OpmodeRegistration: registered {AutoRoadRunner} as {auto RR right}
01-31 10:54:58.465  9833  9917 V OpmodeRegistration: registered {AutomaticFeedforwardTuner} as {AutomaticFeedforwardTuner}
01-31 10:54:58.466  9833  9917 V OpmodeRegistration: registered {LocalizationTest} as {LocalizationTest}
01-31 10:54:58.466  9833  9917 V OpmodeRegistration: registered {TrackingWheelLateralDistanceTuner} as {TrackingWheelLateralDistanceTuner}
01-31 10:54:58.467  9833  9917 V OpmodeRegistration: registered {TeleopRR} as {Teleop RR}
01-31 10:54:58.467  9833  9917 V OpmodeRegistration: registered {TrackingWheelForwardOffsetTuner} as {TrackingWheelForwardOffsetTuner}
01-31 10:54:58.468  9833  9917 V OpmodeRegistration: registered {MaxAngularVeloTuner} as {MaxAngularVeloTuner}
01-31 10:54:58.469  9833  9917 V OpmodeRegistration: registered {MaxVelocityTuner} as {MaxVelocityTuner}
01-31 10:54:58.470  9833  9917 V OpmodeRegistration: registered {SplineTest} as {SplineTest}
01-31 10:54:58.470  9833  9917 V OpmodeRegistration: registered {BackAndForth} as {BackAndForth}
01-31 10:54:58.471  9833  9917 V OpmodeRegistration: registered {ManualFeedforwardTuner} as {ManualFeedforwardTuner}
01-31 10:54:58.491  9833  9917 V FtcEventLoop: Ensuring that the embedded Control Hub module is set up correctly
01-31 10:54:58.493  9833  9975 V Robocol : sending CMD_NOTIFY_ACTIVE_CONFIGURATION(63), attempt: 0
01-31 10:54:58.494  9833  9975 V Robocol : sending CMD_NOTIFY_USER_DEVICE_LIST(64), attempt: 0
01-31 10:54:58.496  9833  9975 V Robocol : sending CMD_NOTIFY_OP_MODE_LIST(65), attempt: 0
01-31 10:54:58.498  9833  9917 V RobotCore: Creating REV Robotics USB Expansion Hub Portal [(embedded)]
01-31 10:54:58.499  9833  9917 V LynxUsb : creating new [(embedded)]: 0x05e4100d
01-31 10:54:58.507  9833  9917 V FtDeviceManager: createDeviceInfoList(): 0 USB devices
01-31 10:54:58.508  9833  9917 V RobotUsbManagerCombining: FTDI driver failed to open USB device with serial number (embedded) (returned null device)
01-31 10:54:58.507  9833  9833 I pRunnable.run(): type=1400 audit(0.0:272): avc: denied { read } for name="ttyS1" dev="tmpfs" ino=6169 scontext=u:r:untrusted_app:s0:c512,c768 tcontext=u:object_r:serial_device:s0 tclass=chr_file permissive=1
01-31 10:54:58.507  9833  9833 I pRunnable.run(): type=1400 audit(0.0:273): avc: denied { write } for name="ttyS1" dev="tmpfs" ino=6169 scontext=u:r:untrusted_app:s0:c512,c768 tcontext=u:object_r:serial_device:s0 tclass=chr_file permissive=1
01-31 10:54:58.507  9833  9833 I pRunnable.run(): type=1400 audit(0.0:274): avc: denied { open } for path="/dev/ttyS1" dev="tmpfs" ino=6169 scontext=u:r:untrusted_app:s0:c512,c768 tcontext=u:object_r:serial_device:s0 tclass=chr_file permissive=1
01-31 10:54:58.510  9833  9917 V SerialPortNative: [SerialPort.cpp:150] opened(/dev/ttyS1): fd=105
01-31 10:54:58.507  9833  9833 I pRunnable.run(): type=1400 audit(0.0:275): avc: denied { ioctl } for path="/dev/ttyS1" dev="tmpfs" ino=6169 ioctlcmd=5401 scontext=u:r:untrusted_app:s0:c512,c768 tcontext=u:object_r:serial_device:s0 tclass=chr_file permissive=1
01-31 10:54:58.512  9833  9917 V RobotUsbDeviceTTY: opening serial=(embedded) file=/dev/ttyS1
01-31 10:54:58.512  9833  9917 V LynxUsb : armDevice() serial=(embedded)...
01-31 10:54:58.513  9833  9917 V LynxUsb : resetDevice() serial=(embedded)
01-31 10:54:58.514  9833  9917 V LynxModule: resetting embedded usb device: isPresent: was=true
01-31 10:54:58.869  9833  9917 V LynxUsb : ...done armDevice()
01-31 10:54:58.870  9833  9994 V RobotCore: thread: 'lynx incoming datagrams' starting...
01-31 10:54:58.870  9833  9917 V LynxUsb : 0x04cea009 on 0x05e4100d: new delegate to [(embedded)]
01-31 10:54:58.879  9833  9917 V LynxUsb : addConfiguredModule() module#=173
01-31 10:54:58.879  9833  9917 V LynxModule: pingAndQueryKnownInterfaces mod=173
01-31 10:54:58.883  9833  9994 V LynxUsb : synchronization gained: serial=(embedded)
01-31 10:54:58.906  9833  9917 V LynxModule: mod#=173 queryInterface(DEKA)=54 commands starting at 4096
01-31 10:54:58.920  9833  9917 V LynxModule: sending LynxFtdiResetControlCommand(true) wasInterrupted=false
01-31 10:54:58.926  9833  9917 V LynxModule: sendLEDPatternSteps(): steps=[Step(color=65280, msDuration=1000)]
01-31 10:54:58.932  9833  9917 V LynxModule: setAsControlHubEmbeddedModule(mod=173)
01-31 10:54:58.932  9833  9917 V EmbeddedControlHubModule: setting embedded module
01-31 10:54:58.932  9833  9917 V LynxModule: sending LynxFtdiResetControlCommand(false) wasInterrupted=false
01-31 10:54:58.935  9833  9917 V LynxModule: close(#173)
01-31 10:54:58.936  9833  9917 V LynxUsb : Verified that the embedded Control Hub module has the correct address
01-31 10:54:58.938  9833  9917 V LynxUsb : addConfiguredModule() module#=173
01-31 10:54:58.938  9833  9917 V LynxModule: pingAndQueryKnownInterfaces mod=173
01-31 10:54:58.952  9833  9917 V LynxModule: mod#=173 queryInterface(DEKA)=54 commands starting at 4096
01-31 10:54:58.963  9833  9917 V LynxModule: sending LynxFtdiResetControlCommand(true) wasInterrupted=false
01-31 10:54:58.967  9833  9917 V LynxModule: sendLEDPatternSteps(): steps=[Step(color=65280, msDuration=1000)]
01-31 10:54:58.972  9833  9917 V LynxModule: setAsControlHubEmbeddedModule(mod=173)
01-31 10:54:58.972  9833  9917 V EmbeddedControlHubModule: setting embedded module
01-31 10:54:58.972  9833  9917 I RobotCore: LynxFirmwareVersionManager: LynxI2cDeviceSynchV2
01-31 10:54:58.973  9833  9917 V LynxI2cDeviceSynch: initializeHardware() mod#=173
01-31 10:54:58.973  9833  9917 V BHI260IMU: Suppressing I2C warnings while we check for a BHI260AP IMU
01-31 10:54:58.979  9833  9917 V BHI260IMU: Found BHI260AP IMU
01-31 10:54:58.979  9833  9917 I RobotCore: LynxFirmwareVersionManager: LynxI2cDeviceSynchV2
01-31 10:54:58.979  9833  9917 V LynxI2cDeviceSynch: initializeHardware() mod#=173
01-31 10:54:58.996  9833  9917 V BHI260IMU: flashFirmwareIfNecessary() alreadyFlashed=true firmwareVersion=20
01-31 10:54:58.997  9833  9917 V LynxModule: sending LynxFtdiResetControlCommand(false) wasInterrupted=false
01-31 10:54:59.000  9833  9917 V LynxModule: close(#173)
01-31 10:54:59.001  9833  9917 V HardwareFactory: createHardwareMap()
01-31 10:54:59.001  9833  9917 V EmbeddedControlHubModule: clearing embedded module
01-31 10:54:59.013  9833  9917 V ReadXMLFileHandler: embedded lynx USB device is already present
01-31 10:54:59.014  9833  9917 V RobotCore: Creating REV Robotics USB Expansion Hub Portal [(embedded)]
01-31 10:54:59.014  9833  9917 V LynxUsb : using existing [(embedded)]: 0x05e4100d
01-31 10:54:59.015  9833  9917 V LynxUsb : 0x0f57df5c on 0x05e4100d: new delegate to [(embedded)]
01-31 10:54:59.015  9833  9917 V RobotCore: Creating Lynx Module - mod=173 parent=true
01-31 10:54:59.017  9833  9917 V RobotCore: Creating Lynx Module - mod=2 parent=false
01-31 10:54:59.019  9833  9917 V LynxUsb : addConfiguredModule() module#=173
01-31 10:54:59.019  9833  9917 V LynxModule: pingAndQueryKnownInterfaces mod=173
01-31 10:54:59.031  9833  9917 V LynxModule: mod#=173 queryInterface(DEKA)=54 commands starting at 4096
01-31 10:54:59.040  9833  9917 V LynxModule: sending LynxFtdiResetControlCommand(true) wasInterrupted=false
01-31 10:54:59.046  9833  9998 V LynxModule: received status: LynxGetModuleStatusResponse(status=0x02 alerts=0x00: Reset)
01-31 10:54:59.047  9833  9998 W HubPowerCycle: Expansion Hub 173 regained power after a complete power loss. No user Op Mode was running.
01-31 10:54:59.047  9833  9998 V LynxModule: resendCurrentPattern()
01-31 10:54:59.048  9833  9998 V LynxModule: sendLEDPatternSteps(): steps=[]
01-31 10:54:59.048  9833  9917 V LynxModule: sendLEDPatternSteps(): steps=[Step(color=65280, msDuration=1000)]
01-31 10:54:59.056  9833  9917 V LynxModule: setAsControlHubEmbeddedModule(mod=173)
01-31 10:54:59.056  9833  9917 V EmbeddedControlHubModule: setting embedded module
01-31 10:54:59.057  9833  9917 V LynxUsb : addConfiguredModule() module#=2
01-31 10:54:59.057  9833  9917 V LynxModule: pingAndQueryKnownInterfaces mod=2
01-31 10:54:59.071  9833  9917 V LynxModule: mod#=2 queryInterface(DEKA)=54 commands starting at 4096
01-31 10:54:59.079  9833  9917 V LynxModule: sending LynxFtdiResetControlCommand(true) wasInterrupted=false
01-31 10:54:59.085  9833  9917 V LynxModule: sendLEDPatternSteps(): steps=[Step(color=65280, msDuration=4500), Step(color=0, msDuration=500), Step(color=255, msDuration=500), Step(color=0, msDuration=500), Step(color=255, msDuration=500), Step(color=0, msDuration=500)]
01-31 10:54:59.088  9833  9999 V LynxModule: received status: LynxGetModuleStatusResponse(status=0x05 alerts=0x00: KeepAliveTimeout|FailSafe)
01-31 10:54:59.088  9833  9999 V LynxModule: resendCurrentPattern()
01-31 10:54:59.089  9833  9999 V LynxModule: sendLEDPatternSteps(): steps=[Step(color=65280, msDuration=4500), Step(color=0, msDuration=500), Step(color=255, msDuration=500), Step(color=0, msDuration=500), Step(color=255, msDuration=500), Step(color=0, msDuration=500)]
01-31 10:54:59.097  9833  9917 V LynxMotor: initializeHardware() mod#=173
01-31 10:54:59.141  9833  9917 V RobotCore: DcMotorImpl(type=goBILDA5202SeriesMotor)
01-31 10:54:59.141  9833  9917 V RobotCore: DcMotorImpl(type=goBILDA5202SeriesMotor)
01-31 10:54:59.141  9833  9917 V RobotCore: DcMotorImpl(type=goBILDA5202SeriesMotor)
01-31 10:54:59.142  9833  9917 V RobotCore: DcMotorImpl(type=goBILDA5202SeriesMotor)
01-31 10:54:59.143  9833  9917 V LynxServoController: initializeHardware() mod#=173
01-31 10:54:59.167  9833  9917 V LynxVoltageSensor: initializeHardware() mod#=173
01-31 10:54:59.168  9833  9917 V LynxAnalogInputController: initializeHardware() mod#=173
01-31 10:54:59.168  9833  9917 V LynxDigitalChannelController: initializeHardware() mod#=173
01-31 10:54:59.185  9833  9917 V RobotCore: Creating user sensor REV internal IMU (BHI260AP) - on Lynx module=173 bus=0
01-31 10:54:59.185  9833  9917 I RobotCore: LynxFirmwareVersionManager: LynxI2cDeviceSynchV2
01-31 10:54:59.186  9833  9917 V LynxI2cDeviceSynch: initializeHardware() mod#=173
01-31 10:54:59.188  9833  9917 V BHI260IMU: Suppressing I2C warnings while we check for a BHI260AP IMU
01-31 10:54:59.193  9833  9917 V BHI260IMU: Found BHI260AP IMU
01-31 10:54:59.199  9833  9917 V BHI260IMU: Suppressing I2C warnings while we check for a BHI260AP IMU
01-31 10:54:59.204  9833  9917 V BHI260IMU: Found BHI260AP IMU
01-31 10:54:59.227  9833  9917 D BHI260IMU: Firmware version: 20
01-31 10:54:59.249  9833  9917 V LynxMotor: initializeHardware() mod#=2
01-31 10:54:59.308  9833  9917 V RobotCore: DcMotorImpl(type=goBILDA5202SeriesMotor)
01-31 10:54:59.308  9833  9917 V RobotCore: DcMotorImpl(type=goBILDA5202SeriesMotor)
01-31 10:54:59.309  9833  9917 V LynxServoController: initializeHardware() mod#=2
01-31 10:54:59.350  9833  9917 V LynxVoltageSensor: initializeHardware() mod#=2
01-31 10:54:59.351  9833  9917 V LynxAnalogInputController: initializeHardware() mod#=2
01-31 10:54:59.352  9833  9917 V LynxDigitalChannelController: initializeHardware() mod#=2
01-31 10:54:59.380  9833  9833 I pRunnable.run(): type=1400 audit(0.0:276): avc: denied { read } for name="devices" dev="sysfs" ino=7258 scontext=u:r:untrusted_app:s0:c512,c768 tcontext=u:object_r:sysfs:s0 tclass=dir permissive=1
01-31 10:54:59.380  9833  9833 I pRunnable.run(): type=1400 audit(0.0:277): avc: denied { open } for path="/sys/bus/usb/devices" dev="sysfs" ino=7258 scontext=u:r:untrusted_app:s0:c512,c768 tcontext=u:object_r:sysfs:s0 tclass=dir permissive=1
01-31 10:54:59.379  9833  9917 V RobotCore: Creating Webcam [D5386480]
01-31 10:54:59.380  9833  9917 V CameraManager: construct(hash=0x0e734690|inst#=0)
01-31 10:54:59.382  9833  9917 D libusb  : [ 0.000938] [000026bd] libusb: debug [op_init] sysfs(/sys/bus/usb/devices) available
01-31 10:54:59.382  9833  9917 D libusb  : [ 0.001057] [000026bd] libusb: debug [op_init] sysfs can relate devices
01-31 10:54:59.382  9833  9917 D libusb  : [ 0.001106] [000026bd] libusb: debug [op_init] sysfs has complete descriptors
01-31 10:54:59.382  9833  9917 D libusb  : [ 0.001158] [000026bd] libusb: debug [op_init] sysfs has serial numbers
01-31 10:54:59.387  9833  9917 V UvcContext: construct(pointer=0xd1bbf0a0|inst#=0)
01-31 10:54:59.398  9833  9917 I RobotCore: ========= Device Information ===================================================
01-31 10:54:59.399  9833  9917 I RobotCore: Type                                               Name                           Connection
01-31 10:54:59.400  9833  9917 I RobotCore: Motor                                              FrontLeft                      USB (embedded); module 173; port 0
01-31 10:54:59.401  9833  9917 I RobotCore: Expansion Hub DC Motor Controller                  Expansion Hub 2                USB (embedded); module 2
01-31 10:54:59.402  9833  9917 I RobotCore: Expansion Hub Servo Controller                     Expansion Hub 2                USB (embedded); module 2
01-31 10:54:59.403  9833  9917 I RobotCore: Expansion Hub Voltage Sensor                       Expansion Hub 2                USB (embedded); module 2
01-31 10:54:59.403  9833  9917 I RobotCore: Expansion Hub Analog Input Controller              Expansion Hub 2                USB (embedded); module 2
01-31 10:54:59.404  9833  9917 I RobotCore: Expansion Hub Digital Channel Controller           Expansion Hub 2                USB (embedded); module 2
01-31 10:54:59.411  9833  9917 I RobotCore: Expansion Hub (HW: 20, Maj: 1, Min: 8, Eng: 2)     Expansion Hub 2                USB (embedded); module 2
01-31 10:54:59.412  9833  9917 I RobotCore: Motor                                              BackRight                      USB (embedded); module 173; port 3
01-31 10:54:59.413  9833  9917 I RobotCore: REV internal IMU (BHI260AP)                        imu                            BHI260 IMU on USB (embedded); module 173; bus 0; addr7=0x28
01-31 10:54:59.426  9833  9917 I RobotCore: Logitech C270 HD WEBCAM                            Webcam 1                       USB (D5386480)
01-31 10:54:59.427  9833  9917 I RobotCore: Motor                                              RightSlider                    USB (embedded); module 2; port 1
01-31 10:54:59.428  9833  9917 I RobotCore: Motor                                              LeftSlider                     USB (embedded); module 2; port 0
01-31 10:54:59.428  9833  9917 I RobotCore: Expansion Hub DC Motor Controller                  Control Hub                    USB (embedded); module 173
01-31 10:54:59.430  9833  9917 I RobotCore: Expansion Hub Servo Controller                     Control Hub                    USB (embedded); module 173
01-31 10:54:59.431  9833  9917 I RobotCore: Expansion Hub Voltage Sensor                       Control Hub                    USB (embedded); module 173
01-31 10:54:59.431  9833  9917 I RobotCore: Expansion Hub Analog Input Controller              Control Hub                    USB (embedded); module 173
01-31 10:54:59.432  9833  9917 I RobotCore: Expansion Hub Digital Channel Controller           Control Hub                    USB (embedded); module 173
01-31 10:54:59.436  9833  9917 I RobotCore: Expansion Hub (HW: 20, Maj: 1, Min: 8, Eng: 2)     Control Hub                    USB (embedded); module 173
01-31 10:54:59.437  9833  9917 I RobotCore: Servo                                              ClawServo                      USB (embedded); module 2; port 0
01-31 10:54:59.438  9833  9917 I RobotCore: Motor                                              FrontRight                     USB (embedded); module 173; port 1
01-31 10:54:59.438  9833  9917 I RobotCore: REV Robotics USB Expansion Hub Portal              Control Hub Portal             USB (embedded)
01-31 10:54:59.439  9833  9917 I RobotCore: Servo                                              ArmServo                       USB (embedded); module 2; port 1
01-31 10:54:59.440  9833  9917 I RobotCore: Motor                                              BackLeft                       USB (embedded); module 173; port 2
01-31 10:54:59.444  9833  9917 I RobotCore: LynxFirmwareVersionManager: LynxI2cDeviceSynchV2
01-31 10:54:59.445  9833  9917 V LynxI2cDeviceSynch: initializeHardware() mod#=173
01-31 10:54:59.445  9833  9917 V BHI260IMU: Suppressing I2C warnings while we check for a BHI260AP IMU
01-31 10:54:59.450  9833  9917 V BHI260IMU: Found BHI260AP IMU
01-31 10:54:59.455  9833  9917 I RobotCore: LynxFirmwareVersionManager: LynxI2cDeviceSynchV2
