01-29 11:05:41.302  5977  6205 D Uvc     : [jni_libusb_device.cpp:64] Java_org_firstinspires_ftc_robotcore_internal_camera_libuvc_nativeobject_LibUsbDevice_nativeReleaseRefDevice()...
01-29 11:05:41.302  5977  6205 D Uvc     : [jni_libusb_device.cpp:64] ...Java_org_firstinspires_ftc_robotcore_internal_camera_libuvc_nativeobject_LibUsbDevice_nativeReleaseRefDevice()
01-29 11:05:41.303  5977  6205 D OpenCvViewport: CheckState(): user requested that we activate
01-29 11:05:41.303  5977  6205 D OpenCvViewport: CheckState(): activating viewport
01-29 11:05:41.304  5977  6208 D OpenCvViewportRenderThread: Render thread is up!
01-29 11:05:41.304  5977  6205 D UsbResiliantWebcam: createCaptureSession()...
01-29 11:05:41.304  5977  6205 V DelCaptureSession: construct(0x06e7dfe6)
01-29 11:05:41.305  5977  6205 D UsbResiliantWebcam|DelCaptureSession: onCameraChange(null->CameraImpl(UvcDeviceHandle(pointer=0xd3ac5510|UvcDevice(/dev/bus/usb/003/003))))...
01-29 11:05:41.306  5977  6205 D UsbResiliantWebcam|DelCaptureSession: ...onCameraChange(null->CameraImpl(UvcDeviceHandle(pointer=0xd3ac5510|UvcDevice(/dev/bus/usb/003/003))))
01-29 11:05:41.307  5977  6205 D CachingExposureControl: onCameraChanged(CameraImpl(UvcDeviceHandle(pointer=0xd3ac5510|UvcDevice(/dev/bus/usb/003/003)))->CameraImpl(UvcDeviceHandle(pointer=0xd3ac5510|UvcDevice(/dev/bus/usb/003/003))))...
01-29 11:05:41.307  5977  6205 D CachingExposureControl: ...onCameraChanged(CameraImpl(UvcDeviceHandle(pointer=0xd3ac5510|UvcDevice(/dev/bus/usb/003/003)))->CameraImpl(UvcDeviceHandle(pointer=0xd3ac5510|UvcDevice(/dev/bus/usb/003/003))))
01-29 11:05:41.307  5977  6205 D UsbResiliantWebcam: ...createCaptureSession()
01-29 11:05:41.308  5977  6131 D UsbResiliantWebcam|DelCaptureSession: startCapture()...
01-29 11:05:41.308  5977  6131 V DelCaptureSequence: construct(0x08d69927)
01-29 11:05:41.309  5977  6131 D UsbResiliantWebcam|DelCaptureSequence: onCameraChange(null->CameraImpl(UvcDeviceHandle(pointer=0xd3ac5510|UvcDevice(/dev/bus/usb/003/003))))...
01-29 11:05:41.309  5977  6131 D UsbResiliantWebcam|DelCaptureSequence: pauseStreaming(Stopped)...
01-29 11:05:41.309  5977  6131 D UsbResiliantWebcam|DelCaptureSequence: ...pauseStreaming(Stopped)
01-29 11:05:41.310  5977  6131 D UsbResiliantWebcam|DelCaptureSequence: resumeStreaming(Stopped)...
01-29 11:05:41.310  5977  6131 D UsbResiliantWebcam|DelCaptureSequence: ...resumeStreaming(Stopped)
01-29 11:05:41.310  5977  6131 D UsbResiliantWebcam|DelCaptureSequence: ...onCameraChange(null->CameraImpl(UvcDeviceHandle(pointer=0xd3ac5510|UvcDevice(/dev/bus/usb/003/003))))
01-29 11:05:41.310  5977  6131 D UsbResiliantWebcam|DelCaptureSequence: startStreaming(Stopped)...
01-29 11:05:41.310  5977  6131 D UsbResiliantWebcam|DelCaptureSequence: doStreaming()...
01-29 11:05:41.310  5977  6131 V UvcApiCaptureSession: construct(0x013347d4)
01-29 11:05:41.311  5977  6207 D UsbResiliantWebcam|DelCaptureSession: camera session is configured: Webcam(D5386480)
01-29 11:05:41.311  5977  6131 V UvcApiCameraCaptureSequence: construct(0x04b05d7d)
01-29 11:05:41.312  5977  6131 D UvcDeviceHandle: getStreamControl(320x240 30)...
01-29 11:05:41.312  5977  6131 V UvcStreamCtrl: construct(0x07421472)
01-29 11:05:41.312  5977  6131 D Uvc     : [jni_devicehandle.cpp:115] Java_org_firstinspires_ftc_robotcore_internal_camera_libuvc_nativeobject_UvcDeviceHandle_nativeGetStreamControlFormatSize()...
01-29 11:05:41.312  5977  6131 V Uvc     : API: Java_org_firstinspires_ftc_robotcore_internal_camera_libuvc_nativeobject_UvcDeviceHandle_nativeGetStreamControlFormatSize: enter...
01-29 11:05:41.312  5977  6131 D Uvc     : [stream.cpp:373] uvc_get_stream_ctrl_format_size()...
01-29 11:05:41.312  5977  6131 D Uvc     : [libuvc/libuvc_internal.h:770] uvc_device_handle::claimInterface(idx=1)...
01-29 11:05:41.313  5977  6131 D UvcDevice: claimInterface(1)
01-29 11:05:41.313  5977  6131 D UvcDevice: claimInterface(1) succeeded
01-29 11:05:41.313  5977  6131 D Uvc     : [libuvc/libuvc_internal.h:783] claimInterface(1) succeeded
01-29 11:05:41.313  5977  6131 D Uvc     : [libuvc/libuvc_internal.h:770] ...uvc_device_handle::claimInterface() rc=0
01-29 11:05:41.313  5977  6131 D UvcStream: [stream.cpp:412] 320x240 30fps
01-29 11:05:41.313  5977  6131 D Uvc     : [stream.cpp:162] uvc_query_stream_ctrl()...
01-29 11:05:41.318  5977  6131 D Uvc     : [stream.cpp:162] ...uvc_query_stream_ctrl() rc=0
01-29 11:05:41.318  5977  6131 D Uvc     : [libuvc/libuvc_internal.h:793] uvc_device_handle::releaseInterface()...
01-29 11:05:41.318  5977  6131 D UvcDevice: releaseInterface(1)
01-29 11:05:41.318  5977  6131 D UvcDevice: releaseInterface(1) succeeded
01-29 11:05:41.318  5977  6131 D Uvc     : [libuvc/libuvc_internal.h:793] ...uvc_device_handle::releaseInterface() rc=0
01-29 11:05:41.318  5977  6131 D Uvc     : [stream.cpp:523] uvc_probe_stream_ctrl()...
01-29 11:05:41.318  5977  6131 D Uvc     : [libuvc/libuvc_internal.h:770] uvc_device_handle::claimInterface(idx=1)...
01-29 11:05:41.319  5977  6131 D UvcDevice: claimInterface(1)
01-29 11:05:41.319  5977  6131 D UvcDevice: claimInterface(1) succeeded
01-29 11:05:41.319  5977  6131 D Uvc     : [libuvc/libuvc_internal.h:783] claimInterface(1) succeeded
01-29 11:05:41.319  5977  6131 D Uvc     : [libuvc/libuvc_internal.h:770] ...uvc_device_handle::claimInterface() rc=0
01-29 11:05:41.319  5977  6131 D Uvc     : [stream.cpp:162] uvc_query_stream_ctrl()...
01-29 11:05:41.322  5977  6131 D Uvc     : [stream.cpp:162] ...uvc_query_stream_ctrl() rc=0
01-29 11:05:41.323  5977  6131 D Uvc     : [stream.cpp:162] uvc_query_stream_ctrl()...
01-29 11:05:41.326  5977  6131 D Uvc     : [stream.cpp:162] ...uvc_query_stream_ctrl() rc=0
01-29 11:05:41.327  5977  6131 D Uvc     : [stream.cpp:523] ...uvc_probe_stream_ctrl() rc=0
01-29 11:05:41.327  5977  6131 D Uvc     : [stream.cpp:373] ...uvc_get_stream_ctrl_format_size() rc=0
01-29 11:05:41.327  5977  6131 V Uvc     : API: Java_org_firstinspires_ftc_robotcore_internal_camera_libuvc_nativeobject_UvcDeviceHandle_nativeGetStreamControlFormatSize: ...exit
01-29 11:05:41.327  5977  6131 D Uvc     : [jni_devicehandle.cpp:115] ...Java_org_firstinspires_ftc_robotcore_internal_camera_libuvc_nativeobject_UvcDeviceHandle_nativeGetStreamControlFormatSize()
01-29 11:05:41.327  5977  6131 D UvcDeviceHandle: ...getStreamControl(320x240 30)
01-29 11:05:41.327  5977  6131 D Uvc     : [jni_streamcontrol.cpp:101] Java_org_firstinspires_ftc_robotcore_internal_camera_libuvc_nativeobject_UvcStreamCtrl_nativeOpen()...
01-29 11:05:41.327  5977  6131 V Uvc     : API: Java_org_firstinspires_ftc_robotcore_internal_camera_libuvc_nativeobject_UvcStreamCtrl_nativeOpen: enter...
01-29 11:05:41.327  5977  6131 D Uvc     : [devicehandle.cpp:46] uvc_device_handle::openStreamControl()...
01-29 11:05:41.327  5977  6131 D Uvc     : [streamhandle.cpp:58] uvc_stream_handle::claimInterface()...
01-29 11:05:41.327  5977  6131 D Uvc     : [libuvc/libuvc_internal.h:770] uvc_device_handle::claimInterface(idx=1)...
01-29 11:05:41.327  5977  6131 D UvcDevice: claimInterface(1)
01-29 11:05:41.327  5977  6131 D UvcDevice: claimInterface(1) succeeded
01-29 11:05:41.327  5977  6131 D Uvc     : [libuvc/libuvc_internal.h:783] claimInterface(1) succeeded
01-29 11:05:41.327  5977  6131 D Uvc     : [libuvc/libuvc_internal.h:770] ...uvc_device_handle::claimInterface() rc=0
01-29 11:05:41.327  5977  6131 D Uvc     : [streamhandle.cpp:58] ...uvc_stream_handle::claimInterface() rc=0
01-29 11:05:41.327  5977  6131 D Uvc     : [stream.cpp:162] uvc_query_stream_ctrl()...
01-29 11:05:41.331  5977  6131 D Uvc     : [stream.cpp:162] ...uvc_query_stream_ctrl() rc=0
01-29 11:05:41.331  5977  6131 D Uvc     : [devicehandle.cpp:46] ...uvc_device_handle::openStreamControl() rc=0
01-29 11:05:41.331  5977  6131 V Uvc     : API: Java_org_firstinspires_ftc_robotcore_internal_camera_libuvc_nativeobject_UvcStreamCtrl_nativeOpen: ...exit
01-29 11:05:41.331  5977  6131 D Uvc     : [jni_streamcontrol.cpp:101] ...Java_org_firstinspires_ftc_robotcore_internal_camera_libuvc_nativeobject_UvcStreamCtrl_nativeOpen()
01-29 11:05:41.331  5977  6131 V UvcStreamHandle: construct(pointer=0xd78a41a0)
01-29 11:05:41.332  5977  6131 D Uvc     : [jni_streamhandle.cpp:184] Java_org_firstinspires_ftc_robotcore_internal_camera_libuvc_nativeobject_UvcStreamHandle_nativeStopStreaming()...
01-29 11:05:41.332  5977  6131 V Uvc     : API: Java_org_firstinspires_ftc_robotcore_internal_camera_libuvc_nativeobject_UvcStreamHandle_nativeStopStreaming: enter...
01-29 11:05:41.332  5977  6131 D Uvc     : [stream.cpp:1514] uvc_stream_stop()...
01-29 11:05:41.332  5977  6131 D Uvc     : [stream.cpp:1514] ...uvc_stream_stop() rc=0
01-29 11:05:41.332  5977  6131 V Uvc     : API: Java_org_firstinspires_ftc_robotcore_internal_camera_libuvc_nativeobject_UvcStreamHandle_nativeStopStreaming: ...exit
01-29 11:05:41.332  5977  6131 D Uvc     : [jni_streamhandle.cpp:184] ...Java_org_firstinspires_ftc_robotcore_internal_camera_libuvc_nativeobject_UvcStreamHandle_nativeStopStreaming()
01-29 11:05:41.332  5977  6131 V UvcFrameCallback: construct(0x0b89a0c3)
01-29 11:05:41.332  5977  6131 V UvcFrameCallbackData: construct(pointer=0xd3a97cf8)
01-29 11:05:41.332  5977  6131 V Uvc     : API: Java_org_firstinspires_ftc_robotcore_internal_camera_libuvc_nativeobject_UvcStreamHandle_nativeStartStreaming: enter...
01-29 11:05:41.332  5977  6131 D Uvc     : [stream.cpp:970] uvc_stream_start_bandwidth()...
01-29 11:05:41.332  5977  6131 D Uvc     : [stream.cpp:1173] uvc_stream_handle::startIsochronousStreaming()...
01-29 11:05:41.332  5977  6131 D Uvc     : [libuvc/libuvc_internal.h:825] uvc_device_handle::setInterfaceAltSetting(setInterfaceAltSetting(intf=1 alt=11))...
01-29 11:05:41.333  5977  6131 D UvcDevice: setInterfaceAltSetting(1,11)
01-29 11:05:41.333  5977  6131 D UvcDevice: setInterfaceAltSetting(1,11) succeeded
01-29 11:05:41.334  5977  6131 D Uvc     : [libuvc/libuvc_internal.h:825] ...uvc_device_handle::setInterfaceAltSetting() rc=0
01-29 11:05:41.334  5977  6131 D Uvc     : [stream.cpp:1173] ...uvc_stream_handle::startIsochronousStreaming() rc=0
01-29 11:05:41.334  5977  6131 D Uvc     : [stream.cpp:1201] uvc_stream_handle::startUserCallbackThread()...
01-29 11:05:41.334  5977  6209 D UvcStream: [stream.cpp:1265] User Callback thread started
01-29 11:05:41.334  5977  6131 D Uvc     : [stream.cpp:1201] ...uvc_stream_handle::startUserCallbackThread() rc=0
01-29 11:05:41.334  5977  6131 D Uvc     : [stream.cpp:1221] uvc_stream_handle::submitTransfers()...
01-29 11:05:41.335  5977  6131 D Uvc     : [stream.cpp:1221] ...uvc_stream_handle::submitTransfers() rc=0
01-29 11:05:41.335  5977  6131 D Uvc     : [stream.cpp:970] ...uvc_stream_start_bandwidth() rc=0
01-29 11:05:41.336  5977  6131 D UvcStreamHandle: [jni_streamhandle.cpp:150] successfully started streaming
01-29 11:05:41.336  5977  6131 V Uvc     : API: Java_org_firstinspires_ftc_robotcore_internal_camera_libuvc_nativeobject_UvcStreamHandle_nativeStartStreaming: ...exit
01-29 11:05:41.336  5977  6131 V UvcStreamCtrl: destroy(pointer=0xd3ab5000)
01-29 11:05:41.336  5977  6131 D UsbResiliantWebcam|DelCaptureSequence: ...doStreaming()
01-29 11:05:41.336  5977  6131 D UsbResiliantWebcam|DelCaptureSequence: ...startStreaming(Stopped)
01-29 11:05:41.336  5977  6131 D UsbResiliantWebcam|DelCaptureSession: ...startCapture()
01-29 11:05:41.337  5977  6131 I System.out: OpenCvWebcam: onConfigured
01-29 11:05:41.337  5977  6205 I System.out: OpenCvWebcam: streaming started
01-29 11:05:41.337  5977  6205 I global  :  RENO - AutoRoadRunner$1.onOpened(AutoRoadRunner.java:155): Start stream to detect sleeve color.
01-29 11:05:41.343  5977  6101 D UvcStream: [stream.cpp:729] this is the UVC processTransfer() stream processing thread
01-29 11:05:41.555  5977  6209 I global  :  RENO - ObjectDetection.sleeveColorDetect(ObjectDetection.java:125): Start Opcv process to detect sleeve color.
01-29 11:05:41.556  5977  6209 I global  :  RENO - ObjectDetection.sleeveColorDetect(ObjectDetection.java:132): Sleeve max color = 0.00, 0.00, 0.00
01-29 11:05:41.556  5977  6209 I global  :  RENO - ObjectDetection.sleeveColorDetect(ObjectDetection.java:151): Sleeve position: UNKNOWN
01-29 11:05:41.589  5977  6209 I global  :  RENO - ObjectDetection.sleeveColorDetect(ObjectDetection.java:125): Start Opcv process to detect sleeve color.
01-29 11:05:41.591  5977  6209 I global  :  RENO - ObjectDetection.sleeveColorDetect(ObjectDetection.java:132): Sleeve max color = 0.00, 0.00, 0.00
01-29 11:05:41.592  5977  6209 I global  :  RENO - ObjectDetection.sleeveColorDetect(ObjectDetection.java:151): Sleeve position: UNKNOWN
01-29 11:05:41.638  5977  6209 I global  :  RENO - ObjectDetection.sleeveColorDetect(ObjectDetection.java:125): Start Opcv process to detect sleeve color.
01-29 11:05:41.639  5977  6209 I global  :  RENO - ObjectDetection.sleeveColorDetect(ObjectDetection.java:132): Sleeve max color = 0.00, 0.00, 0.00
01-29 11:05:41.640  5977  6209 I global  :  RENO - ObjectDetection.sleeveColorDetect(ObjectDetection.java:151): Sleeve position: UNKNOWN
01-29 11:05:41.689  5977  6209 I global  :  RENO - ObjectDetection.sleeveColorDetect(ObjectDetection.java:125): Start Opcv process to detect sleeve color.
01-29 11:05:41.690  5977  6209 I global  :  RENO - ObjectDetection.sleeveColorDetect(ObjectDetection.java:132): Sleeve max color = 0.00, 0.00, 0.00
01-29 11:05:41.691  5977  6209 I global  :  RENO - ObjectDetection.sleeveColorDetect(ObjectDetection.java:151): Sleeve position: UNKNOWN
01-29 11:05:41.738  5977  6209 I global  :  RENO - ObjectDetection.sleeveColorDetect(ObjectDetection.java:125): Start Opcv process to detect sleeve color.
01-29 11:05:41.739  5977  6209 I global  :  RENO - ObjectDetection.sleeveColorDetect(ObjectDetection.java:132): Sleeve max color = 0.00, 0.00, 0.00
01-29 11:05:41.740  5977  6209 I global  :  RENO - ObjectDetection.sleeveColorDetect(ObjectDetection.java:151): Sleeve position: UNKNOWN
01-29 11:05:41.789  5977  6209 I global  :  RENO - ObjectDetection.sleeveColorDetect(ObjectDetection.java:125): Start Opcv process to detect sleeve color.
01-29 11:05:41.790  5977  6209 I global  :  RENO - ObjectDetection.sleeveColorDetect(ObjectDetection.java:132): Sleeve max color = 0.00, 0.00, 0.00
01-29 11:05:41.791  5977  6209 I global  :  RENO - ObjectDetection.sleeveColorDetect(ObjectDetection.java:151): Sleeve position: UNKNOWN
01-29 11:05:41.841  5977  6209 I global  :  RENO - ObjectDetection.sleeveColorDetect(ObjectDetection.java:125): Start Opcv process to detect sleeve color.
01-29 11:05:41.843  5977  6209 I global  :  RENO - ObjectDetection.sleeveColorDetect(ObjectDetection.java:132): Sleeve max color = 0.00, 0.00, 0.00
01-29 11:05:41.844  5977  6209 I global  :  RENO - ObjectDetection.sleeveColorDetect(ObjectDetection.java:151): Sleeve position: UNKNOWN
01-29 11:05:41.892  5977  6209 I global  :  RENO - ObjectDetection.sleeveColorDetect(ObjectDetection.java:125): Start Opcv process to detect sleeve color.
01-29 11:05:41.893  5977  6209 I global  :  RENO - ObjectDetection.sleeveColorDetect(ObjectDetection.java:132): Sleeve max color = 0.00, 0.00, 0.00
01-29 11:05:41.894  5977  6209 I global  :  RENO - ObjectDetection.sleeveColorDetect(ObjectDetection.java:151): Sleeve position: UNKNOWN
01-29 11:05:41.942  5977  6209 I global  :  RENO - ObjectDetection.sleeveColorDetect(ObjectDetection.java:125): Start Opcv process to detect sleeve color.
01-29 11:05:41.943  5977  6209 I global  :  RENO - ObjectDetection.sleeveColorDetect(ObjectDetection.java:132): Sleeve max color = 0.00, 0.00, 0.00
01-29 11:05:41.944  5977  6209 I global  :  RENO - ObjectDetection.sleeveColorDetect(ObjectDetection.java:151): Sleeve position: UNKNOWN
01-29 11:05:41.992  5977  6209 I global  :  RENO - ObjectDetection.sleeveColorDetect(ObjectDetection.java:125): Start Opcv process to detect sleeve color.
01-29 11:05:41.993  5977  6209 I global  :  RENO - ObjectDetection.sleeveColorDetect(ObjectDetection.java:132): Sleeve max color = 0.00, 0.00, 0.00
01-29 11:05:41.993  5977  6209 I global  :  RENO - ObjectDetection.sleeveColorDetect(ObjectDetection.java:151): Sleeve position: UNKNOWN
01-29 11:05:42.042  5977  6209 I global  :  RENO - ObjectDetection.sleeveColorDetect(ObjectDetection.java:125): Start Opcv process to detect sleeve color.
01-29 11:05:42.043  5977  6209 I global  :  RENO - ObjectDetection.sleeveColorDetect(ObjectDetection.java:132): Sleeve max color = 0.00, 0.00, 0.00
01-29 11:05:42.044  5977  6209 I global  :  RENO - ObjectDetection.sleeveColorDetect(ObjectDetection.java:151): Sleeve position: UNKNOWN
01-29 11:05:42.089  5977  6209 I global  :  RENO - ObjectDetection.sleeveColorDetect(ObjectDetection.java:125): Start Opcv process to detect sleeve color.
01-29 11:05:42.090  5977  6209 I global  :  RENO - ObjectDetection.sleeveColorDetect(ObjectDetection.java:132): Sleeve max color = 0.00, 0.00, 0.00
01-29 11:05:42.091  5977  6209 I global  :  RENO - ObjectDetection.sleeveColorDetect(ObjectDetection.java:151): Sleeve position: UNKNOWN
01-29 11:05:42.141  5977  6209 I global  :  RENO - ObjectDetection.sleeveColorDetect(ObjectDetection.java:125): Start Opcv process to detect sleeve color.
01-29 11:05:42.142  5977  6209 I global  :  RENO - ObjectDetection.sleeveColorDetect(ObjectDetection.java:132): Sleeve max color = 0.00, 0.00, 0.00
01-29 11:05:42.143  5977  6209 I global  :  RENO - ObjectDetection.sleeveColorDetect(ObjectDetection.java:151): Sleeve position: UNKNOWN
01-29 11:05:42.190  5977  6209 I global  :  RENO - ObjectDetection.sleeveColorDetect(ObjectDetection.java:125): Start Opcv process to detect sleeve color.
01-29 11:05:42.191  5977  6209 I global  :  RENO - ObjectDetection.sleeveColorDetect(ObjectDetection.java:132): Sleeve max color = 0.00, 0.00, 0.00
01-29 11:05:42.192  5977  6209 I global  :  RENO - ObjectDetection.sleeveColorDetect(ObjectDetection.java:151): Sleeve position: UNKNOWN
01-29 11:05:42.241  5977  6209 I global  :  RENO - ObjectDetection.sleeveColorDetect(ObjectDetection.java:125): Start Opcv process to detect sleeve color.
01-29 11:05:42.242  5977  6209 I global  :  RENO - ObjectDetection.sleeveColorDetect(ObjectDetection.java:132): Sleeve max color = 0.00, 0.00, 0.00
01-29 11:05:42.243  5977  6209 I global  :  RENO - ObjectDetection.sleeveColorDetect(ObjectDetection.java:151): Sleeve position: UNKNOWN
01-29 11:05:42.293  5977  6209 I global  :  RENO - ObjectDetection.sleeveColorDetect(ObjectDetection.java:125): Start Opcv process to detect sleeve color.
01-29 11:05:42.294  5977  6209 I global  :  RENO - ObjectDetection.sleeveColorDetect(ObjectDetection.java:132): Sleeve max color = 203069.00, 200168.00, 202039.00
01-29 11:05:42.295  5977  6209 I global  :  RENO - ObjectDetection.sleeveColorDetect(ObjectDetection.java:151): Sleeve position: LEFT
01-29 11:05:42.295  5977  6204 I global  :  RENO - AutoRoadRunner.runOpMode(AutoRoadRunner.java:191): Parking Lot position: LEFT
01-29 11:05:42.341  5977  6209 I global  :  RENO - ObjectDetection.sleeveColorDetect(ObjectDetection.java:125): Start Opcv process to detect sleeve color.
01-29 11:05:42.342  5977  6209 I global  :  RENO - ObjectDetection.sleeveColorDetect(ObjectDetection.java:132): Sleeve max color = 202841.00, 200038.00, 201968.00
01-29 11:05:42.343  5977  6209 I global  :  RENO - ObjectDetection.sleeveColorDetect(ObjectDetection.java:151): Sleeve position: LEFT
01-29 11:05:42.393  5977  6209 I global  :  RENO - ObjectDetection.sleeveColorDetect(ObjectDetection.java:125): Start Opcv process to detect sleeve color.
01-29 11:05:42.394  5977  6209 I global  :  RENO - ObjectDetection.sleeveColorDetect(ObjectDetection.java:132): Sleeve max color = 202429.00, 199989.00, 201191.00
01-29 11:05:42.395  5977  6209 I global  :  RENO - ObjectDetection.sleeveColorDetect(ObjectDetection.java:151): Sleeve position: LEFT
01-29 11:05:42.441  5977  6209 I global  :  RENO - ObjectDetection.sleeveColorDetect(ObjectDetection.java:125): Start Opcv process to detect sleeve color.
01-29 11:05:42.442  5977  6209 I global  :  RENO - ObjectDetection.sleeveColorDetect(ObjectDetection.java:132): Sleeve max color = 201779.00, 199766.00, 200843.00
01-29 11:05:42.443  5977  6209 I global  :  RENO - ObjectDetection.sleeveColorDetect(ObjectDetection.java:151): Sleeve position: LEFT
01-29 11:05:42.496  5977  6209 I global  :  RENO - ObjectDetection.sleeveColorDetect(ObjectDetection.java:125): Start Opcv process to detect sleeve color.
01-29 11:05:42.497  5977  6209 I global  :  RENO - ObjectDetection.sleeveColorDetect(ObjectDetection.java:132): Sleeve max color = 205895.00, 198602.00, 200742.00
01-29 11:05:42.497  5977  6209 I global  :  RENO - ObjectDetection.sleeveColorDetect(ObjectDetection.java:151): Sleeve position: LEFT
01-29 11:05:42.544  5977  6209 I global  :  RENO - ObjectDetection.sleeveColorDetect(ObjectDetection.java:125): Start Opcv process to detect sleeve color.
01-29 11:05:42.545  5977  6209 I global  :  RENO - ObjectDetection.sleeveColorDetect(ObjectDetection.java:132): Sleeve max color = 206091.00, 198437.00, 200363.00
01-29 11:05:42.546  5977  6209 I global  :  RENO - ObjectDetection.sleeveColorDetect(ObjectDetection.java:151): Sleeve position: LEFT
01-29 11:05:42.596  5977  6209 I global  :  RENO - ObjectDetection.sleeveColorDetect(ObjectDetection.java:125): Start Opcv process to detect sleeve color.
01-29 11:05:42.597  5977  6209 I global  :  RENO - ObjectDetection.sleeveColorDetect(ObjectDetection.java:132): Sleeve max color = 205739.00, 197798.00, 200112.00
01-29 11:05:42.599  5977  6209 I global  :  RENO - ObjectDetection.sleeveColorDetect(ObjectDetection.java:151): Sleeve position: LEFT
01-29 11:05:42.642  5977  6209 I global  :  RENO - ObjectDetection.sleeveColorDetect(ObjectDetection.java:125): Start Opcv process to detect sleeve color.
01-29 11:05:42.643  5977  6209 I global  :  RENO - ObjectDetection.sleeveColorDetect(ObjectDetection.java:132): Sleeve max color = 204250.00, 197885.00, 200035.00
01-29 11:05:42.644  5977  6209 I global  :  RENO - ObjectDetection.sleeveColorDetect(ObjectDetection.java:151): Sleeve position: LEFT
01-29 11:05:42.693  5977  6209 I global  :  RENO - ObjectDetection.sleeveColorDetect(ObjectDetection.java:125): Start Opcv process to detect sleeve color.
01-29 11:05:42.694  5977  6209 I global  :  RENO - ObjectDetection.sleeveColorDetect(ObjectDetection.java:132): Sleeve max color = 203852.00, 197790.00, 199492.00
01-29 11:05:42.695  5977  6209 I global  :  RENO - ObjectDetection.sleeveColorDetect(ObjectDetection.java:151): Sleeve position: LEFT
01-29 11:05:42.745  5977  6209 I global  :  RENO - ObjectDetection.sleeveColorDetect(ObjectDetection.java:125): Start Opcv process to detect sleeve color.
01-29 11:05:42.746  5977  6209 I global  :  RENO - ObjectDetection.sleeveColorDetect(ObjectDetection.java:132): Sleeve max color = 203775.00, 197526.00, 199829.00
01-29 11:05:42.747  5977  6209 I global  :  RENO - ObjectDetection.sleeveColorDetect(ObjectDetection.java:151): Sleeve position: LEFT
01-29 11:05:42.793  5977  6209 I global  :  RENO - ObjectDetection.sleeveColorDetect(ObjectDetection.java:125): Start Opcv process to detect sleeve color.
01-29 11:05:42.794  5977  6209 I global  :  RENO - ObjectDetection.sleeveColorDetect(ObjectDetection.java:132): Sleeve max color = 201918.00, 197946.00, 199598.00
01-29 11:05:42.795  5977  6209 I global  :  RENO - ObjectDetection.sleeveColorDetect(ObjectDetection.java:151): Sleeve position: LEFT
01-29 11:05:42.845  5977  6209 I global  :  RENO - ObjectDetection.sleeveColorDetect(ObjectDetection.java:125): Start Opcv process to detect sleeve color.
01-29 11:05:42.847  5977  6209 I global  :  RENO - ObjectDetection.sleeveColorDetect(ObjectDetection.java:132): Sleeve max color = 201685.00, 197838.00, 199524.00
01-29 11:05:42.847  5977  6209 I global  :  RENO - ObjectDetection.sleeveColorDetect(ObjectDetection.java:151): Sleeve position: LEFT
01-29 11:05:42.894  5977  6209 I global  :  RENO - ObjectDetection.sleeveColorDetect(ObjectDetection.java:125): Start Opcv process to detect sleeve color.
01-29 11:05:42.895  5977  6209 I global  :  RENO - ObjectDetection.sleeveColorDetect(ObjectDetection.java:132): Sleeve max color = 201367.00, 197851.00, 199195.00
01-29 11:05:42.895  5977  6209 I global  :  RENO - ObjectDetection.sleeveColorDetect(ObjectDetection.java:151): Sleeve position: LEFT
01-29 11:05:42.945  5977  6209 I global  :  RENO - ObjectDetection.sleeveColorDetect(ObjectDetection.java:125): Start Opcv process to detect sleeve color.
01-29 11:05:42.947  5977  6209 I global  :  RENO - ObjectDetection.sleeveColorDetect(ObjectDetection.java:132): Sleeve max color = 199966.00, 198001.00, 198953.00
01-29 11:05:42.947  5977  6209 I global  :  RENO - ObjectDetection.sleeveColorDetect(ObjectDetection.java:151): Sleeve position: LEFT
01-29 11:05:42.994  5977  6209 I global  :  RENO - ObjectDetection.sleeveColorDetect(ObjectDetection.java:125): Start Opcv process to detect sleeve color.
01-29 11:05:42.996  5977  6209 I global  :  RENO - ObjectDetection.sleeveColorDetect(ObjectDetection.java:132): Sleeve max color = 200276.00, 198172.00, 199305.00
01-29 11:05:42.996  5977  6209 I global  :  RENO - ObjectDetection.sleeveColorDetect(ObjectDetection.java:151): Sleeve position: LEFT
01-29 11:05:43.045  5977  6209 I global  :  RENO - ObjectDetection.sleeveColorDetect(ObjectDetection.java:125): Start Opcv process to detect sleeve color.
01-29 11:05:43.046  5977  6209 I global  :  RENO - ObjectDetection.sleeveColorDetect(ObjectDetection.java:132): Sleeve max color = 200416.00, 198334.00, 199373.00
01-29 11:05:43.047  5977  6209 I global  :  RENO - ObjectDetection.sleeveColorDetect(ObjectDetection.java:151): Sleeve position: LEFT
01-29 11:05:43.093  5977  6209 I global  :  RENO - ObjectDetection.sleeveColorDetect(ObjectDetection.java:125): Start Opcv process to detect sleeve color.
01-29 11:05:43.094  5977  6209 I global  :  RENO - ObjectDetection.sleeveColorDetect(ObjectDetection.java:132): Sleeve max color = 200961.00, 198444.00, 199366.00
01-29 11:05:43.095  5977  6209 I global  :  RENO - ObjectDetection.sleeveColorDetect(ObjectDetection.java:151): Sleeve position: LEFT
01-29 11:05:43.145  5977  6209 I global  :  RENO - ObjectDetection.sleeveColorDetect(ObjectDetection.java:125): Start Opcv process to detect sleeve color.
01-29 11:05:43.147  5977  6209 I global  :  RENO - ObjectDetection.sleeveColorDetect(ObjectDetection.java:132): Sleeve max color = 201253.00, 198526.00, 200100.00
01-29 11:05:43.148  5977  6209 I global  :  RENO - ObjectDetection.sleeveColorDetect(ObjectDetection.java:151): Sleeve position: LEFT
01-29 11:05:43.198  5977  6209 I global  :  RENO - ObjectDetection.sleeveColorDetect(ObjectDetection.java:125): Start Opcv process to detect sleeve color.
01-29 11:05:43.199  5977  6209 I global  :  RENO - ObjectDetection.sleeveColorDetect(ObjectDetection.java:132): Sleeve max color = 201381.00, 199083.00, 200550.00
01-29 11:05:43.200  5977  6209 I global  :  RENO - ObjectDetection.sleeveColorDetect(ObjectDetection.java:151): Sleeve position: LEFT
01-29 11:05:43.244  5977  6074 V Robocol : received command: CMD_RUN_OP_MODE(10568) auto RR right
01-29 11:05:43.247  5977  6209 I global  :  RENO - ObjectDetection.sleeveColorDetect(ObjectDetection.java:125): Start Opcv process to detect sleeve color.
01-29 11:05:43.252  5977  6209 I global  :  RENO - ObjectDetection.sleeveColorDetect(ObjectDetection.java:132): Sleeve max color = 201757.00, 199791.00, 200149.00
01-29 11:05:43.253  5977  6209 I global  :  RENO - ObjectDetection.sleeveColorDetect(ObjectDetection.java:151): Sleeve position: LEFT
01-29 11:05:43.271  5977  6077 V Robocol : sending CMD_NOTIFY_RUN_OP_MODE(638), attempt: 0
01-29 11:05:43.298  5977  6209 I global  :  RENO - ObjectDetection.sleeveColorDetect(ObjectDetection.java:125): Start Opcv process to detect sleeve color.
01-29 11:05:43.300  5977  6209 I global  :  RENO - ObjectDetection.sleeveColorDetect(ObjectDetection.java:132): Sleeve max color = 201930.00, 199982.00, 200500.00
01-29 11:05:43.301  5977  6209 I global  :  RENO - ObjectDetection.sleeveColorDetect(ObjectDetection.java:151): Sleeve position: LEFT
01-29 11:05:43.306  5977  6204 I System.out: stopRecordingPipeline()
01-29 11:05:43.306  5977  6204 I System.out: ...stopRecordingPipeline()
01-29 11:05:43.307  5977  6204 D UsbResiliantWebcam|DelCaptureSession: stopCapture()...
01-29 11:05:43.308  5977  6204 D UsbResiliantWebcam|DelCaptureSequence: undoStreaming()...
01-29 11:05:43.308  5977  6204 D UvcApiCaptureSession: stopCapture()...
01-29 11:05:43.308  5977  6204 D Uvc     : [jni_streamhandle.cpp:184] Java_org_firstinspires_ftc_robotcore_internal_camera_libuvc_nativeobject_UvcStreamHandle_nativeStopStreaming()...
01-29 11:05:43.308  5977  6204 V Uvc     : API: Java_org_firstinspires_ftc_robotcore_internal_camera_libuvc_nativeobject_UvcStreamHandle_nativeStopStreaming: enter...
01-29 11:05:43.308  5977  6204 D Uvc     : [stream.cpp:1514] uvc_stream_stop()...
01-29 11:05:43.308  5977  6204 D UvcStream: [stream.cpp:1542] cancelling extant transfers
01-29 11:05:43.315  5977  5977 D OpenCvViewport: surfaceDestroyed()
01-29 11:05:43.315  5977  5977 D OpenCvViewport: CheckState(): lifecycle mandates deactivation regardless of user
01-29 11:05:43.315  5977  5977 D OpenCvViewport: CheckState(): deactivating viewport
01-29 11:05:43.315  5977  6208 W System.err: java.lang.InterruptedException
01-29 11:05:43.315  5977  6208 W System.err: 	at java.lang.Object.wait(Native Method)
01-29 11:05:43.315  5977  6208 W System.err: 	at org.firstinspires.ftc.robotcore.internal.collections.EvictingBlockingQueue.take(EvictingBlockingQueue.java:143)
01-29 11:05:43.316  5977  6208 W System.err: 	at org.openftc.easyopencv.OpenCvViewport$RenderThread.run(OpenCvViewport.java:554)
01-29 11:05:43.316  5977  6208 D OpenCvViewportRenderThread: About to exit
01-29 11:05:43.316  5977  5977 D OpenCvViewport: ...surfaceDestroyed()
01-29 11:05:43.347  5977  6204 D Uvc     : [stream.cpp:1471] (waitForAllTransfers(waiting for cancelled transfers))...
01-29 11:05:43.349  5977  6204 D UvcStream: [stream.cpp:1485] no extant active transfers: continuing
01-29 11:05:43.349  5977  6204 D Uvc     : [stream.cpp:1471] ...()
01-29 11:05:43.349  5977  6204 D Uvc     : [stream.cpp:1189] uvc_stream_handle::stopIsochronousStreaming()...
01-29 11:05:43.349  5977  6204 D Uvc     : [libuvc/libuvc_internal.h:825] uvc_device_handle::setInterfaceAltSetting(setInterfaceAltSetting(intf=1 alt=0))...
01-29 11:05:43.349  5977  6204 D UvcDevice: setInterfaceAltSetting(1,0)
01-29 11:05:43.350  5977  6204 D UvcDevice: setInterfaceAltSetting(1,0) succeeded
01-29 11:05:43.350  5977  6204 D Uvc     : [libuvc/libuvc_internal.h:825] ...uvc_device_handle::setInterfaceAltSetting() rc=0
01-29 11:05:43.350  5977  6204 D Uvc     : [stream.cpp:1189] ...uvc_stream_handle::stopIsochronousStreaming() rc=0
01-29 11:05:43.350  5977  6204 D UvcStream: [stream.cpp:1558] awakening user thread
01-29 11:05:43.350  5977  6204 D UvcStream: [stream.cpp:1567] waiting for user callback thread to finish
01-29 11:05:43.350  5977  6204 D Uvc     : [stream.cpp:1514] ...uvc_stream_stop() rc=0
01-29 11:05:43.350  5977  6209 D UvcStream: [stream.cpp:1329] user callback thread stopped
01-29 11:05:43.350  5977  6204 V Uvc     : API: Java_org_firstinspires_ftc_robotcore_internal_camera_libuvc_nativeobject_UvcStreamHandle_nativeStopStreaming: ...exit
01-29 11:05:43.350  5977  6204 D Uvc     : [jni_streamhandle.cpp:184] ...Java_org_firstinspires_ftc_robotcore_internal_camera_libuvc_nativeobject_UvcStreamHandle_nativeStopStreaming()
01-29 11:05:43.351  5977  6204 V UvcFrameCallback: destroy(hash=0x0b89a0c3)
01-29 11:05:43.352  5977  6204 V UvcFrameCallbackData: destroy(pointer=0xd3a97cf8)
01-29 11:05:43.353  5977  6204 V Uvc     : API: Java_org_firstinspires_ftc_robotcore_internal_camera_libuvc_nativeobject_UvcFrameCallback_nativeReleaseCallbackState: enter...
01-29 11:05:43.353  5977  6204 V Uvc     : API: Java_org_firstinspires_ftc_robotcore_internal_camera_libuvc_nativeobject_UvcFrameCallback_nativeReleaseCallbackState: ...exit
01-29 11:05:43.353  5977  6204 V UvcStreamHandle: destroy(pointer=0xd78a41a0)
01-29 11:05:43.353  5977  6204 D Uvc     : [jni_streamhandle.cpp:184] Java_org_firstinspires_ftc_robotcore_internal_camera_libuvc_nativeobject_UvcStreamHandle_nativeStopStreaming()...
01-29 11:05:43.353  5977  6204 V Uvc     : API: Java_org_firstinspires_ftc_robotcore_internal_camera_libuvc_nativeobject_UvcStreamHandle_nativeStopStreaming: enter...
01-29 11:05:43.353  5977  6204 D Uvc     : [stream.cpp:1514] uvc_stream_stop()...
01-29 11:05:43.353  5977  6204 D Uvc     : [stream.cpp:1514] ...uvc_stream_stop() rc=0
01-29 11:05:43.353  5977  6204 V Uvc     : API: Java_org_firstinspires_ftc_robotcore_internal_camera_libuvc_nativeobject_UvcStreamHandle_nativeStopStreaming: ...exit
01-29 11:05:43.353  5977  6204 D Uvc     : [jni_streamhandle.cpp:184] ...Java_org_firstinspires_ftc_robotcore_internal_camera_libuvc_nativeobject_UvcStreamHandle_nativeStopStreaming()
01-29 11:05:43.353  5977  6204 D Uvc     : [jni_streamhandle.cpp:200] Java_org_firstinspires_ftc_robotcore_internal_camera_libuvc_nativeobject_UvcStreamHandle_nativeCloseStreamHandle()...
01-29 11:05:43.353  5977  6204 V Uvc     : API: Java_org_firstinspires_ftc_robotcore_internal_camera_libuvc_nativeobject_UvcStreamHandle_nativeCloseStreamHandle: enter...
01-29 11:05:43.353  5977  6204 D Uvc     : [stream.cpp:1584] uvc_stream_close()...
01-29 11:05:43.353  5977  6204 D Uvc     : [streamhandle.cpp:45] uvc_stream_handle::~uvc_stream_handle()...
01-29 11:05:43.353  5977  6204 D Uvc     : [streamhandle.cpp:66] uvc_stream_handle::releaseInterface()...
01-29 11:05:43.353  5977  6204 D Uvc     : [libuvc/libuvc_internal.h:793] uvc_device_handle::releaseInterface()...
01-29 11:05:43.353  5977  6204 D UvcDevice: releaseInterface(1)
01-29 11:05:43.353  5977  6204 D UvcDevice: releaseInterface(1) succeeded
01-29 11:05:43.354  5977  6204 D Uvc     : [libuvc/libuvc_internal.h:793] ...uvc_device_handle::releaseInterface() rc=0
01-29 11:05:43.354  5977  6204 D Uvc     : [streamhandle.cpp:66] ...uvc_stream_handle::releaseInterface()
01-29 11:05:43.354  5977  6204 D Uvc     : [streamhandle.cpp:45] ...uvc_stream_handle::~uvc_stream_handle()
01-29 11:05:43.354  5977  6204 D Uvc     : [stream.cpp:1584] ...uvc_stream_close()
01-29 11:05:43.354  5977  6204 V Uvc     : API: Java_org_firstinspires_ftc_robotcore_internal_camera_libuvc_nativeobject_UvcStreamHandle_nativeCloseStreamHandle: ...exit
01-29 11:05:43.354  5977  6204 D Uvc     : [jni_streamhandle.cpp:200] ...Java_org_firstinspires_ftc_robotcore_internal_camera_libuvc_nativeobject_UvcStreamHandle_nativeCloseStreamHandle()
01-29 11:05:43.354  5977  6204 V UvcApiCameraCaptureSequence: destroy(hash=0x04b05d7d)
01-29 11:05:43.354  5977  6131 D RobotCore: capture sequence DelegatingCaptureSequenceId(1) reports completed: lastFrame=110
01-29 11:05:43.354  5977  6204 D UvcApiCaptureSession: ...stopCapture()
01-29 11:05:43.355  5977  6204 D UvcApiCaptureSession: doClose()...
01-29 11:05:43.355  5977  6204 D UvcApiCaptureSession: ...doClose()
01-29 11:05:43.355  5977  6204 D UsbResiliantWebcam|DelCaptureSequence: ...undoStreaming()
01-29 11:05:43.355  5977  6207 D UsbResiliantWebcam|DelCaptureSession: camera session is closed: Webcam(D5386480)
01-29 11:05:43.355  5977  6207 V UvcApiCaptureSession: destroy(hash=0x013347d4)
01-29 11:05:43.355  5977  6204 V UsbResiliantWebcam|DelCaptureSequence: destroy(hash=0x08d69927)
01-29 11:05:43.355  5977  6207 D UvcApiCaptureSession: destructor...
01-29 11:05:43.355  5977  6204 D UsbResiliantWebcam|DelCaptureSession: ...stopCapture()
01-29 11:05:43.355  5977  6131 D RobotCore: capture sequence DelegatingCaptureSequenceId(1) reports completed: lastFrame=110
01-29 11:05:43.356  5977  6204 D UsbResiliantWebcam|DelCaptureSession: doClose()...
01-29 11:05:43.356  5977  6207 D UvcApiCaptureSession: ...destructor
01-29 11:05:43.356  5977  6204 D UsbResiliantWebcam|DelCaptureSession: ...doClose()
01-29 11:05:43.356  5977  6204 V UsbResiliantWebcam|DelCaptureSession: destroy(hash=0x06e7dfe6)
01-29 11:05:43.356  5977  6204 D UsbResiliantWebcam|DelCaptureSession: destructor()...
01-29 11:05:43.356  5977  6204 D UsbResiliantWebcam|DelCaptureSession: ...destructor()
01-29 11:05:43.357  5977  6204 V CameraImpl: destroy(hash=0x015c134b)
01-29 11:05:43.357  5977  6204 D UsbResiliantWebcam: CameraImpl.destructor()...
01-29 11:05:43.357  5977  6204 D UsbResiliantWebcam: externalDestructor()...
01-29 11:05:43.357  5977  6204 V CameraImpl: destroy(hash=0x03a1732f)
01-29 11:05:43.357  5977  6207 D CameraManager: camera reports closed: CameraImpl(UsbResiliantWebcam(Webcam(D5386480)))
01-29 11:05:43.357  5977  6204 D UvcDeviceHandle: CameraImpl.destructor()...
01-29 11:05:43.358  5977  6204 D UvcDeviceHandle: externalDestructor()...
01-29 11:05:43.359  5977  6204 D UsbResiliantWebcam: changeDelegatedCamera(CameraImpl(UvcDeviceHandle(pointer=0xd3ac5510|UvcDevice(/dev/bus/usb/003/003)))->null)...
01-29 11:05:43.359  5977  6204 D CachingExposureControl: onCameraChanged(CameraImpl(UvcDeviceHandle(pointer=0xd3ac5510|UvcDevice(/dev/bus/usb/003/003)))->null)...
01-29 11:05:43.359  5977  6204 D CachingExposureControl: ...onCameraChanged(CameraImpl(UvcDeviceHandle(pointer=0xd3ac5510|UvcDevice(/dev/bus/usb/003/003)))->null)
01-29 11:05:43.359  5977  6204 D UsbResiliantWebcam: ...changeDelegatedCamera(CameraImpl(UvcDeviceHandle(pointer=0xd3ac5510|UvcDevice(/dev/bus/usb/003/003)))->null)
01-29 11:05:43.360  5977  6204 D UvcDeviceHandle: ...externalDestructor()
01-29 11:05:43.360  5977  6204 V UvcDeviceHandle: destroy(pointer=0xd3ac5510)
01-29 11:05:43.360  5977  6204 D UvcDeviceHandle: destructor...
01-29 11:05:43.360  5977  6204 D Uvc     : [jni_devicehandle.cpp:87] Java_org_firstinspires_ftc_robotcore_internal_camera_libuvc_nativeobject_UvcDeviceHandle_nativeReleaseRefDeviceHandle()...
01-29 11:05:43.360  5977  6204 V Uvc     : API: Java_org_firstinspires_ftc_robotcore_internal_camera_libuvc_nativeobject_UvcDeviceHandle_nativeReleaseRefDeviceHandle: enter...
01-29 11:05:43.360  5977  6204 D Uvc     : [libuvc/libuvc_internal.h:872] uvc_device_handle::~uvc_device_handle()...
01-29 11:05:43.360  5977  6204 D Uvc     : [libuvc/libuvc_internal.h:840] uvc_device_handle::deconstruct()...
01-29 11:05:43.360  5977  6204 D Uvc     : [libuvc/libuvc_internal.h:751] uvc_device_handle::stop()...
01-29 11:05:43.360  5977  6204 D Uvc     : [libuvc/libuvc_internal.h:751] ...uvc_device_handle::stop()
01-29 11:05:43.360  5977  6204 D Uvc     : [libuvc/libuvc_internal.h:865] uvc_device_handle::close()...
01-29 11:05:43.361  5977  6204 E libusb  : [37.238656] [0000183c] libusb: error [do_close] Device handle closed while transfer was still being processed, but the device is still connected as far as we know
01-29 11:05:43.361  5977  6204 E libusb  : [37.238733] [0000183c] libusb: error [do_close] A cancellation hasn't even been scheduled on the transfer for which the device is closing
01-29 11:05:43.361  5977  6204 D Uvc     : [libuvc/libuvc_internal.h:865] ...uvc_device_handle::close()
01-29 11:05:43.361  5977  6204 D Uvc     : [libuvc/libuvc_internal.h:840] ...uvc_device_handle::deconstruct()
01-29 11:05:43.361  5977  6204 D Uvc     : [device.cpp:433] uvc_free_device_info()...
01-29 11:05:43.361  5977  6204 D Uvc     : [device.cpp:433] ...uvc_free_device_info()
01-29 11:05:43.361  5977  6204 D Uvc     : [libuvc/libuvc_internal.h:872] ...uvc_device_handle::~uvc_device_handle()
01-29 11:05:43.361  5977  6204 V Uvc     : API: Java_org_firstinspires_ftc_robotcore_internal_camera_libuvc_nativeobject_UvcDeviceHandle_nativeReleaseRefDeviceHandle: ...exit
01-29 11:05:43.361  5977  6204 D Uvc     : [jni_devicehandle.cpp:87] ...Java_org_firstinspires_ftc_robotcore_internal_camera_libuvc_nativeobject_UvcDeviceHandle_nativeReleaseRefDeviceHandle()
01-29 11:05:43.361  5977  6204 V UvcDevice: destroy(pointer=0xd78c7128|/dev/bus/usb/003/003)
01-29 11:05:43.361  5977  6204 D UsbDeviceConnectionJNI: close
01-29 11:05:43.362  5977  6204 D Uvc     : [jni_device.cpp:126] Java_org_firstinspires_ftc_robotcore_internal_camera_libuvc_nativeobject_UvcDevice_nativeReleaseRefDevice()...
01-29 11:05:43.362  5977  6204 V Uvc     : API: Java_org_firstinspires_ftc_robotcore_internal_camera_libuvc_nativeobject_UvcDevice_nativeReleaseRefDevice: enter...
01-29 11:05:43.362  5977  6204 D Uvc     : [device.cpp:882] uvc_unref_device()...
01-29 11:05:43.364  5977  6204 D Uvc     : [device.cpp:882] ...uvc_unref_device()
01-29 11:05:43.364  5977  6204 V Uvc     : API: Java_org_firstinspires_ftc_robotcore_internal_camera_libuvc_nativeobject_UvcDevice_nativeReleaseRefDevice: ...exit
01-29 11:05:43.364  5977  6204 D Uvc     : [jni_device.cpp:126] ...Java_org_firstinspires_ftc_robotcore_internal_camera_libuvc_nativeobject_UvcDevice_nativeReleaseRefDevice()
01-29 11:05:43.364  5977  6204 V LibUsbDevice: destroy(pointer=0xd78b34a0)
01-29 11:05:43.364  5977  6204 D Uvc     : [jni_libusb_device.cpp:64] Java_org_firstinspires_ftc_robotcore_internal_camera_libuvc_nativeobject_LibUsbDevice_nativeReleaseRefDevice()...
01-29 11:05:43.364  5977  6204 D Uvc     : [jni_libusb_device.cpp:64] ...Java_org_firstinspires_ftc_robotcore_internal_camera_libuvc_nativeobject_LibUsbDevice_nativeReleaseRefDevice()
01-29 11:05:43.365  5977  6204 D UvcDeviceHandle: ...destructor
01-29 11:05:43.365  5977  6204 D UvcDeviceHandle: ...CameraImpl.destructor()
01-29 11:05:43.365  5977  6204 D UsbResiliantWebcam: ...externalDestructor()
01-29 11:05:43.365  5977  6204 V UsbResiliantWebcam: destroy(hash=0x042b8010)
01-29 11:05:43.365  5977  6204 D UsbResiliantWebcam: destructor()...
01-29 11:05:43.366  5977  6204 D UsbResiliantWebcam: ...destructor()
01-29 11:05:43.366  5977  6204 D UsbResiliantWebcam: ...CameraImpl.destructor()
01-29 11:05:44.684  5977  6074 V Robocol : received command: CMD_INIT_OP_MODE(10588) $Stop$Robot$
01-29 11:05:44.695  5977  6075 I RobotCore: ******************** STOP - OPMODE /storage/emulated/0/FIRST/matchlogs/Match-0-auto_RR_right.txt ********************
01-29 11:05:44.703  5977  6230 I RobotCore: saving match logcat to /storage/emulated/0/FIRST/matchlogs/Match-0-auto_RR_right.txt
01-29 11:05:44.703  5977  6230 I RobotCore: logging command line: exec logcat -d -T '1-29 11:5:40.000' -f '/storage/emulated/0/FIRST/matchlogs/Match-0-auto_RR_right.txt' -n4 -v threadtime UsbRequestJNI:S UsbRequest:S art:W ThreadPool:W System:W ExtendedExtractor:W OMXClient:W MediaPlayer:W dalvikvm:W  *:V
01-29 11:05:44.706  5977  6204 I global  :  RENO - AutoRoadRunner.rrUnloadCone(AutoRoadRunner.java:430): Wait before unloading claw open.
01-29 11:05:44.710  5977  6204 I global  :  RENO - AutoRoadRunner.rrUnloadCone(AutoRoadRunner.java:435): Auto unload - Cone has been unloaded.
01-29 11:05:44.734  5977  6204 I global  :  RENO - AutoRoadRunner.moveFromJunctionToConeStack(AutoRoadRunner.java:451): Arrived cone stack
01-29 11:05:44.736  5977  6204 I global  :  RENO - AutoRoadRunner.moveFromJunctionToConeStack(AutoRoadRunner.java:452): traj1 end x = -12.00,  y = -61.50, angle = 270.00
01-29 11:05:44.737  5977  6204 I global  :  RENO - AutoRoadRunner.moveFromJunctionToConeStack(AutoRoadRunner.java:454): estimate end x = -31.62,  y = -36.35, angle = 267.04
01-29 11:05:44.744  5977  6204 I global  :  RENO - AutoRoadRunner.runOpMode(AutoRoadRunner.java:233): Autonomous - total Run Time: 1.4372 seconds
01-29 11:05:44.747  5977  6204 D RobotCore: User runOpModeMethod exited
01-29 11:05:44.748  5977  6204 V RobotCore: thread: ...terminating 'OpModeThread'
01-29 11:05:44.759  5977  6102 I RobotCore: Attempting to switch to op mode $Stop$Robot$
01-29 11:05:44.759  5977  6102 D HardwareMap: Clearing which device instances have been retrieved
01-29 11:05:44.759  5977  6102 D HardwareMap: Clearing which device instances have been retrieved
01-29 11:05:44.764  5977  6234 V RobotCore: thread: 'OpModeThread' starting...
01-29 11:05:44.791  5977  6077 V Robocol : sending CMD_STREAM_CHANGE(660), attempt: 0
01-29 11:05:44.792  5977  6077 V Robocol : sending CMD_NOTIFY_INIT_OP_MODE(665), attempt: 0
01-29 11:05:44.805  5977  6230 I RobotCore: Done running exec logcat -d -T '1-29 11:5:40.000' -f '/storage/emulated/0/FIRST/matchlogs/Match-0-auto_RR_right.txt' -n4 -v threadtime UsbRequestJNI:S UsbRequest:S art:W ThreadPool:W System:W ExtendedExtractor:W OMXClient:W MediaPlayer:W dalvikvm:W  *:V
01-29 11:05:44.805  5977  6230 I RobotCore: exiting match logcat for /storage/emulated/0/FIRST/matchlogs/Match-0-auto_RR_right.txt
01-29 11:05:44.806  5977  6074 V Robocol : received command: CMD_RUN_OP_MODE(10595) $Stop$Robot$
01-29 11:05:44.831  5977  6077 V Robocol : sending CMD_NOTIFY_RUN_OP_MODE(672), attempt: 0
01-29 11:05:57.045  5977  6074 V Robocol : received command: CMD_SET_MATCH_NUMBER(10765) 0
01-29 11:05:57.047  5977  6074 V Robocol : received command: CMD_INIT_OP_MODE(10766) auto RR right
01-29 11:05:57.079  5977  6075 I RobotCore: ******************** START - OPMODE auto RR right ********************
01-29 11:05:57.085  5977  6234 V RobotCore: thread: ...terminating 'OpModeThread'
01-29 11:05:57.106  5977  6102 I RobotCore: Attempting to switch to op mode auto RR right
01-29 11:05:57.315  5977  6102 D HardwareMap: Clearing which device instances have been retrieved
01-29 11:05:57.317  5977  6102 D HardwareMap: Clearing which device instances have been retrieved
01-29 11:05:57.320  5977  6264 V RobotCore: thread: 'OpModeThread' starting...
01-29 11:05:57.322  5977  6264 I global  :  RENO - AutoRoadRunner.runOpMode(AutoRoadRunner.java:135): Status - Initialized
01-29 11:05:57.324  5977  6264 I System.out: OpenCvCameraBase ctor: EasyOpenCV version 1.5.2
01-29 11:05:57.338  5977  6265 D CameraManager: doOpenCamera()...
01-29 11:05:57.339  5977  6265 D CameraManager: requesting permission for camera: Webcam(D5386480)
01-29 11:05:57.349  5977  6264 I I2C     : Automatically initializing I2C device LynxEmbeddedBNO055IMUNew (USB (embedded); module 173; bus 0; addr7=0x28)
01-29 11:05:57.349  5977  6264 V BNO055  : Suppressing I2C warnings while we check for a BNO055 IMU
01-29 11:05:57.351  5977  6077 V Robocol : sending CMD_NOTIFY_INIT_OP_MODE(856), attempt: 0
01-29 11:05:57.352  5977  6077 V Robocol : sending CMD_STREAM_CHANGE(857), attempt: 0
01-29 11:05:57.353  5977  6264 V BNO055  : Found BNO055 IMU
01-29 11:05:57.354  5977  6265 D WebcamNameImpl: requesting permission for /dev/bus/usb/003/003
01-29 11:05:57.355  5977  6265 V WebcamNameImpl: asyncRequestUsbPermission()...
01-29 11:05:57.359  5977  6265 D WebcamNameImpl: permission already available for /dev/bus/usb/003/003
01-29 11:05:57.360  5977  6207 D WebcamNameImpl: permission for /dev/bus/usb/003/003=true
01-29 11:05:57.360  5977  6207 D CameraManager: permission granted for camera: Webcam(D5386480)
01-29 11:05:57.361  5977  6207 D CameraManager: asyncOpenCamera(Webcam(D5386480))...
01-29 11:05:57.361  5977  6207 D CameraManager: asyncOpenWebcam(Webcam(D5386480))...
01-29 11:05:57.362  5977  6207 V UsbResiliantWebcam: construct(0x05a24e04)
01-29 11:05:57.362  5977  6265 V WebcamNameImpl: ...asyncRequestUsbPermission()
01-29 11:05:57.363  5977  6207 D UsbResiliantWebcam: openAssumingPermission()...
01-29 11:05:57.365  5977  6265 D ContinuationSynchronizer: awaiting(camera open)...
01-29 11:05:57.369  5977  6207 D UvcContext: usb device is *not* UVC compatible, /dev/bus/usb/003/004
01-29 11:05:57.370  5977  6207 D UvcContext: found webcam: usbPath=/dev/bus/usb/003/003 vid=0x46D pid=0x825 serial=D5386480 product=C270 HD WEBCAM
01-29 11:05:57.370  5977  6207 D Uvc     : [jni_context.cpp:120] Java_org_firstinspires_ftc_robotcore_internal_camera_libuvc_nativeobject_UvcContext_nativeCreateUvcDevice()...
01-29 11:05:57.370  5977  6207 V Uvc     : API: Java_org_firstinspires_ftc_robotcore_internal_camera_libuvc_nativeobject_UvcContext_nativeCreateUvcDevice: enter...
01-29 11:05:57.373  5977  6207 D libusb  : [51.251060] [0000183f] libusb: debug [op_create] op_create: szUsbPath=/dev/bus/usb/003/003 szSysfsDir=3-1.4
01-29 11:05:57.373  5977  6207 D Uvc     : [device.cpp:613] uvc_create_uvc_device()...
01-29 11:05:57.373  5977  6207 D Uvc     : [libuvc/libuvc_internal.h:346] uvc_device::uvc_device()...
01-29 11:05:57.373  5977  6207 D Uvc     : [libuvc/libuvc_internal.h:375] acquired vid=1133 & pid=2085
01-29 11:05:57.373  5977  6207 D Uvc     : [libuvc/libuvc_internal.h:346] ...uvc_device::uvc_device()
01-29 11:05:57.373  5977  6207 D Uvc     : [device.cpp:613] ...uvc_create_uvc_device() rc=0
01-29 11:05:57.373  5977  6207 V Uvc     : API: Java_org_firstinspires_ftc_robotcore_internal_camera_libuvc_nativeobject_UvcContext_nativeCreateUvcDevice: ...exit
01-29 11:05:57.373  5977  6207 D Uvc     : [jni_context.cpp:120] ...Java_org_firstinspires_ftc_robotcore_internal_camera_libuvc_nativeobject_UvcContext_nativeCreateUvcDevice()
01-29 11:05:57.374  5977  5977 D OpenCvViewport: surfaceCreated()
01-29 11:05:57.374  5977  5977 D OpenCvViewport: ...surfaceCreated()
01-29 11:05:57.374  5977  5977 D OpenCvViewport: surfaceChanged()
01-29 11:05:57.374  5977  5977 D OpenCvViewport: CheckState(): user requested that we deactivate
01-29 11:05:57.374  5977  5977 D OpenCvViewport: CheckState(): already deactivated
01-29 11:05:57.374  5977  5977 D OpenCvViewport: ...surfaceChanged()
01-29 11:05:57.374  5977  6207 V UvcDevice: construct(pointer=0xd78c66d8|null)
01-29 11:05:57.375  5977  6207 D Uvc     : [jni_device.cpp:108] Java_org_firstinspires_ftc_robotcore_internal_camera_libuvc_nativeobject_UvcDevice_nativeGetLibUsbDevice()...
01-29 11:05:57.375  5977  6207 D Uvc     : [jni_device.cpp:108] ...Java_org_firstinspires_ftc_robotcore_internal_camera_libuvc_nativeobject_UvcDevice_nativeGetLibUsbDevice()
01-29 11:05:57.375  5977  6207 V LibUsbDevice: construct(pointer=0xd78b34a0)
