02-26 08:58:19.389  1835  1898 D libusb  : [ 0.000172] [0000076a] libusb: debug [op_init] sysfs(/sys/bus/usb/devices) available
02-26 08:58:19.389  1835  1898 D libusb  : [ 0.000242] [0000076a] libusb: debug [op_init] sysfs can relate devices
02-26 08:58:19.389  1835  1898 D libusb  : [ 0.000268] [0000076a] libusb: debug [op_init] sysfs has complete descriptors
02-26 08:58:19.389  1835  1898 D libusb  : [ 0.000293] [0000076a] libusb: debug [op_init] sysfs has serial numbers
02-26 08:58:19.390  1835  1898 V UvcContext: construct(pointer=0xc64be9c0|inst#=0)
02-26 08:58:19.387  1835  1835 I pRunnable.run(): type=1400 audit(0.0:195): avc: denied { read } for name="devices" dev="sysfs" ino=7258 scontext=u:r:untrusted_app:s0:c512,c768 tcontext=u:object_r:sysfs:s0 tclass=dir permissive=1
02-26 08:58:19.387  1835  1835 I pRunnable.run(): type=1400 audit(0.0:196): avc: denied { open } for path="/sys/bus/usb/devices" dev="sysfs" ino=7258 scontext=u:r:untrusted_app:s0:c512,c768 tcontext=u:object_r:sysfs:s0 tclass=dir permissive=1
02-26 08:58:19.397  1835  1898 V RobotCore: Creating REV Robotics USB Expansion Hub Portal [(embedded)]
02-26 08:58:19.398  1835  1898 V LynxUsb : using existing [(embedded)]: 0x0ff75a6c
02-26 08:58:19.398  1835  1898 V LynxUsb : 0x0b8ae745 on 0x0ff75a6c: new delegate to [(embedded)]
02-26 08:58:19.399  1835  1898 V RobotCore: Creating Lynx Module - mod=173 parent=true
02-26 08:58:19.400  1835  1898 V RobotCore: Creating Lynx Module - mod=2 parent=false
02-26 08:58:19.402  1835  1898 V LynxUsb : addConfiguredModule() module#=173
02-26 08:58:19.402  1835  1898 V LynxModule: pingAndQueryKnownInterfaces mod=173
02-26 08:58:19.413  1835  1898 V LynxModule: mod#=173 queryInterface(DEKA)=54 commands starting at 4096
02-26 08:58:19.422  1835  1898 V LynxModule: sending LynxFtdiResetControlCommand(true) wasInterrupted=false
02-26 08:58:19.427  1835  1898 V LynxModule: sendLEDPatternSteps(): steps=[Step(color=65280, msDuration=1000)]
02-26 08:58:19.428  1835  1949 V LynxModule: received status: LynxGetModuleStatusResponse(status=0x02 alerts=0x00: Reset)
02-26 08:58:19.432  1835  1898 V LynxModule: setAsControlHubEmbeddedModule(mod=173)
02-26 08:58:19.432  1835  1898 V EmbeddedControlHubModule: setting embedded module
02-26 08:58:19.433  1835  1898 V LynxUsb : addConfiguredModule() module#=2
02-26 08:58:19.433  1835  1898 V LynxModule: pingAndQueryKnownInterfaces mod=2
02-26 08:58:19.442  1835  1949 W HubPowerCycle: Expansion Hub 173 regained power after a complete power loss. No user Op Mode was running.
02-26 08:58:19.442  1835  1949 V LynxModule: resendCurrentPattern()
02-26 08:58:19.442  1835  1949 V LynxModule: sendLEDPatternSteps(): steps=[Step(color=65280, msDuration=1000)]
02-26 08:58:19.450  1835  1898 V LynxModule: mod#=2 queryInterface(DEKA)=54 commands starting at 4096
02-26 08:58:19.457  1835  1898 V LynxModule: sending LynxFtdiResetControlCommand(true) wasInterrupted=false
02-26 08:58:19.463  1835  1898 V LynxModule: sendLEDPatternSteps(): steps=[Step(color=65280, msDuration=4500), Step(color=0, msDuration=500), Step(color=255, msDuration=500), Step(color=0, msDuration=500), Step(color=255, msDuration=500), Step(color=0, msDuration=500)]
02-26 08:58:19.465  1835  1950 V LynxModule: received status: LynxGetModuleStatusResponse(status=0x05 alerts=0x00: KeepAliveTimeout|FailSafe)
02-26 08:58:19.465  1835  1950 V LynxModule: resendCurrentPattern()
02-26 08:58:19.466  1835  1950 V LynxModule: sendLEDPatternSteps(): steps=[Step(color=65280, msDuration=4500), Step(color=0, msDuration=500), Step(color=255, msDuration=500), Step(color=0, msDuration=500), Step(color=255, msDuration=500), Step(color=0, msDuration=500)]
02-26 08:58:19.475  1835  1898 V LynxMotor: initializeHardware() mod#=173
02-26 08:58:19.518  1835  1898 V RobotCore: DcMotorImpl(type=goBILDA5202SeriesMotor)
02-26 08:58:19.518  1835  1898 V RobotCore: DcMotorImpl(type=goBILDA5202SeriesMotor)
02-26 08:58:19.518  1835  1898 V RobotCore: DcMotorImpl(type=goBILDA5202SeriesMotor)
02-26 08:58:19.518  1835  1898 V RobotCore: DcMotorImpl(type=goBILDA5202SeriesMotor)
02-26 08:58:19.519  1835  1898 V LynxServoController: initializeHardware() mod#=173
02-26 08:58:19.543  1835  1898 V LynxVoltageSensor: initializeHardware() mod#=173
02-26 08:58:19.543  1835  1898 V LynxAnalogInputController: initializeHardware() mod#=173
02-26 08:58:19.544  1835  1898 V LynxDigitalChannelController: initializeHardware() mod#=173
02-26 08:58:19.562  1835  1898 V LynxMotor: initializeHardware() mod#=2
02-26 08:58:19.625  1835  1898 V RobotCore: DcMotorImpl(type=Motor)
02-26 08:58:19.626  1835  1898 V RobotCore: DcMotorImpl(type=Motor)
02-26 08:58:19.626  1835  1898 V RobotCore: DcMotorImpl(type=goBILDA5202SeriesMotor)
02-26 08:58:19.627  1835  1898 V RobotCore: DcMotorImpl(type=goBILDA5202SeriesMotor)
02-26 08:58:19.628  1835  1898 V LynxServoController: initializeHardware() mod#=2
02-26 08:58:19.671  1835  1898 V LynxVoltageSensor: initializeHardware() mod#=2
02-26 08:58:19.672  1835  1898 V LynxAnalogInputController: initializeHardware() mod#=2
02-26 08:58:19.675  1835  1898 V LynxDigitalChannelController: initializeHardware() mod#=2
02-26 08:58:19.702  1835  1898 V RobotCore: Creating user sensor REV internal IMU (BNO055) - on Lynx module=2 bus=0
02-26 08:58:19.702  1835  1898 I RobotCore: LynxFirmwareVersionManager: LynxI2cDeviceSynchV2
02-26 08:58:19.703  1835  1898 V LynxI2cDeviceSynch: initializeHardware() mod#=2
02-26 08:58:19.707  1835  1898 V BNO055  : Suppressing I2C warnings while we check for a BNO055 IMU
02-26 08:58:19.714  1835  1898 V BNO055  : Found BNO055 IMU
02-26 08:58:19.715  1835  1898 V BNO055  : Suppressing I2C warnings while we check for a BNO055 IMU
02-26 08:58:19.722  1835  1898 V BNO055  : Found BNO055 IMU
02-26 08:58:19.906  1835  1898 I RobotCore: LynxFirmwareVersionManager: LynxI2cDeviceSynchV2
02-26 08:58:19.910  1835  1898 V LynxI2cDeviceSynch: initializeHardware() mod#=2
02-26 08:58:19.913  1835  1898 V RobotCore: Creating Webcam [D5386480]
02-26 08:58:19.922  1835  1898 I RobotCore: ========= Device Information ===================================================
02-26 08:58:19.922  1835  1898 I RobotCore: Type                                               Name                           Connection
02-26 08:58:19.942  1835  1898 I RobotCore: Logitech C270 HD WEBCAM                            WebcamR                        USB (D5386480)
02-26 08:58:19.943  1835  1898 I RobotCore: Motor                                              LeftSlider                     USB (embedded); module 2; port 2
02-26 08:58:19.945  1835  1898 I RobotCore: Motor                                              RightSlider                    USB (embedded); module 2; port 3
02-26 08:58:19.945  1835  1898 I RobotCore: REV Robotics USB Expansion Hub Portal              Control Hub Portal             USB (embedded)
02-26 08:58:19.947  1835  1898 I RobotCore: Motor                                              FrontLeft                      USB (embedded); module 173; port 0
02-26 08:58:19.948  1835  1898 I RobotCore: Motor                                              BackRight                      USB (embedded); module 173; port 3
02-26 08:58:19.949  1835  1898 I RobotCore: Expansion Hub DC Motor Controller                  Expansion Hub 2                USB (embedded); module 2
02-26 08:58:19.950  1835  1898 I RobotCore: Expansion Hub Servo Controller                     Expansion Hub 2                USB (embedded); module 2
02-26 08:58:19.951  1835  1898 I RobotCore: Expansion Hub Voltage Sensor                       Expansion Hub 2                USB (embedded); module 2
02-26 08:58:19.952  1835  1898 I RobotCore: Expansion Hub Analog Input Controller              Expansion Hub 2                USB (embedded); module 2
02-26 08:58:19.953  1835  1898 I RobotCore: Expansion Hub Digital Channel Controller           Expansion Hub 2                USB (embedded); module 2
02-26 08:58:19.959  1835  1898 I RobotCore: Expansion Hub (HW: 20, Maj: 1, Min: 8, Eng: 2)     Expansion Hub 2                USB (embedded); module 2
02-26 08:58:19.960  1835  1898 I RobotCore: REV internal IMU (BNO055)                          imu                            USB (embedded); module 2; bus 0; addr7=0x28
02-26 08:58:19.961  1835  1898 I RobotCore: REV internal IMU (BNO055)                          imu                            USB (embedded); module 2; bus 0; addr7=0x28
02-26 08:58:19.962  1835  1898 I RobotCore: Motor                                              perpendicularEncoder           USB (embedded); module 2; port 1
02-26 08:58:19.974  1835  1898 I RobotCore: Logitech HD Pro Webcam C920                        Webcam 1                       USB (2D25B27F)
02-26 08:58:19.974  1835  1898 I RobotCore: Motor                                              parallelEncoder                USB (embedded); module 2; port 0
02-26 08:58:19.975  1835  1898 I RobotCore: Expansion Hub DC Motor Controller                  Control Hub                    USB (embedded); module 173
02-26 08:58:19.976  1835  1898 I RobotCore: Expansion Hub Servo Controller                     Control Hub                    USB (embedded); module 173
02-26 08:58:19.976  1835  1898 I RobotCore: Expansion Hub Voltage Sensor                       Control Hub                    USB (embedded); module 173
02-26 08:58:19.977  1835  1898 I RobotCore: Expansion Hub Analog Input Controller              Control Hub                    USB (embedded); module 173
02-26 08:58:19.977  1835  1898 I RobotCore: Expansion Hub Digital Channel Controller           Control Hub                    USB (embedded); module 173
02-26 08:58:19.981  1835  1898 I RobotCore: Expansion Hub (HW: 20, Maj: 1, Min: 8, Eng: 2)     Control Hub                    USB (embedded); module 173
02-26 08:58:19.982  1835  1898 I RobotCore: Servo                                              ClawServo                      USB (embedded); module 2; port 1
02-26 08:58:19.982  1835  1898 I RobotCore: Motor                                              FrontRight                     USB (embedded); module 173; port 1
02-26 08:58:19.983  1835  1898 I RobotCore: Motor                                              BackLeft                       USB (embedded); module 173; port 2
02-26 08:58:19.983  1835  1898 I RobotCore: Servo                                              ArmServo                       USB (embedded); module 2; port 0
02-26 08:58:19.988  1835  1898 I RobotCore: LynxFirmwareVersionManager: LynxI2cDeviceSynchV2
02-26 08:58:19.989  1835  1898 V LynxI2cDeviceSynch: initializeHardware() mod#=2
02-26 08:58:19.989  1835  1898 V BNO055  : Suppressing I2C warnings while we check for a BNO055 IMU
02-26 08:58:19.996  1835  1898 V BNO055  : Found BNO055 IMU
02-26 08:58:20.000  1835  1898 I RobotCore: LynxFirmwareVersionManager: LynxI2cDeviceSynchV2
02-26 08:58:20.000  1835  1898 V LynxI2cDeviceSynch: initializeHardware() mod#=173
02-26 08:58:20.001  1835  1898 V BHI260IMU: Suppressing I2C warnings while we check for a BHI260AP IMU
02-26 08:58:20.005  1835  1898 V BHI260IMU: No BHI260AP IMU found
02-26 08:58:20.005  1835  1898 V BNO055  : Suppressing I2C warnings while we check for a BNO055 IMU
02-26 08:58:20.009  1835  1898 V BNO055  : Found BNO055 IMU
02-26 08:58:20.020  1835  1898 V LynxUsb : 0x0968d6e9 on 0x0ff75a6c: releasing delegate to [(embedded)]
02-26 08:58:20.020  1835  1898 I FtcEventLoop: ======= INIT FINISH =======
02-26 08:58:20.020  1835  1898 V RobotCore: EventLoopManager state is RUNNING
02-26 08:58:20.021  1835  1926 W art     : Long monitor contention with owner RobotSetupRunnable.run() (1898) at void java.lang.Thread.sleep!(java.lang.Object, long, int)(Thread.java:-2) waiters=0 in org.firstinspires.ftc.robotcore.internal.network.CallbackResult com.qualcomm.robotcore.eventloop.EventLoopManager.commandEvent(com.qualcomm.robotcore.robocol.Command) for 991ms
02-26 08:58:20.023  1835  1898 V RobotCore: Robot Status: running, starting robot
02-26 08:58:20.025  1835  1898 V RobotCore: Robot Status: running
02-26 08:58:20.028  1835  1953 V RobotCore: thread: 'EventLoop' starting...
02-26 08:58:20.029  1835  1898 D FTCService: Detecting Wi-Fi reset
02-26 08:58:20.031  1835  1898 D RobotControllerAccessPointAssistant: detectWifiReset button=false
02-26 08:58:20.032  1835  1898 V RobotCore: thread: ...terminating 'RobotSetupRunnable.run()'
02-26 08:58:20.038  1835  1926 E Robocol : command processing took 1007 ms: command=CMD_REQUEST_ACTIVE_CONFIG
02-26 08:58:20.049  1835  1932 V Robocol : sending CMD_NOTIFY_ROBOT_STATE(69), attempt: 0
02-26 08:58:20.050  1835  1932 V Robocol : sending CMD_SHOW_TOAST(70), attempt: 0
02-26 08:58:20.051  1835  1932 V Robocol : sending CMD_NOTIFY_ACTIVE_CONFIGURATION(72), attempt: 0
02-26 08:58:20.089  1835  1932 V Robocol : sending CMD_NOTIFY_USER_DEVICE_LIST(75), attempt: 0
02-26 08:58:20.091  1835  1932 V Robocol : sending CMD_NOTIFY_OP_MODE_LIST(78), attempt: 0
02-26 08:58:20.133  1835  1935 V SoundInfo: construct(0x07ddd220)
02-26 08:58:20.193  1835  1934 I MediaCodec: callingProcessName:com.qualcomm.ftcrobotcontroller
02-26 08:58:20.196  1835  1958 I ACodec  : onAllocateComponent:6752 mSoftCodecPref:0 componentName:
02-26 08:58:20.198  1835  1958 I ACodec  : onAllocateComponent:6783 mSoftCodecPref:0 componentName:OMX.google.raw.decoder
02-26 08:58:20.253  1835  1859 D SoundPlayer: onLoadComplete(samp=2|ms=4506, samp=2)=0
02-26 08:58:20.255  1835  1935 W AudioTrack: AUDIO_OUTPUT_FLAG_FAST denied by client; transfer 4, track 48000 Hz, output 44100 Hz
02-26 08:58:20.272  1835  1935 D SoundPlayer: playing volume=0.000000 samp=2|ms=4506
02-26 08:58:20.289  1835  1932 V Robocol : sending CMD_PLAY_SOUND(91), attempt: 0
02-26 08:58:20.543  1835  1953 I RobotCore: Attempting to switch to op mode $Stop$Robot$
02-26 08:58:20.669  1835  1953 D HardwareMap: Clearing which device instances have been retrieved
02-26 08:58:20.670  1835  1953 D HardwareMap: Clearing which device instances have been retrieved
02-26 08:58:20.671  1835  1965 V RobotCore: thread: 'OpModeThread' starting...
02-26 08:58:20.689  1835  1932 V Robocol : sending CMD_NOTIFY_INIT_OP_MODE(102), attempt: 0
02-26 08:58:35.169  1835  1925 V Robocol : received command: CMD_INIT_OP_MODE(10258) $Stop$Robot$
02-26 08:58:35.188  1835  1965 V RobotCore: thread: ...terminating 'OpModeThread'
02-26 08:58:35.313  1835  1953 I RobotCore: Attempting to switch to op mode $Stop$Robot$
02-26 08:58:35.406  1835  1953 D HardwareMap: Clearing which device instances have been retrieved
02-26 08:58:35.406  1835  1953 D HardwareMap: Clearing which device instances have been retrieved
02-26 08:58:35.408  1835  2000 V RobotCore: thread: 'OpModeThread' starting...
02-26 08:58:35.409  1835  1932 V Robocol : sending CMD_NOTIFY_INIT_OP_MODE(313), attempt: 0
02-26 08:58:39.009  1835  1925 V Robocol : received command: CMD_SET_MATCH_NUMBER(10315) 0
02-26 08:58:39.011  1835  1925 V Robocol : received command: CMD_INIT_OP_MODE(10316) Auto M right
02-26 08:58:39.038  1835  1926 I RobotCore: ******************** START - OPMODE Auto M right ********************
02-26 08:58:39.043  1835  2000 V RobotCore: thread: ...terminating 'OpModeThread'
02-26 08:58:39.115  1835  1953 I RobotCore: Attempting to switch to op mode Auto M right
02-26 08:58:39.393  1835  1953 D HardwareMap: Clearing which device instances have been retrieved
02-26 08:58:39.393  1835  1953 D HardwareMap: Clearing which device instances have been retrieved
02-26 08:58:39.395  1835  2007 V RobotCore: thread: 'OpModeThread' starting...
02-26 08:58:39.397  1835  2007 I global  :  RENO - AutoMJ_Right.runOpMode(AutoMJ_Right.java:238): Status - Initialized
02-26 08:58:39.409  1835  1932 V Robocol : sending CMD_NOTIFY_INIT_OP_MODE(380), attempt: 0
02-26 08:58:39.412  1835  2007 I I2C     : Automatically initializing I2C device LynxEmbeddedBNO055IMUNew (USB (embedded); module 2; bus 0; addr7=0x28)
02-26 08:58:39.412  1835  2007 V BNO055  : Suppressing I2C warnings while we check for a BNO055 IMU
02-26 08:58:39.417  1835  2007 V BNO055  : Found BNO055 IMU
02-26 08:58:39.518  1835  2007 V BNO055  : Suppressing I2C warnings while we check for a BNO055 IMU
02-26 08:58:39.524  1835  2007 V BNO055  : Found BNO055 IMU
02-26 08:58:39.815  1835  2007 I System.out: OpenCvCameraBase ctor: EasyOpenCV version 1.5.2
02-26 08:58:39.827  1835  2009 D CameraManager: doOpenCamera()...
02-26 08:58:39.827  1835  2009 D CameraManager: requesting permission for camera: Webcam(2D25B27F)
02-26 08:58:39.838  1835  2007 V BNO055  : Suppressing I2C warnings while we check for a BNO055 IMU
02-26 08:58:39.839  1835  2009 D WebcamNameImpl: requesting permission for /dev/bus/usb/003/004
02-26 08:58:39.839  1835  2009 V WebcamNameImpl: asyncRequestUsbPermission()...
02-26 08:58:39.844  1835  2007 V BNO055  : Found BNO055 IMU
02-26 08:58:39.844  1835  2009 D WebcamNameImpl: permission already available for /dev/bus/usb/003/004
02-26 08:58:39.844  1835  1898 D WebcamNameImpl: permission for /dev/bus/usb/003/004=true
02-26 08:58:39.845  1835  1898 D CameraManager: permission granted for camera: Webcam(2D25B27F)
02-26 08:58:39.845  1835  1898 D CameraManager: asyncOpenCamera(Webcam(2D25B27F))...
02-26 08:58:39.846  1835  1898 D CameraManager: asyncOpenWebcam(Webcam(2D25B27F))...
02-26 08:58:39.847  1835  1898 V UsbResiliantWebcam: construct(0x0faf84ac)
02-26 08:58:39.850  1835  1932 V Robocol : sending CMD_STREAM_CHANGE(386), attempt: 0
02-26 08:58:39.850  1835  2009 V WebcamNameImpl: ...asyncRequestUsbPermission()
02-26 08:58:39.851  1835  1898 D UsbResiliantWebcam: openAssumingPermission()...
02-26 08:58:39.854  1835  2009 D ContinuationSynchronizer: awaiting(camera open)...
02-26 08:58:39.858  1835  1898 D UvcContext: found webcam: usbPath=/dev/bus/usb/003/004 vid=0x46D pid=0x8E5 serial=2D25B27F product=HD Pro Webcam C920
02-26 08:58:39.859  1835  1898 D Uvc     : [jni_context.cpp:120] Java_org_firstinspires_ftc_robotcore_internal_camera_libuvc_nativeobject_UvcContext_nativeCreateUvcDevice()...
02-26 08:58:39.860  1835  1898 V Uvc     : API: Java_org_firstinspires_ftc_robotcore_internal_camera_libuvc_nativeobject_UvcContext_nativeCreateUvcDevice: enter...
02-26 08:58:39.862  1835  1898 D libusb  : [20.473334] [0000076a] libusb: debug [op_create] op_create: szUsbPath=/dev/bus/usb/003/004 szSysfsDir=3-1.4
02-26 08:58:39.862  1835  1898 D libusb  : [20.473633] [0000076a] libusb: debug [initialize_device] initialize_device(szUsbPath=/dev/bus/usb/003/004 szSysfsDir=3-1.4)
02-26 08:58:39.863  1835  1898 D libusb  : [20.474454] [0000076a] libusb: debug [initialize_device] initialize_device(szUsbPath=(null) szSysfsDir=3-1)
02-26 08:58:39.863  1835  1835 D OpenCvViewport: surfaceCreated()
02-26 08:58:39.863  1835  1835 D OpenCvViewport: ...surfaceCreated()
02-26 08:58:39.864  1835  1898 E libusb  : [20.474890] [0000076a] libusb: error [initialize_device] unable to open serial number sysfs; error ignored
02-26 08:58:39.864  1835  1835 D OpenCvViewport: surfaceChanged()
02-26 08:58:39.864  1835  1835 D OpenCvViewport: CheckState(): user requested that we deactivate
02-26 08:58:39.864  1835  1835 D OpenCvViewport: CheckState(): already deactivated
02-26 08:58:39.864  1835  1835 D OpenCvViewport: ...surfaceChanged()
02-26 08:58:39.864  1835  1898 D libusb  : [20.475308] [0000076a] libusb: debug [initialize_device] initialize_device(szUsbPath=(null) szSysfsDir=usb3)
02-26 08:58:39.864  1835  1898 D Uvc     : [device.cpp:613] uvc_create_uvc_device()...
02-26 08:58:39.865  1835  1898 D Uvc     : [libuvc/libuvc_internal.h:346] uvc_device::uvc_device()...
02-26 08:58:39.865  1835  1898 D Uvc     : [libuvc/libuvc_internal.h:375] acquired vid=1133 & pid=2277
02-26 08:58:39.865  1835  1898 D Uvc     : [libuvc/libuvc_internal.h:346] ...uvc_device::uvc_device()
02-26 08:58:39.865  1835  1898 D Uvc     : [device.cpp:613] ...uvc_create_uvc_device() rc=0
02-26 08:58:39.865  1835  1898 V Uvc     : API: Java_org_firstinspires_ftc_robotcore_internal_camera_libuvc_nativeobject_UvcContext_nativeCreateUvcDevice: ...exit
02-26 08:58:39.865  1835  1898 D Uvc     : [jni_context.cpp:120] ...Java_org_firstinspires_ftc_robotcore_internal_camera_libuvc_nativeobject_UvcContext_nativeCreateUvcDevice()
02-26 08:58:39.866  1835  1898 V UvcDevice: construct(pointer=0xda7ebfd0|null)
02-26 08:58:39.867  1835  1898 D Uvc     : [jni_device.cpp:108] Java_org_firstinspires_ftc_robotcore_internal_camera_libuvc_nativeobject_UvcDevice_nativeGetLibUsbDevice()...
02-26 08:58:39.867  1835  1898 D Uvc     : [jni_device.cpp:108] ...Java_org_firstinspires_ftc_robotcore_internal_camera_libuvc_nativeobject_UvcDevice_nativeGetLibUsbDevice()
02-26 08:58:39.868  1835  1898 V LibUsbDevice: construct(pointer=0xc9e37ae0)
02-26 08:58:39.868  1835  1898 D UvcContext: usb device is *not* UVC compatible, /dev/bus/usb/003/003
02-26 08:58:39.868  1835  1898 D UvcContext: found webcam: usbPath=/dev/bus/usb/001/002 vid=0x46D pid=0x825 serial=D5386480 product=C270 HD WEBCAM
02-26 08:58:39.868  1835  1898 D Uvc     : [jni_context.cpp:120] Java_org_firstinspires_ftc_robotcore_internal_camera_libuvc_nativeobject_UvcContext_nativeCreateUvcDevice()...
02-26 08:58:39.868  1835  1898 V Uvc     : API: Java_org_firstinspires_ftc_robotcore_internal_camera_libuvc_nativeobject_UvcContext_nativeCreateUvcDevice: enter...
02-26 08:58:39.869  1835  1898 D libusb  : [20.479928] [0000076a] libusb: debug [op_create] op_create: szUsbPath=/dev/bus/usb/001/002 szSysfsDir=1-1
02-26 08:58:39.869  1835  1898 D libusb  : [20.480215] [0000076a] libusb: debug [initialize_device] initialize_device(szUsbPath=/dev/bus/usb/001/002 szSysfsDir=1-1)
02-26 08:58:39.870  1835  1898 D libusb  : [20.481340] [0000076a] libusb: debug [initialize_device] initialize_device(szUsbPath=(null) szSysfsDir=usb1)
02-26 08:58:39.871  1835  1898 D Uvc     : [device.cpp:613] uvc_create_uvc_device()...
02-26 08:58:39.871  1835  1898 D Uvc     : [libuvc/libuvc_internal.h:346] uvc_device::uvc_device()...
02-26 08:58:39.871  1835  1898 D Uvc     : [libuvc/libuvc_internal.h:375] acquired vid=1133 & pid=2085
02-26 08:58:39.871  1835  1898 D Uvc     : [libuvc/libuvc_internal.h:346] ...uvc_device::uvc_device()
02-26 08:58:39.871  1835  1898 D Uvc     : [device.cpp:613] ...uvc_create_uvc_device() rc=0
02-26 08:58:39.871  1835  1898 V Uvc     : API: Java_org_firstinspires_ftc_robotcore_internal_camera_libuvc_nativeobject_UvcContext_nativeCreateUvcDevice: ...exit
02-26 08:58:39.871  1835  1898 D Uvc     : [jni_context.cpp:120] ...Java_org_firstinspires_ftc_robotcore_internal_camera_libuvc_nativeobject_UvcContext_nativeCreateUvcDevice()
02-26 08:58:39.871  1835  1898 V UvcDevice: construct(pointer=0xda7ebff8|null)
02-26 08:58:39.871  1835  1898 D Uvc     : [jni_device.cpp:108] Java_org_firstinspires_ftc_robotcore_internal_camera_libuvc_nativeobject_UvcDevice_nativeGetLibUsbDevice()...
02-26 08:58:39.871  1835  1898 D Uvc     : [jni_device.cpp:108] ...Java_org_firstinspires_ftc_robotcore_internal_camera_libuvc_nativeobject_UvcDevice_nativeGetLibUsbDevice()
02-26 08:58:39.872  1835  1898 V LibUsbDevice: construct(pointer=0xc9e386e0)
02-26 08:58:39.873  1835  1898 V UvcDevice: destroy(pointer=0xda7ebff8|/dev/bus/usb/001/002)
02-26 08:58:39.874  1835  1898 D Uvc     : [jni_device.cpp:126] Java_org_firstinspires_ftc_robotcore_internal_camera_libuvc_nativeobject_UvcDevice_nativeReleaseRefDevice()...
02-26 08:58:39.874  1835  1898 V Uvc     : API: Java_org_firstinspires_ftc_robotcore_internal_camera_libuvc_nativeobject_UvcDevice_nativeReleaseRefDevice: enter...
02-26 08:58:39.874  1835  1898 D Uvc     : [device.cpp:882] uvc_unref_device()...
02-26 08:58:39.874  1835  1898 D Uvc     : [device.cpp:882] ...uvc_unref_device()
02-26 08:58:39.874  1835  1898 V Uvc     : API: Java_org_firstinspires_ftc_robotcore_internal_camera_libuvc_nativeobject_UvcDevice_nativeReleaseRefDevice: ...exit
02-26 08:58:39.874  1835  1898 D Uvc     : [jni_device.cpp:126] ...Java_org_firstinspires_ftc_robotcore_internal_camera_libuvc_nativeobject_UvcDevice_nativeReleaseRefDevice()
02-26 08:58:39.875  1835  1898 V LibUsbDevice: destroy(pointer=0xc9e386e0)
02-26 08:58:39.876  1835  1898 D Uvc     : [jni_libusb_device.cpp:64] Java_org_firstinspires_ftc_robotcore_internal_camera_libuvc_nativeobject_LibUsbDevice_nativeReleaseRefDevice()...
02-26 08:58:39.876  1835  1898 D Uvc     : [jni_libusb_device.cpp:64] ...Java_org_firstinspires_ftc_robotcore_internal_camera_libuvc_nativeobject_LibUsbDevice_nativeReleaseRefDevice()
02-26 08:58:39.884  1835  1898 D UvcDevice: open()...
02-26 08:58:39.944  1835  1898 D Uvc     : [jni_device.cpp:50] Java_org_firstinspires_ftc_robotcore_internal_camera_libuvc_nativeobject_UvcDevice_nativeSetUsbDeviceInfo()...
02-26 08:58:39.944  1835  1898 D Uvc     : [jni_device.cpp:50] ...Java_org_firstinspires_ftc_robotcore_internal_camera_libuvc_nativeobject_UvcDevice_nativeSetUsbDeviceInfo()
02-26 08:58:39.946  1835  1898 D Uvc     : [jni_device.cpp:233] Java_org_firstinspires_ftc_robotcore_internal_camera_libuvc_nativeobject_UvcDevice_nativeOpenDeviceHandle()...
02-26 08:58:39.946  1835  1898 V Uvc     : API: Java_org_firstinspires_ftc_robotcore_internal_camera_libuvc_nativeobject_UvcDevice_nativeOpenDeviceHandle: enter...
02-26 08:58:39.946  1835  1898 D Uvc     : [device.cpp:279] uvc_open()...
02-26 08:58:39.946  1835  1898 D Uvc     : [libuvc/libuvc_internal.h:356] uvc_device::open()...
02-26 08:58:39.946  1835  1898 D libusb  : [20.556959] [0000076a] libusb: debug [op_open] op_open: szUsbPath=/dev/bus/usb/003/004
02-26 08:58:39.946  1835  1898 D Uvc     : [libuvc/libuvc_internal.h:356] ...uvc_device::open() rc=0
02-26 08:58:39.946  1835  1898 D Uvc     : [device.cpp:295] calling libusb_reset_device()...
02-26 08:58:40.043  1835  2007 I global  :  RENO - SlidersWith2Motors.init(SlidersWith2Motors.java:78): init slider motors.
02-26 08:58:40.093  1835  2007 I global  :  RENO - ArmClawUnit.init(ArmClawUnit.java:91): init servo motors for arm and claw.
02-26 08:58:40.673  1835  1898 D Uvc     : [device.cpp:303] ...libusb_reset_device() called
02-26 08:58:40.673  1835  1898 D Uvc     : [device.cpp:311] libusb_open() = 0
02-26 08:58:40.673  1835  1898 D Uvc     : [libuvc/libuvc_internal.h:732] uvc_device_handle::uvc_device_handle()...
02-26 08:58:40.673  1835  1898 D Uvc     : [libuvc/libuvc_internal.h:732] ...uvc_device_handle::uvc_device_handle()
02-26 08:58:40.673  1835  1898 D Uvc     : [device.cpp:386] uvc_get_device_info()...
02-26 08:58:40.673  1835  1898 D libusb  : [21.284654] [0000076a] libusb: debug [op_get_config_descriptor] op_get_config_descriptor: config_index=0
02-26 08:58:40.674  1835  1898 D libusb  : [21.284897] [0000076a] libusb: debug [op_get_config_descriptor] op_get_config_descriptor: config_index=0
02-26 08:58:40.674  1835  1898 D Uvc     : [device.cpp:986] uvc_scan_control()...
02-26 08:58:40.674  1835  1898 D Uvc     : [device.cpp:1041] uvc_parse_vc_header()...
02-26 08:58:40.674  1835  1898 D Uvc     : [device.cpp:1284] uvc_scan_streaming()...
02-26 08:58:40.674  1835  1898 D Uvc     : [device.cpp:1340] uvc_parse_vs_input_header()...
02-26 08:58:40.674  1835  1898 D Uvc     : [device.cpp:1340] ...uvc_parse_vs_input_header() rc=0
02-26 08:58:40.674  1835  1898 D Uvc     : [device.cpp:1389] uvc_parse_vs_format_uncompressed()...
02-26 08:58:40.674  1835  1898 D Uvc     : [device.cpp:1389] ...uvc_parse_vs_format_uncompressed() rc=0
02-26 08:58:40.675  1835  1898 V Uvc     : [device.cpp:1630] unsupported descriptor subtype: 13 UVC_VS_COLORFORMAT
02-26 08:58:40.676  1835  1898 D Uvc     : [device.cpp:1449] uvc_parse_vs_format_mjpeg()...
02-26 08:58:40.676  1835  1898 D Uvc     : [device.cpp:1449] ...uvc_parse_vs_format_mjpeg() rc=0
02-26 08:58:40.677  1835  1898 V Uvc     : [device.cpp:1630] unsupported descriptor subtype: 13 UVC_VS_COLORFORMAT
02-26 08:58:40.677  1835  1898 D Uvc     : [device.cpp:1284] ...uvc_scan_streaming() rc=0
02-26 08:58:40.677  1835  1898 D Uvc     : [device.cpp:1041] ...uvc_parse_vc_header() rc=0
02-26 08:58:40.677  1835  1898 D Uvc     : [device.cpp:1083] uvc_parse_vc_input_terminal()...
02-26 08:58:40.677  1835  1898 D Uvc     : [device.cpp:1083] ...uvc_parse_vc_input_terminal() rc=0
02-26 08:58:40.677  1835  1898 D Uvc     : [device.cpp:1156] uvc_parse_vc_processing_unit()...
02-26 08:58:40.677  1835  1898 D Uvc     : [device.cpp:1156] ...uvc_parse_vc_processing_unit() rc=0
02-26 08:58:40.677  1835  1898 D Uvc     : [device.cpp:986] ...uvc_scan_control() rc=0
02-26 08:58:40.677  1835  1898 D Uvc     : [device.cpp:386] ...uvc_get_device_info() rc=0
02-26 08:58:40.677  1835  1898 D Uvc     : [device.cpp:326] claiming control interface 0
02-26 08:58:40.677  1835  1898 D Uvc     : [libuvc/libuvc_internal.h:770] uvc_device_handle::claimInterface(idx=0)...
02-26 08:58:40.678  1835  1898 D UvcDevice: claimInterface(0)
02-26 08:58:40.772  1835  1898 D UvcDevice: claimInterface(0) succeeded
02-26 08:58:40.773  1835  1898 D Uvc     : [libuvc/libuvc_internal.h:783] claimInterface(0) succeeded
02-26 08:58:40.773  1835  1898 D Uvc     : [libuvc/libuvc_internal.h:770] ...uvc_device_handle::claimInterface() rc=0
02-26 08:58:40.773  1835  1898 D Uvc     : [device.cpp:279] ...uvc_open() rc=0
02-26 08:58:40.773  1835  1898 V Uvc     : API: Java_org_firstinspires_ftc_robotcore_internal_camera_libuvc_nativeobject_UvcDevice_nativeOpenDeviceHandle: ...exit
02-26 08:58:40.773  1835  1898 D Uvc     : [jni_device.cpp:233] ...Java_org_firstinspires_ftc_robotcore_internal_camera_libuvc_nativeobject_UvcDevice_nativeOpenDeviceHandle()
02-26 08:58:40.774  1835  1898 V UvcDeviceHandle: construct(pointer=0xc2f34f00)
02-26 08:58:40.776  1835  1898 V CameraImpl: construct(0x0580f90a)
02-26 08:58:40.778  1835  1898 D UsbResiliantWebcam.InterveningStateCallback: onOpened() camera=CameraImpl(UvcDeviceHandle(pointer=0xc2f34f00|UvcDevice(/dev/bus/usb/003/004)))...
02-26 08:58:40.780  1835  1898 D UsbResiliantWebcam: changeDelegatedCamera(null->CameraImpl(UvcDeviceHandle(pointer=0xc2f34f00|UvcDevice(/dev/bus/usb/003/004))))...
02-26 08:58:40.782  1835  1898 D UvcApiFocusControl: isModeSupported(Auto)...
02-26 08:58:40.785  1835  1898 D UvcApiFocusControl: ...isModeSupported(Auto): false
02-26 08:58:40.785  1835  1898 D UvcApiFocusControl: isModeSupported(ContinuousAuto)...
02-26 08:58:40.786  1835  1898 D UvcApiFocusControl: ...isModeSupported(ContinuousAuto): true
02-26 08:58:40.786  1835  1898 D UvcApiFocusControl: isModeSupported(Macro)...
02-26 08:58:40.786  1835  1898 D UvcApiFocusControl: ...isModeSupported(Macro): false
02-26 08:58:40.787  1835  1898 D UvcApiFocusControl: isModeSupported(Infinity)...
02-26 08:58:40.788  1835  1898 D UvcApiFocusControl: ...isModeSupported(Infinity): false
02-26 08:58:40.788  1835  1898 D UvcApiFocusControl: isModeSupported(Fixed)...
02-26 08:58:40.789  1835  1898 D UvcApiFocusControl: ...isModeSupported(Fixed): true
02-26 08:58:40.789  1835  1898 D UvcApiFocusControl: isFocusLengthSupported...
02-26 08:58:40.792  1835  1898 D UvcApiFocusControl: ...isFocusLengthSupported: true
02-26 08:58:40.792  1835  1898 D UvcApiFocusControl: getMinFocusLength()...
02-26 08:58:40.795  1835  1898 D UvcApiFocusControl: ...getMinFocusLength(): 0.0
02-26 08:58:40.796  1835  1898 D UvcApiFocusControl: getMaxFocusLength()...
02-26 08:58:40.798  1835  1898 D UvcApiFocusControl: ...getMaxFocusLength(): 250.0
02-26 08:58:40.800  1835  1898 D UvcApiFocusControl: getFocusLength()...
02-26 08:58:40.802  1835  1898 D UvcDeviceHandle: [jni_devicehandle.cpp:1059] focusLength=0
02-26 08:58:40.803  1835  1898 D UvcApiFocusControl: ...getFocusLength(): 0.0
02-26 08:58:40.804  1835  1898 D CachingExposureControl: onCameraChanged(null->CameraImpl(UvcDeviceHandle(pointer=0xc2f34f00|UvcDevice(/dev/bus/usb/003/004))))...
02-26 08:58:40.805  1835  1898 D UvcApiExposureControl: isModeSupported(Auto)...
02-26 08:58:40.807  1835  1898 D UvcApiExposureControl: ...isModeSupported(Auto): false
02-26 08:58:40.808  1835  1898 D UvcApiExposureControl: isModeSupported(ContinuousAuto)...
02-26 08:58:40.808  1835  1898 D UvcApiExposureControl: ...isModeSupported(ContinuousAuto): false
02-26 08:58:40.809  1835  1898 D UvcApiExposureControl: isModeSupported(Manual)...
02-26 08:58:40.810  1835  1898 D UvcApiExposureControl: ...isModeSupported(Manual): true
02-26 08:58:40.810  1835  1898 D UvcApiExposureControl: isModeSupported(ShutterPriority)...
02-26 08:58:40.811  1835  1898 D UvcApiExposureControl: ...isModeSupported(ShutterPriority): false
02-26 08:58:40.811  1835  1898 D UvcApiExposureControl: isModeSupported(AperturePriority)...
02-26 08:58:40.812  1835  1898 D UvcApiExposureControl: ...isModeSupported(AperturePriority): true
02-26 08:58:40.812  1835  1898 D UvcApiExposureControl: isExposureSupported()...
02-26 08:58:40.814  1835  1898 D UvcApiExposureControl: ...isExposureSupported(): true
02-26 08:58:40.815  1835  1898 D UvcApiExposureControl: getMinExposure(NANOSECONDS)...
02-26 08:58:40.816  1835  1898 D Uvc     : [jni_devicehandle.cpp:645] Java_org_firstinspires_ftc_robotcore_internal_camera_libuvc_nativeobject_UvcDeviceHandle_nativeGetMinExposure()...
02-26 08:58:40.816  1835  1898 D Uvc     : [jni_devicehandle.cpp:645] ...Java_org_firstinspires_ftc_robotcore_internal_camera_libuvc_nativeobject_UvcDeviceHandle_nativeGetMinExposure()
02-26 08:58:40.817  1835  1898 D UvcApiExposureControl: ...getMinExposure(NANOSECONDS): 300000
02-26 08:58:40.817  1835  1898 D UvcApiExposureControl: getMaxExposure(NANOSECONDS)...
02-26 08:58:40.819  1835  1898 D UvcApiExposureControl: ...getMaxExposure(NANOSECONDS): 204700000
02-26 08:58:40.819  1835  1898 D UvcApiExposureControl: setAePriority()...
02-26 08:58:40.821  1835  1898 D UvcApiExposureControl: ...setAePriority()
02-26 08:58:40.821  1835  1898 D UvcApiExposureControl: getMode()...
02-26 08:58:40.822  1835  1898 D Uvc     : [jni_devicehandle.cpp:493] Java_org_firstinspires_ftc_robotcore_internal_camera_libuvc_nativeobject_UvcDeviceHandle_nativeGetVuforiaExposureMode()...
02-26 08:58:40.823  1835  1898 D Uvc     : [jni_devicehandle.cpp:493] ...Java_org_firstinspires_ftc_robotcore_internal_camera_libuvc_nativeobject_UvcDeviceHandle_nativeGetVuforiaExposureMode()
02-26 08:58:40.823  1835  1898 D UvcApiExposureControl: ...getMode(): AperturePriority
02-26 08:58:40.825  1835  1898 D CachingExposureControl: ...onCameraChanged(null->CameraImpl(UvcDeviceHandle(pointer=0xc2f34f00|UvcDevice(/dev/bus/usb/003/004))))
02-26 08:58:40.826  1835  1898 D UvcApiPtzControl: getMinZoom()...
02-26 08:58:40.827  1835  1898 D UvcApiPtzControl: ...getMinZoom(): 100
02-26 08:58:40.827  1835  1898 D UvcApiPtzControl: getMaxZoom()...
02-26 08:58:40.829  1835  1898 D UvcApiPtzControl: ...getMaxZoom(): 500
02-26 08:58:40.829  1835  1898 D UvcApiPtzControl: getMinPanTilt()...
02-26 08:58:40.831  1835  1898 D UvcApiPtzControl: ...getMinPanTilt(): org.firstinspires.ftc.robotcore.external.hardware.camera.controls.PtzControl$PanTiltHolder@635d029
02-26 08:58:40.832  1835  1898 D UvcApiPtzControl: getMaxPanTilt()...
02-26 08:58:40.833  1835  1898 D UvcApiPtzControl: ...getMaxPanTilt(): org.firstinspires.ftc.robotcore.external.hardware.camera.controls.PtzControl$PanTiltHolder@30c4fae
02-26 08:58:40.833  1835  1898 D UvcApiPtzControl: getZoom()...
02-26 08:58:40.835  1835  1898 D UvcApiPtzControl: ...getZoom(): 100
02-26 08:58:40.836  1835  1898 D UvcApiPtzControl: getPanTilt()...
02-26 08:58:40.837  1835  1898 D UvcApiPtzControl: ...getPanTilt(): org.firstinspires.ftc.robotcore.external.hardware.camera.controls.PtzControl$PanTiltHolder@b19214f
02-26 08:58:40.838  1835  1898 D UvcApiGainControl: getMinGain()...
02-26 08:58:40.839  1835  1898 D Uvc     : [jni_devicehandle.cpp:894] Java_org_firstinspires_ftc_robotcore_internal_camera_libuvc_nativeobject_UvcDeviceHandle_nativeGetMinGain()...
02-26 08:58:40.839  1835  1898 D Uvc     : [jni_devicehandle.cpp:894] ...Java_org_firstinspires_ftc_robotcore_internal_camera_libuvc_nativeobject_UvcDeviceHandle_nativeGetMinGain()
02-26 08:58:40.840  1835  1898 D UvcApiGainControl: ...getMinGain(): 0
02-26 08:58:40.840  1835  1898 D UvcApiGainControl: getMaxGain()...
02-26 08:58:40.841  1835  1898 D Uvc     : [jni_devicehandle.cpp:917] Java_org_firstinspires_ftc_robotcore_internal_camera_libuvc_nativeobject_UvcDeviceHandle_nativeGetMaxGain()...
02-26 08:58:40.842  1835  1898 D Uvc     : [jni_devicehandle.cpp:917] ...Java_org_firstinspires_ftc_robotcore_internal_camera_libuvc_nativeobject_UvcDeviceHandle_nativeGetMaxGain()
02-26 08:58:40.842  1835  1898 D UvcApiGainControl: ...getMaxGain(): 255
02-26 08:58:40.842  1835  1898 D UvcApiGainControl: getGain()...
02-26 08:58:40.843  1835  1898 D Uvc     : [jni_devicehandle.cpp:940] Java_org_firstinspires_ftc_robotcore_internal_camera_libuvc_nativeobject_UvcDeviceHandle_nativeGetGain()...
02-26 08:58:40.844  1835  1898 D Uvc     : [jni_devicehandle.cpp:940] ...Java_org_firstinspires_ftc_robotcore_internal_camera_libuvc_nativeobject_UvcDeviceHandle_nativeGetGain()
02-26 08:58:40.844  1835  1898 D UvcApiGainControl: ...getGain(): 0
02-26 08:58:40.844  1835  1898 D UvcApiWhiteBalanceControl: getMinWhiteBalanceTemperature()...
02-26 08:58:40.845  1835  1898 D Uvc     : [jni_devicehandle.cpp:726] Java_org_firstinspires_ftc_robotcore_internal_camera_libuvc_nativeobject_UvcDeviceHandle_nativeGetMinWhiteBalanceTemperature()...
02-26 08:58:40.846  1835  1898 D Uvc     : [jni_devicehandle.cpp:726] ...Java_org_firstinspires_ftc_robotcore_internal_camera_libuvc_nativeobject_UvcDeviceHandle_nativeGetMinWhiteBalanceTemperature()
02-26 08:58:40.846  1835  1898 D UvcApiWhiteBalanceControl: ...getMinWhiteBalanceTemperature(): 2000
02-26 08:58:40.847  1835  1898 D UvcApiWhiteBalanceControl: getMaxWhiteBalanceTemperature()...
02-26 08:58:40.848  1835  1898 D Uvc     : [jni_devicehandle.cpp:748] Java_org_firstinspires_ftc_robotcore_internal_camera_libuvc_nativeobject_UvcDeviceHandle_nativeGetMaxWhiteBalanceTemperature()...
02-26 08:58:40.848  1835  1898 D Uvc     : [jni_devicehandle.cpp:748] ...Java_org_firstinspires_ftc_robotcore_internal_camera_libuvc_nativeobject_UvcDeviceHandle_nativeGetMaxWhiteBalanceTemperature()
02-26 08:58:40.849  1835  1898 D UvcApiWhiteBalanceControl: ...getMaxWhiteBalanceTemperature(): 6500
02-26 08:58:40.849  1835  1898 D UvcApiWhiteBalanceControl: getWhiteBalanceTemperature()...
02-26 08:58:40.850  1835  1898 D Uvc     : [jni_devicehandle.cpp:793] Java_org_firstinspires_ftc_robotcore_internal_camera_libuvc_nativeobject_UvcDeviceHandle_nativeGetWhiteBalanceTemperature()...
02-26 08:58:40.850  1835  1898 D Uvc     : [jni_devicehandle.cpp:793] ...Java_org_firstinspires_ftc_robotcore_internal_camera_libuvc_nativeobject_UvcDeviceHandle_nativeGetWhiteBalanceTemperature()
02-26 08:58:40.851  1835  1898 D UvcApiWhiteBalanceControl: ...getWhiteBalanceTemperature(): 4000
02-26 08:58:40.851  1835  1898 D UsbResiliantWebcam: ...changeDelegatedCamera(null->CameraImpl(UvcDeviceHandle(pointer=0xc2f34f00|UvcDevice(/dev/bus/usb/003/004))))
02-26 08:58:40.851  1835  1898 D UsbResiliantWebcam: openSelfAndReport()...
02-26 08:58:40.852  1835  1898 V CameraImpl: construct(0x03f370dc)
02-26 08:58:40.853  1835  1898 D UsbResiliantWebcam: ...openSelfAndReport()
02-26 08:58:40.853  1835  1898 D UsbResiliantWebcam.InterveningStateCallback: ...onOpened() camera=CameraImpl(UvcDeviceHandle(pointer=0xc2f34f00|UvcDevice(/dev/bus/usb/003/004)))
02-26 08:58:40.853  1835  1898 D UvcDevice: ...open()
02-26 08:58:40.853  1835  1898 D UsbResiliantWebcam: ...openAssumingPermission()
02-26 08:58:40.854  1835  2016 D CameraManager: camera reports opened: CameraImpl(UsbResiliantWebcam(Webcam(2D25B27F)))
02-26 08:58:40.854  1835  1898 D CameraManager: ...asyncOpenWebcam(Webcam(2D25B27F))
02-26 08:58:40.854  1835  1898 D CameraManager: ...asyncOpenCamera(Webcam(2D25B27F))
02-26 08:58:40.854  1835  2016 D ContinuationSynchronizer: finish("camera reports opened: Webcam(2D25B27F)": CameraImpl(UsbResiliantWebcam(Webcam(2D25B27F))))...
02-26 08:58:40.855  1835  2016 D ContinuationSynchronizer: ...finish("camera reports opened: Webcam(2D25B27F)": CameraImpl(UsbResiliantWebcam(Webcam(2D25B27F))))
02-26 08:58:40.855  1835  2009 D ContinuationSynchronizer: ...awaiting(camera open)
02-26 08:58:40.855  1835  2009 D CameraManager: ...doOpenCamera()
02-26 08:58:40.859  1835  2009 D UvcContext: found webcam: usbPath=/dev/bus/usb/003/004 vid=0x46D pid=0x8E5 serial=2D25B27F product=HD Pro Webcam C920
02-26 08:58:40.859  1835  2009 D Uvc     : [jni_context.cpp:120] Java_org_firstinspires_ftc_robotcore_internal_camera_libuvc_nativeobject_UvcContext_nativeCreateUvcDevice()...
02-26 08:58:40.859  1835  2009 V Uvc     : API: Java_org_firstinspires_ftc_robotcore_internal_camera_libuvc_nativeobject_UvcContext_nativeCreateUvcDevice: enter...
02-26 08:58:40.861  1835  2009 D libusb  : [21.471886] [000007d9] libusb: debug [op_create] op_create: szUsbPath=/dev/bus/usb/003/004 szSysfsDir=3-1.4
02-26 08:58:40.861  1835  2009 D Uvc     : [device.cpp:613] uvc_create_uvc_device()...
02-26 08:58:40.861  1835  2009 D Uvc     : [libuvc/libuvc_internal.h:346] uvc_device::uvc_device()...
02-26 08:58:40.861  1835  2009 D Uvc     : [libuvc/libuvc_internal.h:375] acquired vid=1133 & pid=2277
02-26 08:58:40.861  1835  2009 D Uvc     : [libuvc/libuvc_internal.h:346] ...uvc_device::uvc_device()
02-26 08:58:40.861  1835  2009 D Uvc     : [device.cpp:613] ...uvc_create_uvc_device() rc=0
02-26 08:58:40.861  1835  2009 V Uvc     : API: Java_org_firstinspires_ftc_robotcore_internal_camera_libuvc_nativeobject_UvcContext_nativeCreateUvcDevice: ...exit
02-26 08:58:40.861  1835  2009 D Uvc     : [jni_context.cpp:120] ...Java_org_firstinspires_ftc_robotcore_internal_camera_libuvc_nativeobject_UvcContext_nativeCreateUvcDevice()
02-26 08:58:40.861  1835  2009 V UvcDevice: construct(pointer=0xda7ec520|null)
02-26 08:58:40.862  1835  2009 D Uvc     : [jni_device.cpp:108] Java_org_firstinspires_ftc_robotcore_internal_camera_libuvc_nativeobject_UvcDevice_nativeGetLibUsbDevice()...
02-26 08:58:40.862  1835  2009 D Uvc     : [jni_device.cpp:108] ...Java_org_firstinspires_ftc_robotcore_internal_camera_libuvc_nativeobject_UvcDevice_nativeGetLibUsbDevice()
02-26 08:58:40.862  1835  2009 V LibUsbDevice: construct(pointer=0xc9e37ae0)
02-26 08:58:40.863  1835  2009 D UvcContext: usb device is *not* UVC compatible, /dev/bus/usb/003/003
02-26 08:58:40.863  1835  2009 D UvcContext: found webcam: usbPath=/dev/bus/usb/001/002 vid=0x46D pid=0x825 serial=D5386480 product=C270 HD WEBCAM
02-26 08:58:40.863  1835  2009 D Uvc     : [jni_context.cpp:120] Java_org_firstinspires_ftc_robotcore_internal_camera_libuvc_nativeobject_UvcContext_nativeCreateUvcDevice()...
02-26 08:58:40.863  1835  2009 V Uvc     : API: Java_org_firstinspires_ftc_robotcore_internal_camera_libuvc_nativeobject_UvcContext_nativeCreateUvcDevice: enter...
02-26 08:58:40.863  1835  2009 D libusb  : [21.474686] [000007d9] libusb: debug [op_create] op_create: szUsbPath=/dev/bus/usb/001/002 szSysfsDir=1-1
02-26 08:58:40.864  1835  2009 D libusb  : [21.474887] [000007d9] libusb: debug [initialize_device] initialize_device(szUsbPath=/dev/bus/usb/001/002 szSysfsDir=1-1)
02-26 08:58:40.864  1835  2009 D libusb  : [21.475274] [000007d9] libusb: debug [initialize_device] initialize_device(szUsbPath=(null) szSysfsDir=usb1)
02-26 08:58:40.864  1835  2009 D Uvc     : [device.cpp:613] uvc_create_uvc_device()...
02-26 08:58:40.864  1835  2009 D Uvc     : [libuvc/libuvc_internal.h:346] uvc_device::uvc_device()...
02-26 08:58:40.864  1835  2009 D Uvc     : [libuvc/libuvc_internal.h:375] acquired vid=1133 & pid=2085
02-26 08:58:40.864  1835  2009 D Uvc     : [libuvc/libuvc_internal.h:346] ...uvc_device::uvc_device()
02-26 08:58:40.864  1835  2009 D Uvc     : [device.cpp:613] ...uvc_create_uvc_device() rc=0
02-26 08:58:40.864  1835  2009 V Uvc     : API: Java_org_firstinspires_ftc_robotcore_internal_camera_libuvc_nativeobject_UvcContext_nativeCreateUvcDevice: ...exit
02-26 08:58:40.864  1835  2009 D Uvc     : [jni_context.cpp:120] ...Java_org_firstinspires_ftc_robotcore_internal_camera_libuvc_nativeobject_UvcContext_nativeCreateUvcDevice()
02-26 08:58:40.865  1835  2009 V UvcDevice: construct(pointer=0xda7ec5c0|null)
02-26 08:58:40.865  1835  2009 D Uvc     : [jni_device.cpp:108] Java_org_firstinspires_ftc_robotcore_internal_camera_libuvc_nativeobject_UvcDevice_nativeGetLibUsbDevice()...
02-26 08:58:40.865  1835  2009 D Uvc     : [jni_device.cpp:108] ...Java_org_firstinspires_ftc_robotcore_internal_camera_libuvc_nativeobject_UvcDevice_nativeGetLibUsbDevice()
02-26 08:58:40.865  1835  2009 V LibUsbDevice: construct(pointer=0xc9e38f20)
02-26 08:58:40.866  1835  2009 V UvcDevice: destroy(pointer=0xda7ec5c0|/dev/bus/usb/001/002)
02-26 08:58:40.866  1835  2009 D Uvc     : [jni_device.cpp:126] Java_org_firstinspires_ftc_robotcore_internal_camera_libuvc_nativeobject_UvcDevice_nativeReleaseRefDevice()...
02-26 08:58:40.866  1835  2009 V Uvc     : API: Java_org_firstinspires_ftc_robotcore_internal_camera_libuvc_nativeobject_UvcDevice_nativeReleaseRefDevice: enter...
02-26 08:58:40.866  1835  2009 D Uvc     : [device.cpp:882] uvc_unref_device()...
02-26 08:58:40.866  1835  2009 D Uvc     : [device.cpp:882] ...uvc_unref_device()
02-26 08:58:40.866  1835  2009 V Uvc     : API: Java_org_firstinspires_ftc_robotcore_internal_camera_libuvc_nativeobject_UvcDevice_nativeReleaseRefDevice: ...exit
02-26 08:58:40.866  1835  2009 D Uvc     : [jni_device.cpp:126] ...Java_org_firstinspires_ftc_robotcore_internal_camera_libuvc_nativeobject_UvcDevice_nativeReleaseRefDevice()
02-26 08:58:40.866  1835  2009 V LibUsbDevice: destroy(pointer=0xc9e38f20)
02-26 08:58:40.866  1835  2009 D Uvc     : [jni_libusb_device.cpp:64] Java_org_firstinspires_ftc_robotcore_internal_camera_libuvc_nativeobject_LibUsbDevice_nativeReleaseRefDevice()...
02-26 08:58:40.866  1835  2009 D Uvc     : [jni_libusb_device.cpp:64] ...Java_org_firstinspires_ftc_robotcore_internal_camera_libuvc_nativeobject_LibUsbDevice_nativeReleaseRefDevice()
02-26 08:58:40.867  1835  2009 V UvcApiCameraCharacteristicsBuilder: construct(0x07d1b8ba)
02-26 08:58:40.869  1835  2009 D Uvc     : [jni_device.cpp:289] Java_org_firstinspires_ftc_robotcore_internal_camera_libuvc_nativeobject_UvcDevice_nativeGetDeviceInfo()...
02-26 08:58:40.869  1835  2009 V Uvc     : API: Java_org_firstinspires_ftc_robotcore_internal_camera_libuvc_nativeobject_UvcDevice_nativeGetDeviceInfo: enter...
02-26 08:58:40.869  1835  2009 D Uvc     : [device.cpp:386] uvc_get_device_info()...
02-26 08:58:40.869  1835  2009 D libusb  : [21.480316] [000007d9] libusb: debug [op_get_config_descriptor] op_get_config_descriptor: config_index=0
02-26 08:58:40.869  1835  2009 D libusb  : [21.480361] [000007d9] libusb: debug [op_get_config_descriptor] op_get_config_descriptor: config_index=0
02-26 08:58:40.869  1835  2009 D Uvc     : [device.cpp:986] uvc_scan_control()...
02-26 08:58:40.869  1835  2009 D Uvc     : [device.cpp:1041] uvc_parse_vc_header()...
02-26 08:58:40.869  1835  2009 D Uvc     : [device.cpp:1284] uvc_scan_streaming()...
02-26 08:58:40.869  1835  2009 D Uvc     : [device.cpp:1340] uvc_parse_vs_input_header()...
02-26 08:58:40.869  1835  2009 D Uvc     : [device.cpp:1340] ...uvc_parse_vs_input_header() rc=0
02-26 08:58:40.869  1835  2009 D Uvc     : [device.cpp:1389] uvc_parse_vs_format_uncompressed()...
02-26 08:58:40.869  1835  2009 D Uvc     : [device.cpp:1389] ...uvc_parse_vs_format_uncompressed() rc=0
02-26 08:58:40.870  1835  2009 V Uvc     : [device.cpp:1630] unsupported descriptor subtype: 13 UVC_VS_COLORFORMAT
02-26 08:58:40.870  1835  2009 D Uvc     : [device.cpp:1449] uvc_parse_vs_format_mjpeg()...
02-26 08:58:40.870  1835  2009 D Uvc     : [device.cpp:1449] ...uvc_parse_vs_format_mjpeg() rc=0
02-26 08:58:40.870  1835  2009 V Uvc     : [device.cpp:1630] unsupported descriptor subtype: 13 UVC_VS_COLORFORMAT
02-26 08:58:40.870  1835  2009 D Uvc     : [device.cpp:1284] ...uvc_scan_streaming() rc=0
02-26 08:58:40.870  1835  2009 D Uvc     : [device.cpp:1041] ...uvc_parse_vc_header() rc=0
02-26 08:58:40.870  1835  2009 D Uvc     : [device.cpp:1083] uvc_parse_vc_input_terminal()...
02-26 08:58:40.870  1835  2009 D Uvc     : [device.cpp:1083] ...uvc_parse_vc_input_terminal() rc=0
02-26 08:58:40.870  1835  2009 D Uvc     : [device.cpp:1156] uvc_parse_vc_processing_unit()...
02-26 08:58:40.870  1835  2009 D Uvc     : [device.cpp:1156] ...uvc_parse_vc_processing_unit() rc=0
02-26 08:58:40.870  1835  2009 D Uvc     : [device.cpp:986] ...uvc_scan_control() rc=0
02-26 08:58:40.870  1835  2009 D Uvc     : [device.cpp:386] ...uvc_get_device_info() rc=0
02-26 08:58:40.870  1835  2009 V Uvc     : API: Java_org_firstinspires_ftc_robotcore_internal_camera_libuvc_nativeobject_UvcDevice_nativeGetDeviceInfo: ...exit
02-26 08:58:40.870  1835  2009 D Uvc     : [jni_device.cpp:289] ...Java_org_firstinspires_ftc_robotcore_internal_camera_libuvc_nativeobject_UvcDevice_nativeGetDeviceInfo()
02-26 08:58:40.871  1835  2009 V UvcDeviceInfo: construct(pointer=0xc64211a0)
02-26 08:58:40.874  1835  2009 V UvcStreamingInterface: construct(pointer=0xc6526020)
02-26 08:58:40.959  1835  2009 V UvcStreamingInterface: destroy(pointer=0xc6526020)
02-26 08:58:40.960  1835  2009 V UvcDeviceInfo: destroy(pointer=0xc64211a0)
02-26 08:58:40.960  1835  2009 D Uvc     : [jni_deviceinfo.cpp:63] Java_org_firstinspires_ftc_robotcore_internal_camera_libuvc_nativeobject_UvcDeviceInfo_nativeFreeDeviceInfo()...
02-26 08:58:40.961  1835  2009 V Uvc     : API: Java_org_firstinspires_ftc_robotcore_internal_camera_libuvc_nativeobject_UvcDeviceInfo_nativeFreeDeviceInfo: enter...
02-26 08:58:40.961  1835  2009 D Uvc     : [device.cpp:433] uvc_free_device_info()...
02-26 08:58:40.961  1835  2009 D Uvc     : [device.cpp:433] ...uvc_free_device_info()
