02-03 09:37:31.763  2048  6802 I global  :  RENO - ObjectDetection.sleeveColorDetect(ObjectDetection.java:125): Start Opcv process to detect sleeve color.
02-03 09:37:31.765  2048  6802 I global  :  RENO - ObjectDetection.sleeveColorDetect(ObjectDetection.java:132): Sleeve max color = 317396.00, 315232.00, 314245.00
02-03 09:37:31.766  2048  6802 I global  :  RENO - ObjectDetection.sleeveColorDetect(ObjectDetection.java:151): Sleeve position: LEFT
02-03 09:37:31.795  2048  6802 I global  :  RENO - ObjectDetection.sleeveColorDetect(ObjectDetection.java:125): Start Opcv process to detect sleeve color.
02-03 09:37:31.797  2048  6802 I global  :  RENO - ObjectDetection.sleeveColorDetect(ObjectDetection.java:132): Sleeve max color = 317199.00, 315296.00, 314129.00
02-03 09:37:31.798  2048  6802 I global  :  RENO - ObjectDetection.sleeveColorDetect(ObjectDetection.java:151): Sleeve position: LEFT
02-03 09:37:31.827  2048  6802 I global  :  RENO - ObjectDetection.sleeveColorDetect(ObjectDetection.java:125): Start Opcv process to detect sleeve color.
02-03 09:37:31.828  2048  6802 I global  :  RENO - ObjectDetection.sleeveColorDetect(ObjectDetection.java:132): Sleeve max color = 317350.00, 315309.00, 314386.00
02-03 09:37:31.829  2048  6802 I global  :  RENO - ObjectDetection.sleeveColorDetect(ObjectDetection.java:151): Sleeve position: LEFT
02-03 09:37:31.863  2048  6802 I global  :  RENO - ObjectDetection.sleeveColorDetect(ObjectDetection.java:125): Start Opcv process to detect sleeve color.
02-03 09:37:31.864  2048  6802 I global  :  RENO - ObjectDetection.sleeveColorDetect(ObjectDetection.java:132): Sleeve max color = 317401.00, 315190.00, 314258.00
02-03 09:37:31.865  2048  6802 I global  :  RENO - ObjectDetection.sleeveColorDetect(ObjectDetection.java:151): Sleeve position: LEFT
02-03 09:37:31.895  2048  6802 I global  :  RENO - ObjectDetection.sleeveColorDetect(ObjectDetection.java:125): Start Opcv process to detect sleeve color.
02-03 09:37:31.896  2048  6802 I global  :  RENO - ObjectDetection.sleeveColorDetect(ObjectDetection.java:132): Sleeve max color = 317314.00, 315395.00, 313959.00
02-03 09:37:31.897  2048  6802 I global  :  RENO - ObjectDetection.sleeveColorDetect(ObjectDetection.java:151): Sleeve position: LEFT
02-03 09:37:31.927  2048  6802 I global  :  RENO - ObjectDetection.sleeveColorDetect(ObjectDetection.java:125): Start Opcv process to detect sleeve color.
02-03 09:37:31.928  2048  6802 I global  :  RENO - ObjectDetection.sleeveColorDetect(ObjectDetection.java:132): Sleeve max color = 317321.00, 315244.00, 314279.00
02-03 09:37:31.929  2048  6802 I global  :  RENO - ObjectDetection.sleeveColorDetect(ObjectDetection.java:151): Sleeve position: LEFT
02-03 09:37:31.964  2048  6802 I global  :  RENO - ObjectDetection.sleeveColorDetect(ObjectDetection.java:125): Start Opcv process to detect sleeve color.
02-03 09:37:31.965  2048  6802 I global  :  RENO - ObjectDetection.sleeveColorDetect(ObjectDetection.java:132): Sleeve max color = 317290.00, 315357.00, 314177.00
02-03 09:37:31.967  2048  6802 I global  :  RENO - ObjectDetection.sleeveColorDetect(ObjectDetection.java:151): Sleeve position: LEFT
02-03 09:37:31.995  2048  6802 I global  :  RENO - ObjectDetection.sleeveColorDetect(ObjectDetection.java:125): Start Opcv process to detect sleeve color.
02-03 09:37:31.996  2048  6802 I global  :  RENO - ObjectDetection.sleeveColorDetect(ObjectDetection.java:132): Sleeve max color = 317248.00, 315267.00, 314359.00
02-03 09:37:31.997  2048  6802 I global  :  RENO - ObjectDetection.sleeveColorDetect(ObjectDetection.java:151): Sleeve position: LEFT
02-03 09:37:32.027  2048  6802 I global  :  RENO - ObjectDetection.sleeveColorDetect(ObjectDetection.java:125): Start Opcv process to detect sleeve color.
02-03 09:37:32.028  2048  6802 I global  :  RENO - ObjectDetection.sleeveColorDetect(ObjectDetection.java:132): Sleeve max color = 317430.00, 315225.00, 314345.00
02-03 09:37:32.029  2048  6802 I global  :  RENO - ObjectDetection.sleeveColorDetect(ObjectDetection.java:151): Sleeve position: LEFT
02-03 09:37:32.063  2048  6802 I global  :  RENO - ObjectDetection.sleeveColorDetect(ObjectDetection.java:125): Start Opcv process to detect sleeve color.
02-03 09:37:32.064  2048  6802 I global  :  RENO - ObjectDetection.sleeveColorDetect(ObjectDetection.java:132): Sleeve max color = 317010.00, 315343.00, 314342.00
02-03 09:37:32.065  2048  6802 I global  :  RENO - ObjectDetection.sleeveColorDetect(ObjectDetection.java:151): Sleeve position: LEFT
02-03 09:37:32.095  2048  6802 I global  :  RENO - ObjectDetection.sleeveColorDetect(ObjectDetection.java:125): Start Opcv process to detect sleeve color.
02-03 09:37:32.096  2048  6802 I global  :  RENO - ObjectDetection.sleeveColorDetect(ObjectDetection.java:132): Sleeve max color = 317447.00, 315171.00, 314299.00
02-03 09:37:32.097  2048  6802 I global  :  RENO - ObjectDetection.sleeveColorDetect(ObjectDetection.java:151): Sleeve position: LEFT
02-03 09:37:32.127  2048  6802 I global  :  RENO - ObjectDetection.sleeveColorDetect(ObjectDetection.java:125): Start Opcv process to detect sleeve color.
02-03 09:37:32.128  2048  6802 I global  :  RENO - ObjectDetection.sleeveColorDetect(ObjectDetection.java:132): Sleeve max color = 317458.00, 315262.00, 314198.00
02-03 09:37:32.129  2048  6802 I global  :  RENO - ObjectDetection.sleeveColorDetect(ObjectDetection.java:151): Sleeve position: LEFT
02-03 09:37:32.163  2048  6802 I global  :  RENO - ObjectDetection.sleeveColorDetect(ObjectDetection.java:125): Start Opcv process to detect sleeve color.
02-03 09:37:32.164  2048  6802 I global  :  RENO - ObjectDetection.sleeveColorDetect(ObjectDetection.java:132): Sleeve max color = 317492.00, 315249.00, 314122.00
02-03 09:37:32.166  2048  6802 I global  :  RENO - ObjectDetection.sleeveColorDetect(ObjectDetection.java:151): Sleeve position: LEFT
02-03 09:37:32.196  2048  2183 V Robocol : received command: CMD_RUN_OP_MODE(22010) auto RR right
02-03 09:37:32.197  2048  6802 I global  :  RENO - ObjectDetection.sleeveColorDetect(ObjectDetection.java:125): Start Opcv process to detect sleeve color.
02-03 09:37:32.198  2048  6802 I global  :  RENO - ObjectDetection.sleeveColorDetect(ObjectDetection.java:132): Sleeve max color = 317338.00, 315252.00, 314331.00
02-03 09:37:32.199  2048  6802 I global  :  RENO - ObjectDetection.sleeveColorDetect(ObjectDetection.java:151): Sleeve position: LEFT
02-03 09:37:32.205  2048  2048 I OpModeThread: type=1400 audit(0.0:211): avc: denied { write } for name="value" dev="sysfs" ino=16705 scontext=u:r:untrusted_app:s0:c512,c768 tcontext=u:object_r:sysfs:s0 tclass=file permissive=1
02-03 09:37:32.227  2048  2186 V Robocol : sending CMD_NOTIFY_RUN_OP_MODE(12116), attempt: 0
02-03 09:37:32.228  2048  6802 I global  :  RENO - ObjectDetection.sleeveColorDetect(ObjectDetection.java:125): Start Opcv process to detect sleeve color.
02-03 09:37:32.229  2048  6802 I global  :  RENO - ObjectDetection.sleeveColorDetect(ObjectDetection.java:132): Sleeve max color = 317380.00, 315188.00, 314070.00
02-03 09:37:32.230  2048  6802 I global  :  RENO - ObjectDetection.sleeveColorDetect(ObjectDetection.java:151): Sleeve position: LEFT
02-03 09:37:32.245  2048  6794 I System.out: stopRecordingPipeline()
02-03 09:37:32.246  2048  6794 I System.out: ...stopRecordingPipeline()
02-03 09:37:32.246  2048  6794 D UsbResiliantWebcam|DelCaptureSession: stopCapture()...
02-03 09:37:32.246  2048  6794 D UsbResiliantWebcam|DelCaptureSequence: undoStreaming()...
02-03 09:37:32.246  2048  6794 D UvcApiCaptureSession: stopCapture()...
02-03 09:37:32.246  2048  6794 D Uvc     : [jni_streamhandle.cpp:184] Java_org_firstinspires_ftc_robotcore_internal_camera_libuvc_nativeobject_UvcStreamHandle_nativeStopStreaming()...
02-03 09:37:32.246  2048  6794 V Uvc     : API: Java_org_firstinspires_ftc_robotcore_internal_camera_libuvc_nativeobject_UvcStreamHandle_nativeStopStreaming: enter...
02-03 09:37:32.246  2048  6794 D Uvc     : [stream.cpp:1514] uvc_stream_stop()...
02-03 09:37:32.246  2048  6794 D UvcStream: [stream.cpp:1542] cancelling extant transfers
02-03 09:37:32.248  2048  2048 D OpenCvViewport: surfaceDestroyed()
02-03 09:37:32.248  2048  2048 D OpenCvViewport: CheckState(): lifecycle mandates deactivation regardless of user
02-03 09:37:32.248  2048  2048 D OpenCvViewport: CheckState(): deactivating viewport
02-03 09:37:32.249  2048  6801 W System.err: java.lang.InterruptedException
02-03 09:37:32.249  2048  6801 W System.err: 	at java.lang.Object.wait(Native Method)
02-03 09:37:32.249  2048  6801 W System.err: 	at org.firstinspires.ftc.robotcore.internal.collections.EvictingBlockingQueue.take(EvictingBlockingQueue.java:143)
02-03 09:37:32.249  2048  6801 W System.err: 	at org.openftc.easyopencv.OpenCvViewport$RenderThread.run(OpenCvViewport.java:554)
02-03 09:37:32.249  2048  6801 D OpenCvViewportRenderThread: About to exit
02-03 09:37:32.250  2048  2048 D OpenCvViewport: ...surfaceDestroyed()
02-03 09:37:32.285  2048  6794 D Uvc     : [stream.cpp:1471] (waitForAllTransfers(waiting for cancelled transfers))...
02-03 09:37:32.285  2048  6802 D UvcStream: [stream.cpp:1329] user callback thread stopped
02-03 09:37:32.286  2048  6794 D UvcStream: [stream.cpp:1485] no extant active transfers: continuing
02-03 09:37:32.286  2048  6794 D Uvc     : [stream.cpp:1471] ...()
02-03 09:37:32.286  2048  6794 D Uvc     : [stream.cpp:1189] uvc_stream_handle::stopIsochronousStreaming()...
02-03 09:37:32.286  2048  6794 D Uvc     : [libuvc/libuvc_internal.h:825] uvc_device_handle::setInterfaceAltSetting(setInterfaceAltSetting(intf=1 alt=0))...
02-03 09:37:32.287  2048  6794 D UvcDevice: setInterfaceAltSetting(1,0)
02-03 09:37:32.287  2048  6794 D UvcDevice: setInterfaceAltSetting(1,0) succeeded
02-03 09:37:32.287  2048  6794 D Uvc     : [libuvc/libuvc_internal.h:825] ...uvc_device_handle::setInterfaceAltSetting() rc=0
02-03 09:37:32.287  2048  6794 D Uvc     : [stream.cpp:1189] ...uvc_stream_handle::stopIsochronousStreaming() rc=0
02-03 09:37:32.287  2048  6794 D UvcStream: [stream.cpp:1558] awakening user thread
02-03 09:37:32.287  2048  6794 D UvcStream: [stream.cpp:1567] waiting for user callback thread to finish
02-03 09:37:32.287  2048  6794 D Uvc     : [stream.cpp:1514] ...uvc_stream_stop() rc=0
02-03 09:37:32.287  2048  6794 V Uvc     : API: Java_org_firstinspires_ftc_robotcore_internal_camera_libuvc_nativeobject_UvcStreamHandle_nativeStopStreaming: ...exit
02-03 09:37:32.287  2048  6794 D Uvc     : [jni_streamhandle.cpp:184] ...Java_org_firstinspires_ftc_robotcore_internal_camera_libuvc_nativeobject_UvcStreamHandle_nativeStopStreaming()
02-03 09:37:32.288  2048  6794 V UvcFrameCallback: destroy(hash=0x0e78643f)
02-03 09:37:32.288  2048  6794 V UvcFrameCallbackData: destroy(pointer=0xced24090)
02-03 09:37:32.288  2048  6794 V Uvc     : API: Java_org_firstinspires_ftc_robotcore_internal_camera_libuvc_nativeobject_UvcFrameCallback_nativeReleaseCallbackState: enter...
02-03 09:37:32.288  2048  6794 V Uvc     : API: Java_org_firstinspires_ftc_robotcore_internal_camera_libuvc_nativeobject_UvcFrameCallback_nativeReleaseCallbackState: ...exit
02-03 09:37:32.288  2048  6794 V UvcStreamHandle: destroy(pointer=0xd3d263c0)
02-03 09:37:32.288  2048  6794 D Uvc     : [jni_streamhandle.cpp:184] Java_org_firstinspires_ftc_robotcore_internal_camera_libuvc_nativeobject_UvcStreamHandle_nativeStopStreaming()...
02-03 09:37:32.288  2048  6794 V Uvc     : API: Java_org_firstinspires_ftc_robotcore_internal_camera_libuvc_nativeobject_UvcStreamHandle_nativeStopStreaming: enter...
02-03 09:37:32.288  2048  6794 D Uvc     : [stream.cpp:1514] uvc_stream_stop()...
02-03 09:37:32.288  2048  6794 D Uvc     : [stream.cpp:1514] ...uvc_stream_stop() rc=0
02-03 09:37:32.288  2048  6794 V Uvc     : API: Java_org_firstinspires_ftc_robotcore_internal_camera_libuvc_nativeobject_UvcStreamHandle_nativeStopStreaming: ...exit
02-03 09:37:32.289  2048  6794 D Uvc     : [jni_streamhandle.cpp:184] ...Java_org_firstinspires_ftc_robotcore_internal_camera_libuvc_nativeobject_UvcStreamHandle_nativeStopStreaming()
02-03 09:37:32.289  2048  6794 D Uvc     : [jni_streamhandle.cpp:200] Java_org_firstinspires_ftc_robotcore_internal_camera_libuvc_nativeobject_UvcStreamHandle_nativeCloseStreamHandle()...
02-03 09:37:32.289  2048  6794 V Uvc     : API: Java_org_firstinspires_ftc_robotcore_internal_camera_libuvc_nativeobject_UvcStreamHandle_nativeCloseStreamHandle: enter...
02-03 09:37:32.289  2048  6794 D Uvc     : [stream.cpp:1584] uvc_stream_close()...
02-03 09:37:32.289  2048  6794 D Uvc     : [streamhandle.cpp:45] uvc_stream_handle::~uvc_stream_handle()...
02-03 09:37:32.289  2048  6794 D Uvc     : [streamhandle.cpp:66] uvc_stream_handle::releaseInterface()...
02-03 09:37:32.289  2048  6794 D Uvc     : [libuvc/libuvc_internal.h:793] uvc_device_handle::releaseInterface()...
02-03 09:37:32.289  2048  6794 D UvcDevice: releaseInterface(1)
02-03 09:37:32.289  2048  6794 D UvcDevice: releaseInterface(1) succeeded
02-03 09:37:32.290  2048  6794 D Uvc     : [libuvc/libuvc_internal.h:793] ...uvc_device_handle::releaseInterface() rc=0
02-03 09:37:32.290  2048  6794 D Uvc     : [streamhandle.cpp:66] ...uvc_stream_handle::releaseInterface()
02-03 09:37:32.290  2048  6794 D Uvc     : [streamhandle.cpp:45] ...uvc_stream_handle::~uvc_stream_handle()
02-03 09:37:32.290  2048  6794 D Uvc     : [stream.cpp:1584] ...uvc_stream_close()
02-03 09:37:32.290  2048  6794 V Uvc     : API: Java_org_firstinspires_ftc_robotcore_internal_camera_libuvc_nativeobject_UvcStreamHandle_nativeCloseStreamHandle: ...exit
02-03 09:37:32.290  2048  6794 D Uvc     : [jni_streamhandle.cpp:200] ...Java_org_firstinspires_ftc_robotcore_internal_camera_libuvc_nativeobject_UvcStreamHandle_nativeCloseStreamHandle()
02-03 09:37:32.290  2048  6794 V UvcApiCameraCaptureSequence: destroy(hash=0x012b3d99)
02-03 09:37:32.290  2048  2483 D RobotCore: capture sequence DelegatingCaptureSequenceId(1) reports completed: lastFrame=999
02-03 09:37:32.290  2048  6794 D UvcApiCaptureSession: ...stopCapture()
02-03 09:37:32.290  2048  6794 D UvcApiCaptureSession: doClose()...
02-03 09:37:32.291  2048  6794 D UvcApiCaptureSession: ...doClose()
02-03 09:37:32.291  2048  6794 D UsbResiliantWebcam|DelCaptureSequence: ...undoStreaming()
02-03 09:37:32.291  2048  6797 D UsbResiliantWebcam|DelCaptureSession: camera session is closed: Webcam(D5386480)
02-03 09:37:32.291  2048  6797 V UvcApiCaptureSession: destroy(hash=0x05a366e0)
02-03 09:37:32.291  2048  6794 V UsbResiliantWebcam|DelCaptureSequence: destroy(hash=0x0d3edce3)
02-03 09:37:32.291  2048  2483 D RobotCore: capture sequence DelegatingCaptureSequenceId(1) reports completed: lastFrame=999
02-03 09:37:32.291  2048  6797 D UvcApiCaptureSession: destructor...
02-03 09:37:32.291  2048  6794 D UsbResiliantWebcam|DelCaptureSession: ...stopCapture()
02-03 09:37:32.291  2048  6797 D UvcApiCaptureSession: ...destructor
02-03 09:37:32.291  2048  6794 D UsbResiliantWebcam|DelCaptureSession: doClose()...
02-03 09:37:32.291  2048  6794 D UsbResiliantWebcam|DelCaptureSession: ...doClose()
02-03 09:37:32.292  2048  6794 V UsbResiliantWebcam|DelCaptureSession: destroy(hash=0x05142d12)
02-03 09:37:32.292  2048  6794 D UsbResiliantWebcam|DelCaptureSession: destructor()...
02-03 09:37:32.292  2048  6794 D UsbResiliantWebcam|DelCaptureSession: ...destructor()
02-03 09:37:32.293  2048  6794 V CameraImpl: destroy(hash=0x0e3a5347)
02-03 09:37:32.293  2048  6794 D UsbResiliantWebcam: CameraImpl.destructor()...
02-03 09:37:32.293  2048  6794 D UsbResiliantWebcam: externalDestructor()...
02-03 09:37:32.293  2048  6794 V CameraImpl: destroy(hash=0x07e26b6b)
02-03 09:37:32.293  2048  6797 D CameraManager: camera reports closed: CameraImpl(UsbResiliantWebcam(Webcam(D5386480)))
02-03 09:37:32.293  2048  6794 D UvcDeviceHandle: CameraImpl.destructor()...
02-03 09:37:32.294  2048  6794 D UvcDeviceHandle: externalDestructor()...
02-03 09:37:32.294  2048  6794 D UsbResiliantWebcam: changeDelegatedCamera(CameraImpl(UvcDeviceHandle(pointer=0xd02510b0|UvcDevice(/dev/bus/usb/003/004)))->null)...
02-03 09:37:32.295  2048  6794 D CachingExposureControl: onCameraChanged(CameraImpl(UvcDeviceHandle(pointer=0xd02510b0|UvcDevice(/dev/bus/usb/003/004)))->null)...
02-03 09:37:32.295  2048  6794 D CachingExposureControl: ...onCameraChanged(CameraImpl(UvcDeviceHandle(pointer=0xd02510b0|UvcDevice(/dev/bus/usb/003/004)))->null)
02-03 09:37:32.295  2048  6794 D UsbResiliantWebcam: ...changeDelegatedCamera(CameraImpl(UvcDeviceHandle(pointer=0xd02510b0|UvcDevice(/dev/bus/usb/003/004)))->null)
02-03 09:37:32.295  2048  6794 D UvcDeviceHandle: ...externalDestructor()
02-03 09:37:32.296  2048  6794 V UvcDeviceHandle: destroy(pointer=0xd02510b0)
02-03 09:37:32.296  2048  6794 D UvcDeviceHandle: destructor...
02-03 09:37:32.296  2048  6794 D Uvc     : [jni_devicehandle.cpp:87] Java_org_firstinspires_ftc_robotcore_internal_camera_libuvc_nativeobject_UvcDeviceHandle_nativeReleaseRefDeviceHandle()...
02-03 09:37:32.296  2048  6794 V Uvc     : API: Java_org_firstinspires_ftc_robotcore_internal_camera_libuvc_nativeobject_UvcDeviceHandle_nativeReleaseRefDeviceHandle: enter...
02-03 09:37:32.296  2048  6794 D Uvc     : [libuvc/libuvc_internal.h:872] uvc_device_handle::~uvc_device_handle()...
02-03 09:37:32.296  2048  6794 D Uvc     : [libuvc/libuvc_internal.h:840] uvc_device_handle::deconstruct()...
02-03 09:37:32.296  2048  6794 D Uvc     : [libuvc/libuvc_internal.h:751] uvc_device_handle::stop()...
02-03 09:37:32.296  2048  6794 D Uvc     : [libuvc/libuvc_internal.h:751] ...uvc_device_handle::stop()
02-03 09:37:32.296  2048  6794 D Uvc     : [libuvc/libuvc_internal.h:865] uvc_device_handle::close()...
02-03 09:37:32.296  2048  6794 E libusb  : [889.994158] [00001a8a] libusb: error [do_close] Device handle closed while transfer was still being processed, but the device is still connected as far as we know
02-03 09:37:32.296  2048  6794 E libusb  : [889.994221] [00001a8a] libusb: error [do_close] A cancellation hasn't even been scheduled on the transfer for which the device is closing
02-03 09:37:32.296  2048  6794 D Uvc     : [libuvc/libuvc_internal.h:865] ...uvc_device_handle::close()
02-03 09:37:32.296  2048  6794 D Uvc     : [libuvc/libuvc_internal.h:840] ...uvc_device_handle::deconstruct()
02-03 09:37:32.296  2048  6794 D Uvc     : [device.cpp:433] uvc_free_device_info()...
02-03 09:37:32.297  2048  6794 D Uvc     : [device.cpp:433] ...uvc_free_device_info()
02-03 09:37:32.297  2048  6794 D Uvc     : [libuvc/libuvc_internal.h:872] ...uvc_device_handle::~uvc_device_handle()
02-03 09:37:32.297  2048  6794 V Uvc     : API: Java_org_firstinspires_ftc_robotcore_internal_camera_libuvc_nativeobject_UvcDeviceHandle_nativeReleaseRefDeviceHandle: ...exit
02-03 09:37:32.297  2048  6794 D Uvc     : [jni_devicehandle.cpp:87] ...Java_org_firstinspires_ftc_robotcore_internal_camera_libuvc_nativeobject_UvcDeviceHandle_nativeReleaseRefDeviceHandle()
02-03 09:37:32.297  2048  6794 V UvcDevice: destroy(pointer=0xd0d07240|/dev/bus/usb/003/004)
02-03 09:37:32.297  2048  6794 D UsbDeviceConnectionJNI: close
02-03 09:37:32.297  2048  6794 D Uvc     : [jni_device.cpp:126] Java_org_firstinspires_ftc_robotcore_internal_camera_libuvc_nativeobject_UvcDevice_nativeReleaseRefDevice()...
02-03 09:37:32.297  2048  6794 V Uvc     : API: Java_org_firstinspires_ftc_robotcore_internal_camera_libuvc_nativeobject_UvcDevice_nativeReleaseRefDevice: enter...
02-03 09:37:32.297  2048  6794 D Uvc     : [device.cpp:882] uvc_unref_device()...
02-03 09:37:32.300  2048  6794 D Uvc     : [device.cpp:882] ...uvc_unref_device()
02-03 09:37:32.300  2048  6794 V Uvc     : API: Java_org_firstinspires_ftc_robotcore_internal_camera_libuvc_nativeobject_UvcDevice_nativeReleaseRefDevice: ...exit
02-03 09:37:32.300  2048  6794 D Uvc     : [jni_device.cpp:126] ...Java_org_firstinspires_ftc_robotcore_internal_camera_libuvc_nativeobject_UvcDevice_nativeReleaseRefDevice()
02-03 09:37:32.300  2048  6794 V LibUsbDevice: destroy(pointer=0xd3d30fc0)
02-03 09:37:32.300  2048  6794 D Uvc     : [jni_libusb_device.cpp:64] Java_org_firstinspires_ftc_robotcore_internal_camera_libuvc_nativeobject_LibUsbDevice_nativeReleaseRefDevice()...
02-03 09:37:32.300  2048  6794 D Uvc     : [jni_libusb_device.cpp:64] ...Java_org_firstinspires_ftc_robotcore_internal_camera_libuvc_nativeobject_LibUsbDevice_nativeReleaseRefDevice()
02-03 09:37:32.300  2048  6794 D UvcDeviceHandle: ...destructor
02-03 09:37:32.300  2048  6794 D UvcDeviceHandle: ...CameraImpl.destructor()
02-03 09:37:32.300  2048  6794 D UsbResiliantWebcam: ...externalDestructor()
02-03 09:37:32.301  2048  6794 V UsbResiliantWebcam: destroy(hash=0x08c7ede5)
02-03 09:37:32.301  2048  6794 D UsbResiliantWebcam: destructor()...
02-03 09:37:32.301  2048  6794 D UsbResiliantWebcam: ...destructor()
02-03 09:37:32.301  2048  6794 D UsbResiliantWebcam: ...CameraImpl.destructor()
02-03 09:37:35.218  2048  6794 I global  :  RENO - SlidersWith2Motors.waitRunningComplete(SlidersWith2Motors.java:147): Slider waiting time = 0.12 sec
02-03 09:37:35.328  2048  6794 I global  :  RENO - AutoRoadRunner.rrUnloadCone(AutoRoadRunner.java:390): Wait before unloading claw open.
02-03 09:37:35.388  2048  6794 I global  :  RENO - AutoRoadRunner.rrUnloadCone(AutoRoadRunner.java:394): Auto unload - Cone has been unloaded.
02-03 09:37:37.641  2048  6794 I global  :  RENO - AutoRoadRunner.moveFromJunctionToConeStack(AutoRoadRunner.java:407): Arrived cone stack
02-03 09:37:37.642  2048  6794 I global  :  RENO - AutoRoadRunner.moveFromJunctionToConeStack(AutoRoadRunner.java:408): traj1 end x = -11.50,  y = -61.50, angle = 270.00
02-03 09:37:37.643  2048  6794 I global  :  RENO - AutoRoadRunner.moveFromJunctionToConeStack(AutoRoadRunner.java:410): estimate end x = -11.44,  y = -60.94, angle = 268.51
02-03 09:37:38.003  2048  6794 I global  :  RENO - AutoRoadRunner.rrLoadCone(AutoRoadRunner.java:370): Wait before claw close.
02-03 09:37:38.012  2048  6794 I global  :  RENO - SlidersWith2Motors.waitRunningComplete(SlidersWith2Motors.java:147): Slider waiting time = 0.01 sec
02-03 09:37:38.180  2048  6794 I global  :  RENO - AutoRoadRunner.rrLoadCone(AutoRoadRunner.java:376): Wait before moving out cone stack.
02-03 09:37:39.976  2048  6794 I global  :  RENO - AutoRoadRunner.moveFromConeStackToJunction(AutoRoadRunner.java:426): Arrived junction
02-03 09:37:39.978  2048  6794 I global  :  RENO - AutoRoadRunner.moveFromConeStackToJunction(AutoRoadRunner.java:427): traj1 end x = -20.45,  y = -30.15, angle = 300.00
02-03 09:37:39.980  2048  6794 I global  :  RENO - AutoRoadRunner.moveFromConeStackToJunction(AutoRoadRunner.java:429): estimate end x = -20.70,  y = -29.88, angle = 300.05
02-03 09:37:40.125  2048  6794 I global  :  RENO - SlidersWith2Motors.waitRunningComplete(SlidersWith2Motors.java:147): Slider waiting time = 0.13 sec
02-03 09:37:40.233  2048  6794 I global  :  RENO - AutoRoadRunner.rrUnloadCone(AutoRoadRunner.java:390): Wait before unloading claw open.
02-03 09:37:40.295  2048  6794 I global  :  RENO - AutoRoadRunner.rrUnloadCone(AutoRoadRunner.java:394): Auto unload - Cone has been unloaded.
02-03 09:37:42.053  2048  6794 I global  :  RENO - AutoRoadRunner.moveFromJunctionToConeStack(AutoRoadRunner.java:407): Arrived cone stack
02-03 09:37:42.055  2048  6794 I global  :  RENO - AutoRoadRunner.moveFromJunctionToConeStack(AutoRoadRunner.java:408): traj1 end x = -11.50,  y = -61.50, angle = 270.00
02-03 09:37:42.056  2048  6794 I global  :  RENO - AutoRoadRunner.moveFromJunctionToConeStack(AutoRoadRunner.java:410): estimate end x = -11.55,  y = -61.23, angle = 268.91
02-03 09:37:42.442  2048  6794 I global  :  RENO - AutoRoadRunner.rrLoadCone(AutoRoadRunner.java:370): Wait before claw close.
02-03 09:37:42.491  2048  6794 I global  :  RENO - SlidersWith2Motors.waitRunningComplete(SlidersWith2Motors.java:147): Slider waiting time = 0.05 sec
02-03 09:37:42.659  2048  6794 I global  :  RENO - AutoRoadRunner.rrLoadCone(AutoRoadRunner.java:376): Wait before moving out cone stack.
02-03 09:37:44.482  2048  6794 I global  :  RENO - AutoRoadRunner.moveFromConeStackToJunction(AutoRoadRunner.java:426): Arrived junction
02-03 09:37:44.483  2048  6794 I global  :  RENO - AutoRoadRunner.moveFromConeStackToJunction(AutoRoadRunner.java:427): traj1 end x = -20.45,  y = -30.15, angle = 300.00
02-03 09:37:44.484  2048  6794 I global  :  RENO - AutoRoadRunner.moveFromConeStackToJunction(AutoRoadRunner.java:429): estimate end x = -20.61,  y = -30.03, angle = 300.08
02-03 09:37:44.618  2048  6794 I global  :  RENO - SlidersWith2Motors.waitRunningComplete(SlidersWith2Motors.java:147): Slider waiting time = 0.12 sec
02-03 09:37:44.727  2048  6794 I global  :  RENO - AutoRoadRunner.rrUnloadCone(AutoRoadRunner.java:390): Wait before unloading claw open.
02-03 09:37:44.787  2048  6794 I global  :  RENO - AutoRoadRunner.rrUnloadCone(AutoRoadRunner.java:394): Auto unload - Cone has been unloaded.
02-03 09:37:46.566  2048  6794 I global  :  RENO - AutoRoadRunner.moveFromJunctionToConeStack(AutoRoadRunner.java:407): Arrived cone stack
02-03 09:37:46.567  2048  6794 I global  :  RENO - AutoRoadRunner.moveFromJunctionToConeStack(AutoRoadRunner.java:408): traj1 end x = -11.50,  y = -61.50, angle = 270.00
02-03 09:37:46.569  2048  6794 I global  :  RENO - AutoRoadRunner.moveFromJunctionToConeStack(AutoRoadRunner.java:410): estimate end x = -11.52,  y = -61.22, angle = 269.67
02-03 09:37:46.952  2048  6794 I global  :  RENO - AutoRoadRunner.rrLoadCone(AutoRoadRunner.java:370): Wait before claw close.
02-03 09:37:47.070  2048  6794 I global  :  RENO - SlidersWith2Motors.waitRunningComplete(SlidersWith2Motors.java:147): Slider waiting time = 0.12 sec
02-03 09:37:47.239  2048  6794 I global  :  RENO - AutoRoadRunner.rrLoadCone(AutoRoadRunner.java:376): Wait before moving out cone stack.
02-03 09:37:49.044  2048  6794 I global  :  RENO - AutoRoadRunner.moveFromConeStackToJunction(AutoRoadRunner.java:426): Arrived junction
02-03 09:37:49.045  2048  6794 I global  :  RENO - AutoRoadRunner.moveFromConeStackToJunction(AutoRoadRunner.java:427): traj1 end x = -20.45,  y = -30.15, angle = 300.00
02-03 09:37:49.046  2048  6794 I global  :  RENO - AutoRoadRunner.moveFromConeStackToJunction(AutoRoadRunner.java:429): estimate end x = -20.62,  y = -29.91, angle = 300.07
02-03 09:37:49.178  2048  6794 I global  :  RENO - SlidersWith2Motors.waitRunningComplete(SlidersWith2Motors.java:147): Slider waiting time = 0.12 sec
02-03 09:37:49.287  2048  6794 I global  :  RENO - AutoRoadRunner.rrUnloadCone(AutoRoadRunner.java:390): Wait before unloading claw open.
02-03 09:37:49.347  2048  6794 I global  :  RENO - AutoRoadRunner.rrUnloadCone(AutoRoadRunner.java:394): Auto unload - Cone has been unloaded.
02-03 09:37:51.109  2048  6794 I global  :  RENO - AutoRoadRunner.moveFromJunctionToConeStack(AutoRoadRunner.java:407): Arrived cone stack
02-03 09:37:51.110  2048  6794 I global  :  RENO - AutoRoadRunner.moveFromJunctionToConeStack(AutoRoadRunner.java:408): traj1 end x = -11.50,  y = -61.50, angle = 270.00
02-03 09:37:51.112  2048  6794 I global  :  RENO - AutoRoadRunner.moveFromJunctionToConeStack(AutoRoadRunner.java:410): estimate end x = -11.53,  y = -61.30, angle = 269.12
02-03 09:37:51.490  2048  6794 I global  :  RENO - AutoRoadRunner.rrLoadCone(AutoRoadRunner.java:370): Wait before claw close.
02-03 09:37:51.673  2048  6794 I global  :  RENO - SlidersWith2Motors.waitRunningComplete(SlidersWith2Motors.java:147): Slider waiting time = 0.18 sec
02-03 09:37:51.841  2048  6794 I global  :  RENO - AutoRoadRunner.rrLoadCone(AutoRoadRunner.java:376): Wait before moving out cone stack.
02-03 09:37:53.641  2048  6794 I global  :  RENO - AutoRoadRunner.moveFromConeStackToJunction(AutoRoadRunner.java:426): Arrived junction
02-03 09:37:53.643  2048  6794 I global  :  RENO - AutoRoadRunner.moveFromConeStackToJunction(AutoRoadRunner.java:427): traj1 end x = -20.45,  y = -30.15, angle = 300.00
02-03 09:37:53.644  2048  6794 I global  :  RENO - AutoRoadRunner.moveFromConeStackToJunction(AutoRoadRunner.java:429): estimate end x = -20.61,  y = -29.93, angle = 300.08
02-03 09:37:53.774  2048  6794 I global  :  RENO - SlidersWith2Motors.waitRunningComplete(SlidersWith2Motors.java:147): Slider waiting time = 0.11 sec
02-03 09:37:53.884  2048  6794 I global  :  RENO - AutoRoadRunner.rrUnloadCone(AutoRoadRunner.java:390): Wait before unloading claw open.
02-03 09:37:53.944  2048  6794 I global  :  RENO - AutoRoadRunner.rrUnloadCone(AutoRoadRunner.java:394): Auto unload - Cone has been unloaded.
02-03 09:37:55.706  2048  6794 I global  :  RENO - AutoRoadRunner.moveFromJunctionToConeStack(AutoRoadRunner.java:407): Arrived cone stack
02-03 09:37:55.707  2048  6794 I global  :  RENO - AutoRoadRunner.moveFromJunctionToConeStack(AutoRoadRunner.java:408): traj1 end x = -11.50,  y = -61.50, angle = 270.00
02-03 09:37:55.709  2048  6794 I global  :  RENO - AutoRoadRunner.moveFromJunctionToConeStack(AutoRoadRunner.java:410): estimate end x = -11.64,  y = -61.25, angle = 269.06
02-03 09:37:56.094  2048  6794 I global  :  RENO - AutoRoadRunner.rrLoadCone(AutoRoadRunner.java:370): Wait before claw close.
02-03 09:37:56.277  2048  6794 I global  :  RENO - SlidersWith2Motors.waitRunningComplete(SlidersWith2Motors.java:147): Slider waiting time = 0.18 sec
02-03 09:37:56.448  2048  6794 I global  :  RENO - AutoRoadRunner.rrLoadCone(AutoRoadRunner.java:376): Wait before moving out cone stack.
02-03 09:37:58.253  2048  6794 I global  :  RENO - AutoRoadRunner.moveFromConeStackToJunction(AutoRoadRunner.java:426): Arrived junction
02-03 09:37:58.254  2048  6794 I global  :  RENO - AutoRoadRunner.moveFromConeStackToJunction(AutoRoadRunner.java:427): traj1 end x = -20.45,  y = -30.15, angle = 300.00
02-03 09:37:58.256  2048  6794 I global  :  RENO - AutoRoadRunner.moveFromConeStackToJunction(AutoRoadRunner.java:429): estimate end x = -20.63,  y = -29.83, angle = 299.64
02-03 09:37:58.424  2048  6794 I global  :  RENO - SlidersWith2Motors.waitRunningComplete(SlidersWith2Motors.java:147): Slider waiting time = 0.15 sec
02-03 09:37:58.533  2048  6794 I global  :  RENO - AutoRoadRunner.rrUnloadCone(AutoRoadRunner.java:390): Wait before unloading claw open.
02-03 09:37:58.594  2048  6794 I global  :  RENO - AutoRoadRunner.rrUnloadCone(AutoRoadRunner.java:394): Auto unload - Cone has been unloaded.
02-03 09:37:59.881  2048  6794 W BHI260IMU: getRobotOrientationAsQuaternion(): Failed to retrieve valid quaternion from IMU. Returning the identity quaternion.
02-03 09:37:59.901  2048  6794 W BHI260IMU: getRobotOrientationAsQuaternion(): Failed to retrieve valid quaternion from IMU. Returning the identity quaternion.
02-03 09:37:59.919  2048  6794 W BHI260IMU: getRobotOrientationAsQuaternion(): Failed to retrieve valid quaternion from IMU. Returning the identity quaternion.
02-03 09:37:59.937  2048  6794 W BHI260IMU: getRobotOrientationAsQuaternion(): Failed to retrieve valid quaternion from IMU. Returning the identity quaternion.
02-03 09:37:59.953  2048  6794 W BHI260IMU: getRobotOrientationAsQuaternion(): Failed to retrieve valid quaternion from IMU. Returning the identity quaternion.
02-03 09:37:59.969  2048  6794 W BHI260IMU: getRobotOrientationAsQuaternion(): Failed to retrieve valid quaternion from IMU. Returning the identity quaternion.
02-03 09:37:59.985  2048  6794 W BHI260IMU: getRobotOrientationAsQuaternion(): Failed to retrieve valid quaternion from IMU. Returning the identity quaternion.
02-03 09:38:00.004  2048  6794 W BHI260IMU: getRobotOrientationAsQuaternion(): Failed to retrieve valid quaternion from IMU. Returning the identity quaternion.
02-03 09:38:00.022  2048  6794 W BHI260IMU: getRobotOrientationAsQuaternion(): Failed to retrieve valid quaternion from IMU. Returning the identity quaternion.
02-03 09:38:00.043  2048  6794 W BHI260IMU: getRobotOrientationAsQuaternion(): Failed to retrieve valid quaternion from IMU. Returning the identity quaternion.
02-03 09:38:00.059  2048  6794 W BHI260IMU: getRobotOrientationAsQuaternion(): Failed to retrieve valid quaternion from IMU. Returning the identity quaternion.
02-03 09:38:00.082  2048  6794 W BHI260IMU: getRobotOrientationAsQuaternion(): Failed to retrieve valid quaternion from IMU. Returning the identity quaternion.
02-03 09:38:00.096  2048  6794 W BHI260IMU: getRobotOrientationAsQuaternion(): Failed to retrieve valid quaternion from IMU. Returning the identity quaternion.
02-03 09:38:00.109  2048  6794 W BHI260IMU: getRobotOrientationAsQuaternion(): Failed to retrieve valid quaternion from IMU. Returning the identity quaternion.
02-03 09:38:00.125  2048  6794 W BHI260IMU: getRobotOrientationAsQuaternion(): Failed to retrieve valid quaternion from IMU. Returning the identity quaternion.
02-03 09:38:00.139  2048  6794 W BHI260IMU: getRobotOrientationAsQuaternion(): Failed to retrieve valid quaternion from IMU. Returning the identity quaternion.
02-03 09:38:00.153  2048  6794 W BHI260IMU: getRobotOrientationAsQuaternion(): Failed to retrieve valid quaternion from IMU. Returning the identity quaternion.
02-03 09:38:00.172  2048  6794 W BHI260IMU: getRobotOrientationAsQuaternion(): Failed to retrieve valid quaternion from IMU. Returning the identity quaternion.
02-03 09:38:00.189  2048  6794 W BHI260IMU: getRobotOrientationAsQuaternion(): Failed to retrieve valid quaternion from IMU. Returning the identity quaternion.
02-03 09:38:00.206  2048  6794 W BHI260IMU: getRobotOrientationAsQuaternion(): Failed to retrieve valid quaternion from IMU. Returning the identity quaternion.
02-03 09:38:00.221  2048  6794 W BHI260IMU: getRobotOrientationAsQuaternion(): Failed to retrieve valid quaternion from IMU. Returning the identity quaternion.
02-03 09:38:00.236  2048  6794 W BHI260IMU: getRobotOrientationAsQuaternion(): Failed to retrieve valid quaternion from IMU. Returning the identity quaternion.
02-03 09:38:00.251  2048  6794 W BHI260IMU: getRobotOrientationAsQuaternion(): Failed to retrieve valid quaternion from IMU. Returning the identity quaternion.
02-03 09:38:00.266  2048  6794 W BHI260IMU: getRobotOrientationAsQuaternion(): Failed to retrieve valid quaternion from IMU. Returning the identity quaternion.
02-03 09:38:00.282  2048  6794 W BHI260IMU: getRobotOrientationAsQuaternion(): Failed to retrieve valid quaternion from IMU. Returning the identity quaternion.
02-03 09:38:00.295  2048  6794 W BHI260IMU: getRobotOrientationAsQuaternion(): Failed to retrieve valid quaternion from IMU. Returning the identity quaternion.
02-03 09:38:00.311  2048  6794 W BHI260IMU: getRobotOrientationAsQuaternion(): Failed to retrieve valid quaternion from IMU. Returning the identity quaternion.
02-03 09:38:00.326  2048  6794 W BHI260IMU: getRobotOrientationAsQuaternion(): Failed to retrieve valid quaternion from IMU. Returning the identity quaternion.
02-03 09:38:00.341  2048  6794 W BHI260IMU: getRobotOrientationAsQuaternion(): Failed to retrieve valid quaternion from IMU. Returning the identity quaternion.
02-03 09:38:00.357  2048  6794 W BHI260IMU: getRobotOrientationAsQuaternion(): Failed to retrieve valid quaternion from IMU. Returning the identity quaternion.
02-03 09:38:00.371  2048  6794 W BHI260IMU: getRobotOrientationAsQuaternion(): Failed to retrieve valid quaternion from IMU. Returning the identity quaternion.
02-03 09:38:00.387  2048  6794 W BHI260IMU: getRobotOrientationAsQuaternion(): Failed to retrieve valid quaternion from IMU. Returning the identity quaternion.
02-03 09:38:00.413  2048  6794 W BHI260IMU: getRobotOrientationAsQuaternion(): Failed to retrieve valid quaternion from IMU. Returning the identity quaternion.
02-03 09:38:00.428  2048  6794 W BHI260IMU: getRobotOrientationAsQuaternion(): Failed to retrieve valid quaternion from IMU. Returning the identity quaternion.
02-03 09:38:00.443  2048  6794 W BHI260IMU: getRobotOrientationAsQuaternion(): Failed to retrieve valid quaternion from IMU. Returning the identity quaternion.
02-03 09:38:00.463  2048  6794 W BHI260IMU: getRobotOrientationAsQuaternion(): Failed to retrieve valid quaternion from IMU. Returning the identity quaternion.
02-03 09:38:00.478  2048  6794 W BHI260IMU: getRobotOrientationAsQuaternion(): Failed to retrieve valid quaternion from IMU. Returning the identity quaternion.
02-03 09:38:00.500  2048  6794 W BHI260IMU: getRobotOrientationAsQuaternion(): Failed to retrieve valid quaternion from IMU. Returning the identity quaternion.
02-03 09:38:00.518  2048  6794 W BHI260IMU: getRobotOrientationAsQuaternion(): Failed to retrieve valid quaternion from IMU. Returning the identity quaternion.
02-03 09:38:00.540  2048  6794 W BHI260IMU: getRobotOrientationAsQuaternion(): Failed to retrieve valid quaternion from IMU. Returning the identity quaternion.
02-03 09:38:00.562  2048  6794 W BHI260IMU: getRobotOrientationAsQuaternion(): Failed to retrieve valid quaternion from IMU. Returning the identity quaternion.
02-03 09:38:00.581  2048  6794 W BHI260IMU: getRobotOrientationAsQuaternion(): Failed to retrieve valid quaternion from IMU. Returning the identity quaternion.
02-03 09:38:00.601  2048  6794 W BHI260IMU: getRobotOrientationAsQuaternion(): Failed to retrieve valid quaternion from IMU. Returning the identity quaternion.
02-03 09:38:00.619  2048  6794 W BHI260IMU: getRobotOrientationAsQuaternion(): Failed to retrieve valid quaternion from IMU. Returning the identity quaternion.
02-03 09:38:00.640  2048  6794 W BHI260IMU: getRobotOrientationAsQuaternion(): Failed to retrieve valid quaternion from IMU. Returning the identity quaternion.
02-03 09:38:00.660  2048  6794 W BHI260IMU: getRobotOrientationAsQuaternion(): Failed to retrieve valid quaternion from IMU. Returning the identity quaternion.
02-03 09:38:00.683  2048  6794 W BHI260IMU: getRobotOrientationAsQuaternion(): Failed to retrieve valid quaternion from IMU. Returning the identity quaternion.
02-03 09:38:00.706  2048  6794 W BHI260IMU: getRobotOrientationAsQuaternion(): Failed to retrieve valid quaternion from IMU. Returning the identity quaternion.
02-03 09:38:00.729  2048  6794 W BHI260IMU: getRobotOrientationAsQuaternion(): Failed to retrieve valid quaternion from IMU. Returning the identity quaternion.
02-03 09:38:00.750  2048  6794 W BHI260IMU: getRobotOrientationAsQuaternion(): Failed to retrieve valid quaternion from IMU. Returning the identity quaternion.
02-03 09:38:00.769  2048  6794 W BHI260IMU: getRobotOrientationAsQuaternion(): Failed to retrieve valid quaternion from IMU. Returning the identity quaternion.
02-03 09:38:00.789  2048  6794 W BHI260IMU: getRobotOrientationAsQuaternion(): Failed to retrieve valid quaternion from IMU. Returning the identity quaternion.
02-03 09:38:00.810  2048  6794 W BHI260IMU: getRobotOrientationAsQuaternion(): Failed to retrieve valid quaternion from IMU. Returning the identity quaternion.
02-03 09:38:00.828  2048  6794 W BHI260IMU: getRobotOrientationAsQuaternion(): Failed to retrieve valid quaternion from IMU. Returning the identity quaternion.
02-03 09:38:00.844  2048  6794 W BHI260IMU: getRobotOrientationAsQuaternion(): Failed to retrieve valid quaternion from IMU. Returning the identity quaternion.
02-03 09:38:00.861  2048  6794 W BHI260IMU: getRobotOrientationAsQuaternion(): Failed to retrieve valid quaternion from IMU. Returning the identity quaternion.
02-03 09:38:00.878  2048  6794 W BHI260IMU: getRobotOrientationAsQuaternion(): Failed to retrieve valid quaternion from IMU. Returning the identity quaternion.
02-03 09:38:00.895  2048  6794 W BHI260IMU: getRobotOrientationAsQuaternion(): Failed to retrieve valid quaternion from IMU. Returning the identity quaternion.
02-03 09:38:00.913  2048  6794 W BHI260IMU: getRobotOrientationAsQuaternion(): Failed to retrieve valid quaternion from IMU. Returning the identity quaternion.
02-03 09:38:00.929  2048  6794 W BHI260IMU: getRobotOrientationAsQuaternion(): Failed to retrieve valid quaternion from IMU. Returning the identity quaternion.
02-03 09:38:00.946  2048  6794 W BHI260IMU: getRobotOrientationAsQuaternion(): Failed to retrieve valid quaternion from IMU. Returning the identity quaternion.
02-03 09:38:00.961  2048  6794 W BHI260IMU: getRobotOrientationAsQuaternion(): Failed to retrieve valid quaternion from IMU. Returning the identity quaternion.
02-03 09:38:00.978  2048  6794 W BHI260IMU: getRobotOrientationAsQuaternion(): Failed to retrieve valid quaternion from IMU. Returning the identity quaternion.
02-03 09:38:00.994  2048  6794 W BHI260IMU: getRobotOrientationAsQuaternion(): Failed to retrieve valid quaternion from IMU. Returning the identity quaternion.
02-03 09:38:01.010  2048  6794 W BHI260IMU: getRobotOrientationAsQuaternion(): Failed to retrieve valid quaternion from IMU. Returning the identity quaternion.
02-03 09:38:01.032  2048  6794 W BHI260IMU: getRobotOrientationAsQuaternion(): Failed to retrieve valid quaternion from IMU. Returning the identity quaternion.
02-03 09:38:01.048  2048  6794 W BHI260IMU: getRobotOrientationAsQuaternion(): Failed to retrieve valid quaternion from IMU. Returning the identity quaternion.
02-03 09:38:01.066  2048  6794 W BHI260IMU: getRobotOrientationAsQuaternion(): Failed to retrieve valid quaternion from IMU. Returning the identity quaternion.
02-03 09:38:01.082  2048  6794 W BHI260IMU: getRobotOrientationAsQuaternion(): Failed to retrieve valid quaternion from IMU. Returning the identity quaternion.
02-03 09:38:01.100  2048  6794 W BHI260IMU: getRobotOrientationAsQuaternion(): Failed to retrieve valid quaternion from IMU. Returning the identity quaternion.
02-03 09:38:01.112  2048  6794 W BHI260IMU: getRobotOrientationAsQuaternion(): Failed to retrieve valid quaternion from IMU. Returning the identity quaternion.
02-03 09:38:01.126  2048  6794 W BHI260IMU: getRobotOrientationAsQuaternion(): Failed to retrieve valid quaternion from IMU. Returning the identity quaternion.
02-03 09:38:01.141  2048  6794 W BHI260IMU: getRobotOrientationAsQuaternion(): Failed to retrieve valid quaternion from IMU. Returning the identity quaternion.
02-03 09:38:01.156  2048  6794 W BHI260IMU: getRobotOrientationAsQuaternion(): Failed to retrieve valid quaternion from IMU. Returning the identity quaternion.
02-03 09:38:01.170  2048  6794 W BHI260IMU: getRobotOrientationAsQuaternion(): Failed to retrieve valid quaternion from IMU. Returning the identity quaternion.
02-03 09:38:01.185  2048  6794 W BHI260IMU: getRobotOrientationAsQuaternion(): Failed to retrieve valid quaternion from IMU. Returning the identity quaternion.
02-03 09:38:01.201  2048  6794 W BHI260IMU: getRobotOrientationAsQuaternion(): Failed to retrieve valid quaternion from IMU. Returning the identity quaternion.
02-03 09:38:01.217  2048  6794 W BHI260IMU: getRobotOrientationAsQuaternion(): Failed to retrieve valid quaternion from IMU. Returning the identity quaternion.
02-03 09:38:01.232  2048  6794 W BHI260IMU: getRobotOrientationAsQuaternion(): Failed to retrieve valid quaternion from IMU. Returning the identity quaternion.
02-03 09:38:01.245  2048  6794 W BHI260IMU: getRobotOrientationAsQuaternion(): Failed to retrieve valid quaternion from IMU. Returning the identity quaternion.
02-03 09:38:01.260  2048  6794 W BHI260IMU: getRobotOrientationAsQuaternion(): Failed to retrieve valid quaternion from IMU. Returning the identity quaternion.
02-03 09:38:01.273  2048  6794 W BHI260IMU: getRobotOrientationAsQuaternion(): Failed to retrieve valid quaternion from IMU. Returning the identity quaternion.
02-03 09:38:01.290  2048  6794 W BHI260IMU: getRobotOrientationAsQuaternion(): Failed to retrieve valid quaternion from IMU. Returning the identity quaternion.
02-03 09:38:01.304  2048  6794 W BHI260IMU: getRobotOrientationAsQuaternion(): Failed to retrieve valid quaternion from IMU. Returning the identity quaternion.
02-03 09:38:01.325  2048  6794 W BHI260IMU: getRobotOrientationAsQuaternion(): Failed to retrieve valid quaternion from IMU. Returning the identity quaternion.
02-03 09:38:01.341  2048  6794 W BHI260IMU: getRobotOrientationAsQuaternion(): Failed to retrieve valid quaternion from IMU. Returning the identity quaternion.
02-03 09:38:01.357  2048  6794 W BHI260IMU: getRobotOrientationAsQuaternion(): Failed to retrieve valid quaternion from IMU. Returning the identity quaternion.
02-03 09:38:01.374  2048  6794 W BHI260IMU: getRobotOrientationAsQuaternion(): Failed to retrieve valid quaternion from IMU. Returning the identity quaternion.
02-03 09:38:01.391  2048  6794 W BHI260IMU: getRobotOrientationAsQuaternion(): Failed to retrieve valid quaternion from IMU. Returning the identity quaternion.
02-03 09:38:01.409  2048  6794 W BHI260IMU: getRobotOrientationAsQuaternion(): Failed to retrieve valid quaternion from IMU. Returning the identity quaternion.
02-03 09:38:01.431  2048  6794 W BHI260IMU: getRobotOrientationAsQuaternion(): Failed to retrieve valid quaternion from IMU. Returning the identity quaternion.
02-03 09:38:01.445  2048  6794 W BHI260IMU: getRobotOrientationAsQuaternion(): Failed to retrieve valid quaternion from IMU. Returning the identity quaternion.
02-03 09:38:01.458  2048  6794 W BHI260IMU: getRobotOrientationAsQuaternion(): Failed to retrieve valid quaternion from IMU. Returning the identity quaternion.
02-03 09:38:01.472  2048  6794 W BHI260IMU: getRobotOrientationAsQuaternion(): Failed to retrieve valid quaternion from IMU. Returning the identity quaternion.
02-03 09:38:01.486  2048  6794 W BHI260IMU: getRobotOrientationAsQuaternion(): Failed to retrieve valid quaternion from IMU. Returning the identity quaternion.
02-03 09:38:01.502  2048  6794 W BHI260IMU: getRobotOrientationAsQuaternion(): Failed to retrieve valid quaternion from IMU. Returning the identity quaternion.
02-03 09:38:01.516  2048  6794 W BHI260IMU: getRobotOrientationAsQuaternion(): Failed to retrieve valid quaternion from IMU. Returning the identity quaternion.
02-03 09:38:01.530  2048  6794 W BHI260IMU: getRobotOrientationAsQuaternion(): Failed to retrieve valid quaternion from IMU. Returning the identity quaternion.
02-03 09:38:01.543  2048  6794 W BHI260IMU: getRobotOrientationAsQuaternion(): Failed to retrieve valid quaternion from IMU. Returning the identity quaternion.
02-03 09:38:01.558  2048  6794 W BHI260IMU: getRobotOrientationAsQuaternion(): Failed to retrieve valid quaternion from IMU. Returning the identity quaternion.
02-03 09:38:01.574  2048  6794 W BHI260IMU: getRobotOrientationAsQuaternion(): Failed to retrieve valid quaternion from IMU. Returning the identity quaternion.
02-03 09:38:01.590  2048  6794 W BHI260IMU: getRobotOrientationAsQuaternion(): Failed to retrieve valid quaternion from IMU. Returning the identity quaternion.
02-03 09:38:01.606  2048  6794 W BHI260IMU: getRobotOrientationAsQuaternion(): Failed to retrieve valid quaternion from IMU. Returning the identity quaternion.
02-03 09:38:01.621  2048  6794 W BHI260IMU: getRobotOrientationAsQuaternion(): Failed to retrieve valid quaternion from IMU. Returning the identity quaternion.
02-03 09:38:01.636  2048  6794 W BHI260IMU: getRobotOrientationAsQuaternion(): Failed to retrieve valid quaternion from IMU. Returning the identity quaternion.
02-03 09:38:01.651  2048  6794 W BHI260IMU: getRobotOrientationAsQuaternion(): Failed to retrieve valid quaternion from IMU. Returning the identity quaternion.
02-03 09:38:01.666  2048  6794 W BHI260IMU: getRobotOrientationAsQuaternion(): Failed to retrieve valid quaternion from IMU. Returning the identity quaternion.
02-03 09:38:01.684  2048  6794 W BHI260IMU: getRobotOrientationAsQuaternion(): Failed to retrieve valid quaternion from IMU. Returning the identity quaternion.
02-03 09:38:01.700  2048  6794 W BHI260IMU: getRobotOrientationAsQuaternion(): Failed to retrieve valid quaternion from IMU. Returning the identity quaternion.
02-03 09:38:01.717  2048  6794 W BHI260IMU: getRobotOrientationAsQuaternion(): Failed to retrieve valid quaternion from IMU. Returning the identity quaternion.
02-03 09:38:01.736  2048  6794 W BHI260IMU: getRobotOrientationAsQuaternion(): Failed to retrieve valid quaternion from IMU. Returning the identity quaternion.
02-03 09:38:01.752  2048  6794 W BHI260IMU: getRobotOrientationAsQuaternion(): Failed to retrieve valid quaternion from IMU. Returning the identity quaternion.
02-03 09:38:01.768  2048  6794 W BHI260IMU: getRobotOrientationAsQuaternion(): Failed to retrieve valid quaternion from IMU. Returning the identity quaternion.
02-03 09:38:01.783  2048  6794 W BHI260IMU: getRobotOrientationAsQuaternion(): Failed to retrieve valid quaternion from IMU. Returning the identity quaternion.
02-03 09:38:01.803  2048  6794 W BHI260IMU: getRobotOrientationAsQuaternion(): Failed to retrieve valid quaternion from IMU. Returning the identity quaternion.
02-03 09:38:01.818  2048  6794 W BHI260IMU: getRobotOrientationAsQuaternion(): Failed to retrieve valid quaternion from IMU. Returning the identity quaternion.
02-03 09:38:01.837  2048  6794 W BHI260IMU: getRobotOrientationAsQuaternion(): Failed to retrieve valid quaternion from IMU. Returning the identity quaternion.
02-03 09:38:01.849  2048  6794 W BHI260IMU: getRobotOrientationAsQuaternion(): Failed to retrieve valid quaternion from IMU. Returning the identity quaternion.
02-03 09:38:01.865  2048  6794 W BHI260IMU: getRobotOrientationAsQuaternion(): Failed to retrieve valid quaternion from IMU. Returning the identity quaternion.
02-03 09:38:01.879  2048  6794 W BHI260IMU: getRobotOrientationAsQuaternion(): Failed to retrieve valid quaternion from IMU. Returning the identity quaternion.
02-03 09:38:01.896  2048  6794 W BHI260IMU: getRobotOrientationAsQuaternion(): Failed to retrieve valid quaternion from IMU. Returning the identity quaternion.
02-03 09:38:01.916  2048  6794 W BHI260IMU: getRobotOrientationAsQuaternion(): Failed to retrieve valid quaternion from IMU. Returning the identity quaternion.
