02-26 09:12:37.218  3496  3709 I global  :  RENO - ObjectDetection.sleeveColorDetect(ObjectDetection.java:132): Sleeve max color = 171794.00, 179802.00, 190407.00
02-26 09:12:37.219  3496  3709 I global  :  RENO - ObjectDetection.sleeveColorDetect(ObjectDetection.java:151): Sleeve position: RIGHT
02-26 09:12:37.252  3496  3709 I global  :  RENO - ObjectDetection.sleeveColorDetect(ObjectDetection.java:125): Start Opcv process to detect sleeve color.
02-26 09:12:37.253  3496  3709 I global  :  RENO - ObjectDetection.sleeveColorDetect(ObjectDetection.java:132): Sleeve max color = 171965.00, 179862.00, 190429.00
02-26 09:12:37.255  3496  3709 I global  :  RENO - ObjectDetection.sleeveColorDetect(ObjectDetection.java:151): Sleeve position: RIGHT
02-26 09:12:37.284  3496  3709 I global  :  RENO - ObjectDetection.sleeveColorDetect(ObjectDetection.java:125): Start Opcv process to detect sleeve color.
02-26 09:12:37.286  3496  3709 I global  :  RENO - ObjectDetection.sleeveColorDetect(ObjectDetection.java:132): Sleeve max color = 171809.00, 179853.00, 190418.00
02-26 09:12:37.287  3496  3709 I global  :  RENO - ObjectDetection.sleeveColorDetect(ObjectDetection.java:151): Sleeve position: RIGHT
02-26 09:12:37.315  3496  3709 I global  :  RENO - ObjectDetection.sleeveColorDetect(ObjectDetection.java:125): Start Opcv process to detect sleeve color.
02-26 09:12:37.316  3496  3709 I global  :  RENO - ObjectDetection.sleeveColorDetect(ObjectDetection.java:132): Sleeve max color = 171872.00, 179872.00, 190529.00
02-26 09:12:37.318  3496  3709 I global  :  RENO - ObjectDetection.sleeveColorDetect(ObjectDetection.java:151): Sleeve position: RIGHT
02-26 09:12:37.351  3496  3709 I global  :  RENO - ObjectDetection.sleeveColorDetect(ObjectDetection.java:125): Start Opcv process to detect sleeve color.
02-26 09:12:37.352  3496  3709 I global  :  RENO - ObjectDetection.sleeveColorDetect(ObjectDetection.java:132): Sleeve max color = 171890.00, 179849.00, 190488.00
02-26 09:12:37.353  3496  3709 I global  :  RENO - ObjectDetection.sleeveColorDetect(ObjectDetection.java:151): Sleeve position: RIGHT
02-26 09:12:37.383  3496  3709 I global  :  RENO - ObjectDetection.sleeveColorDetect(ObjectDetection.java:125): Start Opcv process to detect sleeve color.
02-26 09:12:37.384  3496  3709 I global  :  RENO - ObjectDetection.sleeveColorDetect(ObjectDetection.java:132): Sleeve max color = 171876.00, 179896.00, 190497.00
02-26 09:12:37.385  3496  3709 I global  :  RENO - ObjectDetection.sleeveColorDetect(ObjectDetection.java:151): Sleeve position: RIGHT
02-26 09:12:37.415  3496  3709 I global  :  RENO - ObjectDetection.sleeveColorDetect(ObjectDetection.java:125): Start Opcv process to detect sleeve color.
02-26 09:12:37.416  3496  3709 I global  :  RENO - ObjectDetection.sleeveColorDetect(ObjectDetection.java:132): Sleeve max color = 171779.00, 179906.00, 190498.00
02-26 09:12:37.417  3496  3709 I global  :  RENO - ObjectDetection.sleeveColorDetect(ObjectDetection.java:151): Sleeve position: RIGHT
02-26 09:12:37.451  3496  3709 I global  :  RENO - ObjectDetection.sleeveColorDetect(ObjectDetection.java:125): Start Opcv process to detect sleeve color.
02-26 09:12:37.452  3496  3709 I global  :  RENO - ObjectDetection.sleeveColorDetect(ObjectDetection.java:132): Sleeve max color = 171823.00, 179908.00, 190419.00
02-26 09:12:37.453  3496  3709 I global  :  RENO - ObjectDetection.sleeveColorDetect(ObjectDetection.java:151): Sleeve position: RIGHT
02-26 09:12:37.484  3496  3709 I global  :  RENO - ObjectDetection.sleeveColorDetect(ObjectDetection.java:125): Start Opcv process to detect sleeve color.
02-26 09:12:37.485  3496  3709 I global  :  RENO - ObjectDetection.sleeveColorDetect(ObjectDetection.java:132): Sleeve max color = 171971.00, 179884.00, 190531.00
02-26 09:12:37.486  3496  3709 I global  :  RENO - ObjectDetection.sleeveColorDetect(ObjectDetection.java:151): Sleeve position: RIGHT
02-26 09:12:37.515  3496  3709 I global  :  RENO - ObjectDetection.sleeveColorDetect(ObjectDetection.java:125): Start Opcv process to detect sleeve color.
02-26 09:12:37.517  3496  3709 I global  :  RENO - ObjectDetection.sleeveColorDetect(ObjectDetection.java:132): Sleeve max color = 171880.00, 179888.00, 190502.00
02-26 09:12:37.518  3496  3709 I global  :  RENO - ObjectDetection.sleeveColorDetect(ObjectDetection.java:151): Sleeve position: RIGHT
02-26 09:12:37.551  3496  3709 I global  :  RENO - ObjectDetection.sleeveColorDetect(ObjectDetection.java:125): Start Opcv process to detect sleeve color.
02-26 09:12:37.553  3496  3709 I global  :  RENO - ObjectDetection.sleeveColorDetect(ObjectDetection.java:132): Sleeve max color = 171723.00, 179833.00, 190513.00
02-26 09:12:37.554  3496  3709 I global  :  RENO - ObjectDetection.sleeveColorDetect(ObjectDetection.java:151): Sleeve position: RIGHT
02-26 09:12:37.583  3496  3709 I global  :  RENO - ObjectDetection.sleeveColorDetect(ObjectDetection.java:125): Start Opcv process to detect sleeve color.
02-26 09:12:37.584  3496  3709 I global  :  RENO - ObjectDetection.sleeveColorDetect(ObjectDetection.java:132): Sleeve max color = 171902.00, 179818.00, 190468.00
02-26 09:12:37.585  3496  3709 I global  :  RENO - ObjectDetection.sleeveColorDetect(ObjectDetection.java:151): Sleeve position: RIGHT
02-26 09:12:37.615  3496  3709 I global  :  RENO - ObjectDetection.sleeveColorDetect(ObjectDetection.java:125): Start Opcv process to detect sleeve color.
02-26 09:12:37.616  3496  3709 I global  :  RENO - ObjectDetection.sleeveColorDetect(ObjectDetection.java:132): Sleeve max color = 171866.00, 179894.00, 190505.00
02-26 09:12:37.617  3496  3709 I global  :  RENO - ObjectDetection.sleeveColorDetect(ObjectDetection.java:151): Sleeve position: RIGHT
02-26 09:12:37.651  3496  3709 I global  :  RENO - ObjectDetection.sleeveColorDetect(ObjectDetection.java:125): Start Opcv process to detect sleeve color.
02-26 09:12:37.652  3496  3709 I global  :  RENO - ObjectDetection.sleeveColorDetect(ObjectDetection.java:132): Sleeve max color = 171831.00, 179895.00, 190580.00
02-26 09:12:37.653  3496  3709 I global  :  RENO - ObjectDetection.sleeveColorDetect(ObjectDetection.java:151): Sleeve position: RIGHT
02-26 09:12:37.683  3496  3709 I global  :  RENO - ObjectDetection.sleeveColorDetect(ObjectDetection.java:125): Start Opcv process to detect sleeve color.
02-26 09:12:37.685  3496  3709 I global  :  RENO - ObjectDetection.sleeveColorDetect(ObjectDetection.java:132): Sleeve max color = 171955.00, 179943.00, 190452.00
02-26 09:12:37.686  3496  3709 I global  :  RENO - ObjectDetection.sleeveColorDetect(ObjectDetection.java:151): Sleeve position: RIGHT
02-26 09:12:37.715  3496  3709 I global  :  RENO - ObjectDetection.sleeveColorDetect(ObjectDetection.java:125): Start Opcv process to detect sleeve color.
02-26 09:12:37.716  3496  3709 I global  :  RENO - ObjectDetection.sleeveColorDetect(ObjectDetection.java:132): Sleeve max color = 171879.00, 179818.00, 190588.00
02-26 09:12:37.717  3496  3709 I global  :  RENO - ObjectDetection.sleeveColorDetect(ObjectDetection.java:151): Sleeve position: RIGHT
02-26 09:12:37.751  3496  3709 I global  :  RENO - ObjectDetection.sleeveColorDetect(ObjectDetection.java:125): Start Opcv process to detect sleeve color.
02-26 09:12:37.753  3496  3709 I global  :  RENO - ObjectDetection.sleeveColorDetect(ObjectDetection.java:132): Sleeve max color = 171786.00, 179987.00, 190868.00
02-26 09:12:37.754  3496  3709 I global  :  RENO - ObjectDetection.sleeveColorDetect(ObjectDetection.java:151): Sleeve position: RIGHT
02-26 09:12:37.783  3496  3709 I global  :  RENO - ObjectDetection.sleeveColorDetect(ObjectDetection.java:125): Start Opcv process to detect sleeve color.
02-26 09:12:37.788  3496  3709 I global  :  RENO - ObjectDetection.sleeveColorDetect(ObjectDetection.java:132): Sleeve max color = 171982.00, 179899.00, 190844.00
02-26 09:12:37.789  3496  3709 I global  :  RENO - ObjectDetection.sleeveColorDetect(ObjectDetection.java:151): Sleeve position: RIGHT
02-26 09:12:37.822  3496  3709 I global  :  RENO - ObjectDetection.sleeveColorDetect(ObjectDetection.java:125): Start Opcv process to detect sleeve color.
02-26 09:12:37.825  3496  3709 I global  :  RENO - ObjectDetection.sleeveColorDetect(ObjectDetection.java:132): Sleeve max color = 171933.00, 179914.00, 190810.00
02-26 09:12:37.826  3496  3709 I global  :  RENO - ObjectDetection.sleeveColorDetect(ObjectDetection.java:151): Sleeve position: RIGHT
02-26 09:12:37.851  3496  3709 I global  :  RENO - ObjectDetection.sleeveColorDetect(ObjectDetection.java:125): Start Opcv process to detect sleeve color.
02-26 09:12:37.853  3496  3709 I global  :  RENO - ObjectDetection.sleeveColorDetect(ObjectDetection.java:132): Sleeve max color = 171942.00, 179956.00, 190611.00
02-26 09:12:37.854  3496  3709 I global  :  RENO - ObjectDetection.sleeveColorDetect(ObjectDetection.java:151): Sleeve position: RIGHT
02-26 09:12:37.883  3496  3709 I global  :  RENO - ObjectDetection.sleeveColorDetect(ObjectDetection.java:125): Start Opcv process to detect sleeve color.
02-26 09:12:37.885  3496  3709 I global  :  RENO - ObjectDetection.sleeveColorDetect(ObjectDetection.java:132): Sleeve max color = 171862.00, 179932.00, 190664.00
02-26 09:12:37.887  3496  3709 I global  :  RENO - ObjectDetection.sleeveColorDetect(ObjectDetection.java:151): Sleeve position: RIGHT
02-26 09:12:37.920  3496  3709 I global  :  RENO - ObjectDetection.sleeveColorDetect(ObjectDetection.java:125): Start Opcv process to detect sleeve color.
02-26 09:12:37.922  3496  3709 I global  :  RENO - ObjectDetection.sleeveColorDetect(ObjectDetection.java:132): Sleeve max color = 171872.00, 179872.00, 190683.00
02-26 09:12:37.924  3496  3709 I global  :  RENO - ObjectDetection.sleeveColorDetect(ObjectDetection.java:151): Sleeve position: RIGHT
02-26 09:12:37.951  3496  3709 I global  :  RENO - ObjectDetection.sleeveColorDetect(ObjectDetection.java:125): Start Opcv process to detect sleeve color.
02-26 09:12:37.954  3496  3709 I global  :  RENO - ObjectDetection.sleeveColorDetect(ObjectDetection.java:132): Sleeve max color = 171955.00, 179904.00, 190753.00
02-26 09:12:37.955  3496  3709 I global  :  RENO - ObjectDetection.sleeveColorDetect(ObjectDetection.java:151): Sleeve position: RIGHT
02-26 09:12:37.984  3496  3709 I global  :  RENO - ObjectDetection.sleeveColorDetect(ObjectDetection.java:125): Start Opcv process to detect sleeve color.
02-26 09:12:37.985  3496  3709 I global  :  RENO - ObjectDetection.sleeveColorDetect(ObjectDetection.java:132): Sleeve max color = 171877.00, 179996.00, 190686.00
02-26 09:12:37.986  3496  3709 I global  :  RENO - ObjectDetection.sleeveColorDetect(ObjectDetection.java:151): Sleeve position: RIGHT
02-26 09:12:38.020  3496  3709 I global  :  RENO - ObjectDetection.sleeveColorDetect(ObjectDetection.java:125): Start Opcv process to detect sleeve color.
02-26 09:12:38.022  3496  3709 I global  :  RENO - ObjectDetection.sleeveColorDetect(ObjectDetection.java:132): Sleeve max color = 171918.00, 179980.00, 190658.00
02-26 09:12:38.023  3496  3709 I global  :  RENO - ObjectDetection.sleeveColorDetect(ObjectDetection.java:151): Sleeve position: RIGHT
02-26 09:12:38.054  3496  3709 I global  :  RENO - ObjectDetection.sleeveColorDetect(ObjectDetection.java:125): Start Opcv process to detect sleeve color.
02-26 09:12:38.056  3496  3709 I global  :  RENO - ObjectDetection.sleeveColorDetect(ObjectDetection.java:132): Sleeve max color = 171896.00, 179951.00, 190571.00
02-26 09:12:38.058  3496  3709 I global  :  RENO - ObjectDetection.sleeveColorDetect(ObjectDetection.java:151): Sleeve position: RIGHT
02-26 09:12:38.085  3496  3709 I global  :  RENO - ObjectDetection.sleeveColorDetect(ObjectDetection.java:125): Start Opcv process to detect sleeve color.
02-26 09:12:38.087  3496  3709 I global  :  RENO - ObjectDetection.sleeveColorDetect(ObjectDetection.java:132): Sleeve max color = 171859.00, 179895.00, 190742.00
02-26 09:12:38.088  3496  3709 I global  :  RENO - ObjectDetection.sleeveColorDetect(ObjectDetection.java:151): Sleeve position: RIGHT
02-26 09:12:38.120  3496  3709 I global  :  RENO - ObjectDetection.sleeveColorDetect(ObjectDetection.java:125): Start Opcv process to detect sleeve color.
02-26 09:12:38.121  3496  3709 I global  :  RENO - ObjectDetection.sleeveColorDetect(ObjectDetection.java:132): Sleeve max color = 171884.00, 179976.00, 190641.00
02-26 09:12:38.122  3496  3709 I global  :  RENO - ObjectDetection.sleeveColorDetect(ObjectDetection.java:151): Sleeve position: RIGHT
02-26 09:12:38.151  3496  3709 I global  :  RENO - ObjectDetection.sleeveColorDetect(ObjectDetection.java:125): Start Opcv process to detect sleeve color.
02-26 09:12:38.153  3496  3709 I global  :  RENO - ObjectDetection.sleeveColorDetect(ObjectDetection.java:132): Sleeve max color = 171901.00, 179893.00, 190757.00
02-26 09:12:38.154  3496  3709 I global  :  RENO - ObjectDetection.sleeveColorDetect(ObjectDetection.java:151): Sleeve position: RIGHT
02-26 09:12:38.183  3496  3709 I global  :  RENO - ObjectDetection.sleeveColorDetect(ObjectDetection.java:125): Start Opcv process to detect sleeve color.
02-26 09:12:38.185  3496  3709 I global  :  RENO - ObjectDetection.sleeveColorDetect(ObjectDetection.java:132): Sleeve max color = 171847.00, 179918.00, 190578.00
02-26 09:12:38.186  3496  3709 I global  :  RENO - ObjectDetection.sleeveColorDetect(ObjectDetection.java:151): Sleeve position: RIGHT
02-26 09:12:38.225  3496  3709 I global  :  RENO - ObjectDetection.sleeveColorDetect(ObjectDetection.java:125): Start Opcv process to detect sleeve color.
02-26 09:12:38.228  3496  3709 I global  :  RENO - ObjectDetection.sleeveColorDetect(ObjectDetection.java:132): Sleeve max color = 171828.00, 179916.00, 190633.00
02-26 09:12:38.229  3496  3709 I global  :  RENO - ObjectDetection.sleeveColorDetect(ObjectDetection.java:151): Sleeve position: RIGHT
02-26 09:12:38.253  3496  3709 I global  :  RENO - ObjectDetection.sleeveColorDetect(ObjectDetection.java:125): Start Opcv process to detect sleeve color.
02-26 09:12:38.254  3496  3709 I global  :  RENO - ObjectDetection.sleeveColorDetect(ObjectDetection.java:132): Sleeve max color = 171862.00, 179919.00, 190540.00
02-26 09:12:38.255  3496  3709 I global  :  RENO - ObjectDetection.sleeveColorDetect(ObjectDetection.java:151): Sleeve position: RIGHT
02-26 09:12:38.284  3496  3709 I global  :  RENO - ObjectDetection.sleeveColorDetect(ObjectDetection.java:125): Start Opcv process to detect sleeve color.
02-26 09:12:38.288  3496  3709 I global  :  RENO - ObjectDetection.sleeveColorDetect(ObjectDetection.java:132): Sleeve max color = 171904.00, 179847.00, 190672.00
02-26 09:12:38.290  3496  3709 I global  :  RENO - ObjectDetection.sleeveColorDetect(ObjectDetection.java:151): Sleeve position: RIGHT
02-26 09:12:38.319  3496  3709 I global  :  RENO - ObjectDetection.sleeveColorDetect(ObjectDetection.java:125): Start Opcv process to detect sleeve color.
02-26 09:12:38.321  3496  3709 I global  :  RENO - ObjectDetection.sleeveColorDetect(ObjectDetection.java:132): Sleeve max color = 171894.00, 179844.00, 190508.00
02-26 09:12:38.322  3496  3709 I global  :  RENO - ObjectDetection.sleeveColorDetect(ObjectDetection.java:151): Sleeve position: RIGHT
02-26 09:12:38.351  3496  3709 I global  :  RENO - ObjectDetection.sleeveColorDetect(ObjectDetection.java:125): Start Opcv process to detect sleeve color.
02-26 09:12:38.352  3496  3709 I global  :  RENO - ObjectDetection.sleeveColorDetect(ObjectDetection.java:132): Sleeve max color = 171754.00, 179842.00, 190216.00
02-26 09:12:38.353  3496  3709 I global  :  RENO - ObjectDetection.sleeveColorDetect(ObjectDetection.java:151): Sleeve position: RIGHT
02-26 09:12:38.390  3496  3709 I global  :  RENO - ObjectDetection.sleeveColorDetect(ObjectDetection.java:125): Start Opcv process to detect sleeve color.
02-26 09:12:38.392  3496  3709 I global  :  RENO - ObjectDetection.sleeveColorDetect(ObjectDetection.java:132): Sleeve max color = 171822.00, 179853.00, 190500.00
02-26 09:12:38.394  3496  3709 I global  :  RENO - ObjectDetection.sleeveColorDetect(ObjectDetection.java:151): Sleeve position: RIGHT
02-26 09:12:38.420  3496  3709 I global  :  RENO - ObjectDetection.sleeveColorDetect(ObjectDetection.java:125): Start Opcv process to detect sleeve color.
02-26 09:12:38.421  3496  3709 I global  :  RENO - ObjectDetection.sleeveColorDetect(ObjectDetection.java:132): Sleeve max color = 171921.00, 179899.00, 190373.00
02-26 09:12:38.422  3496  3709 I global  :  RENO - ObjectDetection.sleeveColorDetect(ObjectDetection.java:151): Sleeve position: RIGHT
02-26 09:12:38.451  3496  3709 I global  :  RENO - ObjectDetection.sleeveColorDetect(ObjectDetection.java:125): Start Opcv process to detect sleeve color.
02-26 09:12:38.452  3496  3709 I global  :  RENO - ObjectDetection.sleeveColorDetect(ObjectDetection.java:132): Sleeve max color = 171924.00, 179841.00, 190332.00
02-26 09:12:38.453  3496  3709 I global  :  RENO - ObjectDetection.sleeveColorDetect(ObjectDetection.java:151): Sleeve position: RIGHT
02-26 09:12:38.487  3496  3709 I global  :  RENO - ObjectDetection.sleeveColorDetect(ObjectDetection.java:125): Start Opcv process to detect sleeve color.
02-26 09:12:38.488  3496  3709 I global  :  RENO - ObjectDetection.sleeveColorDetect(ObjectDetection.java:132): Sleeve max color = 171957.00, 179845.00, 190211.00
02-26 09:12:38.489  3496  3709 I global  :  RENO - ObjectDetection.sleeveColorDetect(ObjectDetection.java:151): Sleeve position: RIGHT
02-26 09:12:38.520  3496  3709 I global  :  RENO - ObjectDetection.sleeveColorDetect(ObjectDetection.java:125): Start Opcv process to detect sleeve color.
02-26 09:12:38.521  3496  3709 I global  :  RENO - ObjectDetection.sleeveColorDetect(ObjectDetection.java:132): Sleeve max color = 171872.00, 179903.00, 190412.00
02-26 09:12:38.522  3496  3709 I global  :  RENO - ObjectDetection.sleeveColorDetect(ObjectDetection.java:151): Sleeve position: RIGHT
02-26 09:12:38.553  3496  3709 I global  :  RENO - ObjectDetection.sleeveColorDetect(ObjectDetection.java:125): Start Opcv process to detect sleeve color.
02-26 09:12:38.554  3496  3709 I global  :  RENO - ObjectDetection.sleeveColorDetect(ObjectDetection.java:132): Sleeve max color = 171839.00, 179932.00, 190438.00
02-26 09:12:38.555  3496  3709 I global  :  RENO - ObjectDetection.sleeveColorDetect(ObjectDetection.java:151): Sleeve position: RIGHT
02-26 09:12:38.589  3496  3709 I global  :  RENO - ObjectDetection.sleeveColorDetect(ObjectDetection.java:125): Start Opcv process to detect sleeve color.
02-26 09:12:38.591  3496  3709 I global  :  RENO - ObjectDetection.sleeveColorDetect(ObjectDetection.java:132): Sleeve max color = 171967.00, 179847.00, 190384.00
02-26 09:12:38.592  3496  3709 I global  :  RENO - ObjectDetection.sleeveColorDetect(ObjectDetection.java:151): Sleeve position: RIGHT
02-26 09:12:38.619  3496  3709 I global  :  RENO - ObjectDetection.sleeveColorDetect(ObjectDetection.java:125): Start Opcv process to detect sleeve color.
02-26 09:12:38.621  3496  3709 I global  :  RENO - ObjectDetection.sleeveColorDetect(ObjectDetection.java:132): Sleeve max color = 171844.00, 179877.00, 190306.00
02-26 09:12:38.623  3496  3709 I global  :  RENO - ObjectDetection.sleeveColorDetect(ObjectDetection.java:151): Sleeve position: RIGHT
02-26 09:12:38.652  3496  3709 I global  :  RENO - ObjectDetection.sleeveColorDetect(ObjectDetection.java:125): Start Opcv process to detect sleeve color.
02-26 09:12:38.654  3496  3709 I global  :  RENO - ObjectDetection.sleeveColorDetect(ObjectDetection.java:132): Sleeve max color = 171937.00, 179842.00, 190521.00
02-26 09:12:38.655  3496  3709 I global  :  RENO - ObjectDetection.sleeveColorDetect(ObjectDetection.java:151): Sleeve position: RIGHT
02-26 09:12:38.688  3496  3709 I global  :  RENO - ObjectDetection.sleeveColorDetect(ObjectDetection.java:125): Start Opcv process to detect sleeve color.
02-26 09:12:38.691  3496  3709 I global  :  RENO - ObjectDetection.sleeveColorDetect(ObjectDetection.java:132): Sleeve max color = 171756.00, 179930.00, 190305.00
02-26 09:12:38.693  3496  3709 I global  :  RENO - ObjectDetection.sleeveColorDetect(ObjectDetection.java:151): Sleeve position: RIGHT
02-26 09:12:38.720  3496  3709 I global  :  RENO - ObjectDetection.sleeveColorDetect(ObjectDetection.java:125): Start Opcv process to detect sleeve color.
02-26 09:12:38.722  3496  3709 I global  :  RENO - ObjectDetection.sleeveColorDetect(ObjectDetection.java:132): Sleeve max color = 172013.00, 179950.00, 190389.00
02-26 09:12:38.723  3496  3709 I global  :  RENO - ObjectDetection.sleeveColorDetect(ObjectDetection.java:151): Sleeve position: RIGHT
02-26 09:12:38.751  3496  3709 I global  :  RENO - ObjectDetection.sleeveColorDetect(ObjectDetection.java:125): Start Opcv process to detect sleeve color.
02-26 09:12:38.753  3496  3709 I global  :  RENO - ObjectDetection.sleeveColorDetect(ObjectDetection.java:132): Sleeve max color = 171975.00, 179865.00, 190296.00
02-26 09:12:38.754  3496  3709 I global  :  RENO - ObjectDetection.sleeveColorDetect(ObjectDetection.java:151): Sleeve position: RIGHT
02-26 09:12:38.787  3496  3709 I global  :  RENO - ObjectDetection.sleeveColorDetect(ObjectDetection.java:125): Start Opcv process to detect sleeve color.
02-26 09:12:38.789  3496  3709 I global  :  RENO - ObjectDetection.sleeveColorDetect(ObjectDetection.java:132): Sleeve max color = 171893.00, 179923.00, 190351.00
02-26 09:12:38.790  3496  3709 I global  :  RENO - ObjectDetection.sleeveColorDetect(ObjectDetection.java:151): Sleeve position: RIGHT
02-26 09:12:38.820  3496  3709 I global  :  RENO - ObjectDetection.sleeveColorDetect(ObjectDetection.java:125): Start Opcv process to detect sleeve color.
02-26 09:12:38.822  3496  3709 I global  :  RENO - ObjectDetection.sleeveColorDetect(ObjectDetection.java:132): Sleeve max color = 171956.00, 179947.00, 190300.00
02-26 09:12:38.823  3496  3709 I global  :  RENO - ObjectDetection.sleeveColorDetect(ObjectDetection.java:151): Sleeve position: RIGHT
02-26 09:12:38.852  3496  3709 I global  :  RENO - ObjectDetection.sleeveColorDetect(ObjectDetection.java:125): Start Opcv process to detect sleeve color.
02-26 09:12:38.853  3496  3709 I global  :  RENO - ObjectDetection.sleeveColorDetect(ObjectDetection.java:132): Sleeve max color = 171914.00, 179946.00, 190534.00
02-26 09:12:38.855  3496  3709 I global  :  RENO - ObjectDetection.sleeveColorDetect(ObjectDetection.java:151): Sleeve position: RIGHT
02-26 09:12:38.887  3496  3626 V Robocol : received command: CMD_RUN_OP_MODE(10353) Auto M right
02-26 09:12:38.888  3496  3709 I global  :  RENO - ObjectDetection.sleeveColorDetect(ObjectDetection.java:125): Start Opcv process to detect sleeve color.
02-26 09:12:38.889  3496  3709 I global  :  RENO - ObjectDetection.sleeveColorDetect(ObjectDetection.java:132): Sleeve max color = 171951.00, 179840.00, 190378.00
02-26 09:12:38.890  3496  3709 I global  :  RENO - ObjectDetection.sleeveColorDetect(ObjectDetection.java:151): Sleeve position: RIGHT
02-26 09:12:38.919  3496  3709 I global  :  RENO - ObjectDetection.sleeveColorDetect(ObjectDetection.java:125): Start Opcv process to detect sleeve color.
02-26 09:12:38.921  3496  3709 I global  :  RENO - ObjectDetection.sleeveColorDetect(ObjectDetection.java:132): Sleeve max color = 171877.00, 179985.00, 190616.00
02-26 09:12:38.922  3496  3709 I global  :  RENO - ObjectDetection.sleeveColorDetect(ObjectDetection.java:151): Sleeve position: RIGHT
02-26 09:12:38.928  3496  3629 V Robocol : sending CMD_NOTIFY_RUN_OP_MODE(411), attempt: 0
02-26 09:12:38.955  3496  3709 I global  :  RENO - ObjectDetection.sleeveColorDetect(ObjectDetection.java:125): Start Opcv process to detect sleeve color.
02-26 09:12:38.956  3496  3709 I global  :  RENO - ObjectDetection.sleeveColorDetect(ObjectDetection.java:132): Sleeve max color = 171871.00, 179929.00, 190778.00
02-26 09:12:38.957  3496  3709 I global  :  RENO - ObjectDetection.sleeveColorDetect(ObjectDetection.java:151): Sleeve position: RIGHT
02-26 09:12:38.987  3496  3709 I global  :  RENO - ObjectDetection.sleeveColorDetect(ObjectDetection.java:125): Start Opcv process to detect sleeve color.
02-26 09:12:38.988  3496  3709 I global  :  RENO - ObjectDetection.sleeveColorDetect(ObjectDetection.java:132): Sleeve max color = 171821.00, 179930.00, 190680.00
02-26 09:12:38.989  3496  3709 I global  :  RENO - ObjectDetection.sleeveColorDetect(ObjectDetection.java:151): Sleeve position: RIGHT
02-26 09:12:39.020  3496  3709 I global  :  RENO - ObjectDetection.sleeveColorDetect(ObjectDetection.java:125): Start Opcv process to detect sleeve color.
02-26 09:12:39.021  3496  3709 I global  :  RENO - ObjectDetection.sleeveColorDetect(ObjectDetection.java:132): Sleeve max color = 171981.00, 179961.00, 190611.00
02-26 09:12:39.023  3496  3709 I global  :  RENO - ObjectDetection.sleeveColorDetect(ObjectDetection.java:151): Sleeve position: RIGHT
02-26 09:12:39.055  3496  3709 I global  :  RENO - ObjectDetection.sleeveColorDetect(ObjectDetection.java:125): Start Opcv process to detect sleeve color.
02-26 09:12:39.057  3496  3709 I global  :  RENO - ObjectDetection.sleeveColorDetect(ObjectDetection.java:132): Sleeve max color = 171740.00, 179896.00, 190653.00
02-26 09:12:39.058  3496  3709 I global  :  RENO - ObjectDetection.sleeveColorDetect(ObjectDetection.java:151): Sleeve position: RIGHT
02-26 09:12:39.087  3496  3709 I global  :  RENO - ObjectDetection.sleeveColorDetect(ObjectDetection.java:125): Start Opcv process to detect sleeve color.
02-26 09:12:39.089  3496  3709 I global  :  RENO - ObjectDetection.sleeveColorDetect(ObjectDetection.java:132): Sleeve max color = 171870.00, 179928.00, 190744.00
02-26 09:12:39.090  3496  3709 I global  :  RENO - ObjectDetection.sleeveColorDetect(ObjectDetection.java:151): Sleeve position: RIGHT
02-26 09:12:39.119  3496  3709 I global  :  RENO - ObjectDetection.sleeveColorDetect(ObjectDetection.java:125): Start Opcv process to detect sleeve color.
02-26 09:12:39.121  3496  3709 I global  :  RENO - ObjectDetection.sleeveColorDetect(ObjectDetection.java:132): Sleeve max color = 171826.00, 180015.00, 190721.00
02-26 09:12:39.122  3496  3709 I global  :  RENO - ObjectDetection.sleeveColorDetect(ObjectDetection.java:151): Sleeve position: RIGHT
02-26 09:12:39.155  3496  3709 I global  :  RENO - ObjectDetection.sleeveColorDetect(ObjectDetection.java:125): Start Opcv process to detect sleeve color.
02-26 09:12:39.158  3496  3709 I global  :  RENO - ObjectDetection.sleeveColorDetect(ObjectDetection.java:132): Sleeve max color = 171791.00, 179865.00, 190699.00
02-26 09:12:39.159  3496  3709 I global  :  RENO - ObjectDetection.sleeveColorDetect(ObjectDetection.java:151): Sleeve position: RIGHT
02-26 09:12:39.187  3496  3709 I global  :  RENO - ObjectDetection.sleeveColorDetect(ObjectDetection.java:125): Start Opcv process to detect sleeve color.
02-26 09:12:39.188  3496  3709 I global  :  RENO - ObjectDetection.sleeveColorDetect(ObjectDetection.java:132): Sleeve max color = 171873.00, 179992.00, 190722.00
02-26 09:12:39.190  3496  3709 I global  :  RENO - ObjectDetection.sleeveColorDetect(ObjectDetection.java:151): Sleeve position: RIGHT
02-26 09:12:39.219  3496  3709 I global  :  RENO - ObjectDetection.sleeveColorDetect(ObjectDetection.java:125): Start Opcv process to detect sleeve color.
02-26 09:12:39.220  3496  3709 I global  :  RENO - ObjectDetection.sleeveColorDetect(ObjectDetection.java:132): Sleeve max color = 171824.00, 179889.00, 190710.00
02-26 09:12:39.220  3496  3709 I global  :  RENO - ObjectDetection.sleeveColorDetect(ObjectDetection.java:151): Sleeve position: RIGHT
02-26 09:12:39.255  3496  3709 I global  :  RENO - ObjectDetection.sleeveColorDetect(ObjectDetection.java:125): Start Opcv process to detect sleeve color.
02-26 09:12:39.257  3496  3709 I global  :  RENO - ObjectDetection.sleeveColorDetect(ObjectDetection.java:132): Sleeve max color = 171820.00, 179968.00, 190459.00
02-26 09:12:39.258  3496  3709 I global  :  RENO - ObjectDetection.sleeveColorDetect(ObjectDetection.java:151): Sleeve position: RIGHT
02-26 09:12:39.287  3496  3709 I global  :  RENO - ObjectDetection.sleeveColorDetect(ObjectDetection.java:125): Start Opcv process to detect sleeve color.
02-26 09:12:39.288  3496  3709 I global  :  RENO - ObjectDetection.sleeveColorDetect(ObjectDetection.java:132): Sleeve max color = 171849.00, 179952.00, 190615.00
02-26 09:12:39.291  3496  3709 I global  :  RENO - ObjectDetection.sleeveColorDetect(ObjectDetection.java:151): Sleeve position: RIGHT
02-26 09:12:39.321  3496  3709 I global  :  RENO - ObjectDetection.sleeveColorDetect(ObjectDetection.java:125): Start Opcv process to detect sleeve color.
02-26 09:12:39.322  3496  3709 I global  :  RENO - ObjectDetection.sleeveColorDetect(ObjectDetection.java:132): Sleeve max color = 171811.00, 179975.00, 190642.00
02-26 09:12:39.323  3496  3709 I global  :  RENO - ObjectDetection.sleeveColorDetect(ObjectDetection.java:151): Sleeve position: RIGHT
02-26 09:12:39.355  3496  3709 I global  :  RENO - ObjectDetection.sleeveColorDetect(ObjectDetection.java:125): Start Opcv process to detect sleeve color.
02-26 09:12:39.357  3496  3709 I global  :  RENO - ObjectDetection.sleeveColorDetect(ObjectDetection.java:132): Sleeve max color = 171944.00, 179957.00, 190659.00
02-26 09:12:39.358  3496  3709 I global  :  RENO - ObjectDetection.sleeveColorDetect(ObjectDetection.java:151): Sleeve position: RIGHT
02-26 09:12:39.379  3496  3702 I System.out: stopRecordingPipeline()
02-26 09:12:39.379  3496  3702 I System.out: ...stopRecordingPipeline()
02-26 09:12:39.379  3496  3702 D UsbResiliantWebcam|DelCaptureSession: stopCapture()...
02-26 09:12:39.381  3496  3702 D UsbResiliantWebcam|DelCaptureSequence: undoStreaming()...
02-26 09:12:39.381  3496  3702 D UvcApiCaptureSession: stopCapture()...
02-26 09:12:39.382  3496  3702 D Uvc     : [jni_streamhandle.cpp:184] Java_org_firstinspires_ftc_robotcore_internal_camera_libuvc_nativeobject_UvcStreamHandle_nativeStopStreaming()...
02-26 09:12:39.382  3496  3702 V Uvc     : API: Java_org_firstinspires_ftc_robotcore_internal_camera_libuvc_nativeobject_UvcStreamHandle_nativeStopStreaming: enter...
02-26 09:12:39.382  3496  3702 D Uvc     : [stream.cpp:1514] uvc_stream_stop()...
02-26 09:12:39.382  3496  3702 D UvcStream: [stream.cpp:1542] cancelling extant transfers
02-26 09:12:39.383  3496  3496 D OpenCvViewport: surfaceDestroyed()
02-26 09:12:39.383  3496  3496 D OpenCvViewport: CheckState(): lifecycle mandates deactivation regardless of user
02-26 09:12:39.383  3496  3496 D OpenCvViewport: CheckState(): deactivating viewport
02-26 09:12:39.383  3496  3707 W System.err: java.lang.InterruptedException
02-26 09:12:39.383  3496  3707 W System.err: 	at java.lang.Object.wait(Native Method)
02-26 09:12:39.383  3496  3707 W System.err: 	at org.firstinspires.ftc.robotcore.internal.collections.EvictingBlockingQueue.take(EvictingBlockingQueue.java:143)
02-26 09:12:39.383  3496  3707 W System.err: 	at org.openftc.easyopencv.OpenCvViewport$RenderThread.run(OpenCvViewport.java:554)
02-26 09:12:39.384  3496  3707 D OpenCvViewportRenderThread: About to exit
02-26 09:12:39.384  3496  3496 D OpenCvViewport: ...surfaceDestroyed()
02-26 09:12:39.421  3496  3702 D Uvc     : [stream.cpp:1471] (waitForAllTransfers(waiting for cancelled transfers))...
02-26 09:12:39.421  3496  3709 D UvcStream: [stream.cpp:1329] user callback thread stopped
02-26 09:12:39.421  3496  3702 D UvcStream: [stream.cpp:1485] no extant active transfers: continuing
02-26 09:12:39.421  3496  3702 D Uvc     : [stream.cpp:1471] ...()
02-26 09:12:39.421  3496  3702 D Uvc     : [stream.cpp:1189] uvc_stream_handle::stopIsochronousStreaming()...
02-26 09:12:39.421  3496  3702 D Uvc     : [libuvc/libuvc_internal.h:825] uvc_device_handle::setInterfaceAltSetting(setInterfaceAltSetting(intf=1 alt=0))...
02-26 09:12:39.422  3496  3702 D UvcDevice: setInterfaceAltSetting(1,0)
02-26 09:12:39.641  3496  3702 D UvcDevice: setInterfaceAltSetting(1,0) succeeded
02-26 09:12:39.641  3496  3702 D Uvc     : [libuvc/libuvc_internal.h:825] ...uvc_device_handle::setInterfaceAltSetting() rc=0
02-26 09:12:39.641  3496  3702 D Uvc     : [stream.cpp:1189] ...uvc_stream_handle::stopIsochronousStreaming() rc=0
02-26 09:12:39.641  3496  3702 D UvcStream: [stream.cpp:1558] awakening user thread
02-26 09:12:39.641  3496  3702 D UvcStream: [stream.cpp:1567] waiting for user callback thread to finish
02-26 09:12:39.642  3496  3702 D Uvc     : [stream.cpp:1514] ...uvc_stream_stop() rc=0
02-26 09:12:39.642  3496  3702 V Uvc     : API: Java_org_firstinspires_ftc_robotcore_internal_camera_libuvc_nativeobject_UvcStreamHandle_nativeStopStreaming: ...exit
02-26 09:12:39.642  3496  3702 D Uvc     : [jni_streamhandle.cpp:184] ...Java_org_firstinspires_ftc_robotcore_internal_camera_libuvc_nativeobject_UvcStreamHandle_nativeStopStreaming()
02-26 09:12:39.642  3496  3702 V UvcFrameCallback: destroy(hash=0x01b11e41)
02-26 09:12:39.643  3496  3702 V UvcFrameCallbackData: destroy(pointer=0xc5f245d0)
02-26 09:12:39.647  3496  3702 V Uvc     : API: Java_org_firstinspires_ftc_robotcore_internal_camera_libuvc_nativeobject_UvcFrameCallback_nativeReleaseCallbackState: enter...
02-26 09:12:39.647  3496  3702 V Uvc     : API: Java_org_firstinspires_ftc_robotcore_internal_camera_libuvc_nativeobject_UvcFrameCallback_nativeReleaseCallbackState: ...exit
02-26 09:12:39.648  3496  3702 V UvcStreamHandle: destroy(pointer=0xc9e256a0)
02-26 09:12:39.649  3496  3702 D Uvc     : [jni_streamhandle.cpp:184] Java_org_firstinspires_ftc_robotcore_internal_camera_libuvc_nativeobject_UvcStreamHandle_nativeStopStreaming()...
02-26 09:12:39.649  3496  3702 V Uvc     : API: Java_org_firstinspires_ftc_robotcore_internal_camera_libuvc_nativeobject_UvcStreamHandle_nativeStopStreaming: enter...
02-26 09:12:39.649  3496  3702 D Uvc     : [stream.cpp:1514] uvc_stream_stop()...
02-26 09:12:39.649  3496  3702 D Uvc     : [stream.cpp:1514] ...uvc_stream_stop() rc=0
02-26 09:12:39.649  3496  3702 V Uvc     : API: Java_org_firstinspires_ftc_robotcore_internal_camera_libuvc_nativeobject_UvcStreamHandle_nativeStopStreaming: ...exit
02-26 09:12:39.649  3496  3702 D Uvc     : [jni_streamhandle.cpp:184] ...Java_org_firstinspires_ftc_robotcore_internal_camera_libuvc_nativeobject_UvcStreamHandle_nativeStopStreaming()
02-26 09:12:39.651  3496  3702 D Uvc     : [jni_streamhandle.cpp:200] Java_org_firstinspires_ftc_robotcore_internal_camera_libuvc_nativeobject_UvcStreamHandle_nativeCloseStreamHandle()...
02-26 09:12:39.651  3496  3702 V Uvc     : API: Java_org_firstinspires_ftc_robotcore_internal_camera_libuvc_nativeobject_UvcStreamHandle_nativeCloseStreamHandle: enter...
02-26 09:12:39.651  3496  3702 D Uvc     : [stream.cpp:1584] uvc_stream_close()...
02-26 09:12:39.651  3496  3702 D Uvc     : [streamhandle.cpp:45] uvc_stream_handle::~uvc_stream_handle()...
02-26 09:12:39.651  3496  3702 D Uvc     : [streamhandle.cpp:66] uvc_stream_handle::releaseInterface()...
02-26 09:12:39.651  3496  3702 D Uvc     : [libuvc/libuvc_internal.h:793] uvc_device_handle::releaseInterface()...
02-26 09:12:39.652  3496  3702 D UvcDevice: releaseInterface(1)
02-26 09:12:39.653  3496  3702 D UvcDevice: releaseInterface(1) succeeded
02-26 09:12:39.653  3496  3702 D Uvc     : [libuvc/libuvc_internal.h:793] ...uvc_device_handle::releaseInterface() rc=0
02-26 09:12:39.653  3496  3702 D Uvc     : [streamhandle.cpp:66] ...uvc_stream_handle::releaseInterface()
02-26 09:12:39.653  3496  3702 D Uvc     : [streamhandle.cpp:45] ...uvc_stream_handle::~uvc_stream_handle()
02-26 09:12:39.653  3496  3702 D Uvc     : [stream.cpp:1584] ...uvc_stream_close()
02-26 09:12:39.653  3496  3702 V Uvc     : API: Java_org_firstinspires_ftc_robotcore_internal_camera_libuvc_nativeobject_UvcStreamHandle_nativeCloseStreamHandle: ...exit
02-26 09:12:39.654  3496  3702 D Uvc     : [jni_streamhandle.cpp:200] ...Java_org_firstinspires_ftc_robotcore_internal_camera_libuvc_nativeobject_UvcStreamHandle_nativeCloseStreamHandle()
02-26 09:12:39.656  3496  3708 D RobotCore: capture sequence DelegatingCaptureSequenceId(1) reports completed: lastFrame=154
02-26 09:12:39.657  3496  3702 V UvcApiCameraCaptureSequence: destroy(hash=0x015c134b)
02-26 09:12:39.658  3496  3702 D UvcApiCaptureSession: ...stopCapture()
02-26 09:12:39.658  3496  3702 D UvcApiCaptureSession: doClose()...
02-26 09:12:39.659  3496  3702 D UvcApiCaptureSession: ...doClose()
02-26 09:12:39.659  3496  3702 D UsbResiliantWebcam|DelCaptureSequence: ...undoStreaming()
02-26 09:12:39.659  3496  3646 D UsbResiliantWebcam|DelCaptureSession: camera session is closed: Webcam(2D25B27F)
02-26 09:12:39.660  3496  3646 V UvcApiCaptureSession: destroy(hash=0x06b41c1a)
02-26 09:12:39.660  3496  3708 D RobotCore: capture sequence DelegatingCaptureSequenceId(1) reports completed: lastFrame=154
02-26 09:12:39.660  3496  3646 D UvcApiCaptureSession: destructor...
02-26 09:12:39.661  3496  3646 D UvcApiCaptureSession: ...destructor
02-26 09:12:39.661  3496  3702 V UsbResiliantWebcam|DelCaptureSequence: destroy(hash=0x021c9ac5)
02-26 09:12:39.662  3496  3702 D UsbResiliantWebcam|DelCaptureSession: ...stopCapture()
02-26 09:12:39.662  3496  3702 D UsbResiliantWebcam|DelCaptureSession: doClose()...
02-26 09:12:39.663  3496  3702 D UsbResiliantWebcam|DelCaptureSession: ...doClose()
02-26 09:12:39.663  3496  3702 V UsbResiliantWebcam|DelCaptureSession: destroy(hash=0x03a1732f)
02-26 09:12:39.664  3496  3702 D UsbResiliantWebcam|DelCaptureSession: destructor()...
02-26 09:12:39.664  3496  3702 D UsbResiliantWebcam|DelCaptureSession: ...destructor()
02-26 09:12:39.665  3496  3702 V CameraImpl: destroy(hash=0x03ea9709)
02-26 09:12:39.665  3496  3702 D UsbResiliantWebcam: CameraImpl.destructor()...
02-26 09:12:39.665  3496  3702 D UsbResiliantWebcam: externalDestructor()...
02-26 09:12:39.666  3496  3702 V CameraImpl: destroy(hash=0x022afc3f)
02-26 09:12:39.666  3496  3646 D CameraManager: camera reports closed: CameraImpl(UsbResiliantWebcam(Webcam(2D25B27F)))
02-26 09:12:39.666  3496  3702 D UvcDeviceHandle: CameraImpl.destructor()...
02-26 09:12:39.667  3496  3702 D UvcDeviceHandle: externalDestructor()...
02-26 09:12:39.668  3496  3702 D UsbResiliantWebcam: changeDelegatedCamera(CameraImpl(UvcDeviceHandle(pointer=0xc2f296a0|UvcDevice(/dev/bus/usb/003/004)))->null)...
02-26 09:12:39.670  3496  3702 D CachingExposureControl: onCameraChanged(CameraImpl(UvcDeviceHandle(pointer=0xc2f296a0|UvcDevice(/dev/bus/usb/003/004)))->null)...
02-26 09:12:39.670  3496  3702 D CachingExposureControl: ...onCameraChanged(CameraImpl(UvcDeviceHandle(pointer=0xc2f296a0|UvcDevice(/dev/bus/usb/003/004)))->null)
02-26 09:12:39.670  3496  3702 D UsbResiliantWebcam: ...changeDelegatedCamera(CameraImpl(UvcDeviceHandle(pointer=0xc2f296a0|UvcDevice(/dev/bus/usb/003/004)))->null)
02-26 09:12:39.671  3496  3702 D UvcDeviceHandle: ...externalDestructor()
02-26 09:12:39.671  3496  3702 V UvcDeviceHandle: destroy(pointer=0xc2f296a0)
02-26 09:12:39.671  3496  3702 D UvcDeviceHandle: destructor...
02-26 09:12:39.673  3496  3702 D Uvc     : [jni_devicehandle.cpp:87] Java_org_firstinspires_ftc_robotcore_internal_camera_libuvc_nativeobject_UvcDeviceHandle_nativeReleaseRefDeviceHandle()...
02-26 09:12:39.673  3496  3702 V Uvc     : API: Java_org_firstinspires_ftc_robotcore_internal_camera_libuvc_nativeobject_UvcDeviceHandle_nativeReleaseRefDeviceHandle: enter...
02-26 09:12:39.673  3496  3702 D Uvc     : [libuvc/libuvc_internal.h:872] uvc_device_handle::~uvc_device_handle()...
02-26 09:12:39.673  3496  3702 D Uvc     : [libuvc/libuvc_internal.h:840] uvc_device_handle::deconstruct()...
02-26 09:12:39.673  3496  3702 D Uvc     : [libuvc/libuvc_internal.h:751] uvc_device_handle::stop()...
02-26 09:12:39.673  3496  3702 D Uvc     : [libuvc/libuvc_internal.h:751] ...uvc_device_handle::stop()
02-26 09:12:39.673  3496  3702 D Uvc     : [libuvc/libuvc_internal.h:865] uvc_device_handle::close()...
02-26 09:12:39.673  3496  3702 E libusb  : [22.566979] [00000e76] libusb: error [do_close] Device handle closed while transfer was still being processed, but the device is still connected as far as we know
02-26 09:12:39.674  3496  3702 E libusb  : [22.567096] [00000e76] libusb: error [do_close] A cancellation hasn't even been scheduled on the transfer for which the device is closing
02-26 09:12:39.674  3496  3702 D Uvc     : [libuvc/libuvc_internal.h:865] ...uvc_device_handle::close()
02-26 09:12:39.674  3496  3702 D Uvc     : [libuvc/libuvc_internal.h:840] ...uvc_device_handle::deconstruct()
02-26 09:12:39.674  3496  3702 D Uvc     : [device.cpp:433] uvc_free_device_info()...
02-26 09:12:39.674  3496  3702 D Uvc     : [device.cpp:433] ...uvc_free_device_info()
02-26 09:12:39.674  3496  3702 D Uvc     : [libuvc/libuvc_internal.h:872] ...uvc_device_handle::~uvc_device_handle()
02-26 09:12:39.674  3496  3702 V Uvc     : API: Java_org_firstinspires_ftc_robotcore_internal_camera_libuvc_nativeobject_UvcDeviceHandle_nativeReleaseRefDeviceHandle: ...exit
02-26 09:12:39.674  3496  3702 D Uvc     : [jni_devicehandle.cpp:87] ...Java_org_firstinspires_ftc_robotcore_internal_camera_libuvc_nativeobject_UvcDeviceHandle_nativeReleaseRefDeviceHandle()
02-26 09:12:39.675  3496  3702 V UvcDevice: destroy(pointer=0xe5a7a660|/dev/bus/usb/003/004)
02-26 09:12:39.675  3496  3702 D UsbDeviceConnectionJNI: close
02-26 09:12:39.676  3496  3702 D Uvc     : [jni_device.cpp:126] Java_org_firstinspires_ftc_robotcore_internal_camera_libuvc_nativeobject_UvcDevice_nativeReleaseRefDevice()...
02-26 09:12:39.676  3496  3702 V Uvc     : API: Java_org_firstinspires_ftc_robotcore_internal_camera_libuvc_nativeobject_UvcDevice_nativeReleaseRefDevice: enter...
02-26 09:12:39.676  3496  3702 D Uvc     : [device.cpp:882] uvc_unref_device()...
02-26 09:12:39.678  3496  3702 D Uvc     : [device.cpp:882] ...uvc_unref_device()
02-26 09:12:39.678  3496  3702 V Uvc     : API: Java_org_firstinspires_ftc_robotcore_internal_camera_libuvc_nativeobject_UvcDevice_nativeReleaseRefDevice: ...exit
02-26 09:12:39.678  3496  3702 D Uvc     : [jni_device.cpp:126] ...Java_org_firstinspires_ftc_robotcore_internal_camera_libuvc_nativeobject_UvcDevice_nativeReleaseRefDevice()
02-26 09:12:39.679  3496  3702 V LibUsbDevice: destroy(pointer=0xc9e348a0)
02-26 09:12:39.679  3496  3702 D Uvc     : [jni_libusb_device.cpp:64] Java_org_firstinspires_ftc_robotcore_internal_camera_libuvc_nativeobject_LibUsbDevice_nativeReleaseRefDevice()...
02-26 09:12:39.679  3496  3702 D Uvc     : [jni_libusb_device.cpp:64] ...Java_org_firstinspires_ftc_robotcore_internal_camera_libuvc_nativeobject_LibUsbDevice_nativeReleaseRefDevice()
02-26 09:12:39.679  3496  3702 D UvcDeviceHandle: ...destructor
02-26 09:12:39.679  3496  3702 D UvcDeviceHandle: ...CameraImpl.destructor()
02-26 09:12:39.680  3496  3702 D UsbResiliantWebcam: ...externalDestructor()
02-26 09:12:39.680  3496  3702 V UsbResiliantWebcam: destroy(hash=0x06061599)
02-26 09:12:39.680  3496  3702 D UsbResiliantWebcam: destructor()...
02-26 09:12:39.681  3496  3702 D UsbResiliantWebcam: ...destructor()
02-26 09:12:39.681  3496  3702 D UsbResiliantWebcam: ...CameraImpl.destructor()
02-26 09:12:42.446  3496  3702 I global  :  RENO - SlidersWith2Motors.waitRunningComplete(SlidersWith2Motors.java:147): Slider waiting time = 0.28 sec
02-26 09:12:42.498  3496  3702 I global  :  RENO - AutoMJ_Right.rrUnloadCone(AutoMJ_Right.java:503): Wait before unloading claw open.
02-26 09:12:42.560  3496  3702 I global  :  RENO - AutoMJ_Right.rrUnloadCone(AutoMJ_Right.java:507): Auto unload - Cone has been unloaded.
02-26 09:12:44.433  3496  3702 I global  :  RENO - AutoMJ_Right.moveFromJunctionToConeStack(AutoMJ_Right.java:545): Arrived cone stack
02-26 09:12:44.434  3496  3702 I global  :  RENO - AutoMJ_Right.moveFromJunctionToConeStack(AutoMJ_Right.java:546): traj1 end x = -12.00,  y = -63.00, angle = 270.00
02-26 09:12:44.437  3496  3702 I global  :  RENO - AutoMJ_Right.moveFromJunctionToConeStack(AutoMJ_Right.java:548): estimate end x = -12.07,  y = -63.39, angle = 269.72
02-26 09:12:44.817  3496  3702 I global  :  RENO - AutoMJ_Right.rrLoadCone(AutoMJ_Right.java:481): Wait before claw close.
02-26 09:12:44.836  3496  3702 I global  :  RENO - SlidersWith2Motors.waitRunningComplete(SlidersWith2Motors.java:147): Slider waiting time = 0.02 sec
02-26 09:12:45.004  3496  3702 I global  :  RENO - AutoMJ_Right.rrLoadCone(AutoMJ_Right.java:492): Wait before moving out cone stack.
02-26 09:12:46.950  3496  3702 I global  :  RENO - AutoMJ_Right.moveFromConeStackToJunction(AutoMJ_Right.java:578): Arrived junction
02-26 09:12:46.951  3496  3702 I global  :  RENO - AutoMJ_Right.moveFromConeStackToJunction(AutoMJ_Right.java:579): traj1 end x = -18.98,  y = -28.73, angle = 305.00
02-26 09:12:46.953  3496  3702 I global  :  RENO - AutoMJ_Right.moveFromConeStackToJunction(AutoMJ_Right.java:581): estimate end x = -19.25,  y = -28.33, angle = 304.91
02-26 09:12:47.118  3496  3702 I global  :  RENO - SlidersWith2Motors.waitRunningComplete(SlidersWith2Motors.java:147): Slider waiting time = 0.15 sec
02-26 09:12:47.170  3496  3702 I global  :  RENO - AutoMJ_Right.rrUnloadCone(AutoMJ_Right.java:503): Wait before unloading claw open.
02-26 09:12:47.230  3496  3702 I global  :  RENO - AutoMJ_Right.rrUnloadCone(AutoMJ_Right.java:507): Auto unload - Cone has been unloaded.
02-26 09:12:49.097  3496  3702 I global  :  RENO - AutoMJ_Right.moveFromJunctionToConeStack(AutoMJ_Right.java:545): Arrived cone stack
02-26 09:12:49.099  3496  3702 I global  :  RENO - AutoMJ_Right.moveFromJunctionToConeStack(AutoMJ_Right.java:546): traj1 end x = -12.00,  y = -63.00, angle = 270.00
02-26 09:12:49.100  3496  3702 I global  :  RENO - AutoMJ_Right.moveFromJunctionToConeStack(AutoMJ_Right.java:548): estimate end x = -12.07,  y = -63.42, angle = 269.69
02-26 09:12:49.496  3496  3702 I global  :  RENO - AutoMJ_Right.rrLoadCone(AutoMJ_Right.java:481): Wait before claw close.
02-26 09:12:49.503  3496  3702 I global  :  RENO - SlidersWith2Motors.waitRunningComplete(SlidersWith2Motors.java:147): Slider waiting time = 0.01 sec
02-26 09:12:49.673  3496  3702 I global  :  RENO - AutoMJ_Right.rrLoadCone(AutoMJ_Right.java:492): Wait before moving out cone stack.
02-26 09:12:51.575  3496  3702 I global  :  RENO - AutoMJ_Right.moveFromConeStackToJunction(AutoMJ_Right.java:578): Arrived junction
02-26 09:12:51.577  3496  3702 I global  :  RENO - AutoMJ_Right.moveFromConeStackToJunction(AutoMJ_Right.java:579): traj1 end x = -18.98,  y = -28.73, angle = 305.00
02-26 09:12:51.578  3496  3702 I global  :  RENO - AutoMJ_Right.moveFromConeStackToJunction(AutoMJ_Right.java:581): estimate end x = -19.21,  y = -28.36, angle = 305.12
02-26 09:12:51.718  3496  3702 I global  :  RENO - SlidersWith2Motors.waitRunningComplete(SlidersWith2Motors.java:147): Slider waiting time = 0.13 sec
02-26 09:12:51.770  3496  3702 I global  :  RENO - AutoMJ_Right.rrUnloadCone(AutoMJ_Right.java:503): Wait before unloading claw open.
02-26 09:12:51.833  3496  3702 I global  :  RENO - AutoMJ_Right.rrUnloadCone(AutoMJ_Right.java:507): Auto unload - Cone has been unloaded.
02-26 09:12:53.692  3496  3702 I global  :  RENO - AutoMJ_Right.moveFromJunctionToConeStack(AutoMJ_Right.java:545): Arrived cone stack
02-26 09:12:53.694  3496  3702 I global  :  RENO - AutoMJ_Right.moveFromJunctionToConeStack(AutoMJ_Right.java:546): traj1 end x = -12.00,  y = -63.00, angle = 270.00
02-26 09:12:53.696  3496  3702 I global  :  RENO - AutoMJ_Right.moveFromJunctionToConeStack(AutoMJ_Right.java:548): estimate end x = -12.03,  y = -63.40, angle = 269.39
02-26 09:12:54.100  3496  3702 I global  :  RENO - AutoMJ_Right.rrLoadCone(AutoMJ_Right.java:481): Wait before claw close.
02-26 09:12:54.111  3496  3702 I global  :  RENO - SlidersWith2Motors.waitRunningComplete(SlidersWith2Motors.java:147): Slider waiting time = 0.01 sec
02-26 09:12:54.279  3496  3702 I global  :  RENO - AutoMJ_Right.rrLoadCone(AutoMJ_Right.java:492): Wait before moving out cone stack.
02-26 09:12:56.178  3496  3702 I global  :  RENO - AutoMJ_Right.moveFromConeStackToJunction(AutoMJ_Right.java:578): Arrived junction
02-26 09:12:56.179  3496  3702 I global  :  RENO - AutoMJ_Right.moveFromConeStackToJunction(AutoMJ_Right.java:579): traj1 end x = -18.98,  y = -28.73, angle = 305.00
02-26 09:12:56.181  3496  3702 I global  :  RENO - AutoMJ_Right.moveFromConeStackToJunction(AutoMJ_Right.java:581): estimate end x = -19.17,  y = -28.46, angle = 305.10
02-26 09:12:56.318  3496  3702 I global  :  RENO - SlidersWith2Motors.waitRunningComplete(SlidersWith2Motors.java:147): Slider waiting time = 0.12 sec
02-26 09:12:56.370  3496  3702 I global  :  RENO - AutoMJ_Right.rrUnloadCone(AutoMJ_Right.java:503): Wait before unloading claw open.
02-26 09:12:56.431  3496  3702 I global  :  RENO - AutoMJ_Right.rrUnloadCone(AutoMJ_Right.java:507): Auto unload - Cone has been unloaded.
02-26 09:12:58.312  3496  3702 I global  :  RENO - AutoMJ_Right.moveFromJunctionToConeStack(AutoMJ_Right.java:545): Arrived cone stack
02-26 09:12:58.314  3496  3702 I global  :  RENO - AutoMJ_Right.moveFromJunctionToConeStack(AutoMJ_Right.java:546): traj1 end x = -12.00,  y = -63.00, angle = 270.00
02-26 09:12:58.316  3496  3702 I global  :  RENO - AutoMJ_Right.moveFromJunctionToConeStack(AutoMJ_Right.java:548): estimate end x = -12.06,  y = -63.39, angle = 269.52
02-26 09:12:58.694  3496  3702 I global  :  RENO - AutoMJ_Right.rrLoadCone(AutoMJ_Right.java:481): Wait before claw close.
02-26 09:12:58.849  3496  3702 I global  :  RENO - SlidersWith2Motors.waitRunningComplete(SlidersWith2Motors.java:147): Slider waiting time = 0.15 sec
02-26 09:12:59.021  3496  3702 I global  :  RENO - AutoMJ_Right.rrLoadCone(AutoMJ_Right.java:492): Wait before moving out cone stack.
02-26 09:13:00.951  3496  3702 I global  :  RENO - AutoMJ_Right.moveFromConeStackToJunction(AutoMJ_Right.java:578): Arrived junction
