02-03 09:38:01.931  2048  6794 W BHI260IMU: getRobotOrientationAsQuaternion(): Failed to retrieve valid quaternion from IMU. Returning the identity quaternion.
02-03 09:38:01.946  2048  6794 W BHI260IMU: getRobotOrientationAsQuaternion(): Failed to retrieve valid quaternion from IMU. Returning the identity quaternion.
02-03 09:38:01.962  2048  6794 W BHI260IMU: getRobotOrientationAsQuaternion(): Failed to retrieve valid quaternion from IMU. Returning the identity quaternion.
02-03 09:38:01.976  2048  6794 W BHI260IMU: getRobotOrientationAsQuaternion(): Failed to retrieve valid quaternion from IMU. Returning the identity quaternion.
02-03 09:38:01.991  2048  6794 W BHI260IMU: getRobotOrientationAsQuaternion(): Failed to retrieve valid quaternion from IMU. Returning the identity quaternion.
02-03 09:38:02.008  2048  6794 W BHI260IMU: getRobotOrientationAsQuaternion(): Failed to retrieve valid quaternion from IMU. Returning the identity quaternion.
02-03 09:38:02.023  2048  6794 W BHI260IMU: getRobotOrientationAsQuaternion(): Failed to retrieve valid quaternion from IMU. Returning the identity quaternion.
02-03 09:38:02.037  2048  6794 W BHI260IMU: getRobotOrientationAsQuaternion(): Failed to retrieve valid quaternion from IMU. Returning the identity quaternion.
02-03 09:38:02.052  2048  6794 W BHI260IMU: getRobotOrientationAsQuaternion(): Failed to retrieve valid quaternion from IMU. Returning the identity quaternion.
02-03 09:38:02.067  2048  6794 W BHI260IMU: getRobotOrientationAsQuaternion(): Failed to retrieve valid quaternion from IMU. Returning the identity quaternion.
02-03 09:38:02.082  2048  6794 W BHI260IMU: getRobotOrientationAsQuaternion(): Failed to retrieve valid quaternion from IMU. Returning the identity quaternion.
02-03 09:38:02.100  2048  6794 W BHI260IMU: getRobotOrientationAsQuaternion(): Failed to retrieve valid quaternion from IMU. Returning the identity quaternion.
02-03 09:38:02.115  2048  6794 W BHI260IMU: getRobotOrientationAsQuaternion(): Failed to retrieve valid quaternion from IMU. Returning the identity quaternion.
02-03 09:38:02.130  2048  6794 W BHI260IMU: getRobotOrientationAsQuaternion(): Failed to retrieve valid quaternion from IMU. Returning the identity quaternion.
02-03 09:38:02.145  2048  6794 W BHI260IMU: getRobotOrientationAsQuaternion(): Failed to retrieve valid quaternion from IMU. Returning the identity quaternion.
02-03 09:38:02.160  2048  6794 W BHI260IMU: getRobotOrientationAsQuaternion(): Failed to retrieve valid quaternion from IMU. Returning the identity quaternion.
02-03 09:38:02.176  2048  6794 W BHI260IMU: getRobotOrientationAsQuaternion(): Failed to retrieve valid quaternion from IMU. Returning the identity quaternion.
02-03 09:38:02.192  2048  6794 W BHI260IMU: getRobotOrientationAsQuaternion(): Failed to retrieve valid quaternion from IMU. Returning the identity quaternion.
02-03 09:38:02.206  2048  6794 W BHI260IMU: getRobotOrientationAsQuaternion(): Failed to retrieve valid quaternion from IMU. Returning the identity quaternion.
02-03 09:38:02.222  2048  6794 W BHI260IMU: getRobotOrientationAsQuaternion(): Failed to retrieve valid quaternion from IMU. Returning the identity quaternion.
02-03 09:38:02.239  2048  6794 W BHI260IMU: getRobotOrientationAsQuaternion(): Failed to retrieve valid quaternion from IMU. Returning the identity quaternion.
02-03 09:38:02.254  2048  6794 W BHI260IMU: getRobotOrientationAsQuaternion(): Failed to retrieve valid quaternion from IMU. Returning the identity quaternion.
02-03 09:38:02.268  2048  6794 W BHI260IMU: getRobotOrientationAsQuaternion(): Failed to retrieve valid quaternion from IMU. Returning the identity quaternion.
02-03 09:38:02.276  2048  2183 V Robocol : received command: CMD_INIT_OP_MODE(22310) $Stop$Robot$
02-03 09:38:02.284  2048  2184 I RobotCore: ******************** STOP - OPMODE /storage/emulated/0/FIRST/matchlogs/Match-0-auto_RR_right.txt ********************
02-03 09:38:02.286  2048  6794 W BHI260IMU: getRobotOrientationAsQuaternion(): Failed to retrieve valid quaternion from IMU. Returning the identity quaternion.
02-03 09:38:02.291  2048  6950 I RobotCore: saving match logcat to /storage/emulated/0/FIRST/matchlogs/Match-0-auto_RR_right.txt
02-03 09:38:02.291  2048  6950 I RobotCore: logging command line: exec logcat -d -T '2-3 9:37:15.000' -f '/storage/emulated/0/FIRST/matchlogs/Match-0-auto_RR_right.txt' -n4 -v threadtime UsbRequestJNI:S UsbRequest:S art:W ThreadPool:W System:W ExtendedExtractor:W OMXClient:W MediaPlayer:W dalvikvm:W  *:V
02-03 09:38:02.295  2048  6794 I global  :  RENO - AutoRoadRunner.autonomousCore(AutoRoadRunner.java:348): traj1 end x = -34.00,  y = -12.00, angle = 180.00
02-03 09:38:02.296  2048  6794 I global  :  RENO - AutoRoadRunner.autonomousCore(AutoRoadRunner.java:350): estimate end x = -35.56,  y = -32.37, angle = 358.39
02-03 09:38:02.299  2048  6794 I global  :  RENO - AutoRoadRunner.runOpMode(AutoRoadRunner.java:287): Autonomous - total Run Time: 30.0528 seconds
02-03 09:38:02.301  2048  6794 D RobotCore: User runOpModeMethod exited
02-03 09:38:02.301  2048  6794 V RobotCore: thread: ...terminating 'OpModeThread'
02-03 09:38:02.303  2048  2213 I RobotCore: Attempting to switch to op mode $Stop$Robot$
02-03 09:38:02.304  2048  2213 D HardwareMap: Clearing which device instances have been retrieved
02-03 09:38:02.304  2048  2213 D HardwareMap: Clearing which device instances have been retrieved
02-03 09:38:02.307  2048  2186 V Robocol : sending CMD_STREAM_CHANGE(12417), attempt: 0
02-03 09:38:02.305  6951  6951 I sh      : type=1400 audit(0.0:212): avc: denied { read } for name="/" dev="rootfs" ino=1 scontext=u:r:untrusted_app:s0:c512,c768 tcontext=u:object_r:rootfs:s0 tclass=dir permissive=1
02-03 09:38:02.308  2048  2186 V Robocol : sending CMD_NOTIFY_INIT_OP_MODE(12422), attempt: 0
02-03 09:38:02.308  2048  6954 V RobotCore: thread: 'OpModeThread' starting...
02-03 09:38:02.305  6951  6951 I sh      : type=1400 audit(0.0:213): avc: denied { open } for path="/" dev="rootfs" ino=1 scontext=u:r:untrusted_app:s0:c512,c768 tcontext=u:object_r:rootfs:s0 tclass=dir permissive=1
02-03 09:38:02.359  2048  2183 V Robocol : received command: CMD_RUN_OP_MODE(22318) $Stop$Robot$
02-03 09:38:02.386  2048  2186 V Robocol : sending CMD_NOTIFY_RUN_OP_MODE(12429), attempt: 0
02-03 09:38:02.469  2048  6950 I RobotCore: Done running exec logcat -d -T '2-3 9:37:15.000' -f '/storage/emulated/0/FIRST/matchlogs/Match-0-auto_RR_right.txt' -n4 -v threadtime UsbRequestJNI:S UsbRequest:S art:W ThreadPool:W System:W ExtendedExtractor:W OMXClient:W MediaPlayer:W dalvikvm:W  *:V
02-03 09:38:02.469  2048  6950 I RobotCore: exiting match logcat for /storage/emulated/0/FIRST/matchlogs/Match-0-auto_RR_right.txt
02-03 09:38:38.877  2048  2183 V Robocol : received command: CMD_SET_MATCH_NUMBER(22816) 0
02-03 09:38:38.879  2048  2183 V Robocol : received command: CMD_INIT_OP_MODE(22817) auto RR right
02-03 09:38:38.904  2048  2184 I RobotCore: ******************** START - OPMODE auto RR right ********************
02-03 09:38:38.908  2048  6954 V RobotCore: thread: ...terminating 'OpModeThread'
02-03 09:38:38.915  2048  2213 I RobotCore: Attempting to switch to op mode auto RR right
02-03 09:38:39.118  2048  2213 D HardwareMap: Clearing which device instances have been retrieved
02-03 09:38:39.118  2048  2213 D HardwareMap: Clearing which device instances have been retrieved
02-03 09:38:39.121  2048  7043 V RobotCore: thread: 'OpModeThread' starting...
02-03 09:38:39.122  2048  7043 I global  :  RENO - AutoRoadRunner.runOpMode(AutoRoadRunner.java:185): Status - Initialized
02-03 09:38:39.124  2048  7043 I System.out: OpenCvCameraBase ctor: EasyOpenCV version 1.5.2
02-03 09:38:39.147  2048  2186 V Robocol : sending CMD_NOTIFY_INIT_OP_MODE(12940), attempt: 0
02-03 09:38:39.148  2048  2186 V Robocol : sending CMD_STREAM_CHANGE(12941), attempt: 0
02-03 09:38:39.149  2048  7047 D CameraManager: doOpenCamera()...
02-03 09:38:39.149  2048  7047 D CameraManager: requesting permission for camera: Webcam(D5386480)
02-03 09:38:39.160  2048  7047 D WebcamNameImpl: requesting permission for /dev/bus/usb/003/004
02-03 09:38:39.160  2048  7047 V WebcamNameImpl: asyncRequestUsbPermission()...
02-03 09:38:39.160  2048  7043 I I2C     : Automatically initializing I2C device BHI260IMU (BHI260 IMU on USB (embedded); module 173; bus 0; addr7=0x28)
02-03 09:38:39.163  2048  7043 V BHI260IMU: Suppressing I2C warnings while we check for a BHI260AP IMU
02-03 09:38:39.164  2048  7047 D WebcamNameImpl: permission already available for /dev/bus/usb/003/004
02-03 09:38:39.167  2048  7043 V BHI260IMU: Found BHI260AP IMU
02-03 09:38:39.167  2048  7047 V WebcamNameImpl: ...asyncRequestUsbPermission()
02-03 09:38:39.168  2048  7047 D ContinuationSynchronizer: awaiting(camera open)...
02-03 09:38:39.169  2048  7048 D WebcamNameImpl: permission for /dev/bus/usb/003/004=true
02-03 09:38:39.170  2048  7048 D CameraManager: permission granted for camera: Webcam(D5386480)
02-03 09:38:39.170  2048  7048 D CameraManager: asyncOpenCamera(Webcam(D5386480))...
02-03 09:38:39.171  2048  7048 D CameraManager: asyncOpenWebcam(Webcam(D5386480))...
02-03 09:38:39.172  2048  7048 V UsbResiliantWebcam: construct(0x0210c4d3)
02-03 09:38:39.172  2048  7048 D UsbResiliantWebcam: openAssumingPermission()...
02-03 09:38:39.177  2048  7048 D UvcContext: found webcam: usbPath=/dev/bus/usb/003/004 vid=0x46D pid=0x825 serial=D5386480 product=C270 HD WEBCAM
02-03 09:38:39.177  2048  7048 D Uvc     : [jni_context.cpp:120] Java_org_firstinspires_ftc_robotcore_internal_camera_libuvc_nativeobject_UvcContext_nativeCreateUvcDevice()...
02-03 09:38:39.177  2048  7048 V Uvc     : API: Java_org_firstinspires_ftc_robotcore_internal_camera_libuvc_nativeobject_UvcContext_nativeCreateUvcDevice: enter...
02-03 09:38:39.179  2048  7048 D libusb  : [956.877093] [00001b88] libusb: debug [op_create] op_create: szUsbPath=/dev/bus/usb/003/004 szSysfsDir=3-1.4
02-03 09:38:39.180  2048  7048 D Uvc     : [device.cpp:613] uvc_create_uvc_device()...
02-03 09:38:39.180  2048  7048 D Uvc     : [libuvc/libuvc_internal.h:346] uvc_device::uvc_device()...
02-03 09:38:39.180  2048  7048 D Uvc     : [libuvc/libuvc_internal.h:375] acquired vid=1133 & pid=2085
02-03 09:38:39.180  2048  7048 D Uvc     : [libuvc/libuvc_internal.h:346] ...uvc_device::uvc_device()
02-03 09:38:39.180  2048  7048 D Uvc     : [device.cpp:613] ...uvc_create_uvc_device() rc=0
02-03 09:38:39.181  2048  7048 V Uvc     : API: Java_org_firstinspires_ftc_robotcore_internal_camera_libuvc_nativeobject_UvcContext_nativeCreateUvcDevice: ...exit
02-03 09:38:39.181  2048  7048 D Uvc     : [jni_context.cpp:120] ...Java_org_firstinspires_ftc_robotcore_internal_camera_libuvc_nativeobject_UvcContext_nativeCreateUvcDevice()
02-03 09:38:39.181  2048  7048 V UvcDevice: construct(pointer=0xd0d07880|null)
02-03 09:38:39.181  2048  7048 D Uvc     : [jni_device.cpp:108] Java_org_firstinspires_ftc_robotcore_internal_camera_libuvc_nativeobject_UvcDevice_nativeGetLibUsbDevice()...
02-03 09:38:39.181  2048  7048 D Uvc     : [jni_device.cpp:108] ...Java_org_firstinspires_ftc_robotcore_internal_camera_libuvc_nativeobject_UvcDevice_nativeGetLibUsbDevice()
02-03 09:38:39.182  2048  2048 D OpenCvViewport: surfaceCreated()
02-03 09:38:39.182  2048  2048 D OpenCvViewport: ...surfaceCreated()
02-03 09:38:39.182  2048  7048 V LibUsbDevice: construct(pointer=0xd3d30fc0)
02-03 09:38:39.183  2048  7048 D UvcContext: usb device is *not* UVC compatible, /dev/bus/usb/003/003
02-03 09:38:39.182  2048  2048 D OpenCvViewport: surfaceChanged()
02-03 09:38:39.183  2048  2048 D OpenCvViewport: CheckState(): user requested that we deactivate
02-03 09:38:39.183  2048  2048 D OpenCvViewport: CheckState(): already deactivated
02-03 09:38:39.183  2048  2048 D OpenCvViewport: ...surfaceChanged()
02-03 09:38:39.187  2048  7043 D BHI260IMU: Firmware version: 20
02-03 09:38:39.188  2048  7048 D UvcDevice: open()...
02-03 09:38:39.205  2048  7043 V BHI260IMU: Suppressing I2C warnings while we check for a BHI260AP IMU
02-03 09:38:39.208  2048  7043 V BHI260IMU: Found BHI260AP IMU
02-03 09:38:39.225  2048  7043 D BHI260IMU: Firmware version: 20
02-03 09:38:39.247  2048  7048 D Uvc     : [jni_device.cpp:50] Java_org_firstinspires_ftc_robotcore_internal_camera_libuvc_nativeobject_UvcDevice_nativeSetUsbDeviceInfo()...
02-03 09:38:39.247  2048  7048 D Uvc     : [jni_device.cpp:50] ...Java_org_firstinspires_ftc_robotcore_internal_camera_libuvc_nativeobject_UvcDevice_nativeSetUsbDeviceInfo()
02-03 09:38:39.247  2048  7048 D Uvc     : [jni_device.cpp:233] Java_org_firstinspires_ftc_robotcore_internal_camera_libuvc_nativeobject_UvcDevice_nativeOpenDeviceHandle()...
02-03 09:38:39.247  2048  7048 V Uvc     : API: Java_org_firstinspires_ftc_robotcore_internal_camera_libuvc_nativeobject_UvcDevice_nativeOpenDeviceHandle: enter...
02-03 09:38:39.247  2048  7048 D Uvc     : [device.cpp:279] uvc_open()...
02-03 09:38:39.247  2048  7048 D Uvc     : [libuvc/libuvc_internal.h:356] uvc_device::open()...
02-03 09:38:39.247  2048  7048 D libusb  : [956.945067] [00001b88] libusb: debug [op_open] op_open: szUsbPath=/dev/bus/usb/003/004
02-03 09:38:39.247  2048  7048 D Uvc     : [libuvc/libuvc_internal.h:356] ...uvc_device::open() rc=0
02-03 09:38:39.247  2048  7048 D Uvc     : [device.cpp:295] calling libusb_reset_device()...
02-03 09:38:39.298  2048  7043 I global  :  RENO - SlidersWith2Motors.init(SlidersWith2Motors.java:78): init slider motors.
02-03 09:38:39.342  2048  7043 I global  :  RENO - ArmClawUnit.init(ArmClawUnit.java:90): init servo motors for arm and claw.
02-03 09:38:39.814  2048  7048 D Uvc     : [device.cpp:303] ...libusb_reset_device() called
02-03 09:38:39.814  2048  7048 D Uvc     : [device.cpp:311] libusb_open() = 0
02-03 09:38:39.815  2048  7048 D Uvc     : [libuvc/libuvc_internal.h:732] uvc_device_handle::uvc_device_handle()...
02-03 09:38:39.815  2048  7048 D Uvc     : [libuvc/libuvc_internal.h:732] ...uvc_device_handle::uvc_device_handle()
02-03 09:38:39.815  2048  7048 D Uvc     : [device.cpp:386] uvc_get_device_info()...
02-03 09:38:39.815  2048  7048 D libusb  : [957.512645] [00001b88] libusb: debug [op_get_config_descriptor] op_get_config_descriptor: config_index=0
02-03 09:38:39.815  2048  7048 D libusb  : [957.512769] [00001b88] libusb: debug [op_get_config_descriptor] op_get_config_descriptor: config_index=0
02-03 09:38:39.816  2048  7048 D Uvc     : [device.cpp:986] uvc_scan_control()...
02-03 09:38:39.816  2048  7048 D Uvc     : [device.cpp:1041] uvc_parse_vc_header()...
02-03 09:38:39.817  2048  7048 D Uvc     : [device.cpp:1284] uvc_scan_streaming()...
02-03 09:38:39.817  2048  7048 D Uvc     : [device.cpp:1340] uvc_parse_vs_input_header()...
02-03 09:38:39.817  2048  7048 D Uvc     : [device.cpp:1340] ...uvc_parse_vs_input_header() rc=0
02-03 09:38:39.817  2048  7048 D Uvc     : [device.cpp:1389] uvc_parse_vs_format_uncompressed()...
02-03 09:38:39.818  2048  7048 D Uvc     : [device.cpp:1389] ...uvc_parse_vs_format_uncompressed() rc=0
02-03 09:38:39.818  2048  7048 V Uvc     : [device.cpp:1630] unsupported descriptor subtype: 13 UVC_VS_COLORFORMAT
02-03 09:38:39.818  2048  7048 D Uvc     : [device.cpp:1449] uvc_parse_vs_format_mjpeg()...
02-03 09:38:39.818  2048  7048 D Uvc     : [device.cpp:1449] ...uvc_parse_vs_format_mjpeg() rc=0
02-03 09:38:39.819  2048  7048 V Uvc     : [device.cpp:1630] unsupported descriptor subtype: 13 UVC_VS_COLORFORMAT
02-03 09:38:39.819  2048  7048 D Uvc     : [device.cpp:1284] ...uvc_scan_streaming() rc=0
02-03 09:38:39.819  2048  7048 D Uvc     : [device.cpp:1041] ...uvc_parse_vc_header() rc=0
02-03 09:38:39.820  2048  7048 D Uvc     : [device.cpp:1083] uvc_parse_vc_input_terminal()...
02-03 09:38:39.820  2048  7048 D Uvc     : [device.cpp:1083] ...uvc_parse_vc_input_terminal() rc=0
02-03 09:38:39.820  2048  7048 D Uvc     : [device.cpp:1156] uvc_parse_vc_processing_unit()...
02-03 09:38:39.820  2048  7048 D Uvc     : [device.cpp:1156] ...uvc_parse_vc_processing_unit() rc=0
02-03 09:38:39.820  2048  7048 D Uvc     : [device.cpp:986] ...uvc_scan_control() rc=0
02-03 09:38:39.820  2048  7048 D Uvc     : [device.cpp:386] ...uvc_get_device_info() rc=0
02-03 09:38:39.820  2048  7048 D Uvc     : [device.cpp:326] claiming control interface 0
02-03 09:38:39.820  2048  7048 D Uvc     : [libuvc/libuvc_internal.h:770] uvc_device_handle::claimInterface(idx=0)...
02-03 09:38:39.821  2048  7048 D UvcDevice: claimInterface(0)
02-03 09:38:39.821  2048  7048 D UvcDevice: claimInterface(0) succeeded
02-03 09:38:39.822  2048  7048 D Uvc     : [libuvc/libuvc_internal.h:783] claimInterface(0) succeeded
02-03 09:38:39.822  2048  7048 D Uvc     : [libuvc/libuvc_internal.h:770] ...uvc_device_handle::claimInterface() rc=0
02-03 09:38:39.822  2048  7048 D Uvc     : [device.cpp:279] ...uvc_open() rc=0
02-03 09:38:39.822  2048  7048 V Uvc     : API: Java_org_firstinspires_ftc_robotcore_internal_camera_libuvc_nativeobject_UvcDevice_nativeOpenDeviceHandle: ...exit
02-03 09:38:39.822  2048  7048 D Uvc     : [jni_device.cpp:233] ...Java_org_firstinspires_ftc_robotcore_internal_camera_libuvc_nativeobject_UvcDevice_nativeOpenDeviceHandle()
02-03 09:38:39.823  2048  7048 V UvcDeviceHandle: construct(pointer=0xd0251ba0)
02-03 09:38:39.824  2048  7048 V CameraImpl: construct(0x06a9bf09)
02-03 09:38:39.825  2048  7048 D UsbResiliantWebcam.InterveningStateCallback: onOpened() camera=CameraImpl(UvcDeviceHandle(pointer=0xd0251ba0|UvcDevice(/dev/bus/usb/003/004)))...
02-03 09:38:39.827  2048  7048 D UsbResiliantWebcam: changeDelegatedCamera(null->CameraImpl(UvcDeviceHandle(pointer=0xd0251ba0|UvcDevice(/dev/bus/usb/003/004))))...
02-03 09:38:39.828  2048  7048 D UvcApiFocusControl: isModeSupported(Auto)...
02-03 09:38:39.828  2048  7048 D UvcApiFocusControl: ...isModeSupported(Auto): false
02-03 09:38:39.829  2048  7048 D UvcApiFocusControl: isModeSupported(ContinuousAuto)...
02-03 09:38:39.829  2048  7048 D UvcApiFocusControl: ...isModeSupported(ContinuousAuto): false
02-03 09:38:39.830  2048  7048 D UvcApiFocusControl: isModeSupported(Macro)...
02-03 09:38:39.830  2048  7048 D UvcApiFocusControl: ...isModeSupported(Macro): false
02-03 09:38:39.831  2048  7048 D UvcApiFocusControl: isModeSupported(Infinity)...
02-03 09:38:39.831  2048  7048 D UvcApiFocusControl: ...isModeSupported(Infinity): false
02-03 09:38:39.831  2048  7048 D UvcApiFocusControl: isModeSupported(Fixed)...
02-03 09:38:39.832  2048  7048 D UvcApiFocusControl: ...isModeSupported(Fixed): true
02-03 09:38:39.832  2048  7048 D UvcApiFocusControl: isFocusLengthSupported...
02-03 09:38:39.832  2048  7048 D UvcApiFocusControl: ...isFocusLengthSupported: false
02-03 09:38:39.836  2048  7048 D CachingExposureControl: onCameraChanged(null->CameraImpl(UvcDeviceHandle(pointer=0xd0251ba0|UvcDevice(/dev/bus/usb/003/004))))...
02-03 09:38:39.836  2048  7048 D UvcApiExposureControl: isModeSupported(Auto)...
02-03 09:38:39.838  2048  7048 D UvcApiExposureControl: ...isModeSupported(Auto): false
02-03 09:38:39.838  2048  7048 D UvcApiExposureControl: isModeSupported(ContinuousAuto)...
02-03 09:38:39.840  2048  7048 D UvcApiExposureControl: ...isModeSupported(ContinuousAuto): false
02-03 09:38:39.840  2048  7048 D UvcApiExposureControl: isModeSupported(Manual)...
02-03 09:38:39.842  2048  7048 D UvcApiExposureControl: ...isModeSupported(Manual): true
02-03 09:38:39.843  2048  7048 D UvcApiExposureControl: isModeSupported(ShutterPriority)...
02-03 09:38:39.845  2048  7048 D UvcApiExposureControl: ...isModeSupported(ShutterPriority): false
02-03 09:38:39.845  2048  7048 D UvcApiExposureControl: isModeSupported(AperturePriority)...
02-03 09:38:39.847  2048  7048 D UvcApiExposureControl: ...isModeSupported(AperturePriority): true
02-03 09:38:39.847  2048  7048 D UvcApiExposureControl: isExposureSupported()...
02-03 09:38:39.847  2048  7048 D UvcApiExposureControl: ...isExposureSupported(): true
02-03 09:38:39.848  2048  7048 D UvcApiExposureControl: getMinExposure(NANOSECONDS)...
02-03 09:38:39.848  2048  7048 D Uvc     : [jni_devicehandle.cpp:645] Java_org_firstinspires_ftc_robotcore_internal_camera_libuvc_nativeobject_UvcDeviceHandle_nativeGetMinExposure()...
02-03 09:38:39.849  2048  7048 D Uvc     : [jni_devicehandle.cpp:645] ...Java_org_firstinspires_ftc_robotcore_internal_camera_libuvc_nativeobject_UvcDeviceHandle_nativeGetMinExposure()
02-03 09:38:39.850  2048  7048 D UvcApiExposureControl: ...getMinExposure(NANOSECONDS): 100000
02-03 09:38:39.850  2048  7048 D UvcApiExposureControl: getMaxExposure(NANOSECONDS)...
02-03 09:38:39.852  2048  7048 D UvcApiExposureControl: ...getMaxExposure(NANOSECONDS): 1000000000
02-03 09:38:39.853  2048  7048 D UvcApiExposureControl: setAePriority()...
02-03 09:38:39.854  2048  7048 D UvcApiExposureControl: ...setAePriority()
02-03 09:38:39.855  2048  7048 D UvcApiExposureControl: getMode()...
02-03 09:38:39.855  2048  7048 D Uvc     : [jni_devicehandle.cpp:493] Java_org_firstinspires_ftc_robotcore_internal_camera_libuvc_nativeobject_UvcDeviceHandle_nativeGetVuforiaExposureMode()...
02-03 09:38:39.856  2048  7048 D Uvc     : [jni_devicehandle.cpp:493] ...Java_org_firstinspires_ftc_robotcore_internal_camera_libuvc_nativeobject_UvcDeviceHandle_nativeGetVuforiaExposureMode()
02-03 09:38:39.857  2048  7048 D UvcApiExposureControl: ...getMode(): AperturePriority
02-03 09:38:39.859  2048  7048 D CachingExposureControl: ...onCameraChanged(null->CameraImpl(UvcDeviceHandle(pointer=0xd0251ba0|UvcDevice(/dev/bus/usb/003/004))))
02-03 09:38:39.859  2048  7048 D UvcApiPtzControl: getMinZoom()...
02-03 09:38:39.860  2048  7048 E UvcDeviceHandle: [jni_devicehandle.cpp:219] Failed to get min zoom : error -9
02-03 09:38:39.861  2048  7048 D UvcApiPtzControl: ...getMinZoom(): 0
02-03 09:38:39.861  2048  7048 D UvcApiPtzControl: getMaxZoom()...
02-03 09:38:39.862  2048  7048 E UvcDeviceHandle: [jni_devicehandle.cpp:242] Failed to get max zoom : error -9
02-03 09:38:39.863  2048  7048 D UvcApiPtzControl: ...getMaxZoom(): 0
02-03 09:38:39.863  2048  7048 D UvcApiPtzControl: getMinPanTilt()...
02-03 09:38:39.864  2048  7048 E UvcDeviceHandle: [jni_devicehandle.cpp:365] Failed to get min pan/tilt : error -9
02-03 09:38:39.864  2048  7048 D UvcApiPtzControl: ...getMinPanTilt(): org.firstinspires.ftc.robotcore.external.hardware.camera.controls.PtzControl$PanTiltHolder@871450e
02-03 09:38:39.865  2048  7048 D UvcApiPtzControl: getMaxPanTilt()...
02-03 09:38:39.866  2048  7048 E UvcDeviceHandle: [jni_devicehandle.cpp:333] Failed to get max pan/tilt : error -9
02-03 09:38:39.866  2048  7048 D UvcApiPtzControl: ...getMaxPanTilt(): org.firstinspires.ftc.robotcore.external.hardware.camera.controls.PtzControl$PanTiltHolder@218db2f
02-03 09:38:39.866  2048  7048 D UvcApiPtzControl: getZoom()...
02-03 09:38:39.868  2048  7048 E UvcDeviceHandle: [jni_devicehandle.cpp:196] Failed to get zoom : error -9
02-03 09:38:39.868  2048  7048 D UvcApiPtzControl: ...getZoom(): 0
02-03 09:38:39.868  2048  7048 D UvcApiPtzControl: getPanTilt()...
02-03 09:38:39.870  2048  7048 E UvcDeviceHandle: [jni_devicehandle.cpp:301] Failed to get pan/tilt : error -9
02-03 09:38:39.870  2048  7048 D UvcApiPtzControl: ...getPanTilt(): org.firstinspires.ftc.robotcore.external.hardware.camera.controls.PtzControl$PanTiltHolder@cb7d53c
02-03 09:38:39.870  2048  7048 D UvcApiGainControl: getMinGain()...
02-03 09:38:39.870  2048  7048 D Uvc     : [jni_devicehandle.cpp:894] Java_org_firstinspires_ftc_robotcore_internal_camera_libuvc_nativeobject_UvcDeviceHandle_nativeGetMinGain()...
02-03 09:38:39.872  2048  7048 D Uvc     : [jni_devicehandle.cpp:894] ...Java_org_firstinspires_ftc_robotcore_internal_camera_libuvc_nativeobject_UvcDeviceHandle_nativeGetMinGain()
02-03 09:38:39.872  2048  7048 D UvcApiGainControl: ...getMinGain(): 0
02-03 09:38:39.873  2048  7048 D UvcApiGainControl: getMaxGain()...
02-03 09:38:39.873  2048  7048 D Uvc     : [jni_devicehandle.cpp:917] Java_org_firstinspires_ftc_robotcore_internal_camera_libuvc_nativeobject_UvcDeviceHandle_nativeGetMaxGain()...
02-03 09:38:39.875  2048  7048 D Uvc     : [jni_devicehandle.cpp:917] ...Java_org_firstinspires_ftc_robotcore_internal_camera_libuvc_nativeobject_UvcDeviceHandle_nativeGetMaxGain()
02-03 09:38:39.875  2048  7048 D UvcApiGainControl: ...getMaxGain(): 255
02-03 09:38:39.875  2048  7048 D UvcApiGainControl: getGain()...
02-03 09:38:39.875  2048  7048 D Uvc     : [jni_devicehandle.cpp:940] Java_org_firstinspires_ftc_robotcore_internal_camera_libuvc_nativeobject_UvcDeviceHandle_nativeGetGain()...
02-03 09:38:39.877  2048  7048 D Uvc     : [jni_devicehandle.cpp:940] ...Java_org_firstinspires_ftc_robotcore_internal_camera_libuvc_nativeobject_UvcDeviceHandle_nativeGetGain()
02-03 09:38:39.877  2048  7048 D UvcApiGainControl: ...getGain(): 0
02-03 09:38:39.878  2048  7048 D UvcApiWhiteBalanceControl: getMinWhiteBalanceTemperature()...
02-03 09:38:39.878  2048  7048 D Uvc     : [jni_devicehandle.cpp:726] Java_org_firstinspires_ftc_robotcore_internal_camera_libuvc_nativeobject_UvcDeviceHandle_nativeGetMinWhiteBalanceTemperature()...
02-03 09:38:39.879  2048  7048 D Uvc     : [jni_devicehandle.cpp:726] ...Java_org_firstinspires_ftc_robotcore_internal_camera_libuvc_nativeobject_UvcDeviceHandle_nativeGetMinWhiteBalanceTemperature()
02-03 09:38:39.880  2048  7048 D UvcApiWhiteBalanceControl: ...getMinWhiteBalanceTemperature(): 0
02-03 09:38:39.880  2048  7048 D UvcApiWhiteBalanceControl: getMaxWhiteBalanceTemperature()...
02-03 09:38:39.880  2048  7048 D Uvc     : [jni_devicehandle.cpp:748] Java_org_firstinspires_ftc_robotcore_internal_camera_libuvc_nativeobject_UvcDeviceHandle_nativeGetMaxWhiteBalanceTemperature()...
02-03 09:38:39.881  2048  7048 D Uvc     : [jni_devicehandle.cpp:748] ...Java_org_firstinspires_ftc_robotcore_internal_camera_libuvc_nativeobject_UvcDeviceHandle_nativeGetMaxWhiteBalanceTemperature()
02-03 09:38:39.882  2048  7048 D UvcApiWhiteBalanceControl: ...getMaxWhiteBalanceTemperature(): 10000
02-03 09:38:39.882  2048  7048 D UvcApiWhiteBalanceControl: getWhiteBalanceTemperature()...
02-03 09:38:39.882  2048  7048 D Uvc     : [jni_devicehandle.cpp:793] Java_org_firstinspires_ftc_robotcore_internal_camera_libuvc_nativeobject_UvcDeviceHandle_nativeGetWhiteBalanceTemperature()...
02-03 09:38:39.884  2048  7048 D Uvc     : [jni_devicehandle.cpp:793] ...Java_org_firstinspires_ftc_robotcore_internal_camera_libuvc_nativeobject_UvcDeviceHandle_nativeGetWhiteBalanceTemperature()
02-03 09:38:39.884  2048  7048 D UvcApiWhiteBalanceControl: ...getWhiteBalanceTemperature(): 4000
02-03 09:38:39.884  2048  7048 D UsbResiliantWebcam: ...changeDelegatedCamera(null->CameraImpl(UvcDeviceHandle(pointer=0xd0251ba0|UvcDevice(/dev/bus/usb/003/004))))
02-03 09:38:39.885  2048  7048 D UsbResiliantWebcam: openSelfAndReport()...
02-03 09:38:39.885  2048  7048 V CameraImpl: construct(0x05a642c5)
02-03 09:38:39.887  2048  7048 D UsbResiliantWebcam: ...openSelfAndReport()
02-03 09:38:39.888  2048  7048 D UsbResiliantWebcam.InterveningStateCallback: ...onOpened() camera=CameraImpl(UvcDeviceHandle(pointer=0xd0251ba0|UvcDevice(/dev/bus/usb/003/004)))
02-03 09:38:39.888  2048  7048 D UvcDevice: ...open()
02-03 09:38:39.888  2048  7048 D UsbResiliantWebcam: ...openAssumingPermission()
02-03 09:38:39.888  2048  7048 D CameraManager: ...asyncOpenWebcam(Webcam(D5386480))
02-03 09:38:39.888  2048  7048 D CameraManager: ...asyncOpenCamera(Webcam(D5386480))
02-03 09:38:39.889  2048  7049 D CameraManager: camera reports opened: CameraImpl(UsbResiliantWebcam(Webcam(D5386480)))
02-03 09:38:39.890  2048  7049 D ContinuationSynchronizer: finish("camera reports opened: Webcam(D5386480)": CameraImpl(UsbResiliantWebcam(Webcam(D5386480))))...
02-03 09:38:39.890  2048  7047 D ContinuationSynchronizer: ...awaiting(camera open)
02-03 09:38:39.891  2048  7047 D CameraManager: ...doOpenCamera()
02-03 09:38:39.891  2048  7049 D ContinuationSynchronizer: ...finish("camera reports opened: Webcam(D5386480)": CameraImpl(UsbResiliantWebcam(Webcam(D5386480))))
02-03 09:38:39.896  2048  7047 D UvcContext: found webcam: usbPath=/dev/bus/usb/003/004 vid=0x46D pid=0x825 serial=D5386480 product=C270 HD WEBCAM
02-03 09:38:39.896  2048  7047 D Uvc     : [jni_context.cpp:120] Java_org_firstinspires_ftc_robotcore_internal_camera_libuvc_nativeobject_UvcContext_nativeCreateUvcDevice()...
02-03 09:38:39.896  2048  7047 V Uvc     : API: Java_org_firstinspires_ftc_robotcore_internal_camera_libuvc_nativeobject_UvcContext_nativeCreateUvcDevice: enter...
02-03 09:38:39.898  2048  7047 D libusb  : [957.596028] [00001b87] libusb: debug [op_create] op_create: szUsbPath=/dev/bus/usb/003/004 szSysfsDir=3-1.4
02-03 09:38:39.898  2048  7047 D Uvc     : [device.cpp:613] uvc_create_uvc_device()...
02-03 09:38:39.898  2048  7047 D Uvc     : [libuvc/libuvc_internal.h:346] uvc_device::uvc_device()...
02-03 09:38:39.898  2048  7047 D Uvc     : [libuvc/libuvc_internal.h:375] acquired vid=1133 & pid=2085
02-03 09:38:39.899  2048  7047 D Uvc     : [libuvc/libuvc_internal.h:346] ...uvc_device::uvc_device()
02-03 09:38:39.899  2048  7047 D Uvc     : [device.cpp:613] ...uvc_create_uvc_device() rc=0
02-03 09:38:39.899  2048  7047 V Uvc     : API: Java_org_firstinspires_ftc_robotcore_internal_camera_libuvc_nativeobject_UvcContext_nativeCreateUvcDevice: ...exit
02-03 09:38:39.899  2048  7047 D Uvc     : [jni_context.cpp:120] ...Java_org_firstinspires_ftc_robotcore_internal_camera_libuvc_nativeobject_UvcContext_nativeCreateUvcDevice()
02-03 09:38:39.899  2048  7047 V UvcDevice: construct(pointer=0xd0d07a88|null)
02-03 09:38:39.899  2048  7047 D Uvc     : [jni_device.cpp:108] Java_org_firstinspires_ftc_robotcore_internal_camera_libuvc_nativeobject_UvcDevice_nativeGetLibUsbDevice()...
02-03 09:38:39.900  2048  7047 D Uvc     : [jni_device.cpp:108] ...Java_org_firstinspires_ftc_robotcore_internal_camera_libuvc_nativeobject_UvcDevice_nativeGetLibUsbDevice()
02-03 09:38:39.900  2048  7047 V LibUsbDevice: construct(pointer=0xd3d30fc0)
02-03 09:38:39.900  2048  7047 D UvcContext: usb device is *not* UVC compatible, /dev/bus/usb/003/003
02-03 09:38:39.901  2048  7047 V UvcApiCameraCharacteristicsBuilder: construct(0x03e1fb4b)
02-03 09:38:39.902  2048  7047 D Uvc     : [jni_device.cpp:289] Java_org_firstinspires_ftc_robotcore_internal_camera_libuvc_nativeobject_UvcDevice_nativeGetDeviceInfo()...
02-03 09:38:39.902  2048  7047 V Uvc     : API: Java_org_firstinspires_ftc_robotcore_internal_camera_libuvc_nativeobject_UvcDevice_nativeGetDeviceInfo: enter...
02-03 09:38:39.902  2048  7047 D Uvc     : [device.cpp:386] uvc_get_device_info()...
02-03 09:38:39.902  2048  7047 D libusb  : [957.599799] [00001b87] libusb: debug [op_get_config_descriptor] op_get_config_descriptor: config_index=0
02-03 09:38:39.902  2048  7047 D libusb  : [957.599882] [00001b87] libusb: debug [op_get_config_descriptor] op_get_config_descriptor: config_index=0
02-03 09:38:39.902  2048  7047 D Uvc     : [device.cpp:986] uvc_scan_control()...
02-03 09:38:39.902  2048  7047 D Uvc     : [device.cpp:1041] uvc_parse_vc_header()...
02-03 09:38:39.902  2048  7047 D Uvc     : [device.cpp:1284] uvc_scan_streaming()...
02-03 09:38:39.903  2048  7047 D Uvc     : [device.cpp:1340] uvc_parse_vs_input_header()...
02-03 09:38:39.903  2048  7047 D Uvc     : [device.cpp:1340] ...uvc_parse_vs_input_header() rc=0
02-03 09:38:39.903  2048  7047 D Uvc     : [device.cpp:1389] uvc_parse_vs_format_uncompressed()...
02-03 09:38:39.903  2048  7047 D Uvc     : [device.cpp:1389] ...uvc_parse_vs_format_uncompressed() rc=0
02-03 09:38:39.903  2048  7047 V Uvc     : [device.cpp:1630] unsupported descriptor subtype: 13 UVC_VS_COLORFORMAT
02-03 09:38:39.903  2048  7047 D Uvc     : [device.cpp:1449] uvc_parse_vs_format_mjpeg()...
02-03 09:38:39.903  2048  7047 D Uvc     : [device.cpp:1449] ...uvc_parse_vs_format_mjpeg() rc=0
02-03 09:38:39.906  2048  7047 V Uvc     : [device.cpp:1630] unsupported descriptor subtype: 13 UVC_VS_COLORFORMAT
02-03 09:38:39.906  2048  7047 D Uvc     : [device.cpp:1284] ...uvc_scan_streaming() rc=0
02-03 09:38:39.906  2048  7047 D Uvc     : [device.cpp:1041] ...uvc_parse_vc_header() rc=0
02-03 09:38:39.906  2048  7047 D Uvc     : [device.cpp:1083] uvc_parse_vc_input_terminal()...
02-03 09:38:39.906  2048  7047 D Uvc     : [device.cpp:1083] ...uvc_parse_vc_input_terminal() rc=0
02-03 09:38:39.906  2048  7047 D Uvc     : [device.cpp:1156] uvc_parse_vc_processing_unit()...
02-03 09:38:39.906  2048  7047 D Uvc     : [device.cpp:1156] ...uvc_parse_vc_processing_unit() rc=0
02-03 09:38:39.906  2048  7047 D Uvc     : [device.cpp:986] ...uvc_scan_control() rc=0
02-03 09:38:39.906  2048  7047 D Uvc     : [device.cpp:386] ...uvc_get_device_info() rc=0
02-03 09:38:39.906  2048  7047 V Uvc     : API: Java_org_firstinspires_ftc_robotcore_internal_camera_libuvc_nativeobject_UvcDevice_nativeGetDeviceInfo: ...exit
02-03 09:38:39.906  2048  7047 D Uvc     : [jni_device.cpp:289] ...Java_org_firstinspires_ftc_robotcore_internal_camera_libuvc_nativeobject_UvcDevice_nativeGetDeviceInfo()
02-03 09:38:39.907  2048  7047 V UvcDeviceInfo: construct(pointer=0xced7e5c0)
02-03 09:38:39.908  2048  7047 V UvcStreamingInterface: construct(pointer=0xd087f060)
02-03 09:38:39.955  2048  7047 V UvcStreamingInterface: destroy(pointer=0xd087f060)
02-03 09:38:39.955  2048  7047 V UvcDeviceInfo: destroy(pointer=0xced7e5c0)
02-03 09:38:39.955  2048  7047 D Uvc     : [jni_deviceinfo.cpp:63] Java_org_firstinspires_ftc_robotcore_internal_camera_libuvc_nativeobject_UvcDeviceInfo_nativeFreeDeviceInfo()...
02-03 09:38:39.955  2048  7047 V Uvc     : API: Java_org_firstinspires_ftc_robotcore_internal_camera_libuvc_nativeobject_UvcDeviceInfo_nativeFreeDeviceInfo: enter...
02-03 09:38:39.955  2048  7047 D Uvc     : [device.cpp:433] uvc_free_device_info()...
02-03 09:38:39.955  2048  7047 D Uvc     : [device.cpp:433] ...uvc_free_device_info()
02-03 09:38:39.955  2048  7047 V Uvc     : API: Java_org_firstinspires_ftc_robotcore_internal_camera_libuvc_nativeobject_UvcDeviceInfo_nativeFreeDeviceInfo: ...exit
02-03 09:38:39.955  2048  7047 D Uvc     : [jni_deviceinfo.cpp:63] ...Java_org_firstinspires_ftc_robotcore_internal_camera_libuvc_nativeobject_UvcDeviceInfo_nativeFreeDeviceInfo()
02-03 09:38:39.956  2048  7047 V UvcApiCameraCharacteristicsBuilder: destroy(hash=0x03e1fb4b)
02-03 09:38:39.956  2048  7047 V UvcDevice: destroy(pointer=0xd0d07a88|/dev/bus/usb/003/004)
02-03 09:38:39.956  2048  7047 D Uvc     : [jni_device.cpp:126] Java_org_firstinspires_ftc_robotcore_internal_camera_libuvc_nativeobject_UvcDevice_nativeReleaseRefDevice()...
02-03 09:38:39.957  2048  7047 V Uvc     : API: Java_org_firstinspires_ftc_robotcore_internal_camera_libuvc_nativeobject_UvcDevice_nativeReleaseRefDevice: enter...
02-03 09:38:39.957  2048  7047 D Uvc     : [device.cpp:882] uvc_unref_device()...
02-03 09:38:39.957  2048  7047 D Uvc     : [device.cpp:882] ...uvc_unref_device()
02-03 09:38:39.957  2048  7047 V Uvc     : API: Java_org_firstinspires_ftc_robotcore_internal_camera_libuvc_nativeobject_UvcDevice_nativeReleaseRefDevice: ...exit
02-03 09:38:39.957  2048  7047 D Uvc     : [jni_device.cpp:126] ...Java_org_firstinspires_ftc_robotcore_internal_camera_libuvc_nativeobject_UvcDevice_nativeReleaseRefDevice()
02-03 09:38:39.957  2048  7047 V LibUsbDevice: destroy(pointer=0xd3d30fc0)
02-03 09:38:39.957  2048  7047 D Uvc     : [jni_libusb_device.cpp:64] Java_org_firstinspires_ftc_robotcore_internal_camera_libuvc_nativeobject_LibUsbDevice_nativeReleaseRefDevice()...
02-03 09:38:39.957  2048  7047 D Uvc     : [jni_libusb_device.cpp:64] ...Java_org_firstinspires_ftc_robotcore_internal_camera_libuvc_nativeobject_LibUsbDevice_nativeReleaseRefDevice()
02-03 09:38:39.959  2048  7047 D OpenCvViewport: CheckState(): user requested that we activate
02-03 09:38:39.959  2048  7047 D OpenCvViewport: CheckState(): activating viewport
02-03 09:38:39.960  2048  7050 D OpenCvViewportRenderThread: Render thread is up!
02-03 09:38:39.960  2048  7047 D UsbResiliantWebcam: createCaptureSession()...
02-03 09:38:39.960  2048  7047 V DelCaptureSession: construct(0x08cb0928)
02-03 09:38:39.963  2048  7047 D UsbResiliantWebcam|DelCaptureSession: onCameraChange(null->CameraImpl(UvcDeviceHandle(pointer=0xd0251ba0|UvcDevice(/dev/bus/usb/003/004))))...
02-03 09:38:39.963  2048  7047 D UsbResiliantWebcam|DelCaptureSession: ...onCameraChange(null->CameraImpl(UvcDeviceHandle(pointer=0xd0251ba0|UvcDevice(/dev/bus/usb/003/004))))
02-03 09:38:39.965  2048  7047 D CachingExposureControl: onCameraChanged(CameraImpl(UvcDeviceHandle(pointer=0xd0251ba0|UvcDevice(/dev/bus/usb/003/004)))->CameraImpl(UvcDeviceHandle(pointer=0xd0251ba0|UvcDevice(/dev/bus/usb/003/004))))...
02-03 09:38:39.965  2048  7047 D CachingExposureControl: ...onCameraChanged(CameraImpl(UvcDeviceHandle(pointer=0xd0251ba0|UvcDevice(/dev/bus/usb/003/004)))->CameraImpl(UvcDeviceHandle(pointer=0xd0251ba0|UvcDevice(/dev/bus/usb/003/004))))
02-03 09:38:39.965  2048  7047 D UsbResiliantWebcam: ...createCaptureSession()
02-03 09:38:39.966  2048  2483 D UsbResiliantWebcam|DelCaptureSession: startCapture()...
02-03 09:38:39.966  2048  2483 V DelCaptureSequence: construct(0x082d4641)
02-03 09:38:39.967  2048  2483 D UsbResiliantWebcam|DelCaptureSequence: onCameraChange(null->CameraImpl(UvcDeviceHandle(pointer=0xd0251ba0|UvcDevice(/dev/bus/usb/003/004))))...
02-03 09:38:39.968  2048  2483 D UsbResiliantWebcam|DelCaptureSequence: pauseStreaming(Stopped)...
02-03 09:38:39.968  2048  2483 D UsbResiliantWebcam|DelCaptureSequence: ...pauseStreaming(Stopped)
02-03 09:38:39.968  2048  2483 D UsbResiliantWebcam|DelCaptureSequence: resumeStreaming(Stopped)...
02-03 09:38:39.968  2048  2483 D UsbResiliantWebcam|DelCaptureSequence: ...resumeStreaming(Stopped)
02-03 09:38:39.968  2048  2483 D UsbResiliantWebcam|DelCaptureSequence: ...onCameraChange(null->CameraImpl(UvcDeviceHandle(pointer=0xd0251ba0|UvcDevice(/dev/bus/usb/003/004))))
02-03 09:38:39.968  2048  2483 D UsbResiliantWebcam|DelCaptureSequence: startStreaming(Stopped)...
02-03 09:38:39.969  2048  2483 D UsbResiliantWebcam|DelCaptureSequence: doStreaming()...
02-03 09:38:39.969  2048  2483 V UvcApiCaptureSession: construct(0x0df4e7e6)
02-03 09:38:39.970  2048  7049 D UsbResiliantWebcam|DelCaptureSession: camera session is configured: Webcam(D5386480)
02-03 09:38:39.970  2048  2483 V UvcApiCameraCaptureSequence: construct(0x01d30127)
02-03 09:38:39.971  2048  2483 D UvcDeviceHandle: getStreamControl(320x240 30)...
02-03 09:38:39.971  2048  2483 V UvcStreamCtrl: construct(0x0c5b8fd4)
02-03 09:38:39.971  2048  2483 D Uvc     : [jni_devicehandle.cpp:115] Java_org_firstinspires_ftc_robotcore_internal_camera_libuvc_nativeobject_UvcDeviceHandle_nativeGetStreamControlFormatSize()...
02-03 09:38:39.971  2048  2483 V Uvc     : API: Java_org_firstinspires_ftc_robotcore_internal_camera_libuvc_nativeobject_UvcDeviceHandle_nativeGetStreamControlFormatSize: enter...
02-03 09:38:39.971  2048  2483 D Uvc     : [stream.cpp:373] uvc_get_stream_ctrl_format_size()...
02-03 09:38:39.971  2048  2483 D Uvc     : [libuvc/libuvc_internal.h:770] uvc_device_handle::claimInterface(idx=1)...
02-03 09:38:39.972  2048  2483 D UvcDevice: claimInterface(1)
02-03 09:38:39.972  2048  2483 D UvcDevice: claimInterface(1) succeeded
02-03 09:38:39.972  2048  2483 D Uvc     : [libuvc/libuvc_internal.h:783] claimInterface(1) succeeded
02-03 09:38:39.972  2048  2483 D Uvc     : [libuvc/libuvc_internal.h:770] ...uvc_device_handle::claimInterface() rc=0
02-03 09:38:39.972  2048  2483 D UvcStream: [stream.cpp:412] 320x240 30fps
02-03 09:38:39.972  2048  2483 D Uvc     : [stream.cpp:162] uvc_query_stream_ctrl()...
02-03 09:38:39.976  2048  2483 D Uvc     : [stream.cpp:162] ...uvc_query_stream_ctrl() rc=0
02-03 09:38:39.976  2048  2483 D Uvc     : [libuvc/libuvc_internal.h:793] uvc_device_handle::releaseInterface()...
02-03 09:38:39.977  2048  2483 D UvcDevice: releaseInterface(1)
02-03 09:38:39.977  2048  2483 D UvcDevice: releaseInterface(1) succeeded
02-03 09:38:39.977  2048  2483 D Uvc     : [libuvc/libuvc_internal.h:793] ...uvc_device_handle::releaseInterface() rc=0
02-03 09:38:39.977  2048  2483 D Uvc     : [stream.cpp:523] uvc_probe_stream_ctrl()...
02-03 09:38:39.977  2048  2483 D Uvc     : [libuvc/libuvc_internal.h:770] uvc_device_handle::claimInterface(idx=1)...
02-03 09:38:39.978  2048  2483 D UvcDevice: claimInterface(1)
02-03 09:38:39.978  2048  2483 D UvcDevice: claimInterface(1) succeeded
02-03 09:38:39.978  2048  2483 D Uvc     : [libuvc/libuvc_internal.h:783] claimInterface(1) succeeded
02-03 09:38:39.978  2048  2483 D Uvc     : [libuvc/libuvc_internal.h:770] ...uvc_device_handle::claimInterface() rc=0
02-03 09:38:39.978  2048  2483 D Uvc     : [stream.cpp:162] uvc_query_stream_ctrl()...
02-03 09:38:39.981  2048  2483 D Uvc     : [stream.cpp:162] ...uvc_query_stream_ctrl() rc=0
02-03 09:38:39.981  2048  2483 D Uvc     : [stream.cpp:162] uvc_query_stream_ctrl()...
02-03 09:38:39.985  2048  2483 D Uvc     : [stream.cpp:162] ...uvc_query_stream_ctrl() rc=0
02-03 09:38:39.985  2048  2483 D Uvc     : [stream.cpp:523] ...uvc_probe_stream_ctrl() rc=0
02-03 09:38:39.985  2048  2483 D Uvc     : [stream.cpp:373] ...uvc_get_stream_ctrl_format_size() rc=0
02-03 09:38:39.985  2048  2483 V Uvc     : API: Java_org_firstinspires_ftc_robotcore_internal_camera_libuvc_nativeobject_UvcDeviceHandle_nativeGetStreamControlFormatSize: ...exit
02-03 09:38:39.986  2048  2483 D Uvc     : [jni_devicehandle.cpp:115] ...Java_org_firstinspires_ftc_robotcore_internal_camera_libuvc_nativeobject_UvcDeviceHandle_nativeGetStreamControlFormatSize()
02-03 09:38:39.986  2048  2483 D UvcDeviceHandle: ...getStreamControl(320x240 30)
02-03 09:38:39.986  2048  2483 D Uvc     : [jni_streamcontrol.cpp:101] Java_org_firstinspires_ftc_robotcore_internal_camera_libuvc_nativeobject_UvcStreamCtrl_nativeOpen()...
02-03 09:38:39.986  2048  2483 V Uvc     : API: Java_org_firstinspires_ftc_robotcore_internal_camera_libuvc_nativeobject_UvcStreamCtrl_nativeOpen: enter...
02-03 09:38:39.986  2048  2483 D Uvc     : [devicehandle.cpp:46] uvc_device_handle::openStreamControl()...
02-03 09:38:39.986  2048  2483 D Uvc     : [streamhandle.cpp:58] uvc_stream_handle::claimInterface()...
02-03 09:38:39.986  2048  2483 D Uvc     : [libuvc/libuvc_internal.h:770] uvc_device_handle::claimInterface(idx=1)...
02-03 09:38:39.986  2048  2483 D UvcDevice: claimInterface(1)
02-03 09:38:39.987  2048  2483 D UvcDevice: claimInterface(1) succeeded
02-03 09:38:39.987  2048  2483 D Uvc     : [libuvc/libuvc_internal.h:783] claimInterface(1) succeeded
02-03 09:38:39.987  2048  2483 D Uvc     : [libuvc/libuvc_internal.h:770] ...uvc_device_handle::claimInterface() rc=0
02-03 09:38:39.987  2048  2483 D Uvc     : [streamhandle.cpp:58] ...uvc_stream_handle::claimInterface() rc=0
02-03 09:38:39.987  2048  2483 D Uvc     : [stream.cpp:162] uvc_query_stream_ctrl()...
02-03 09:38:39.990  2048  2483 D Uvc     : [stream.cpp:162] ...uvc_query_stream_ctrl() rc=0
02-03 09:38:39.990  2048  2483 D Uvc     : [devicehandle.cpp:46] ...uvc_device_handle::openStreamControl() rc=0
02-03 09:38:39.990  2048  2483 V Uvc     : API: Java_org_firstinspires_ftc_robotcore_internal_camera_libuvc_nativeobject_UvcStreamCtrl_nativeOpen: ...exit
02-03 09:38:39.990  2048  2483 D Uvc     : [jni_streamcontrol.cpp:101] ...Java_org_firstinspires_ftc_robotcore_internal_camera_libuvc_nativeobject_UvcStreamCtrl_nativeOpen()
02-03 09:38:39.991  2048  2483 V UvcStreamHandle: construct(pointer=0xd3d26580)
02-03 09:38:39.991  2048  2483 D Uvc     : [jni_streamhandle.cpp:184] Java_org_firstinspires_ftc_robotcore_internal_camera_libuvc_nativeobject_UvcStreamHandle_nativeStopStreaming()...
02-03 09:38:39.991  2048  2483 V Uvc     : API: Java_org_firstinspires_ftc_robotcore_internal_camera_libuvc_nativeobject_UvcStreamHandle_nativeStopStreaming: enter...
02-03 09:38:39.991  2048  2483 D Uvc     : [stream.cpp:1514] uvc_stream_stop()...
02-03 09:38:39.991  2048  2483 D Uvc     : [stream.cpp:1514] ...uvc_stream_stop() rc=0
02-03 09:38:39.991  2048  2483 V Uvc     : API: Java_org_firstinspires_ftc_robotcore_internal_camera_libuvc_nativeobject_UvcStreamHandle_nativeStopStreaming: ...exit
02-03 09:38:39.991  2048  2483 D Uvc     : [jni_streamhandle.cpp:184] ...Java_org_firstinspires_ftc_robotcore_internal_camera_libuvc_nativeobject_UvcStreamHandle_nativeStopStreaming()
02-03 09:38:39.991  2048  2483 V UvcFrameCallback: construct(0x0ac7057d)
02-03 09:38:39.992  2048  2483 V UvcFrameCallbackData: construct(pointer=0xced24c60)
02-03 09:38:39.992  2048  2483 V Uvc     : API: Java_org_firstinspires_ftc_robotcore_internal_camera_libuvc_nativeobject_UvcStreamHandle_nativeStartStreaming: enter...
02-03 09:38:39.992  2048  2483 D Uvc     : [stream.cpp:970] uvc_stream_start_bandwidth()...
02-03 09:38:39.992  2048  2483 D Uvc     : [stream.cpp:1173] uvc_stream_handle::startIsochronousStreaming()...
02-03 09:38:39.992  2048  2483 D Uvc     : [libuvc/libuvc_internal.h:825] uvc_device_handle::setInterfaceAltSetting(setInterfaceAltSetting(intf=1 alt=11))...
02-03 09:38:39.992  2048  2483 D UvcDevice: setInterfaceAltSetting(1,11)
02-03 09:38:39.993  2048  2483 D UvcDevice: setInterfaceAltSetting(1,11) succeeded
02-03 09:38:39.993  2048  2483 D Uvc     : [libuvc/libuvc_internal.h:825] ...uvc_device_handle::setInterfaceAltSetting() rc=0
02-03 09:38:39.993  2048  2483 D Uvc     : [stream.cpp:1173] ...uvc_stream_handle::startIsochronousStreaming() rc=0
02-03 09:38:39.993  2048  2483 D Uvc     : [stream.cpp:1201] uvc_stream_handle::startUserCallbackThread()...
02-03 09:38:39.994  2048  7051 D UvcStream: [stream.cpp:1265] User Callback thread started
02-03 09:38:39.994  2048  2483 D Uvc     : [stream.cpp:1201] ...uvc_stream_handle::startUserCallbackThread() rc=0
02-03 09:38:39.994  2048  2483 D Uvc     : [stream.cpp:1221] uvc_stream_handle::submitTransfers()...
02-03 09:38:39.995  2048  2483 D Uvc     : [stream.cpp:1221] ...uvc_stream_handle::submitTransfers() rc=0
02-03 09:38:39.995  2048  2483 D Uvc     : [stream.cpp:970] ...uvc_stream_start_bandwidth() rc=0
02-03 09:38:39.995  2048  2483 D UvcStreamHandle: [jni_streamhandle.cpp:150] successfully started streaming
02-03 09:38:39.995  2048  2483 V Uvc     : API: Java_org_firstinspires_ftc_robotcore_internal_camera_libuvc_nativeobject_UvcStreamHandle_nativeStartStreaming: ...exit
02-03 09:38:39.996  2048  2483 V UvcStreamCtrl: destroy(pointer=0xd01c79c0)
02-03 09:38:39.996  2048  2483 D UsbResiliantWebcam|DelCaptureSequence: ...doStreaming()
02-03 09:38:39.996  2048  2483 D UsbResiliantWebcam|DelCaptureSequence: ...startStreaming(Stopped)
02-03 09:38:39.996  2048  2483 D UsbResiliantWebcam|DelCaptureSession: ...startCapture()
02-03 09:38:39.997  2048  2483 I System.out: OpenCvWebcam: onConfigured
02-03 09:38:39.997  2048  7047 I System.out: OpenCvWebcam: streaming started
02-03 09:38:39.998  2048  7047 I global  :  RENO - AutoRoadRunner$1.onOpened(AutoRoadRunner.java:207): Start stream to detect sleeve color.
02-03 09:38:40.003  2048  2211 D UvcStream: [stream.cpp:729] this is the UVC processTransfer() stream processing thread
02-03 09:38:40.254  2048  7051 I global  :  RENO - ObjectDetection.sleeveColorDetect(ObjectDetection.java:125): Start Opcv process to detect sleeve color.
02-03 09:38:40.257  2048  7051 I global  :  RENO - ObjectDetection.sleeveColorDetect(ObjectDetection.java:132): Sleeve max color = 0.00, 0.00, 0.00
02-03 09:38:40.259  2048  7051 I global  :  RENO - ObjectDetection.sleeveColorDetect(ObjectDetection.java:151): Sleeve position: UNKNOWN
02-03 09:38:40.282  2048  7051 I global  :  RENO - ObjectDetection.sleeveColorDetect(ObjectDetection.java:125): Start Opcv process to detect sleeve color.
02-03 09:38:40.284  2048  7051 I global  :  RENO - ObjectDetection.sleeveColorDetect(ObjectDetection.java:132): Sleeve max color = 0.00, 0.00, 0.00
02-03 09:38:40.285  2048  7051 I global  :  RENO - ObjectDetection.sleeveColorDetect(ObjectDetection.java:151): Sleeve position: UNKNOWN
02-03 09:38:40.313  2048  7051 I global  :  RENO - ObjectDetection.sleeveColorDetect(ObjectDetection.java:125): Start Opcv process to detect sleeve color.
02-03 09:38:40.315  2048  7051 I global  :  RENO - ObjectDetection.sleeveColorDetect(ObjectDetection.java:132): Sleeve max color = 0.00, 0.00, 0.00
02-03 09:38:40.316  2048  7051 I global  :  RENO - ObjectDetection.sleeveColorDetect(ObjectDetection.java:151): Sleeve position: UNKNOWN
02-03 09:38:40.349  2048  7051 I global  :  RENO - ObjectDetection.sleeveColorDetect(ObjectDetection.java:125): Start Opcv process to detect sleeve color.
02-03 09:38:40.350  2048  7051 I global  :  RENO - ObjectDetection.sleeveColorDetect(ObjectDetection.java:132): Sleeve max color = 0.00, 0.00, 0.00
02-03 09:38:40.352  2048  7051 I global  :  RENO - ObjectDetection.sleeveColorDetect(ObjectDetection.java:151): Sleeve position: UNKNOWN
02-03 09:38:40.384  2048  7051 I global  :  RENO - ObjectDetection.sleeveColorDetect(ObjectDetection.java:125): Start Opcv process to detect sleeve color.
02-03 09:38:40.385  2048  7051 I global  :  RENO - ObjectDetection.sleeveColorDetect(ObjectDetection.java:132): Sleeve max color = 0.00, 0.00, 0.00
02-03 09:38:40.386  2048  7051 I global  :  RENO - ObjectDetection.sleeveColorDetect(ObjectDetection.java:151): Sleeve position: UNKNOWN
02-03 09:38:40.414  2048  7051 I global  :  RENO - ObjectDetection.sleeveColorDetect(ObjectDetection.java:125): Start Opcv process to detect sleeve color.
02-03 09:38:40.415  2048  7051 I global  :  RENO - ObjectDetection.sleeveColorDetect(ObjectDetection.java:132): Sleeve max color = 0.00, 0.00, 0.00
02-03 09:38:40.416  2048  7051 I global  :  RENO - ObjectDetection.sleeveColorDetect(ObjectDetection.java:151): Sleeve position: UNKNOWN
02-03 09:38:40.450  2048  7051 I global  :  RENO - ObjectDetection.sleeveColorDetect(ObjectDetection.java:125): Start Opcv process to detect sleeve color.
