02-01 16:22:43.193  1933  2319 D Uvc     : [stream.cpp:1471] (waitForAllTransfers(waiting for cancelled transfers))...
02-01 16:22:43.194  1933  2319 D UvcStream: [stream.cpp:1485] no extant active transfers: continuing
02-01 16:22:43.194  1933  2319 D Uvc     : [stream.cpp:1471] ...()
02-01 16:22:43.194  1933  2319 D Uvc     : [stream.cpp:1189] uvc_stream_handle::stopIsochronousStreaming()...
02-01 16:22:43.194  1933  2319 D Uvc     : [libuvc/libuvc_internal.h:825] uvc_device_handle::setInterfaceAltSetting(setInterfaceAltSetting(intf=1 alt=0))...
02-01 16:22:43.195  1933  2319 D UvcDevice: setInterfaceAltSetting(1,0)
02-01 16:22:43.195  1933  2319 D UvcDevice: setInterfaceAltSetting(1,0) succeeded
02-01 16:22:43.195  1933  2319 D Uvc     : [libuvc/libuvc_internal.h:825] ...uvc_device_handle::setInterfaceAltSetting() rc=0
02-01 16:22:43.195  1933  2319 D Uvc     : [stream.cpp:1189] ...uvc_stream_handle::stopIsochronousStreaming() rc=0
02-01 16:22:43.195  1933  2319 D UvcStream: [stream.cpp:1558] awakening user thread
02-01 16:22:43.195  1933  2319 D UvcStream: [stream.cpp:1567] waiting for user callback thread to finish
02-01 16:22:43.195  1933  2326 D UvcStream: [stream.cpp:1329] user callback thread stopped
02-01 16:22:43.195  1933  2319 D Uvc     : [stream.cpp:1514] ...uvc_stream_stop() rc=0
02-01 16:22:43.196  1933  2319 V Uvc     : API: Java_org_firstinspires_ftc_robotcore_internal_camera_libuvc_nativeobject_UvcStreamHandle_nativeStopStreaming: ...exit
02-01 16:22:43.196  1933  2319 D Uvc     : [jni_streamhandle.cpp:184] ...Java_org_firstinspires_ftc_robotcore_internal_camera_libuvc_nativeobject_UvcStreamHandle_nativeStopStreaming()
02-01 16:22:43.196  1933  2319 V UvcFrameCallback: destroy(hash=0x0ecc855a)
02-01 16:22:43.196  1933  2319 V UvcFrameCallbackData: destroy(pointer=0xc5d9e110)
02-01 16:22:43.196  1933  2319 V Uvc     : API: Java_org_firstinspires_ftc_robotcore_internal_camera_libuvc_nativeobject_UvcFrameCallback_nativeReleaseCallbackState: enter...
02-01 16:22:43.196  1933  2319 V Uvc     : API: Java_org_firstinspires_ftc_robotcore_internal_camera_libuvc_nativeobject_UvcFrameCallback_nativeReleaseCallbackState: ...exit
02-01 16:22:43.197  1933  2319 V UvcStreamHandle: destroy(pointer=0xcb7262e0)
02-01 16:22:43.197  1933  2319 D Uvc     : [jni_streamhandle.cpp:184] Java_org_firstinspires_ftc_robotcore_internal_camera_libuvc_nativeobject_UvcStreamHandle_nativeStopStreaming()...
02-01 16:22:43.197  1933  2319 V Uvc     : API: Java_org_firstinspires_ftc_robotcore_internal_camera_libuvc_nativeobject_UvcStreamHandle_nativeStopStreaming: enter...
02-01 16:22:43.197  1933  2319 D Uvc     : [stream.cpp:1514] uvc_stream_stop()...
02-01 16:22:43.197  1933  2319 D Uvc     : [stream.cpp:1514] ...uvc_stream_stop() rc=0
02-01 16:22:43.197  1933  2319 V Uvc     : API: Java_org_firstinspires_ftc_robotcore_internal_camera_libuvc_nativeobject_UvcStreamHandle_nativeStopStreaming: ...exit
02-01 16:22:43.197  1933  2319 D Uvc     : [jni_streamhandle.cpp:184] ...Java_org_firstinspires_ftc_robotcore_internal_camera_libuvc_nativeobject_UvcStreamHandle_nativeStopStreaming()
02-01 16:22:43.197  1933  2319 D Uvc     : [jni_streamhandle.cpp:200] Java_org_firstinspires_ftc_robotcore_internal_camera_libuvc_nativeobject_UvcStreamHandle_nativeCloseStreamHandle()...
02-01 16:22:43.197  1933  2319 V Uvc     : API: Java_org_firstinspires_ftc_robotcore_internal_camera_libuvc_nativeobject_UvcStreamHandle_nativeCloseStreamHandle: enter...
02-01 16:22:43.197  1933  2319 D Uvc     : [stream.cpp:1584] uvc_stream_close()...
02-01 16:22:43.197  1933  2319 D Uvc     : [streamhandle.cpp:45] uvc_stream_handle::~uvc_stream_handle()...
02-01 16:22:43.197  1933  2319 D Uvc     : [streamhandle.cpp:66] uvc_stream_handle::releaseInterface()...
02-01 16:22:43.197  1933  2319 D Uvc     : [libuvc/libuvc_internal.h:793] uvc_device_handle::releaseInterface()...
02-01 16:22:43.197  1933  2319 D UvcDevice: releaseInterface(1)
02-01 16:22:43.198  1933  2319 D UvcDevice: releaseInterface(1) succeeded
02-01 16:22:43.198  1933  2319 D Uvc     : [libuvc/libuvc_internal.h:793] ...uvc_device_handle::releaseInterface() rc=0
02-01 16:22:43.198  1933  2319 D Uvc     : [streamhandle.cpp:66] ...uvc_stream_handle::releaseInterface()
02-01 16:22:43.198  1933  2319 D Uvc     : [streamhandle.cpp:45] ...uvc_stream_handle::~uvc_stream_handle()
02-01 16:22:43.198  1933  2319 D Uvc     : [stream.cpp:1584] ...uvc_stream_close()
02-01 16:22:43.198  1933  2319 V Uvc     : API: Java_org_firstinspires_ftc_robotcore_internal_camera_libuvc_nativeobject_UvcStreamHandle_nativeCloseStreamHandle: ...exit
02-01 16:22:43.198  1933  2319 D Uvc     : [jni_streamhandle.cpp:200] ...Java_org_firstinspires_ftc_robotcore_internal_camera_libuvc_nativeobject_UvcStreamHandle_nativeCloseStreamHandle()
02-01 16:22:43.199  1933  2197 D RobotCore: capture sequence DelegatingCaptureSequenceId(1) reports completed: lastFrame=1385
02-01 16:22:43.199  1933  2319 V UvcApiCameraCaptureSequence: destroy(hash=0x0b24047c)
02-01 16:22:43.199  1933  2319 D UvcApiCaptureSession: ...stopCapture()
02-01 16:22:43.199  1933  2319 D UvcApiCaptureSession: doClose()...
02-01 16:22:43.200  1933  2319 D UvcApiCaptureSession: ...doClose()
02-01 16:22:43.200  1933  2319 D UsbResiliantWebcam|DelCaptureSequence: ...undoStreaming()
02-01 16:22:43.200  1933  2324 D UsbResiliantWebcam|DelCaptureSession: camera session is closed: Webcam(D5386480)
02-01 16:22:43.200  1933  2324 V UvcApiCaptureSession: destroy(hash=0x07673f6f)
02-01 16:22:43.200  1933  2324 D UvcApiCaptureSession: destructor...
02-01 16:22:43.200  1933  2197 D RobotCore: capture sequence DelegatingCaptureSequenceId(1) reports completed: lastFrame=1385
02-01 16:22:43.200  1933  2324 D UvcApiCaptureSession: ...destructor
02-01 16:22:43.201  1933  2319 V UsbResiliantWebcam|DelCaptureSequence: destroy(hash=0x08a5924e)
02-01 16:22:43.201  1933  2319 D UsbResiliantWebcam|DelCaptureSession: ...stopCapture()
02-01 16:22:43.201  1933  2319 D UsbResiliantWebcam|DelCaptureSession: doClose()...
02-01 16:22:43.202  1933  2319 D UsbResiliantWebcam|DelCaptureSession: ...doClose()
02-01 16:22:43.203  1933  2319 V UsbResiliantWebcam|DelCaptureSession: destroy(hash=0x0175f949)
02-01 16:22:43.203  1933  2319 D UsbResiliantWebcam|DelCaptureSession: destructor()...
02-01 16:22:43.203  1933  2319 D UsbResiliantWebcam|DelCaptureSession: ...destructor()
02-01 16:22:43.203  1933  2319 V CameraImpl: destroy(hash=0x0f6bf802)
02-01 16:22:43.204  1933  2319 D UsbResiliantWebcam: CameraImpl.destructor()...
02-01 16:22:43.204  1933  2319 D UsbResiliantWebcam: externalDestructor()...
02-01 16:22:43.204  1933  2319 V CameraImpl: destroy(hash=0x0537aa76)
02-01 16:22:43.204  1933  2324 D CameraManager: camera reports closed: CameraImpl(UsbResiliantWebcam(Webcam(D5386480)))
02-01 16:22:43.204  1933  2319 D UvcDeviceHandle: CameraImpl.destructor()...
02-01 16:22:43.205  1933  2319 D UvcDeviceHandle: externalDestructor()...
02-01 16:22:43.206  1933  2319 D UsbResiliantWebcam: changeDelegatedCamera(CameraImpl(UvcDeviceHandle(pointer=0xc5e69a30|UvcDevice(/dev/bus/usb/003/004)))->null)...
02-01 16:22:43.206  1933  2319 D CachingExposureControl: onCameraChanged(CameraImpl(UvcDeviceHandle(pointer=0xc5e69a30|UvcDevice(/dev/bus/usb/003/004)))->null)...
02-01 16:22:43.207  1933  2319 D CachingExposureControl: ...onCameraChanged(CameraImpl(UvcDeviceHandle(pointer=0xc5e69a30|UvcDevice(/dev/bus/usb/003/004)))->null)
02-01 16:22:43.207  1933  2319 D UsbResiliantWebcam: ...changeDelegatedCamera(CameraImpl(UvcDeviceHandle(pointer=0xc5e69a30|UvcDevice(/dev/bus/usb/003/004)))->null)
02-01 16:22:43.207  1933  2319 D UvcDeviceHandle: ...externalDestructor()
02-01 16:22:43.208  1933  2319 V UvcDeviceHandle: destroy(pointer=0xc5e69a30)
02-01 16:22:43.208  1933  2319 D UvcDeviceHandle: destructor...
02-01 16:22:43.208  1933  2319 D Uvc     : [jni_devicehandle.cpp:87] Java_org_firstinspires_ftc_robotcore_internal_camera_libuvc_nativeobject_UvcDeviceHandle_nativeReleaseRefDeviceHandle()...
02-01 16:22:43.208  1933  2319 V Uvc     : API: Java_org_firstinspires_ftc_robotcore_internal_camera_libuvc_nativeobject_UvcDeviceHandle_nativeReleaseRefDeviceHandle: enter...
02-01 16:22:43.208  1933  2319 D Uvc     : [libuvc/libuvc_internal.h:872] uvc_device_handle::~uvc_device_handle()...
02-01 16:22:43.208  1933  2319 D Uvc     : [libuvc/libuvc_internal.h:840] uvc_device_handle::deconstruct()...
02-01 16:22:43.208  1933  2319 D Uvc     : [libuvc/libuvc_internal.h:751] uvc_device_handle::stop()...
02-01 16:22:43.208  1933  2319 D Uvc     : [libuvc/libuvc_internal.h:751] ...uvc_device_handle::stop()
02-01 16:22:43.208  1933  2319 D Uvc     : [libuvc/libuvc_internal.h:865] uvc_device_handle::close()...
02-01 16:22:43.208  1933  2319 E libusb  : [236.759895] [0000090f] libusb: error [do_close] Device handle closed while transfer was still being processed, but the device is still connected as far as we know
02-01 16:22:43.208  1933  2319 E libusb  : [236.759957] [0000090f] libusb: error [do_close] A cancellation hasn't even been scheduled on the transfer for which the device is closing
02-01 16:22:43.208  1933  2319 D Uvc     : [libuvc/libuvc_internal.h:865] ...uvc_device_handle::close()
02-01 16:22:43.208  1933  2319 D Uvc     : [libuvc/libuvc_internal.h:840] ...uvc_device_handle::deconstruct()
02-01 16:22:43.208  1933  2319 D Uvc     : [device.cpp:433] uvc_free_device_info()...
02-01 16:22:43.209  1933  2319 D Uvc     : [device.cpp:433] ...uvc_free_device_info()
02-01 16:22:43.209  1933  2319 D Uvc     : [libuvc/libuvc_internal.h:872] ...uvc_device_handle::~uvc_device_handle()
02-01 16:22:43.209  1933  2319 V Uvc     : API: Java_org_firstinspires_ftc_robotcore_internal_camera_libuvc_nativeobject_UvcDeviceHandle_nativeReleaseRefDeviceHandle: ...exit
02-01 16:22:43.209  1933  2319 D Uvc     : [jni_devicehandle.cpp:87] ...Java_org_firstinspires_ftc_robotcore_internal_camera_libuvc_nativeobject_UvcDeviceHandle_nativeReleaseRefDeviceHandle()
02-01 16:22:43.209  1933  2319 V UvcDevice: destroy(pointer=0xc5eca5f0|/dev/bus/usb/003/004)
02-01 16:22:43.210  1933  2319 D UsbDeviceConnectionJNI: close
02-01 16:22:43.210  1933  2319 D Uvc     : [jni_device.cpp:126] Java_org_firstinspires_ftc_robotcore_internal_camera_libuvc_nativeobject_UvcDevice_nativeReleaseRefDevice()...
02-01 16:22:43.210  1933  2319 V Uvc     : API: Java_org_firstinspires_ftc_robotcore_internal_camera_libuvc_nativeobject_UvcDevice_nativeReleaseRefDevice: enter...
02-01 16:22:43.210  1933  2319 D Uvc     : [device.cpp:882] uvc_unref_device()...
02-01 16:22:43.212  1933  2319 D Uvc     : [device.cpp:882] ...uvc_unref_device()
02-01 16:22:43.212  1933  2319 V Uvc     : API: Java_org_firstinspires_ftc_robotcore_internal_camera_libuvc_nativeobject_UvcDevice_nativeReleaseRefDevice: ...exit
02-01 16:22:43.212  1933  2319 D Uvc     : [jni_device.cpp:126] ...Java_org_firstinspires_ftc_robotcore_internal_camera_libuvc_nativeobject_UvcDevice_nativeReleaseRefDevice()
02-01 16:22:43.212  1933  2319 V LibUsbDevice: destroy(pointer=0xcb735680)
02-01 16:22:43.212  1933  2319 D Uvc     : [jni_libusb_device.cpp:64] Java_org_firstinspires_ftc_robotcore_internal_camera_libuvc_nativeobject_LibUsbDevice_nativeReleaseRefDevice()...
02-01 16:22:43.212  1933  2319 D Uvc     : [jni_libusb_device.cpp:64] ...Java_org_firstinspires_ftc_robotcore_internal_camera_libuvc_nativeobject_LibUsbDevice_nativeReleaseRefDevice()
02-01 16:22:43.213  1933  2319 D UvcDeviceHandle: ...destructor
02-01 16:22:43.213  1933  2319 D UvcDeviceHandle: ...CameraImpl.destructor()
02-01 16:22:43.213  1933  2319 D UsbResiliantWebcam: ...externalDestructor()
02-01 16:22:43.213  1933  2319 V UsbResiliantWebcam: destroy(hash=0x005fc538)
02-01 16:22:43.213  1933  2319 D UsbResiliantWebcam: destructor()...
02-01 16:22:43.214  1933  2319 D UsbResiliantWebcam: ...destructor()
02-01 16:22:43.214  1933  2319 D UsbResiliantWebcam: ...CameraImpl.destructor()
02-01 16:22:45.800  1933  2319 I global  :  RENO - AutoRoadRunner.rrUnloadCone(AutoRoadRunner.java:336): Wait before unloading claw open.
02-01 16:22:45.860  1933  2319 I global  :  RENO - AutoRoadRunner.rrUnloadCone(AutoRoadRunner.java:340): Auto unload - Cone has been unloaded.
02-01 16:22:47.609  1933  2319 I global  :  RENO - AutoRoadRunner.moveFromJunctionToConeStack(AutoRoadRunner.java:353): Arrived cone stack
02-01 16:22:47.610  1933  2319 I global  :  RENO - AutoRoadRunner.moveFromJunctionToConeStack(AutoRoadRunner.java:354): traj1 end x = -11.50,  y = -61.50, angle = 270.00
02-01 16:22:47.611  1933  2319 I global  :  RENO - AutoRoadRunner.moveFromJunctionToConeStack(AutoRoadRunner.java:356): estimate end x = -11.57,  y = -61.67, angle = 269.80
02-01 16:22:48.002  1933  2319 I global  :  RENO - AutoRoadRunner.rrLoadCone(AutoRoadRunner.java:317): Wait before claw close.
02-01 16:22:48.043  1933  2319 I global  :  RENO - SlidersWith2Motors.waitRunningComplete(SlidersWith2Motors.java:147): Slider waiting time = 0.04 sec
02-01 16:22:48.212  1933  2319 I global  :  RENO - AutoRoadRunner.rrLoadCone(AutoRoadRunner.java:323): Wait before moving out cone stack.
02-01 16:22:50.022  1933  2319 I global  :  RENO - AutoRoadRunner.moveFromConeStackToJunction(AutoRoadRunner.java:372): Arrived junction
02-01 16:22:50.023  1933  2319 I global  :  RENO - AutoRoadRunner.moveFromConeStackToJunction(AutoRoadRunner.java:373): traj1 end x = -20.35,  y = -30.32, angle = 300.00
02-01 16:22:50.025  1933  2319 I global  :  RENO - AutoRoadRunner.moveFromConeStackToJunction(AutoRoadRunner.java:375): estimate end x = -20.53,  y = -30.10, angle = 299.99
02-01 16:22:50.140  1933  2319 I global  :  RENO - AutoRoadRunner.rrUnloadCone(AutoRoadRunner.java:336): Wait before unloading claw open.
02-01 16:22:50.201  1933  2319 I global  :  RENO - AutoRoadRunner.rrUnloadCone(AutoRoadRunner.java:340): Auto unload - Cone has been unloaded.
02-01 16:22:51.955  1933  2319 I global  :  RENO - AutoRoadRunner.moveFromJunctionToConeStack(AutoRoadRunner.java:353): Arrived cone stack
02-01 16:22:51.957  1933  2319 I global  :  RENO - AutoRoadRunner.moveFromJunctionToConeStack(AutoRoadRunner.java:354): traj1 end x = -11.50,  y = -61.50, angle = 270.00
02-01 16:22:51.959  1933  2319 I global  :  RENO - AutoRoadRunner.moveFromJunctionToConeStack(AutoRoadRunner.java:356): estimate end x = -11.56,  y = -61.61, angle = 269.84
02-01 16:22:52.334  1933  2319 I global  :  RENO - AutoRoadRunner.rrLoadCone(AutoRoadRunner.java:317): Wait before claw close.
02-01 16:22:52.377  1933  2319 I global  :  RENO - SlidersWith2Motors.waitRunningComplete(SlidersWith2Motors.java:147): Slider waiting time = 0.04 sec
02-01 16:22:52.545  1933  2319 I global  :  RENO - AutoRoadRunner.rrLoadCone(AutoRoadRunner.java:323): Wait before moving out cone stack.
02-01 16:22:54.346  1933  2319 I global  :  RENO - AutoRoadRunner.moveFromConeStackToJunction(AutoRoadRunner.java:372): Arrived junction
02-01 16:22:54.346  1933  2319 I global  :  RENO - AutoRoadRunner.moveFromConeStackToJunction(AutoRoadRunner.java:373): traj1 end x = -20.35,  y = -30.32, angle = 300.00
02-01 16:22:54.347  1933  2319 I global  :  RENO - AutoRoadRunner.moveFromConeStackToJunction(AutoRoadRunner.java:375): estimate end x = -20.58,  y = -30.11, angle = 300.55
02-01 16:22:54.460  1933  2319 I global  :  RENO - AutoRoadRunner.rrUnloadCone(AutoRoadRunner.java:336): Wait before unloading claw open.
02-01 16:22:54.521  1933  2319 I global  :  RENO - AutoRoadRunner.rrUnloadCone(AutoRoadRunner.java:340): Auto unload - Cone has been unloaded.
02-01 16:22:56.273  1933  2319 I global  :  RENO - AutoRoadRunner.moveFromJunctionToConeStack(AutoRoadRunner.java:353): Arrived cone stack
02-01 16:22:56.275  1933  2319 I global  :  RENO - AutoRoadRunner.moveFromJunctionToConeStack(AutoRoadRunner.java:354): traj1 end x = -11.50,  y = -61.50, angle = 270.00
02-01 16:22:56.276  1933  2319 I global  :  RENO - AutoRoadRunner.moveFromJunctionToConeStack(AutoRoadRunner.java:356): estimate end x = -11.63,  y = -61.39, angle = 269.72
02-01 16:22:56.663  1933  2319 I global  :  RENO - AutoRoadRunner.rrLoadCone(AutoRoadRunner.java:317): Wait before claw close.
02-01 16:22:56.670  1933  2319 I global  :  RENO - SlidersWith2Motors.waitRunningComplete(SlidersWith2Motors.java:147): Slider waiting time = 0.01 sec
02-01 16:22:56.837  1933  2319 I global  :  RENO - AutoRoadRunner.rrLoadCone(AutoRoadRunner.java:323): Wait before moving out cone stack.
02-01 16:22:58.646  1933  2319 I global  :  RENO - AutoRoadRunner.moveFromConeStackToJunction(AutoRoadRunner.java:372): Arrived junction
02-01 16:22:58.648  1933  2319 I global  :  RENO - AutoRoadRunner.moveFromConeStackToJunction(AutoRoadRunner.java:373): traj1 end x = -20.35,  y = -30.32, angle = 300.00
02-01 16:22:58.650  1933  2319 I global  :  RENO - AutoRoadRunner.moveFromConeStackToJunction(AutoRoadRunner.java:375): estimate end x = -20.53,  y = -30.12, angle = 299.85
02-01 16:22:58.767  1933  2319 I global  :  RENO - AutoRoadRunner.rrUnloadCone(AutoRoadRunner.java:336): Wait before unloading claw open.
02-01 16:22:58.827  1933  2319 I global  :  RENO - AutoRoadRunner.rrUnloadCone(AutoRoadRunner.java:340): Auto unload - Cone has been unloaded.
02-01 16:23:00.580  1933  2319 I global  :  RENO - AutoRoadRunner.moveFromJunctionToConeStack(AutoRoadRunner.java:353): Arrived cone stack
02-01 16:23:00.581  1933  2319 I global  :  RENO - AutoRoadRunner.moveFromJunctionToConeStack(AutoRoadRunner.java:354): traj1 end x = -11.50,  y = -61.50, angle = 270.00
02-01 16:23:00.583  1933  2319 I global  :  RENO - AutoRoadRunner.moveFromJunctionToConeStack(AutoRoadRunner.java:356): estimate end x = -11.67,  y = -61.34, angle = 269.99
02-01 16:23:00.960  1933  2319 I global  :  RENO - AutoRoadRunner.rrLoadCone(AutoRoadRunner.java:317): Wait before claw close.
02-01 16:23:01.023  1933  2319 I global  :  RENO - SlidersWith2Motors.waitRunningComplete(SlidersWith2Motors.java:147): Slider waiting time = 0.06 sec
02-01 16:23:01.193  1933  2319 I global  :  RENO - AutoRoadRunner.rrLoadCone(AutoRoadRunner.java:323): Wait before moving out cone stack.
02-01 16:23:02.976  1933  2319 I global  :  RENO - AutoRoadRunner.moveFromConeStackToJunction(AutoRoadRunner.java:372): Arrived junction
02-01 16:23:02.977  1933  2319 I global  :  RENO - AutoRoadRunner.moveFromConeStackToJunction(AutoRoadRunner.java:373): traj1 end x = -20.35,  y = -30.32, angle = 300.00
02-01 16:23:02.979  1933  2319 I global  :  RENO - AutoRoadRunner.moveFromConeStackToJunction(AutoRoadRunner.java:375): estimate end x = -20.53,  y = -30.16, angle = 300.15
02-01 16:23:03.093  1933  2319 I global  :  RENO - AutoRoadRunner.rrUnloadCone(AutoRoadRunner.java:336): Wait before unloading claw open.
02-01 16:23:03.153  1933  2319 I global  :  RENO - AutoRoadRunner.rrUnloadCone(AutoRoadRunner.java:340): Auto unload - Cone has been unloaded.
02-01 16:23:04.896  1933  2319 I global  :  RENO - AutoRoadRunner.moveFromJunctionToConeStack(AutoRoadRunner.java:353): Arrived cone stack
02-01 16:23:04.898  1933  2319 I global  :  RENO - AutoRoadRunner.moveFromJunctionToConeStack(AutoRoadRunner.java:354): traj1 end x = -11.50,  y = -61.50, angle = 270.00
02-01 16:23:04.899  1933  2319 I global  :  RENO - AutoRoadRunner.moveFromJunctionToConeStack(AutoRoadRunner.java:356): estimate end x = -11.68,  y = -61.37, angle = 270.00
02-01 16:23:05.270  1933  2319 I global  :  RENO - AutoRoadRunner.rrLoadCone(AutoRoadRunner.java:317): Wait before claw close.
02-01 16:23:05.417  1933  2319 I global  :  RENO - SlidersWith2Motors.waitRunningComplete(SlidersWith2Motors.java:147): Slider waiting time = 0.15 sec
02-01 16:23:05.587  1933  2319 I global  :  RENO - AutoRoadRunner.rrLoadCone(AutoRoadRunner.java:323): Wait before moving out cone stack.
02-01 16:23:07.380  1933  2319 I global  :  RENO - AutoRoadRunner.moveFromConeStackToJunction(AutoRoadRunner.java:372): Arrived junction
02-01 16:23:07.382  1933  2319 I global  :  RENO - AutoRoadRunner.moveFromConeStackToJunction(AutoRoadRunner.java:373): traj1 end x = -20.35,  y = -30.32, angle = 300.00
02-01 16:23:07.383  1933  2319 I global  :  RENO - AutoRoadRunner.moveFromConeStackToJunction(AutoRoadRunner.java:375): estimate end x = -20.54,  y = -30.17, angle = 300.15
02-01 16:23:07.496  1933  2319 I global  :  RENO - AutoRoadRunner.rrUnloadCone(AutoRoadRunner.java:336): Wait before unloading claw open.
02-01 16:23:07.558  1933  2319 I global  :  RENO - AutoRoadRunner.rrUnloadCone(AutoRoadRunner.java:340): Auto unload - Cone has been unloaded.
02-01 16:23:11.815  1933  2319 I global  :  RENO - AutoRoadRunner.autonomousCore(AutoRoadRunner.java:295): traj1 end x = -33.00,  y = -12.00, angle = 180.00
02-01 16:23:11.816  1933  2319 I global  :  RENO - AutoRoadRunner.autonomousCore(AutoRoadRunner.java:297): estimate end x = -33.02,  y = -11.59, angle = 180.46
02-01 16:23:11.822  1933  2319 I global  :  RENO - AutoRoadRunner.runOpMode(AutoRoadRunner.java:255): Autonomous - total Run Time: 28.6722 seconds
02-01 16:23:11.837  1933  2319 D RobotCore: User runOpModeMethod exited
02-01 16:23:11.838  1933  2319 V RobotCore: thread: ...terminating 'OpModeThread'
02-01 16:23:11.839  1933  2035 I FtcEventLoop: auto-stopping OpMode 'auto RR right'
02-01 16:23:11.842  1933  2035 I RobotCore: ******************** STOP - OPMODE /storage/emulated/0/FIRST/matchlogs/Match-0-auto_RR_right.txt ********************
02-01 16:23:11.848  1933  2374 I RobotCore: saving match logcat to /storage/emulated/0/FIRST/matchlogs/Match-0-auto_RR_right.txt
02-01 16:23:11.849  1933  2374 I RobotCore: logging command line: exec logcat -d -T '2-1 16:22:24.000' -f '/storage/emulated/0/FIRST/matchlogs/Match-0-auto_RR_right.txt' -n4 -v threadtime UsbRequestJNI:S UsbRequest:S art:W ThreadPool:W System:W ExtendedExtractor:W OMXClient:W MediaPlayer:W dalvikvm:W  *:V
02-01 16:23:11.849  1933  2035 I RobotCore: Attempting to switch to op mode $Stop$Robot$
02-01 16:23:11.850  1933  2035 D HardwareMap: Clearing which device instances have been retrieved
02-01 16:23:11.850  1933  2035 D HardwareMap: Clearing which device instances have been retrieved
02-01 16:23:11.853  1933  2377 V RobotCore: thread: 'OpModeThread' starting...
02-01 16:23:11.857  1933  2140 V Robocol : sending CMD_STREAM_CHANGE(2954), attempt: 0
02-01 16:23:11.858  1933  2140 V Robocol : sending CMD_NOTIFY_INIT_OP_MODE(2961), attempt: 0
02-01 16:23:11.904  1933  2019 V Robocol : received command: CMD_RUN_OP_MODE(12554) $Stop$Robot$
02-01 16:23:11.937  1933  2140 V Robocol : sending CMD_NOTIFY_RUN_OP_MODE(2968), attempt: 0
02-01 16:23:12.040  1933  2374 I RobotCore: Done running exec logcat -d -T '2-1 16:22:24.000' -f '/storage/emulated/0/FIRST/matchlogs/Match-0-auto_RR_right.txt' -n4 -v threadtime UsbRequestJNI:S UsbRequest:S art:W ThreadPool:W System:W ExtendedExtractor:W OMXClient:W MediaPlayer:W dalvikvm:W  *:V
02-01 16:23:12.040  1933  2374 I RobotCore: exiting match logcat for /storage/emulated/0/FIRST/matchlogs/Match-0-auto_RR_right.txt
02-01 16:23:14.183  1933  2019 V Robocol : received command: CMD_INIT_OP_MODE(12588) $Stop$Robot$
02-01 16:23:14.196  1933  2377 V RobotCore: thread: ...terminating 'OpModeThread'
02-01 16:23:14.200  1933  2035 I RobotCore: Attempting to switch to op mode $Stop$Robot$
02-01 16:23:14.201  1933  2035 D HardwareMap: Clearing which device instances have been retrieved
02-01 16:23:14.201  1933  2035 D HardwareMap: Clearing which device instances have been retrieved
02-01 16:23:14.205  1933  2383 V RobotCore: thread: 'OpModeThread' starting...
02-01 16:23:14.218  1933  2140 V Robocol : sending CMD_NOTIFY_INIT_OP_MODE(3010), attempt: 0
02-01 16:23:14.306  1933  2019 V Robocol : received command: CMD_RUN_OP_MODE(12596) $Stop$Robot$
02-01 16:23:14.338  1933  2140 V Robocol : sending CMD_NOTIFY_RUN_OP_MODE(3016), attempt: 0
02-01 16:23:16.464  1933  2019 V Robocol : received command: CMD_SET_MATCH_NUMBER(12630) 0
02-01 16:23:16.466  1933  2019 V Robocol : received command: CMD_INIT_OP_MODE(12631) Teleop RR
02-01 16:23:16.488  1933  2020 I RobotCore: ******************** START - OPMODE Teleop RR ********************
02-01 16:23:16.493  1933  2383 V RobotCore: thread: ...terminating 'OpModeThread'
02-01 16:23:16.498  1933  2035 I RobotCore: Attempting to switch to op mode Teleop RR
02-01 16:23:16.720  1933  2035 D HardwareMap: Clearing which device instances have been retrieved
02-01 16:23:16.720  1933  2035 D HardwareMap: Clearing which device instances have been retrieved
02-01 16:23:16.724  1933  2390 V RobotCore: thread: 'OpModeThread' starting...
02-01 16:23:16.737  1933  2390 I I2C     : Automatically initializing I2C device BHI260IMU (BHI260 IMU on USB (embedded); module 173; bus 0; addr7=0x28)
02-01 16:23:16.737  1933  2140 V Robocol : sending CMD_NOTIFY_INIT_OP_MODE(3064), attempt: 0
02-01 16:23:16.740  1933  2390 V BHI260IMU: Suppressing I2C warnings while we check for a BHI260AP IMU
02-01 16:23:16.744  1933  2390 V BHI260IMU: Found BHI260AP IMU
02-01 16:23:16.767  1933  2390 D BHI260IMU: Firmware version: 20
02-01 16:23:16.779  1933  2390 V BHI260IMU: Suppressing I2C warnings while we check for a BHI260AP IMU
02-01 16:23:16.782  1933  2390 V BHI260IMU: Found BHI260AP IMU
02-01 16:23:16.797  1933  2390 D BHI260IMU: Firmware version: 20
02-01 16:23:16.872  1933  2390 I global  :  RENO - SlidersWith2Motors.init(SlidersWith2Motors.java:78): init slider motors.
02-01 16:23:16.912  1933  2390 I global  :  RENO - ArmClawUnit.init(ArmClawUnit.java:90): init servo motors for arm and claw.
02-01 16:23:21.062  1933  2019 V Robocol : received command: CMD_RUN_OP_MODE(12687) Teleop RR
02-01 16:23:21.098  1933  2140 V Robocol : sending CMD_NOTIFY_RUN_OP_MODE(3111), attempt: 0
02-01 16:23:27.349  1933  2390 I global  :  RENO - SlidersWith2Motors.waitRunningComplete(SlidersWith2Motors.java:147): Slider waiting time = 0.51 sec
02-01 16:23:28.972  1933  2390 I global  :  RENO - SlidersWith2Motors.waitRunningComplete(SlidersWith2Motors.java:147): Slider waiting time = 0.12 sec
02-01 16:23:30.939  1933  2390 I global  :  RENO - SlidersWith2Motors.waitRunningComplete(SlidersWith2Motors.java:147): Slider waiting time = 0.27 sec
02-01 16:23:33.356  1933  2390 I global  :  RENO - SlidersWith2Motors.waitRunningComplete(SlidersWith2Motors.java:147): Slider waiting time = 0.01 sec
02-01 16:23:34.906  1933  2390 I global  :  RENO - SlidersWith2Motors.waitRunningComplete(SlidersWith2Motors.java:147): Slider waiting time = 0.06 sec
02-01 16:23:36.056  1933  2390 I global  :  RENO - SlidersWith2Motors.waitRunningComplete(SlidersWith2Motors.java:147): Slider waiting time = 0.33 sec
02-01 16:23:38.121  1933  2390 I global  :  RENO - SlidersWith2Motors.waitRunningComplete(SlidersWith2Motors.java:147): Slider waiting time = 0.01 sec
02-01 16:23:39.702  1933  2390 I global  :  RENO - SlidersWith2Motors.waitRunningComplete(SlidersWith2Motors.java:147): Slider waiting time = 0.10 sec
02-01 16:23:41.432  1933  2390 I global  :  RENO - SlidersWith2Motors.waitRunningComplete(SlidersWith2Motors.java:147): Slider waiting time = 0.25 sec
02-01 16:23:44.811  1933  2390 I global  :  RENO - SlidersWith2Motors.waitRunningComplete(SlidersWith2Motors.java:147): Slider waiting time = 0.06 sec
02-01 16:23:46.386  1933  2390 I global  :  RENO - SlidersWith2Motors.waitRunningComplete(SlidersWith2Motors.java:147): Slider waiting time = 0.08 sec
02-01 16:23:48.034  1933  2390 I global  :  RENO - SlidersWith2Motors.waitRunningComplete(SlidersWith2Motors.java:147): Slider waiting time = 0.25 sec
02-01 16:23:50.528  1933  2390 I global  :  RENO - SlidersWith2Motors.waitRunningComplete(SlidersWith2Motors.java:147): Slider waiting time = 0.02 sec
02-01 16:23:52.088  1933  2390 I global  :  RENO - SlidersWith2Motors.waitRunningComplete(SlidersWith2Motors.java:147): Slider waiting time = 0.09 sec
02-01 16:23:53.305  1933  2390 I global  :  RENO - SlidersWith2Motors.waitRunningComplete(SlidersWith2Motors.java:147): Slider waiting time = 0.27 sec
02-01 16:23:55.731  1933  2390 I global  :  RENO - SlidersWith2Motors.waitRunningComplete(SlidersWith2Motors.java:147): Slider waiting time = 0.01 sec
02-01 16:23:57.289  1933  2390 I global  :  RENO - SlidersWith2Motors.waitRunningComplete(SlidersWith2Motors.java:147): Slider waiting time = 0.08 sec
02-01 16:23:58.684  1933  2390 I global  :  RENO - SlidersWith2Motors.waitRunningComplete(SlidersWith2Motors.java:147): Slider waiting time = 0.26 sec
02-01 16:24:00.823  1933  2390 I global  :  RENO - SlidersWith2Motors.waitRunningComplete(SlidersWith2Motors.java:147): Slider waiting time = 0.01 sec
02-01 16:24:02.404  1933  2390 I global  :  RENO - SlidersWith2Motors.waitRunningComplete(SlidersWith2Motors.java:147): Slider waiting time = 0.09 sec
02-01 16:24:03.250  1933  2390 I global  :  RENO - SlidersWith2Motors.waitRunningComplete(SlidersWith2Motors.java:147): Slider waiting time = 0.42 sec
02-01 16:24:05.257  1933  2390 I global  :  RENO - SlidersWith2Motors.waitRunningComplete(SlidersWith2Motors.java:147): Slider waiting time = 0.01 sec
02-01 16:24:06.860  1933  2390 I global  :  RENO - SlidersWith2Motors.waitRunningComplete(SlidersWith2Motors.java:147): Slider waiting time = 0.14 sec
02-01 16:24:07.955  1933  2390 I global  :  RENO - SlidersWith2Motors.waitRunningComplete(SlidersWith2Motors.java:147): Slider waiting time = 0.28 sec
02-01 16:24:10.170  1933  2390 I global  :  RENO - SlidersWith2Motors.waitRunningComplete(SlidersWith2Motors.java:147): Slider waiting time = 0.01 sec
02-01 16:24:11.747  1933  2390 I global  :  RENO - SlidersWith2Motors.waitRunningComplete(SlidersWith2Motors.java:147): Slider waiting time = 0.10 sec
02-01 16:24:13.050  1933  2390 I global  :  RENO - SlidersWith2Motors.waitRunningComplete(SlidersWith2Motors.java:147): Slider waiting time = 0.26 sec
02-01 16:24:14.877  1933  2390 I global  :  RENO - SlidersWith2Motors.waitRunningComplete(SlidersWith2Motors.java:147): Slider waiting time = 0.01 sec
02-01 16:24:16.519  1933  2390 I global  :  RENO - SlidersWith2Motors.waitRunningComplete(SlidersWith2Motors.java:147): Slider waiting time = 0.15 sec
02-01 16:24:17.426  1933  2390 I global  :  RENO - SlidersWith2Motors.waitRunningComplete(SlidersWith2Motors.java:147): Slider waiting time = 0.47 sec
02-01 16:24:19.233  1933  2390 I global  :  RENO - SlidersWith2Motors.waitRunningComplete(SlidersWith2Motors.java:147): Slider waiting time = 0.01 sec
02-01 16:24:20.877  1933  2390 I global  :  RENO - SlidersWith2Motors.waitRunningComplete(SlidersWith2Motors.java:147): Slider waiting time = 0.18 sec
02-01 16:24:21.787  1933  2390 I global  :  RENO - SlidersWith2Motors.waitRunningComplete(SlidersWith2Motors.java:147): Slider waiting time = 0.48 sec
02-01 16:24:24.013  1933  2390 I global  :  RENO - SlidersWith2Motors.waitRunningComplete(SlidersWith2Motors.java:147): Slider waiting time = 0.01 sec
02-01 16:24:25.611  1933  2390 I global  :  RENO - SlidersWith2Motors.waitRunningComplete(SlidersWith2Motors.java:147): Slider waiting time = 0.12 sec
02-01 16:24:26.561  1933  2390 I global  :  RENO - SlidersWith2Motors.waitRunningComplete(SlidersWith2Motors.java:147): Slider waiting time = 0.45 sec
02-01 16:24:30.268  1933  2390 I global  :  RENO - SlidersWith2Motors.waitRunningComplete(SlidersWith2Motors.java:147): Slider waiting time = 0.05 sec
02-01 16:24:31.924  1933  2390 I global  :  RENO - SlidersWith2Motors.waitRunningComplete(SlidersWith2Motors.java:147): Slider waiting time = 0.17 sec
02-01 16:24:34.977  1933  2390 I global  :  RENO - SlidersWith2Motors.waitRunningComplete(SlidersWith2Motors.java:147): Slider waiting time = 0.30 sec
02-01 16:24:40.360  1933  2390 I global  :  RENO - SlidersWith2Motors.waitRunningComplete(SlidersWith2Motors.java:147): Slider waiting time = 0.17 sec
02-01 16:24:42.798  1933  2390 I global  :  RENO - SlidersWith2Motors.waitRunningComplete(SlidersWith2Motors.java:147): Slider waiting time = 0.28 sec
02-01 16:24:45.486  1933  2390 I global  :  RENO - SlidersWith2Motors.waitRunningComplete(SlidersWith2Motors.java:147): Slider waiting time = 0.16 sec
02-01 16:24:48.357  1933  2390 I global  :  RENO - SlidersWith2Motors.waitRunningComplete(SlidersWith2Motors.java:147): Slider waiting time = 0.16 sec
02-01 16:24:51.839  1933  2390 W BHI260IMU: getRobotOrientationAsQuaternion(): Failed to retrieve valid quaternion from IMU. Returning the identity quaternion.
02-01 16:24:51.866  1933  2390 W BHI260IMU: getRobotOrientationAsQuaternion(): Failed to retrieve valid quaternion from IMU. Returning the identity quaternion.
02-01 16:24:51.884  1933  2390 W BHI260IMU: getRobotOrientationAsQuaternion(): Failed to retrieve valid quaternion from IMU. Returning the identity quaternion.
02-01 16:24:51.898  1933  2390 W BHI260IMU: getRobotOrientationAsQuaternion(): Failed to retrieve valid quaternion from IMU. Returning the identity quaternion.
02-01 16:24:52.400  1933  2390 I global  :  RENO - SlidersWith2Motors.waitRunningComplete(SlidersWith2Motors.java:147): Slider waiting time = 0.48 sec
02-01 16:24:58.132  1933  2390 W BHI260IMU: getRobotOrientationAsQuaternion(): Failed to retrieve valid quaternion from IMU. Returning the identity quaternion.
02-01 16:24:58.161  1933  2390 W BHI260IMU: getRobotOrientationAsQuaternion(): Failed to retrieve valid quaternion from IMU. Returning the identity quaternion.
02-01 16:24:58.182  1933  2390 W BHI260IMU: getRobotOrientationAsQuaternion(): Failed to retrieve valid quaternion from IMU. Returning the identity quaternion.
02-01 16:24:58.202  1933  2390 W BHI260IMU: getRobotOrientationAsQuaternion(): Failed to retrieve valid quaternion from IMU. Returning the identity quaternion.
02-01 16:24:58.220  1933  2390 W BHI260IMU: getRobotOrientationAsQuaternion(): Failed to retrieve valid quaternion from IMU. Returning the identity quaternion.
02-01 16:24:58.244  1933  2390 W BHI260IMU: getRobotOrientationAsQuaternion(): Failed to retrieve valid quaternion from IMU. Returning the identity quaternion.
02-01 16:24:58.264  1933  2390 W BHI260IMU: getRobotOrientationAsQuaternion(): Failed to retrieve valid quaternion from IMU. Returning the identity quaternion.
02-01 16:24:58.283  1933  2390 W BHI260IMU: getRobotOrientationAsQuaternion(): Failed to retrieve valid quaternion from IMU. Returning the identity quaternion.
02-01 16:24:58.301  1933  2390 W BHI260IMU: getRobotOrientationAsQuaternion(): Failed to retrieve valid quaternion from IMU. Returning the identity quaternion.
02-01 16:24:58.321  1933  2390 W BHI260IMU: getRobotOrientationAsQuaternion(): Failed to retrieve valid quaternion from IMU. Returning the identity quaternion.
02-01 16:24:58.341  1933  2390 W BHI260IMU: getRobotOrientationAsQuaternion(): Failed to retrieve valid quaternion from IMU. Returning the identity quaternion.
02-01 16:24:58.361  1933  2390 W BHI260IMU: getRobotOrientationAsQuaternion(): Failed to retrieve valid quaternion from IMU. Returning the identity quaternion.
02-01 16:24:58.380  1933  2390 W BHI260IMU: getRobotOrientationAsQuaternion(): Failed to retrieve valid quaternion from IMU. Returning the identity quaternion.
02-01 16:24:58.401  1933  2390 W BHI260IMU: getRobotOrientationAsQuaternion(): Failed to retrieve valid quaternion from IMU. Returning the identity quaternion.
02-01 16:24:58.424  1933  2390 W BHI260IMU: getRobotOrientationAsQuaternion(): Failed to retrieve valid quaternion from IMU. Returning the identity quaternion.
02-01 16:24:58.443  1933  2390 W BHI260IMU: getRobotOrientationAsQuaternion(): Failed to retrieve valid quaternion from IMU. Returning the identity quaternion.
02-01 16:24:58.463  1933  2390 W BHI260IMU: getRobotOrientationAsQuaternion(): Failed to retrieve valid quaternion from IMU. Returning the identity quaternion.
02-01 16:24:58.482  1933  2390 W BHI260IMU: getRobotOrientationAsQuaternion(): Failed to retrieve valid quaternion from IMU. Returning the identity quaternion.
02-01 16:24:58.496  1933  2390 W BHI260IMU: getRobotOrientationAsQuaternion(): Failed to retrieve valid quaternion from IMU. Returning the identity quaternion.
02-01 16:24:58.669  1933  2390 I global  :  RENO - SlidersWith2Motors.waitRunningComplete(SlidersWith2Motors.java:147): Slider waiting time = 0.16 sec
02-01 16:25:03.020  1933  2390 I global  :  RENO - SlidersWith2Motors.waitRunningComplete(SlidersWith2Motors.java:147): Slider waiting time = 0.25 sec
02-01 16:25:03.091  1933  2390 W BHI260IMU: getRobotOrientationAsQuaternion(): Failed to retrieve valid quaternion from IMU. Returning the identity quaternion.
02-01 16:25:03.124  1933  2390 W BHI260IMU: getRobotOrientationAsQuaternion(): Failed to retrieve valid quaternion from IMU. Returning the identity quaternion.
02-01 16:25:03.146  1933  2390 W BHI260IMU: getRobotOrientationAsQuaternion(): Failed to retrieve valid quaternion from IMU. Returning the identity quaternion.
02-01 16:25:03.166  1933  2390 W BHI260IMU: getRobotOrientationAsQuaternion(): Failed to retrieve valid quaternion from IMU. Returning the identity quaternion.
02-01 16:25:03.185  1933  2390 W BHI260IMU: getRobotOrientationAsQuaternion(): Failed to retrieve valid quaternion from IMU. Returning the identity quaternion.
02-01 16:25:03.203  1933  2390 W BHI260IMU: getRobotOrientationAsQuaternion(): Failed to retrieve valid quaternion from IMU. Returning the identity quaternion.
02-01 16:25:03.224  1933  2390 W BHI260IMU: getRobotOrientationAsQuaternion(): Failed to retrieve valid quaternion from IMU. Returning the identity quaternion.
02-01 16:25:03.245  1933  2390 W BHI260IMU: getRobotOrientationAsQuaternion(): Failed to retrieve valid quaternion from IMU. Returning the identity quaternion.
02-01 16:25:03.265  1933  2390 W BHI260IMU: getRobotOrientationAsQuaternion(): Failed to retrieve valid quaternion from IMU. Returning the identity quaternion.
02-01 16:25:03.285  1933  2390 W BHI260IMU: getRobotOrientationAsQuaternion(): Failed to retrieve valid quaternion from IMU. Returning the identity quaternion.
02-01 16:25:03.304  1933  2390 W BHI260IMU: getRobotOrientationAsQuaternion(): Failed to retrieve valid quaternion from IMU. Returning the identity quaternion.
02-01 16:25:03.324  1933  2390 W BHI260IMU: getRobotOrientationAsQuaternion(): Failed to retrieve valid quaternion from IMU. Returning the identity quaternion.
02-01 16:25:03.344  1933  2390 W BHI260IMU: getRobotOrientationAsQuaternion(): Failed to retrieve valid quaternion from IMU. Returning the identity quaternion.
02-01 16:25:03.363  1933  2390 W BHI260IMU: getRobotOrientationAsQuaternion(): Failed to retrieve valid quaternion from IMU. Returning the identity quaternion.
02-01 16:25:03.381  1933  2390 W BHI260IMU: getRobotOrientationAsQuaternion(): Failed to retrieve valid quaternion from IMU. Returning the identity quaternion.
02-01 16:25:03.400  1933  2390 W BHI260IMU: getRobotOrientationAsQuaternion(): Failed to retrieve valid quaternion from IMU. Returning the identity quaternion.
02-01 16:25:03.420  1933  2390 W BHI260IMU: getRobotOrientationAsQuaternion(): Failed to retrieve valid quaternion from IMU. Returning the identity quaternion.
02-01 16:25:03.439  1933  2390 W BHI260IMU: getRobotOrientationAsQuaternion(): Failed to retrieve valid quaternion from IMU. Returning the identity quaternion.
02-01 16:25:03.457  1933  2390 W BHI260IMU: getRobotOrientationAsQuaternion(): Failed to retrieve valid quaternion from IMU. Returning the identity quaternion.
02-01 16:25:03.479  1933  2390 W BHI260IMU: getRobotOrientationAsQuaternion(): Failed to retrieve valid quaternion from IMU. Returning the identity quaternion.
02-01 16:25:03.498  1933  2390 W BHI260IMU: getRobotOrientationAsQuaternion(): Failed to retrieve valid quaternion from IMU. Returning the identity quaternion.
02-01 16:25:03.519  1933  2390 W BHI260IMU: getRobotOrientationAsQuaternion(): Failed to retrieve valid quaternion from IMU. Returning the identity quaternion.
02-01 16:25:03.537  1933  2390 W BHI260IMU: getRobotOrientationAsQuaternion(): Failed to retrieve valid quaternion from IMU. Returning the identity quaternion.
02-01 16:25:03.556  1933  2390 W BHI260IMU: getRobotOrientationAsQuaternion(): Failed to retrieve valid quaternion from IMU. Returning the identity quaternion.
02-01 16:25:03.574  1933  2390 W BHI260IMU: getRobotOrientationAsQuaternion(): Failed to retrieve valid quaternion from IMU. Returning the identity quaternion.
02-01 16:25:03.593  1933  2390 W BHI260IMU: getRobotOrientationAsQuaternion(): Failed to retrieve valid quaternion from IMU. Returning the identity quaternion.
02-01 16:25:03.617  1933  2390 W BHI260IMU: getRobotOrientationAsQuaternion(): Failed to retrieve valid quaternion from IMU. Returning the identity quaternion.
02-01 16:25:03.639  1933  2390 W BHI260IMU: getRobotOrientationAsQuaternion(): Failed to retrieve valid quaternion from IMU. Returning the identity quaternion.
02-01 16:25:03.659  1933  2390 W BHI260IMU: getRobotOrientationAsQuaternion(): Failed to retrieve valid quaternion from IMU. Returning the identity quaternion.
02-01 16:25:03.676  1933  2390 W BHI260IMU: getRobotOrientationAsQuaternion(): Failed to retrieve valid quaternion from IMU. Returning the identity quaternion.
02-01 16:25:03.695  1933  2390 W BHI260IMU: getRobotOrientationAsQuaternion(): Failed to retrieve valid quaternion from IMU. Returning the identity quaternion.
02-01 16:25:03.714  1933  2390 W BHI260IMU: getRobotOrientationAsQuaternion(): Failed to retrieve valid quaternion from IMU. Returning the identity quaternion.
02-01 16:25:03.734  1933  2390 W BHI260IMU: getRobotOrientationAsQuaternion(): Failed to retrieve valid quaternion from IMU. Returning the identity quaternion.
02-01 16:25:03.755  1933  2390 W BHI260IMU: getRobotOrientationAsQuaternion(): Failed to retrieve valid quaternion from IMU. Returning the identity quaternion.
02-01 16:25:03.775  1933  2390 W BHI260IMU: getRobotOrientationAsQuaternion(): Failed to retrieve valid quaternion from IMU. Returning the identity quaternion.
02-01 16:25:03.795  1933  2390 W BHI260IMU: getRobotOrientationAsQuaternion(): Failed to retrieve valid quaternion from IMU. Returning the identity quaternion.
02-01 16:25:03.816  1933  2390 W BHI260IMU: getRobotOrientationAsQuaternion(): Failed to retrieve valid quaternion from IMU. Returning the identity quaternion.
02-01 16:25:03.833  1933  2390 W BHI260IMU: getRobotOrientationAsQuaternion(): Failed to retrieve valid quaternion from IMU. Returning the identity quaternion.
02-01 16:25:07.329  1933  2390 W BHI260IMU: getRobotOrientationAsQuaternion(): Failed to retrieve valid quaternion from IMU. Returning the identity quaternion.
02-01 16:25:07.355  1933  2390 W BHI260IMU: getRobotOrientationAsQuaternion(): Failed to retrieve valid quaternion from IMU. Returning the identity quaternion.
02-01 16:25:07.375  1933  2390 W BHI260IMU: getRobotOrientationAsQuaternion(): Failed to retrieve valid quaternion from IMU. Returning the identity quaternion.
02-01 16:25:07.394  1933  2390 W BHI260IMU: getRobotOrientationAsQuaternion(): Failed to retrieve valid quaternion from IMU. Returning the identity quaternion.
02-01 16:25:07.414  1933  2390 W BHI260IMU: getRobotOrientationAsQuaternion(): Failed to retrieve valid quaternion from IMU. Returning the identity quaternion.
02-01 16:25:07.432  1933  2390 W BHI260IMU: getRobotOrientationAsQuaternion(): Failed to retrieve valid quaternion from IMU. Returning the identity quaternion.
02-01 16:25:07.451  1933  2390 W BHI260IMU: getRobotOrientationAsQuaternion(): Failed to retrieve valid quaternion from IMU. Returning the identity quaternion.
02-01 16:25:07.476  1933  2390 W BHI260IMU: getRobotOrientationAsQuaternion(): Failed to retrieve valid quaternion from IMU. Returning the identity quaternion.
02-01 16:25:07.493  1933  2390 W BHI260IMU: getRobotOrientationAsQuaternion(): Failed to retrieve valid quaternion from IMU. Returning the identity quaternion.
02-01 16:25:07.514  1933  2390 W BHI260IMU: getRobotOrientationAsQuaternion(): Failed to retrieve valid quaternion from IMU. Returning the identity quaternion.
02-01 16:25:07.537  1933  2390 W BHI260IMU: getRobotOrientationAsQuaternion(): Failed to retrieve valid quaternion from IMU. Returning the identity quaternion.
02-01 16:25:07.558  1933  2390 W BHI260IMU: getRobotOrientationAsQuaternion(): Failed to retrieve valid quaternion from IMU. Returning the identity quaternion.
02-01 16:25:07.577  1933  2390 W BHI260IMU: getRobotOrientationAsQuaternion(): Failed to retrieve valid quaternion from IMU. Returning the identity quaternion.
02-01 16:25:07.597  1933  2390 W BHI260IMU: getRobotOrientationAsQuaternion(): Failed to retrieve valid quaternion from IMU. Returning the identity quaternion.
02-01 16:25:07.615  1933  2390 W BHI260IMU: getRobotOrientationAsQuaternion(): Failed to retrieve valid quaternion from IMU. Returning the identity quaternion.
02-01 16:25:07.634  1933  2390 W BHI260IMU: getRobotOrientationAsQuaternion(): Failed to retrieve valid quaternion from IMU. Returning the identity quaternion.
02-01 16:25:07.653  1933  2390 W BHI260IMU: getRobotOrientationAsQuaternion(): Failed to retrieve valid quaternion from IMU. Returning the identity quaternion.
02-01 16:25:07.671  1933  2390 W BHI260IMU: getRobotOrientationAsQuaternion(): Failed to retrieve valid quaternion from IMU. Returning the identity quaternion.
02-01 16:25:07.685  1933  2390 W BHI260IMU: getRobotOrientationAsQuaternion(): Failed to retrieve valid quaternion from IMU. Returning the identity quaternion.
02-01 16:25:07.837  1933  2390 I global  :  RENO - SlidersWith2Motors.waitRunningComplete(SlidersWith2Motors.java:147): Slider waiting time = 0.14 sec
02-01 16:25:12.039  1933  2390 I global  :  RENO - SlidersWith2Motors.waitRunningComplete(SlidersWith2Motors.java:147): Slider waiting time = 0.28 sec
02-01 16:25:12.112  1933  2390 W BHI260IMU: getRobotOrientationAsQuaternion(): Failed to retrieve valid quaternion from IMU. Returning the identity quaternion.
02-01 16:25:12.151  1933  2390 W BHI260IMU: getRobotOrientationAsQuaternion(): Failed to retrieve valid quaternion from IMU. Returning the identity quaternion.
02-01 16:25:12.174  1933  2390 W BHI260IMU: getRobotOrientationAsQuaternion(): Failed to retrieve valid quaternion from IMU. Returning the identity quaternion.
02-01 16:25:12.195  1933  2390 W BHI260IMU: getRobotOrientationAsQuaternion(): Failed to retrieve valid quaternion from IMU. Returning the identity quaternion.
02-01 16:25:12.219  1933  2390 W BHI260IMU: getRobotOrientationAsQuaternion(): Failed to retrieve valid quaternion from IMU. Returning the identity quaternion.
02-01 16:25:12.241  1933  2390 W BHI260IMU: getRobotOrientationAsQuaternion(): Failed to retrieve valid quaternion from IMU. Returning the identity quaternion.
02-01 16:25:12.262  1933  2390 W BHI260IMU: getRobotOrientationAsQuaternion(): Failed to retrieve valid quaternion from IMU. Returning the identity quaternion.
02-01 16:25:12.280  1933  2390 W BHI260IMU: getRobotOrientationAsQuaternion(): Failed to retrieve valid quaternion from IMU. Returning the identity quaternion.
02-01 16:25:12.299  1933  2390 W BHI260IMU: getRobotOrientationAsQuaternion(): Failed to retrieve valid quaternion from IMU. Returning the identity quaternion.
02-01 16:25:12.320  1933  2390 W BHI260IMU: getRobotOrientationAsQuaternion(): Failed to retrieve valid quaternion from IMU. Returning the identity quaternion.
02-01 16:25:12.341  1933  2390 W BHI260IMU: getRobotOrientationAsQuaternion(): Failed to retrieve valid quaternion from IMU. Returning the identity quaternion.
02-01 16:25:12.361  1933  2390 W BHI260IMU: getRobotOrientationAsQuaternion(): Failed to retrieve valid quaternion from IMU. Returning the identity quaternion.
02-01 16:25:12.379  1933  2390 W BHI260IMU: getRobotOrientationAsQuaternion(): Failed to retrieve valid quaternion from IMU. Returning the identity quaternion.
02-01 16:25:12.397  1933  2390 W BHI260IMU: getRobotOrientationAsQuaternion(): Failed to retrieve valid quaternion from IMU. Returning the identity quaternion.
02-01 16:25:12.415  1933  2390 W BHI260IMU: getRobotOrientationAsQuaternion(): Failed to retrieve valid quaternion from IMU. Returning the identity quaternion.
02-01 16:25:12.434  1933  2390 W BHI260IMU: getRobotOrientationAsQuaternion(): Failed to retrieve valid quaternion from IMU. Returning the identity quaternion.
02-01 16:25:12.452  1933  2390 W BHI260IMU: getRobotOrientationAsQuaternion(): Failed to retrieve valid quaternion from IMU. Returning the identity quaternion.
02-01 16:25:12.474  1933  2390 W BHI260IMU: getRobotOrientationAsQuaternion(): Failed to retrieve valid quaternion from IMU. Returning the identity quaternion.
02-01 16:25:12.498  1933  2390 W BHI260IMU: getRobotOrientationAsQuaternion(): Failed to retrieve valid quaternion from IMU. Returning the identity quaternion.
02-01 16:25:12.519  1933  2390 W BHI260IMU: getRobotOrientationAsQuaternion(): Failed to retrieve valid quaternion from IMU. Returning the identity quaternion.
02-01 16:25:12.540  1933  2390 W BHI260IMU: getRobotOrientationAsQuaternion(): Failed to retrieve valid quaternion from IMU. Returning the identity quaternion.
02-01 16:25:12.557  1933  2390 W BHI260IMU: getRobotOrientationAsQuaternion(): Failed to retrieve valid quaternion from IMU. Returning the identity quaternion.
02-01 16:25:12.580  1933  2390 W BHI260IMU: getRobotOrientationAsQuaternion(): Failed to retrieve valid quaternion from IMU. Returning the identity quaternion.
02-01 16:25:12.597  1933  2390 W BHI260IMU: getRobotOrientationAsQuaternion(): Failed to retrieve valid quaternion from IMU. Returning the identity quaternion.
02-01 16:25:12.617  1933  2390 W BHI260IMU: getRobotOrientationAsQuaternion(): Failed to retrieve valid quaternion from IMU. Returning the identity quaternion.
02-01 16:25:12.643  1933  2390 W BHI260IMU: getRobotOrientationAsQuaternion(): Failed to retrieve valid quaternion from IMU. Returning the identity quaternion.
