02-03 09:27:18.209  2048  4086 I global  :  RENO - ObjectDetection.sleeveColorDetect(ObjectDetection.java:151): Sleeve position: LEFT
02-03 09:27:18.244  2048  4086 I global  :  RENO - ObjectDetection.sleeveColorDetect(ObjectDetection.java:125): Start Opcv process to detect sleeve color.
02-03 09:27:18.245  2048  4086 I global  :  RENO - ObjectDetection.sleeveColorDetect(ObjectDetection.java:132): Sleeve max color = 268518.00, 264922.00, 258791.00
02-03 09:27:18.246  2048  4086 I global  :  RENO - ObjectDetection.sleeveColorDetect(ObjectDetection.java:151): Sleeve position: LEFT
02-03 09:27:18.274  2048  4086 I global  :  RENO - ObjectDetection.sleeveColorDetect(ObjectDetection.java:125): Start Opcv process to detect sleeve color.
02-03 09:27:18.275  2048  4086 I global  :  RENO - ObjectDetection.sleeveColorDetect(ObjectDetection.java:132): Sleeve max color = 268288.00, 265067.00, 258641.00
02-03 09:27:18.276  2048  4086 I global  :  RENO - ObjectDetection.sleeveColorDetect(ObjectDetection.java:151): Sleeve position: LEFT
02-03 09:27:18.306  2048  4086 I global  :  RENO - ObjectDetection.sleeveColorDetect(ObjectDetection.java:125): Start Opcv process to detect sleeve color.
02-03 09:27:18.307  2048  4086 I global  :  RENO - ObjectDetection.sleeveColorDetect(ObjectDetection.java:132): Sleeve max color = 268428.00, 264944.00, 259357.00
02-03 09:27:18.308  2048  4086 I global  :  RENO - ObjectDetection.sleeveColorDetect(ObjectDetection.java:151): Sleeve position: LEFT
02-03 09:27:18.342  2048  4086 I global  :  RENO - ObjectDetection.sleeveColorDetect(ObjectDetection.java:125): Start Opcv process to detect sleeve color.
02-03 09:27:18.343  2048  4086 I global  :  RENO - ObjectDetection.sleeveColorDetect(ObjectDetection.java:132): Sleeve max color = 268331.00, 265103.00, 258759.00
02-03 09:27:18.344  2048  4086 I global  :  RENO - ObjectDetection.sleeveColorDetect(ObjectDetection.java:151): Sleeve position: LEFT
02-03 09:27:18.374  2048  4086 I global  :  RENO - ObjectDetection.sleeveColorDetect(ObjectDetection.java:125): Start Opcv process to detect sleeve color.
02-03 09:27:18.375  2048  4086 I global  :  RENO - ObjectDetection.sleeveColorDetect(ObjectDetection.java:132): Sleeve max color = 268465.00, 265076.00, 258587.00
02-03 09:27:18.376  2048  4086 I global  :  RENO - ObjectDetection.sleeveColorDetect(ObjectDetection.java:151): Sleeve position: LEFT
02-03 09:27:18.406  2048  4086 I global  :  RENO - ObjectDetection.sleeveColorDetect(ObjectDetection.java:125): Start Opcv process to detect sleeve color.
02-03 09:27:18.407  2048  4086 I global  :  RENO - ObjectDetection.sleeveColorDetect(ObjectDetection.java:132): Sleeve max color = 268287.00, 264821.00, 259431.00
02-03 09:27:18.408  2048  4086 I global  :  RENO - ObjectDetection.sleeveColorDetect(ObjectDetection.java:151): Sleeve position: LEFT
02-03 09:27:18.442  2048  4086 I global  :  RENO - ObjectDetection.sleeveColorDetect(ObjectDetection.java:125): Start Opcv process to detect sleeve color.
02-03 09:27:18.443  2048  4086 I global  :  RENO - ObjectDetection.sleeveColorDetect(ObjectDetection.java:132): Sleeve max color = 268388.00, 264831.00, 259227.00
02-03 09:27:18.444  2048  4086 I global  :  RENO - ObjectDetection.sleeveColorDetect(ObjectDetection.java:151): Sleeve position: LEFT
02-03 09:27:18.474  2048  4086 I global  :  RENO - ObjectDetection.sleeveColorDetect(ObjectDetection.java:125): Start Opcv process to detect sleeve color.
02-03 09:27:18.476  2048  4086 I global  :  RENO - ObjectDetection.sleeveColorDetect(ObjectDetection.java:132): Sleeve max color = 268774.00, 264756.00, 258870.00
02-03 09:27:18.477  2048  4086 I global  :  RENO - ObjectDetection.sleeveColorDetect(ObjectDetection.java:151): Sleeve position: LEFT
02-03 09:27:18.507  2048  4086 I global  :  RENO - ObjectDetection.sleeveColorDetect(ObjectDetection.java:125): Start Opcv process to detect sleeve color.
02-03 09:27:18.508  2048  4086 I global  :  RENO - ObjectDetection.sleeveColorDetect(ObjectDetection.java:132): Sleeve max color = 268591.00, 264761.00, 259568.00
02-03 09:27:18.509  2048  4086 I global  :  RENO - ObjectDetection.sleeveColorDetect(ObjectDetection.java:151): Sleeve position: LEFT
02-03 09:27:18.544  2048  4086 I global  :  RENO - ObjectDetection.sleeveColorDetect(ObjectDetection.java:125): Start Opcv process to detect sleeve color.
02-03 09:27:18.545  2048  4086 I global  :  RENO - ObjectDetection.sleeveColorDetect(ObjectDetection.java:132): Sleeve max color = 268382.00, 264990.00, 257302.00
02-03 09:27:18.546  2048  4086 I global  :  RENO - ObjectDetection.sleeveColorDetect(ObjectDetection.java:151): Sleeve position: LEFT
02-03 09:27:18.574  2048  4086 I global  :  RENO - ObjectDetection.sleeveColorDetect(ObjectDetection.java:125): Start Opcv process to detect sleeve color.
02-03 09:27:18.575  2048  4086 I global  :  RENO - ObjectDetection.sleeveColorDetect(ObjectDetection.java:132): Sleeve max color = 268419.00, 265042.00, 257893.00
02-03 09:27:18.576  2048  4086 I global  :  RENO - ObjectDetection.sleeveColorDetect(ObjectDetection.java:151): Sleeve position: LEFT
02-03 09:27:18.605  2048  4086 I global  :  RENO - ObjectDetection.sleeveColorDetect(ObjectDetection.java:125): Start Opcv process to detect sleeve color.
02-03 09:27:18.606  2048  4086 I global  :  RENO - ObjectDetection.sleeveColorDetect(ObjectDetection.java:132): Sleeve max color = 268331.00, 265142.00, 257430.00
02-03 09:27:18.607  2048  4086 I global  :  RENO - ObjectDetection.sleeveColorDetect(ObjectDetection.java:151): Sleeve position: LEFT
02-03 09:27:18.642  2048  4086 I global  :  RENO - ObjectDetection.sleeveColorDetect(ObjectDetection.java:125): Start Opcv process to detect sleeve color.
02-03 09:27:18.643  2048  4086 I global  :  RENO - ObjectDetection.sleeveColorDetect(ObjectDetection.java:132): Sleeve max color = 268939.00, 264950.00, 256720.00
02-03 09:27:18.644  2048  4086 I global  :  RENO - ObjectDetection.sleeveColorDetect(ObjectDetection.java:151): Sleeve position: LEFT
02-03 09:27:18.674  2048  4086 I global  :  RENO - ObjectDetection.sleeveColorDetect(ObjectDetection.java:125): Start Opcv process to detect sleeve color.
02-03 09:27:18.675  2048  4086 I global  :  RENO - ObjectDetection.sleeveColorDetect(ObjectDetection.java:132): Sleeve max color = 268360.00, 265011.00, 257529.00
02-03 09:27:18.675  2048  4086 I global  :  RENO - ObjectDetection.sleeveColorDetect(ObjectDetection.java:151): Sleeve position: LEFT
02-03 09:27:18.709  2048  4086 I global  :  RENO - ObjectDetection.sleeveColorDetect(ObjectDetection.java:125): Start Opcv process to detect sleeve color.
02-03 09:27:18.710  2048  4086 I global  :  RENO - ObjectDetection.sleeveColorDetect(ObjectDetection.java:132): Sleeve max color = 268572.00, 265161.00, 256904.00
02-03 09:27:18.711  2048  4086 I global  :  RENO - ObjectDetection.sleeveColorDetect(ObjectDetection.java:151): Sleeve position: LEFT
02-03 09:27:18.744  2048  4086 I global  :  RENO - ObjectDetection.sleeveColorDetect(ObjectDetection.java:125): Start Opcv process to detect sleeve color.
02-03 09:27:18.746  2048  4086 I global  :  RENO - ObjectDetection.sleeveColorDetect(ObjectDetection.java:132): Sleeve max color = 268490.00, 265159.00, 256885.00
02-03 09:27:18.747  2048  4086 I global  :  RENO - ObjectDetection.sleeveColorDetect(ObjectDetection.java:151): Sleeve position: LEFT
02-03 09:27:18.774  2048  4086 I global  :  RENO - ObjectDetection.sleeveColorDetect(ObjectDetection.java:125): Start Opcv process to detect sleeve color.
02-03 09:27:18.776  2048  4086 I global  :  RENO - ObjectDetection.sleeveColorDetect(ObjectDetection.java:132): Sleeve max color = 268511.00, 265139.00, 257422.00
02-03 09:27:18.777  2048  4086 I global  :  RENO - ObjectDetection.sleeveColorDetect(ObjectDetection.java:151): Sleeve position: LEFT
02-03 09:27:18.806  2048  4086 I global  :  RENO - ObjectDetection.sleeveColorDetect(ObjectDetection.java:125): Start Opcv process to detect sleeve color.
02-03 09:27:18.808  2048  4086 I global  :  RENO - ObjectDetection.sleeveColorDetect(ObjectDetection.java:132): Sleeve max color = 268566.00, 265252.00, 256781.00
02-03 09:27:18.808  2048  4086 I global  :  RENO - ObjectDetection.sleeveColorDetect(ObjectDetection.java:151): Sleeve position: LEFT
02-03 09:27:18.843  2048  4086 I global  :  RENO - ObjectDetection.sleeveColorDetect(ObjectDetection.java:125): Start Opcv process to detect sleeve color.
02-03 09:27:18.844  2048  4086 I global  :  RENO - ObjectDetection.sleeveColorDetect(ObjectDetection.java:132): Sleeve max color = 268463.00, 265055.00, 257350.00
02-03 09:27:18.845  2048  4086 I global  :  RENO - ObjectDetection.sleeveColorDetect(ObjectDetection.java:151): Sleeve position: LEFT
02-03 09:27:18.874  2048  4086 I global  :  RENO - ObjectDetection.sleeveColorDetect(ObjectDetection.java:125): Start Opcv process to detect sleeve color.
02-03 09:27:18.875  2048  4086 I global  :  RENO - ObjectDetection.sleeveColorDetect(ObjectDetection.java:132): Sleeve max color = 268592.00, 265097.00, 257472.00
02-03 09:27:18.876  2048  4086 I global  :  RENO - ObjectDetection.sleeveColorDetect(ObjectDetection.java:151): Sleeve position: LEFT
02-03 09:27:18.906  2048  4086 I global  :  RENO - ObjectDetection.sleeveColorDetect(ObjectDetection.java:125): Start Opcv process to detect sleeve color.
02-03 09:27:18.907  2048  4086 I global  :  RENO - ObjectDetection.sleeveColorDetect(ObjectDetection.java:132): Sleeve max color = 268523.00, 265265.00, 257092.00
02-03 09:27:18.908  2048  4086 I global  :  RENO - ObjectDetection.sleeveColorDetect(ObjectDetection.java:151): Sleeve position: LEFT
02-03 09:27:18.942  2048  4086 I global  :  RENO - ObjectDetection.sleeveColorDetect(ObjectDetection.java:125): Start Opcv process to detect sleeve color.
02-03 09:27:18.943  2048  4086 I global  :  RENO - ObjectDetection.sleeveColorDetect(ObjectDetection.java:132): Sleeve max color = 268603.00, 265164.00, 256788.00
02-03 09:27:18.944  2048  4086 I global  :  RENO - ObjectDetection.sleeveColorDetect(ObjectDetection.java:151): Sleeve position: LEFT
02-03 09:27:18.974  2048  4086 I global  :  RENO - ObjectDetection.sleeveColorDetect(ObjectDetection.java:125): Start Opcv process to detect sleeve color.
02-03 09:27:18.975  2048  4086 I global  :  RENO - ObjectDetection.sleeveColorDetect(ObjectDetection.java:132): Sleeve max color = 268265.00, 265230.00, 257500.00
02-03 09:27:18.976  2048  4086 I global  :  RENO - ObjectDetection.sleeveColorDetect(ObjectDetection.java:151): Sleeve position: LEFT
02-03 09:27:19.006  2048  4086 I global  :  RENO - ObjectDetection.sleeveColorDetect(ObjectDetection.java:125): Start Opcv process to detect sleeve color.
02-03 09:27:19.007  2048  4086 I global  :  RENO - ObjectDetection.sleeveColorDetect(ObjectDetection.java:132): Sleeve max color = 268592.00, 265249.00, 256796.00
02-03 09:27:19.008  2048  4086 I global  :  RENO - ObjectDetection.sleeveColorDetect(ObjectDetection.java:151): Sleeve position: LEFT
02-03 09:27:19.042  2048  4086 I global  :  RENO - ObjectDetection.sleeveColorDetect(ObjectDetection.java:125): Start Opcv process to detect sleeve color.
02-03 09:27:19.044  2048  4086 I global  :  RENO - ObjectDetection.sleeveColorDetect(ObjectDetection.java:132): Sleeve max color = 268631.00, 265077.00, 257036.00
02-03 09:27:19.044  2048  4086 I global  :  RENO - ObjectDetection.sleeveColorDetect(ObjectDetection.java:151): Sleeve position: LEFT
02-03 09:27:19.074  2048  4086 I global  :  RENO - ObjectDetection.sleeveColorDetect(ObjectDetection.java:125): Start Opcv process to detect sleeve color.
02-03 09:27:19.075  2048  4086 I global  :  RENO - ObjectDetection.sleeveColorDetect(ObjectDetection.java:132): Sleeve max color = 268968.00, 264930.00, 257177.00
02-03 09:27:19.076  2048  4086 I global  :  RENO - ObjectDetection.sleeveColorDetect(ObjectDetection.java:151): Sleeve position: LEFT
02-03 09:27:19.108  2048  4086 I global  :  RENO - ObjectDetection.sleeveColorDetect(ObjectDetection.java:125): Start Opcv process to detect sleeve color.
02-03 09:27:19.109  2048  4086 I global  :  RENO - ObjectDetection.sleeveColorDetect(ObjectDetection.java:132): Sleeve max color = 268440.00, 265306.00, 256943.00
02-03 09:27:19.110  2048  4086 I global  :  RENO - ObjectDetection.sleeveColorDetect(ObjectDetection.java:151): Sleeve position: LEFT
02-03 09:27:19.142  2048  4086 I global  :  RENO - ObjectDetection.sleeveColorDetect(ObjectDetection.java:125): Start Opcv process to detect sleeve color.
02-03 09:27:19.143  2048  4086 I global  :  RENO - ObjectDetection.sleeveColorDetect(ObjectDetection.java:132): Sleeve max color = 268685.00, 265062.00, 257177.00
02-03 09:27:19.144  2048  4086 I global  :  RENO - ObjectDetection.sleeveColorDetect(ObjectDetection.java:151): Sleeve position: LEFT
02-03 09:27:19.146  2048  2183 V Robocol : received command: CMD_RUN_OP_MODE(13740) auto RR right
02-03 09:27:19.174  2048  4086 I global  :  RENO - ObjectDetection.sleeveColorDetect(ObjectDetection.java:125): Start Opcv process to detect sleeve color.
02-03 09:27:19.175  2048  4086 I global  :  RENO - ObjectDetection.sleeveColorDetect(ObjectDetection.java:132): Sleeve max color = 268326.00, 265179.00, 257571.00
02-03 09:27:19.176  2048  4086 I global  :  RENO - ObjectDetection.sleeveColorDetect(ObjectDetection.java:151): Sleeve position: LEFT
02-03 09:27:19.186  2048  2186 V Robocol : sending CMD_NOTIFY_RUN_OP_MODE(3831), attempt: 0
02-03 09:27:19.196  2048  4081 I System.out: stopRecordingPipeline()
02-03 09:27:19.196  2048  4081 I System.out: ...stopRecordingPipeline()
02-03 09:27:19.196  2048  4081 D UsbResiliantWebcam|DelCaptureSession: stopCapture()...
02-03 09:27:19.196  2048  4081 D UsbResiliantWebcam|DelCaptureSequence: undoStreaming()...
02-03 09:27:19.196  2048  4081 D UvcApiCaptureSession: stopCapture()...
02-03 09:27:19.196  2048  4081 D Uvc     : [jni_streamhandle.cpp:184] Java_org_firstinspires_ftc_robotcore_internal_camera_libuvc_nativeobject_UvcStreamHandle_nativeStopStreaming()...
02-03 09:27:19.196  2048  4081 V Uvc     : API: Java_org_firstinspires_ftc_robotcore_internal_camera_libuvc_nativeobject_UvcStreamHandle_nativeStopStreaming: enter...
02-03 09:27:19.197  2048  4081 D Uvc     : [stream.cpp:1514] uvc_stream_stop()...
02-03 09:27:19.197  2048  4081 D UvcStream: [stream.cpp:1542] cancelling extant transfers
02-03 09:27:19.199  2048  2048 D OpenCvViewport: surfaceDestroyed()
02-03 09:27:19.199  2048  2048 D OpenCvViewport: CheckState(): lifecycle mandates deactivation regardless of user
02-03 09:27:19.199  2048  2048 D OpenCvViewport: CheckState(): deactivating viewport
02-03 09:27:19.199  2048  4085 W System.err: java.lang.InterruptedException
02-03 09:27:19.200  2048  4085 W System.err: 	at java.lang.Object.wait(Native Method)
02-03 09:27:19.200  2048  4085 W System.err: 	at org.firstinspires.ftc.robotcore.internal.collections.EvictingBlockingQueue.take(EvictingBlockingQueue.java:143)
02-03 09:27:19.200  2048  4085 W System.err: 	at org.openftc.easyopencv.OpenCvViewport$RenderThread.run(OpenCvViewport.java:554)
02-03 09:27:19.200  2048  4085 D OpenCvViewportRenderThread: About to exit
02-03 09:27:19.200  2048  2048 D OpenCvViewport: ...surfaceDestroyed()
02-03 09:27:19.236  2048  4081 D Uvc     : [stream.cpp:1471] (waitForAllTransfers(waiting for cancelled transfers))...
02-03 09:27:19.237  2048  4086 D UvcStream: [stream.cpp:1329] user callback thread stopped
02-03 09:27:19.237  2048  4081 D UvcStream: [stream.cpp:1485] no extant active transfers: continuing
02-03 09:27:19.237  2048  4081 D Uvc     : [stream.cpp:1471] ...()
02-03 09:27:19.237  2048  4081 D Uvc     : [stream.cpp:1189] uvc_stream_handle::stopIsochronousStreaming()...
02-03 09:27:19.237  2048  4081 D Uvc     : [libuvc/libuvc_internal.h:825] uvc_device_handle::setInterfaceAltSetting(setInterfaceAltSetting(intf=1 alt=0))...
02-03 09:27:19.238  2048  4081 D UvcDevice: setInterfaceAltSetting(1,0)
02-03 09:27:19.239  2048  4081 D UvcDevice: setInterfaceAltSetting(1,0) succeeded
02-03 09:27:19.239  2048  4081 D Uvc     : [libuvc/libuvc_internal.h:825] ...uvc_device_handle::setInterfaceAltSetting() rc=0
02-03 09:27:19.239  2048  4081 D Uvc     : [stream.cpp:1189] ...uvc_stream_handle::stopIsochronousStreaming() rc=0
02-03 09:27:19.239  2048  4081 D UvcStream: [stream.cpp:1558] awakening user thread
02-03 09:27:19.239  2048  4081 D UvcStream: [stream.cpp:1567] waiting for user callback thread to finish
02-03 09:27:19.239  2048  4081 D Uvc     : [stream.cpp:1514] ...uvc_stream_stop() rc=0
02-03 09:27:19.239  2048  4081 V Uvc     : API: Java_org_firstinspires_ftc_robotcore_internal_camera_libuvc_nativeobject_UvcStreamHandle_nativeStopStreaming: ...exit
02-03 09:27:19.239  2048  4081 D Uvc     : [jni_streamhandle.cpp:184] ...Java_org_firstinspires_ftc_robotcore_internal_camera_libuvc_nativeobject_UvcStreamHandle_nativeStopStreaming()
02-03 09:27:19.239  2048  4081 V UvcFrameCallback: destroy(hash=0x09140798)
02-03 09:27:19.240  2048  4081 V UvcFrameCallbackData: destroy(pointer=0xced06348)
02-03 09:27:19.240  2048  4081 V Uvc     : API: Java_org_firstinspires_ftc_robotcore_internal_camera_libuvc_nativeobject_UvcFrameCallback_nativeReleaseCallbackState: enter...
02-03 09:27:19.240  2048  4081 V Uvc     : API: Java_org_firstinspires_ftc_robotcore_internal_camera_libuvc_nativeobject_UvcFrameCallback_nativeReleaseCallbackState: ...exit
02-03 09:27:19.240  2048  4081 V UvcStreamHandle: destroy(pointer=0xd3d264a0)
02-03 09:27:19.240  2048  4081 D Uvc     : [jni_streamhandle.cpp:184] Java_org_firstinspires_ftc_robotcore_internal_camera_libuvc_nativeobject_UvcStreamHandle_nativeStopStreaming()...
02-03 09:27:19.240  2048  4081 V Uvc     : API: Java_org_firstinspires_ftc_robotcore_internal_camera_libuvc_nativeobject_UvcStreamHandle_nativeStopStreaming: enter...
02-03 09:27:19.240  2048  4081 D Uvc     : [stream.cpp:1514] uvc_stream_stop()...
02-03 09:27:19.240  2048  4081 D Uvc     : [stream.cpp:1514] ...uvc_stream_stop() rc=0
02-03 09:27:19.240  2048  4081 V Uvc     : API: Java_org_firstinspires_ftc_robotcore_internal_camera_libuvc_nativeobject_UvcStreamHandle_nativeStopStreaming: ...exit
02-03 09:27:19.240  2048  4081 D Uvc     : [jni_streamhandle.cpp:184] ...Java_org_firstinspires_ftc_robotcore_internal_camera_libuvc_nativeobject_UvcStreamHandle_nativeStopStreaming()
02-03 09:27:19.240  2048  4081 D Uvc     : [jni_streamhandle.cpp:200] Java_org_firstinspires_ftc_robotcore_internal_camera_libuvc_nativeobject_UvcStreamHandle_nativeCloseStreamHandle()...
02-03 09:27:19.240  2048  4081 V Uvc     : API: Java_org_firstinspires_ftc_robotcore_internal_camera_libuvc_nativeobject_UvcStreamHandle_nativeCloseStreamHandle: enter...
02-03 09:27:19.240  2048  4081 D Uvc     : [stream.cpp:1584] uvc_stream_close()...
02-03 09:27:19.241  2048  4081 D Uvc     : [streamhandle.cpp:45] uvc_stream_handle::~uvc_stream_handle()...
02-03 09:27:19.241  2048  4081 D Uvc     : [streamhandle.cpp:66] uvc_stream_handle::releaseInterface()...
02-03 09:27:19.241  2048  4081 D Uvc     : [libuvc/libuvc_internal.h:793] uvc_device_handle::releaseInterface()...
02-03 09:27:19.241  2048  4081 D UvcDevice: releaseInterface(1)
02-03 09:27:19.242  2048  4081 D UvcDevice: releaseInterface(1) succeeded
02-03 09:27:19.242  2048  4081 D Uvc     : [libuvc/libuvc_internal.h:793] ...uvc_device_handle::releaseInterface() rc=0
02-03 09:27:19.242  2048  4081 D Uvc     : [streamhandle.cpp:66] ...uvc_stream_handle::releaseInterface()
02-03 09:27:19.242  2048  4081 D Uvc     : [streamhandle.cpp:45] ...uvc_stream_handle::~uvc_stream_handle()
02-03 09:27:19.242  2048  4081 D Uvc     : [stream.cpp:1584] ...uvc_stream_close()
02-03 09:27:19.242  2048  4081 V Uvc     : API: Java_org_firstinspires_ftc_robotcore_internal_camera_libuvc_nativeobject_UvcStreamHandle_nativeCloseStreamHandle: ...exit
02-03 09:27:19.242  2048  4081 D Uvc     : [jni_streamhandle.cpp:200] ...Java_org_firstinspires_ftc_robotcore_internal_camera_libuvc_nativeobject_UvcStreamHandle_nativeCloseStreamHandle()
02-03 09:27:19.244  2048  4081 V UvcApiCameraCaptureSequence: destroy(hash=0x0ab7810a)
02-03 09:27:19.244  2048  2483 D RobotCore: capture sequence DelegatingCaptureSequenceId(1) reports completed: lastFrame=545
02-03 09:27:19.244  2048  4081 D UvcApiCaptureSession: ...stopCapture()
02-03 09:27:19.244  2048  4081 D UvcApiCaptureSession: doClose()...
02-03 09:27:19.245  2048  4084 D UsbResiliantWebcam|DelCaptureSession: camera session is closed: Webcam(D5386480)
02-03 09:27:19.245  2048  4081 D UvcApiCaptureSession: ...doClose()
02-03 09:27:19.246  2048  4081 V UvcApiCaptureSession: destroy(hash=0x068bbd75)
02-03 09:27:19.246  2048  4081 D UvcApiCaptureSession: destructor...
02-03 09:27:19.246  2048  4081 D UvcApiCaptureSession: ...destructor
02-03 09:27:19.246  2048  4081 D UsbResiliantWebcam|DelCaptureSequence: ...undoStreaming()
02-03 09:27:19.246  2048  4081 V UsbResiliantWebcam|DelCaptureSequence: destroy(hash=0x0810ccac)
02-03 09:27:19.247  2048  2483 D RobotCore: capture sequence DelegatingCaptureSequenceId(1) reports completed: lastFrame=545
02-03 09:27:19.247  2048  4081 D UsbResiliantWebcam|DelCaptureSession: ...stopCapture()
02-03 09:27:19.247  2048  4081 D UsbResiliantWebcam|DelCaptureSession: doClose()...
02-03 09:27:19.247  2048  4081 D UsbResiliantWebcam|DelCaptureSession: ...doClose()
02-03 09:27:19.247  2048  4081 V UsbResiliantWebcam|DelCaptureSession: destroy(hash=0x07464a5f)
02-03 09:27:19.247  2048  4081 D UsbResiliantWebcam|DelCaptureSession: destructor()...
02-03 09:27:19.247  2048  4081 D UsbResiliantWebcam|DelCaptureSession: ...destructor()
02-03 09:27:19.247  2048  4081 V CameraImpl: destroy(hash=0x0c79a880)
02-03 09:27:19.247  2048  4081 D UsbResiliantWebcam: CameraImpl.destructor()...
02-03 09:27:19.248  2048  4081 D UsbResiliantWebcam: externalDestructor()...
02-03 09:27:19.248  2048  4084 D CameraManager: camera reports closed: CameraImpl(UsbResiliantWebcam(Webcam(D5386480)))
02-03 09:27:19.249  2048  4081 V CameraImpl: destroy(hash=0x0d56af14)
02-03 09:27:19.249  2048  4081 D UvcDeviceHandle: CameraImpl.destructor()...
02-03 09:27:19.249  2048  4081 D UvcDeviceHandle: externalDestructor()...
02-03 09:27:19.250  2048  4081 D UsbResiliantWebcam: changeDelegatedCamera(CameraImpl(UvcDeviceHandle(pointer=0xd024b700|UvcDevice(/dev/bus/usb/003/004)))->null)...
02-03 09:27:19.251  2048  4081 D CachingExposureControl: onCameraChanged(CameraImpl(UvcDeviceHandle(pointer=0xd024b700|UvcDevice(/dev/bus/usb/003/004)))->null)...
02-03 09:27:19.251  2048  4081 D CachingExposureControl: ...onCameraChanged(CameraImpl(UvcDeviceHandle(pointer=0xd024b700|UvcDevice(/dev/bus/usb/003/004)))->null)
02-03 09:27:19.251  2048  4081 D UsbResiliantWebcam: ...changeDelegatedCamera(CameraImpl(UvcDeviceHandle(pointer=0xd024b700|UvcDevice(/dev/bus/usb/003/004)))->null)
02-03 09:27:19.251  2048  4081 D UvcDeviceHandle: ...externalDestructor()
02-03 09:27:19.251  2048  4081 V UvcDeviceHandle: destroy(pointer=0xd024b700)
02-03 09:27:19.251  2048  4081 D UvcDeviceHandle: destructor...
02-03 09:27:19.251  2048  4081 D Uvc     : [jni_devicehandle.cpp:87] Java_org_firstinspires_ftc_robotcore_internal_camera_libuvc_nativeobject_UvcDeviceHandle_nativeReleaseRefDeviceHandle()...
02-03 09:27:19.251  2048  4081 V Uvc     : API: Java_org_firstinspires_ftc_robotcore_internal_camera_libuvc_nativeobject_UvcDeviceHandle_nativeReleaseRefDeviceHandle: enter...
02-03 09:27:19.251  2048  4081 D Uvc     : [libuvc/libuvc_internal.h:872] uvc_device_handle::~uvc_device_handle()...
02-03 09:27:19.251  2048  4081 D Uvc     : [libuvc/libuvc_internal.h:840] uvc_device_handle::deconstruct()...
02-03 09:27:19.251  2048  4081 D Uvc     : [libuvc/libuvc_internal.h:751] uvc_device_handle::stop()...
02-03 09:27:19.251  2048  4081 D Uvc     : [libuvc/libuvc_internal.h:751] ...uvc_device_handle::stop()
02-03 09:27:19.251  2048  4081 D Uvc     : [libuvc/libuvc_internal.h:865] uvc_device_handle::close()...
02-03 09:27:19.252  2048  4081 E libusb  : [276.949522] [00000ff1] libusb: error [do_close] Device handle closed while transfer was still being processed, but the device is still connected as far as we know
02-03 09:27:19.252  2048  4081 E libusb  : [276.949570] [00000ff1] libusb: error [do_close] A cancellation hasn't even been scheduled on the transfer for which the device is closing
02-03 09:27:19.252  2048  4081 D Uvc     : [libuvc/libuvc_internal.h:865] ...uvc_device_handle::close()
02-03 09:27:19.252  2048  4081 D Uvc     : [libuvc/libuvc_internal.h:840] ...uvc_device_handle::deconstruct()
02-03 09:27:19.252  2048  4081 D Uvc     : [device.cpp:433] uvc_free_device_info()...
02-03 09:27:19.252  2048  4081 D Uvc     : [device.cpp:433] ...uvc_free_device_info()
02-03 09:27:19.252  2048  4081 D Uvc     : [libuvc/libuvc_internal.h:872] ...uvc_device_handle::~uvc_device_handle()
02-03 09:27:19.252  2048  4081 V Uvc     : API: Java_org_firstinspires_ftc_robotcore_internal_camera_libuvc_nativeobject_UvcDeviceHandle_nativeReleaseRefDeviceHandle: ...exit
02-03 09:27:19.252  2048  4081 D Uvc     : [jni_devicehandle.cpp:87] ...Java_org_firstinspires_ftc_robotcore_internal_camera_libuvc_nativeobject_UvcDeviceHandle_nativeReleaseRefDeviceHandle()
02-03 09:27:19.252  2048  4081 V UvcDevice: destroy(pointer=0xd0d07f60|/dev/bus/usb/003/004)
02-03 09:27:19.252  2048  4081 D UsbDeviceConnectionJNI: close
02-03 09:27:19.252  2048  4081 D Uvc     : [jni_device.cpp:126] Java_org_firstinspires_ftc_robotcore_internal_camera_libuvc_nativeobject_UvcDevice_nativeReleaseRefDevice()...
02-03 09:27:19.252  2048  4081 V Uvc     : API: Java_org_firstinspires_ftc_robotcore_internal_camera_libuvc_nativeobject_UvcDevice_nativeReleaseRefDevice: enter...
02-03 09:27:19.252  2048  4081 D Uvc     : [device.cpp:882] uvc_unref_device()...
02-03 09:27:19.255  2048  4081 D Uvc     : [device.cpp:882] ...uvc_unref_device()
02-03 09:27:19.255  2048  4081 V Uvc     : API: Java_org_firstinspires_ftc_robotcore_internal_camera_libuvc_nativeobject_UvcDevice_nativeReleaseRefDevice: ...exit
02-03 09:27:19.255  2048  4081 D Uvc     : [jni_device.cpp:126] ...Java_org_firstinspires_ftc_robotcore_internal_camera_libuvc_nativeobject_UvcDevice_nativeReleaseRefDevice()
02-03 09:27:19.255  2048  4081 V LibUsbDevice: destroy(pointer=0xd3d30fc0)
02-03 09:27:19.255  2048  4081 D Uvc     : [jni_libusb_device.cpp:64] Java_org_firstinspires_ftc_robotcore_internal_camera_libuvc_nativeobject_LibUsbDevice_nativeReleaseRefDevice()...
02-03 09:27:19.255  2048  4081 D Uvc     : [jni_libusb_device.cpp:64] ...Java_org_firstinspires_ftc_robotcore_internal_camera_libuvc_nativeobject_LibUsbDevice_nativeReleaseRefDevice()
02-03 09:27:19.255  2048  4081 D UvcDeviceHandle: ...destructor
02-03 09:27:19.256  2048  4081 D UvcDeviceHandle: ...CameraImpl.destructor()
02-03 09:27:19.256  2048  4081 D UsbResiliantWebcam: ...externalDestructor()
02-03 09:27:19.256  2048  4081 V UsbResiliantWebcam: destroy(hash=0x0b02a526)
02-03 09:27:19.256  2048  4081 D UsbResiliantWebcam: destructor()...
02-03 09:27:19.256  2048  4081 D UsbResiliantWebcam: ...destructor()
02-03 09:27:19.256  2048  4081 D UsbResiliantWebcam: ...CameraImpl.destructor()
02-03 09:27:21.681  2048  4081 W BHI260IMU: getRobotOrientationAsQuaternion(): Failed to retrieve valid quaternion from IMU. Returning the identity quaternion.
02-03 09:27:21.701  2048  4081 W BHI260IMU: getRobotOrientationAsQuaternion(): Failed to retrieve valid quaternion from IMU. Returning the identity quaternion.
02-03 09:27:21.717  2048  4081 W BHI260IMU: getRobotOrientationAsQuaternion(): Failed to retrieve valid quaternion from IMU. Returning the identity quaternion.
02-03 09:27:21.732  2048  4081 W BHI260IMU: getRobotOrientationAsQuaternion(): Failed to retrieve valid quaternion from IMU. Returning the identity quaternion.
02-03 09:27:21.751  2048  4081 W BHI260IMU: getRobotOrientationAsQuaternion(): Failed to retrieve valid quaternion from IMU. Returning the identity quaternion.
02-03 09:27:21.766  2048  4081 W BHI260IMU: getRobotOrientationAsQuaternion(): Failed to retrieve valid quaternion from IMU. Returning the identity quaternion.
02-03 09:27:21.781  2048  4081 W BHI260IMU: getRobotOrientationAsQuaternion(): Failed to retrieve valid quaternion from IMU. Returning the identity quaternion.
02-03 09:27:21.799  2048  4081 W BHI260IMU: getRobotOrientationAsQuaternion(): Failed to retrieve valid quaternion from IMU. Returning the identity quaternion.
02-03 09:27:21.816  2048  4081 W BHI260IMU: getRobotOrientationAsQuaternion(): Failed to retrieve valid quaternion from IMU. Returning the identity quaternion.
02-03 09:27:21.834  2048  4081 W BHI260IMU: getRobotOrientationAsQuaternion(): Failed to retrieve valid quaternion from IMU. Returning the identity quaternion.
02-03 09:27:21.861  2048  4081 W BHI260IMU: getRobotOrientationAsQuaternion(): Failed to retrieve valid quaternion from IMU. Returning the identity quaternion.
02-03 09:27:21.878  2048  4081 W BHI260IMU: getRobotOrientationAsQuaternion(): Failed to retrieve valid quaternion from IMU. Returning the identity quaternion.
02-03 09:27:21.895  2048  4081 W BHI260IMU: getRobotOrientationAsQuaternion(): Failed to retrieve valid quaternion from IMU. Returning the identity quaternion.
02-03 09:27:21.914  2048  4081 W BHI260IMU: getRobotOrientationAsQuaternion(): Failed to retrieve valid quaternion from IMU. Returning the identity quaternion.
02-03 09:27:21.930  2048  4081 W BHI260IMU: getRobotOrientationAsQuaternion(): Failed to retrieve valid quaternion from IMU. Returning the identity quaternion.
02-03 09:27:21.947  2048  4081 W BHI260IMU: getRobotOrientationAsQuaternion(): Failed to retrieve valid quaternion from IMU. Returning the identity quaternion.
02-03 09:27:21.965  2048  4081 W BHI260IMU: getRobotOrientationAsQuaternion(): Failed to retrieve valid quaternion from IMU. Returning the identity quaternion.
02-03 09:27:21.982  2048  4081 W BHI260IMU: getRobotOrientationAsQuaternion(): Failed to retrieve valid quaternion from IMU. Returning the identity quaternion.
02-03 09:27:22.003  2048  4081 W BHI260IMU: getRobotOrientationAsQuaternion(): Failed to retrieve valid quaternion from IMU. Returning the identity quaternion.
02-03 09:27:22.030  2048  4081 W BHI260IMU: getRobotOrientationAsQuaternion(): Failed to retrieve valid quaternion from IMU. Returning the identity quaternion.
02-03 09:27:22.049  2048  4081 W BHI260IMU: getRobotOrientationAsQuaternion(): Failed to retrieve valid quaternion from IMU. Returning the identity quaternion.
02-03 09:27:22.077  2048  4081 W BHI260IMU: getRobotOrientationAsQuaternion(): Failed to retrieve valid quaternion from IMU. Returning the identity quaternion.
02-03 09:27:22.094  2048  4081 W BHI260IMU: getRobotOrientationAsQuaternion(): Failed to retrieve valid quaternion from IMU. Returning the identity quaternion.
02-03 09:27:22.110  2048  4081 W BHI260IMU: getRobotOrientationAsQuaternion(): Failed to retrieve valid quaternion from IMU. Returning the identity quaternion.
02-03 09:27:22.125  2048  4081 W BHI260IMU: getRobotOrientationAsQuaternion(): Failed to retrieve valid quaternion from IMU. Returning the identity quaternion.
02-03 09:27:22.144  2048  4081 W BHI260IMU: getRobotOrientationAsQuaternion(): Failed to retrieve valid quaternion from IMU. Returning the identity quaternion.
02-03 09:27:22.160  2048  4081 W BHI260IMU: getRobotOrientationAsQuaternion(): Failed to retrieve valid quaternion from IMU. Returning the identity quaternion.
02-03 09:27:22.176  2048  4081 W BHI260IMU: getRobotOrientationAsQuaternion(): Failed to retrieve valid quaternion from IMU. Returning the identity quaternion.
02-03 09:27:22.193  2048  4081 W BHI260IMU: getRobotOrientationAsQuaternion(): Failed to retrieve valid quaternion from IMU. Returning the identity quaternion.
02-03 09:27:22.215  2048  4081 W BHI260IMU: getRobotOrientationAsQuaternion(): Failed to retrieve valid quaternion from IMU. Returning the identity quaternion.
02-03 09:27:22.231  2048  4081 W BHI260IMU: getRobotOrientationAsQuaternion(): Failed to retrieve valid quaternion from IMU. Returning the identity quaternion.
02-03 09:27:22.246  2048  4081 W BHI260IMU: getRobotOrientationAsQuaternion(): Failed to retrieve valid quaternion from IMU. Returning the identity quaternion.
02-03 09:27:22.262  2048  4081 W BHI260IMU: getRobotOrientationAsQuaternion(): Failed to retrieve valid quaternion from IMU. Returning the identity quaternion.
02-03 09:27:22.280  2048  4081 W BHI260IMU: getRobotOrientationAsQuaternion(): Failed to retrieve valid quaternion from IMU. Returning the identity quaternion.
02-03 09:27:22.298  2048  4081 W BHI260IMU: getRobotOrientationAsQuaternion(): Failed to retrieve valid quaternion from IMU. Returning the identity quaternion.
02-03 09:27:22.316  2048  4081 W BHI260IMU: getRobotOrientationAsQuaternion(): Failed to retrieve valid quaternion from IMU. Returning the identity quaternion.
02-03 09:27:22.334  2048  4081 W BHI260IMU: getRobotOrientationAsQuaternion(): Failed to retrieve valid quaternion from IMU. Returning the identity quaternion.
02-03 09:27:22.701  2048  4081 I global  :  RENO - SlidersWith2Motors.waitRunningComplete(SlidersWith2Motors.java:147): Slider waiting time = 0.14 sec
02-03 09:27:22.812  2048  4081 I global  :  RENO - AutoRoadRunner.rrUnloadCone(AutoRoadRunner.java:390): Wait before unloading claw open.
02-03 09:27:22.872  2048  4081 I global  :  RENO - AutoRoadRunner.rrUnloadCone(AutoRoadRunner.java:394): Auto unload - Cone has been unloaded.
02-03 09:27:22.959  2048  4081 W BHI260IMU: getRobotOrientationAsQuaternion(): Failed to retrieve valid quaternion from IMU. Returning the identity quaternion.
02-03 09:27:22.980  2048  4081 W BHI260IMU: getRobotOrientationAsQuaternion(): Failed to retrieve valid quaternion from IMU. Returning the identity quaternion.
02-03 09:27:22.997  2048  4081 W BHI260IMU: getRobotOrientationAsQuaternion(): Failed to retrieve valid quaternion from IMU. Returning the identity quaternion.
02-03 09:27:23.014  2048  4081 W BHI260IMU: getRobotOrientationAsQuaternion(): Failed to retrieve valid quaternion from IMU. Returning the identity quaternion.
02-03 09:27:23.036  2048  4081 W BHI260IMU: getRobotOrientationAsQuaternion(): Failed to retrieve valid quaternion from IMU. Returning the identity quaternion.
02-03 09:27:23.051  2048  4081 W BHI260IMU: getRobotOrientationAsQuaternion(): Failed to retrieve valid quaternion from IMU. Returning the identity quaternion.
02-03 09:27:23.068  2048  4081 W BHI260IMU: getRobotOrientationAsQuaternion(): Failed to retrieve valid quaternion from IMU. Returning the identity quaternion.
02-03 09:27:23.084  2048  4081 W BHI260IMU: getRobotOrientationAsQuaternion(): Failed to retrieve valid quaternion from IMU. Returning the identity quaternion.
02-03 09:27:23.098  2048  4081 W BHI260IMU: getRobotOrientationAsQuaternion(): Failed to retrieve valid quaternion from IMU. Returning the identity quaternion.
02-03 09:27:23.112  2048  4081 W BHI260IMU: getRobotOrientationAsQuaternion(): Failed to retrieve valid quaternion from IMU. Returning the identity quaternion.
02-03 09:27:23.128  2048  4081 W BHI260IMU: getRobotOrientationAsQuaternion(): Failed to retrieve valid quaternion from IMU. Returning the identity quaternion.
02-03 09:27:23.143  2048  4081 W BHI260IMU: getRobotOrientationAsQuaternion(): Failed to retrieve valid quaternion from IMU. Returning the identity quaternion.
02-03 09:27:23.157  2048  4081 W BHI260IMU: getRobotOrientationAsQuaternion(): Failed to retrieve valid quaternion from IMU. Returning the identity quaternion.
02-03 09:27:23.173  2048  4081 W BHI260IMU: getRobotOrientationAsQuaternion(): Failed to retrieve valid quaternion from IMU. Returning the identity quaternion.
02-03 09:27:23.189  2048  4081 W BHI260IMU: getRobotOrientationAsQuaternion(): Failed to retrieve valid quaternion from IMU. Returning the identity quaternion.
02-03 09:27:23.205  2048  4081 W BHI260IMU: getRobotOrientationAsQuaternion(): Failed to retrieve valid quaternion from IMU. Returning the identity quaternion.
02-03 09:27:23.221  2048  4081 W BHI260IMU: getRobotOrientationAsQuaternion(): Failed to retrieve valid quaternion from IMU. Returning the identity quaternion.
02-03 09:27:23.236  2048  4081 W BHI260IMU: getRobotOrientationAsQuaternion(): Failed to retrieve valid quaternion from IMU. Returning the identity quaternion.
02-03 09:27:23.251  2048  4081 W BHI260IMU: getRobotOrientationAsQuaternion(): Failed to retrieve valid quaternion from IMU. Returning the identity quaternion.
02-03 09:27:23.266  2048  4081 W BHI260IMU: getRobotOrientationAsQuaternion(): Failed to retrieve valid quaternion from IMU. Returning the identity quaternion.
02-03 09:27:23.285  2048  4081 W BHI260IMU: getRobotOrientationAsQuaternion(): Failed to retrieve valid quaternion from IMU. Returning the identity quaternion.
02-03 09:27:23.300  2048  4081 W BHI260IMU: getRobotOrientationAsQuaternion(): Failed to retrieve valid quaternion from IMU. Returning the identity quaternion.
02-03 09:27:23.316  2048  4081 W BHI260IMU: getRobotOrientationAsQuaternion(): Failed to retrieve valid quaternion from IMU. Returning the identity quaternion.
02-03 09:27:23.330  2048  4081 W BHI260IMU: getRobotOrientationAsQuaternion(): Failed to retrieve valid quaternion from IMU. Returning the identity quaternion.
02-03 09:27:23.346  2048  4081 W BHI260IMU: getRobotOrientationAsQuaternion(): Failed to retrieve valid quaternion from IMU. Returning the identity quaternion.
02-03 09:27:23.365  2048  4081 W BHI260IMU: getRobotOrientationAsQuaternion(): Failed to retrieve valid quaternion from IMU. Returning the identity quaternion.
02-03 09:27:23.380  2048  4081 W BHI260IMU: getRobotOrientationAsQuaternion(): Failed to retrieve valid quaternion from IMU. Returning the identity quaternion.
02-03 09:27:23.395  2048  4081 W BHI260IMU: getRobotOrientationAsQuaternion(): Failed to retrieve valid quaternion from IMU. Returning the identity quaternion.
02-03 09:27:23.412  2048  4081 W BHI260IMU: getRobotOrientationAsQuaternion(): Failed to retrieve valid quaternion from IMU. Returning the identity quaternion.
02-03 09:27:23.435  2048  4081 W BHI260IMU: getRobotOrientationAsQuaternion(): Failed to retrieve valid quaternion from IMU. Returning the identity quaternion.
02-03 09:27:23.450  2048  4081 W BHI260IMU: getRobotOrientationAsQuaternion(): Failed to retrieve valid quaternion from IMU. Returning the identity quaternion.
02-03 09:27:23.465  2048  4081 W BHI260IMU: getRobotOrientationAsQuaternion(): Failed to retrieve valid quaternion from IMU. Returning the identity quaternion.
02-03 09:27:23.481  2048  4081 W BHI260IMU: getRobotOrientationAsQuaternion(): Failed to retrieve valid quaternion from IMU. Returning the identity quaternion.
02-03 09:27:23.497  2048  4081 W BHI260IMU: getRobotOrientationAsQuaternion(): Failed to retrieve valid quaternion from IMU. Returning the identity quaternion.
02-03 09:27:23.515  2048  4081 W BHI260IMU: getRobotOrientationAsQuaternion(): Failed to retrieve valid quaternion from IMU. Returning the identity quaternion.
02-03 09:27:23.541  2048  4081 W BHI260IMU: getRobotOrientationAsQuaternion(): Failed to retrieve valid quaternion from IMU. Returning the identity quaternion.
02-03 09:27:23.558  2048  4081 W BHI260IMU: getRobotOrientationAsQuaternion(): Failed to retrieve valid quaternion from IMU. Returning the identity quaternion.
02-03 09:27:23.573  2048  4081 W BHI260IMU: getRobotOrientationAsQuaternion(): Failed to retrieve valid quaternion from IMU. Returning the identity quaternion.
02-03 09:27:23.588  2048  4081 W BHI260IMU: getRobotOrientationAsQuaternion(): Failed to retrieve valid quaternion from IMU. Returning the identity quaternion.
02-03 09:27:23.603  2048  4081 W BHI260IMU: getRobotOrientationAsQuaternion(): Failed to retrieve valid quaternion from IMU. Returning the identity quaternion.
02-03 09:27:23.618  2048  4081 W BHI260IMU: getRobotOrientationAsQuaternion(): Failed to retrieve valid quaternion from IMU. Returning the identity quaternion.
02-03 09:27:23.632  2048  4081 W BHI260IMU: getRobotOrientationAsQuaternion(): Failed to retrieve valid quaternion from IMU. Returning the identity quaternion.
02-03 09:27:23.647  2048  4081 W BHI260IMU: getRobotOrientationAsQuaternion(): Failed to retrieve valid quaternion from IMU. Returning the identity quaternion.
02-03 09:27:23.667  2048  4081 W BHI260IMU: getRobotOrientationAsQuaternion(): Failed to retrieve valid quaternion from IMU. Returning the identity quaternion.
02-03 09:27:23.682  2048  4081 W BHI260IMU: getRobotOrientationAsQuaternion(): Failed to retrieve valid quaternion from IMU. Returning the identity quaternion.
02-03 09:27:23.700  2048  4081 W BHI260IMU: getRobotOrientationAsQuaternion(): Failed to retrieve valid quaternion from IMU. Returning the identity quaternion.
02-03 09:27:23.716  2048  4081 W BHI260IMU: getRobotOrientationAsQuaternion(): Failed to retrieve valid quaternion from IMU. Returning the identity quaternion.
02-03 09:27:23.738  2048  4081 W BHI260IMU: getRobotOrientationAsQuaternion(): Failed to retrieve valid quaternion from IMU. Returning the identity quaternion.
02-03 09:27:23.754  2048  4081 W BHI260IMU: getRobotOrientationAsQuaternion(): Failed to retrieve valid quaternion from IMU. Returning the identity quaternion.
02-03 09:27:23.768  2048  4081 W BHI260IMU: getRobotOrientationAsQuaternion(): Failed to retrieve valid quaternion from IMU. Returning the identity quaternion.
02-03 09:27:23.782  2048  4081 W BHI260IMU: getRobotOrientationAsQuaternion(): Failed to retrieve valid quaternion from IMU. Returning the identity quaternion.
02-03 09:27:23.797  2048  4081 W BHI260IMU: getRobotOrientationAsQuaternion(): Failed to retrieve valid quaternion from IMU. Returning the identity quaternion.
02-03 09:27:23.813  2048  4081 W BHI260IMU: getRobotOrientationAsQuaternion(): Failed to retrieve valid quaternion from IMU. Returning the identity quaternion.
02-03 09:27:23.828  2048  4081 W BHI260IMU: getRobotOrientationAsQuaternion(): Failed to retrieve valid quaternion from IMU. Returning the identity quaternion.
02-03 09:27:23.849  2048  4081 W BHI260IMU: getRobotOrientationAsQuaternion(): Failed to retrieve valid quaternion from IMU. Returning the identity quaternion.
02-03 09:27:23.866  2048  4081 W BHI260IMU: getRobotOrientationAsQuaternion(): Failed to retrieve valid quaternion from IMU. Returning the identity quaternion.
02-03 09:27:23.881  2048  4081 W BHI260IMU: getRobotOrientationAsQuaternion(): Failed to retrieve valid quaternion from IMU. Returning the identity quaternion.
02-03 09:27:23.898  2048  4081 W BHI260IMU: getRobotOrientationAsQuaternion(): Failed to retrieve valid quaternion from IMU. Returning the identity quaternion.
02-03 09:27:23.915  2048  4081 W BHI260IMU: getRobotOrientationAsQuaternion(): Failed to retrieve valid quaternion from IMU. Returning the identity quaternion.
02-03 09:27:23.936  2048  4081 W BHI260IMU: getRobotOrientationAsQuaternion(): Failed to retrieve valid quaternion from IMU. Returning the identity quaternion.
02-03 09:27:23.955  2048  4081 W BHI260IMU: getRobotOrientationAsQuaternion(): Failed to retrieve valid quaternion from IMU. Returning the identity quaternion.
02-03 09:27:23.972  2048  4081 W BHI260IMU: getRobotOrientationAsQuaternion(): Failed to retrieve valid quaternion from IMU. Returning the identity quaternion.
02-03 09:27:23.988  2048  4081 W BHI260IMU: getRobotOrientationAsQuaternion(): Failed to retrieve valid quaternion from IMU. Returning the identity quaternion.
02-03 09:27:24.005  2048  4081 W BHI260IMU: getRobotOrientationAsQuaternion(): Failed to retrieve valid quaternion from IMU. Returning the identity quaternion.
02-03 09:27:24.020  2048  4081 W BHI260IMU: getRobotOrientationAsQuaternion(): Failed to retrieve valid quaternion from IMU. Returning the identity quaternion.
02-03 09:27:24.045  2048  4081 W BHI260IMU: getRobotOrientationAsQuaternion(): Failed to retrieve valid quaternion from IMU. Returning the identity quaternion.
02-03 09:27:24.061  2048  4081 W BHI260IMU: getRobotOrientationAsQuaternion(): Failed to retrieve valid quaternion from IMU. Returning the identity quaternion.
02-03 09:27:24.077  2048  4081 W BHI260IMU: getRobotOrientationAsQuaternion(): Failed to retrieve valid quaternion from IMU. Returning the identity quaternion.
02-03 09:27:24.586  2048  2183 V Robocol : received command: CMD_INIT_OP_MODE(13797) $Stop$Robot$
02-03 09:27:24.595  2048  2184 I RobotCore: ******************** STOP - OPMODE /storage/emulated/0/FIRST/matchlogs/Match-0-auto_RR_right.txt ********************
02-03 09:27:24.601  2048  4126 I RobotCore: saving match logcat to /storage/emulated/0/FIRST/matchlogs/Match-0-auto_RR_right.txt
02-03 09:27:24.601  2048  4126 I RobotCore: logging command line: exec logcat -d -T '2-3 9:27:9.000' -f '/storage/emulated/0/FIRST/matchlogs/Match-0-auto_RR_right.txt' -n4 -v threadtime UsbRequestJNI:S UsbRequest:S art:W ThreadPool:W System:W ExtendedExtractor:W OMXClient:W MediaPlayer:W dalvikvm:W  *:V
02-03 09:27:24.604  2048  4081 I global  :  RENO - AutoRoadRunner.moveFromJunctionToConeStack(AutoRoadRunner.java:407): Arrived cone stack
02-03 09:27:24.606  2048  4081 I global  :  RENO - AutoRoadRunner.moveFromJunctionToConeStack(AutoRoadRunner.java:408): traj1 end x = -11.50,  y = -61.50, angle = 270.00
02-03 09:27:24.607  2048  4081 I global  :  RENO - AutoRoadRunner.moveFromJunctionToConeStack(AutoRoadRunner.java:410): estimate end x = -15.79,  y = -44.43, angle = 178.67
02-03 09:27:24.609  2048  4081 E LynxI2cDeviceSynch: placeholder: readTimestamped
02-03 09:27:24.610  2048  4081 W BHI260IMU: getRobotOrientationAsQuaternion(): Failed to retrieve valid quaternion from IMU. Returning the identity quaternion.
02-03 09:27:24.614  2048  4081 I global  :  RENO - AutoRoadRunner.rrLoadCone(AutoRoadRunner.java:370): Wait before claw close.
02-03 09:27:24.616  2048  4081 I global  :  RENO - SlidersWith2Motors.waitRunningComplete(SlidersWith2Motors.java:147): Slider waiting time = 0.00 sec
02-03 09:27:24.618  2048  4081 I global  :  RENO - AutoRoadRunner.rrLoadCone(AutoRoadRunner.java:376): Wait before moving out cone stack.
02-03 09:27:24.630  2048  4081 I global  :  RENO - AutoRoadRunner.moveFromConeStackToJunction(AutoRoadRunner.java:426): Arrived junction
02-03 09:27:24.631  2048  4081 I global  :  RENO - AutoRoadRunner.moveFromConeStackToJunction(AutoRoadRunner.java:427): traj1 end x = -20.45,  y = -30.15, angle = 300.00
02-03 09:27:24.634  2048  4081 I global  :  RENO - AutoRoadRunner.moveFromConeStackToJunction(AutoRoadRunner.java:429): estimate end x = -12.00,  y = -61.50, angle = 178.67
02-03 09:27:24.637  2048  4081 I global  :  RENO - SlidersWith2Motors.waitRunningComplete(SlidersWith2Motors.java:147): Slider waiting time = 0.00 sec
02-03 09:27:24.640  2048  4081 W BHI260IMU: getRobotOrientationAsQuaternion(): Failed to retrieve valid quaternion from IMU. Returning the identity quaternion.
02-03 09:27:24.641  2048  4081 I global  :  RENO - AutoRoadRunner.rrUnloadCone(AutoRoadRunner.java:390): Wait before unloading claw open.
02-03 09:27:24.644  2048  4081 I global  :  RENO - AutoRoadRunner.rrUnloadCone(AutoRoadRunner.java:394): Auto unload - Cone has been unloaded.
02-03 09:27:24.658  2048  4081 I global  :  RENO - AutoRoadRunner.moveFromJunctionToConeStack(AutoRoadRunner.java:407): Arrived cone stack
02-03 09:27:24.659  2048  4081 I global  :  RENO - AutoRoadRunner.moveFromJunctionToConeStack(AutoRoadRunner.java:408): traj1 end x = -11.50,  y = -61.50, angle = 270.00
02-03 09:27:24.661  2048  4081 I global  :  RENO - AutoRoadRunner.moveFromJunctionToConeStack(AutoRoadRunner.java:410): estimate end x = -20.45,  y = -30.15, angle = 178.67
02-03 09:27:24.664  2048  4081 W BHI260IMU: getRobotOrientationAsQuaternion(): Failed to retrieve valid quaternion from IMU. Returning the identity quaternion.
02-03 09:27:24.668  2048  4081 I global  :  RENO - AutoRoadRunner.rrLoadCone(AutoRoadRunner.java:370): Wait before claw close.
02-03 09:27:24.670  2048  4081 I global  :  RENO - SlidersWith2Motors.waitRunningComplete(SlidersWith2Motors.java:147): Slider waiting time = 0.00 sec
02-03 09:27:24.672  2048  4081 I global  :  RENO - AutoRoadRunner.rrLoadCone(AutoRoadRunner.java:376): Wait before moving out cone stack.
02-03 09:27:24.684  2048  4081 I global  :  RENO - AutoRoadRunner.moveFromConeStackToJunction(AutoRoadRunner.java:426): Arrived junction
02-03 09:27:24.685  2048  4081 I global  :  RENO - AutoRoadRunner.moveFromConeStackToJunction(AutoRoadRunner.java:427): traj1 end x = -20.45,  y = -30.15, angle = 300.00
02-03 09:27:24.686  2048  4081 I global  :  RENO - AutoRoadRunner.moveFromConeStackToJunction(AutoRoadRunner.java:429): estimate end x = -12.00,  y = -61.50, angle = 178.67
02-03 09:27:24.689  2048  4081 I global  :  RENO - SlidersWith2Motors.waitRunningComplete(SlidersWith2Motors.java:147): Slider waiting time = 0.00 sec
02-03 09:27:24.692  2048  4081 W BHI260IMU: getRobotOrientationAsQuaternion(): Failed to retrieve valid quaternion from IMU. Returning the identity quaternion.
02-03 09:27:24.693  2048  4081 I global  :  RENO - AutoRoadRunner.rrUnloadCone(AutoRoadRunner.java:390): Wait before unloading claw open.
02-03 09:27:24.694  2048  4081 I global  :  RENO - AutoRoadRunner.rrUnloadCone(AutoRoadRunner.java:394): Auto unload - Cone has been unloaded.
02-03 09:27:24.703  2048  4081 I global  :  RENO - AutoRoadRunner.moveFromJunctionToConeStack(AutoRoadRunner.java:407): Arrived cone stack
02-03 09:27:24.704  2048  4081 I global  :  RENO - AutoRoadRunner.moveFromJunctionToConeStack(AutoRoadRunner.java:408): traj1 end x = -11.50,  y = -61.50, angle = 270.00
02-03 09:27:24.705  2048  4081 I global  :  RENO - AutoRoadRunner.moveFromJunctionToConeStack(AutoRoadRunner.java:410): estimate end x = -20.45,  y = -30.15, angle = 178.67
