02-01 16:28:02.773  2860  2942 I Robocol : Received network connection event
02-01 16:28:02.773  2860  2942 I RobotControllerAccessPointAssistant: Wi-Fi AP is enabled
02-01 16:28:02.774  2860  2942 I NetworkConnectionHandler: Handling new network connection infomation, connected: true setup needed: true
02-01 16:28:02.774  2860  2942 I RobotControllerAccessPointAssistant: Wi-Fi AP is enabled
02-01 16:28:05.812  2860  2965 V RobotCore: thread: 'SetupRunnable.run()' starting...
02-01 16:28:05.812  2860  2942 V RobotCore: EventLoopManager state is STOPPED
02-01 16:28:05.814  2860  2942 V Robocol : eventLoop=FtcEventLoop
02-01 16:28:05.814  2860  2942 V RobotCore: EventLoopManager state is INIT
02-01 16:28:05.815  2860  2942 V RobotCore: Robot Status: initializing, starting robot
02-01 16:28:05.816  2860  2942 I FtcEventLoop: ======= INIT START =======
02-01 16:28:05.817  2860  2965 D Robocol : RobocolDatagramSocket listening addr=/192.168.43.1:20884 cbRec=65520 cbSend=106496 msRecTO=300
02-01 16:28:05.817  2860  2942 V OpmodeRegistration: registered {DefaultOpMode} as {$Stop$Robot$}
02-01 16:28:05.817  2860  2965 V Robocol : RecvLoopRunnable created
02-01 16:28:05.819  2860  2966 V Robocol : PacketProcessor started
02-01 16:28:05.820  2860  2942 V OpmodeRegistration: registered instance as {Enable/Disable Dashboard}
02-01 16:28:05.820  2860  2942 D OpmodeRegistration: registered instance {com.acmerobotics.dashboard.FtcDashboard$9@c35dedb} as {Enable/Disable Dashboard}
02-01 16:28:05.822  2860  2967 V Robocol : CommandProcessor started
02-01 16:28:05.822  2860  2968 V RobotCore: thread: 'RecvLoopRunnable.run()' starting...
02-01 16:28:05.823  2860  2965 V PeerDiscovery: Starting peer discovery remote: /192.168.43.1 local: /192.168.43.1
02-01 16:28:05.824  2860  2965 V PeerDiscovery: No need for initiating peer discovery, we are the Robot Controller
02-01 16:28:05.824  2860  2965 V RobotCore: Setup complete
02-01 16:28:05.824  2860  2965 V RobotCore: thread: ...terminating 'SetupRunnable.run()'
02-01 16:28:06.015  2860  2942 V MD5     : Calculated digest: 9d9a9ed11665dc92c91c475aad54ef94
02-01 16:28:06.015  2860  2942 V MD5     : Provided digest: 9d9a9ed11665dc92c91c475aad54ef94
02-01 16:28:06.124  2860  2968 E Robocol : exception SocketTimeoutException(Receive timed out): no packet received [java.net.PlainDatagramSocketImpl.receive0(Native Method)]
02-01 16:28:06.644  2860  2942 V OpmodeRegistration: registered {TrackWidthTuner} as {TrackWidthTuner}
02-01 16:28:06.645  2860  2942 V OpmodeRegistration: registered {StraightTest} as {StraightTest}
02-01 16:28:06.645  2860  2942 V OpmodeRegistration: registered {DriveVelocityPIDTuner} as {DriveVelocityPIDTuner}
02-01 16:28:06.646  2860  2942 V OpmodeRegistration: registered {TurnTest} as {TurnTest}
02-01 16:28:06.646  2860  2942 V OpmodeRegistration: registered {FollowerPIDTuner} as {FollowerPIDTuner}
02-01 16:28:06.646  2860  2942 V OpmodeRegistration: registered {StrafeTest} as {StrafeTest}
02-01 16:28:06.647  2860  2942 V OpmodeRegistration: registered {AutoRoadRunner} as {auto RR right}
02-01 16:28:06.647  2860  2942 V OpmodeRegistration: registered {AutomaticFeedforwardTuner} as {AutomaticFeedforwardTuner}
02-01 16:28:06.648  2860  2942 V OpmodeRegistration: registered {LocalizationTest} as {LocalizationTest}
02-01 16:28:06.649  2860  2942 V OpmodeRegistration: registered {TrackingWheelLateralDistanceTuner} as {TrackingWheelLateralDistanceTuner}
02-01 16:28:06.649  2860  2942 V OpmodeRegistration: registered {TeleopRR} as {Teleop RR}
02-01 16:28:06.650  2860  2942 V OpmodeRegistration: registered {TrackingWheelForwardOffsetTuner} as {TrackingWheelForwardOffsetTuner}
02-01 16:28:06.650  2860  2942 V OpmodeRegistration: registered {MaxAngularVeloTuner} as {MaxAngularVeloTuner}
02-01 16:28:06.651  2860  2942 V OpmodeRegistration: registered {MaxVelocityTuner} as {MaxVelocityTuner}
02-01 16:28:06.651  2860  2942 V OpmodeRegistration: registered {SplineTest} as {SplineTest}
02-01 16:28:06.652  2860  2942 V OpmodeRegistration: registered {BackAndForth} as {BackAndForth}
02-01 16:28:06.653  2860  2942 V OpmodeRegistration: registered {ManualFeedforwardTuner} as {ManualFeedforwardTuner}
02-01 16:28:06.707  2860  2942 V FtcEventLoop: Ensuring that the embedded Control Hub module is set up correctly
02-01 16:28:06.725  2860  2942 V RobotCore: Creating REV Robotics USB Expansion Hub Portal [(embedded)]
02-01 16:28:06.726  2860  2942 V LynxUsb : creating new [(embedded)]: 0x02672ab2
02-01 16:28:06.731  2860  2942 V FtDeviceManager: createDeviceInfoList(): 0 USB devices
02-01 16:28:06.732  2860  2942 V RobotUsbManagerCombining: FTDI driver failed to open USB device with serial number (embedded) (returned null device)
02-01 16:28:06.730  2860  2860 I pRunnable.run(): type=1400 audit(0.0:253): avc: denied { read } for name="ttyS1" dev="tmpfs" ino=5234 scontext=u:r:untrusted_app:s0:c512,c768 tcontext=u:object_r:serial_device:s0 tclass=chr_file permissive=1
02-01 16:28:06.730  2860  2860 I pRunnable.run(): type=1400 audit(0.0:254): avc: denied { write } for name="ttyS1" dev="tmpfs" ino=5234 scontext=u:r:untrusted_app:s0:c512,c768 tcontext=u:object_r:serial_device:s0 tclass=chr_file permissive=1
02-01 16:28:06.730  2860  2860 I pRunnable.run(): type=1400 audit(0.0:255): avc: denied { open } for path="/dev/ttyS1" dev="tmpfs" ino=5234 scontext=u:r:untrusted_app:s0:c512,c768 tcontext=u:object_r:serial_device:s0 tclass=chr_file permissive=1
02-01 16:28:06.730  2860  2860 I pRunnable.run(): type=1400 audit(0.0:256): avc: denied { ioctl } for path="/dev/ttyS1" dev="tmpfs" ino=5234 ioctlcmd=5401 scontext=u:r:untrusted_app:s0:c512,c768 tcontext=u:object_r:serial_device:s0 tclass=chr_file permissive=1
02-01 16:28:06.733  2860  2942 V SerialPortNative: [SerialPort.cpp:150] opened(/dev/ttyS1): fd=106
02-01 16:28:06.733  2860  2942 V RobotUsbDeviceTTY: opening serial=(embedded) file=/dev/ttyS1
02-01 16:28:06.734  2860  2942 V LynxUsb : armDevice() serial=(embedded)...
02-01 16:28:06.734  2860  2942 V LynxUsb : resetDevice() serial=(embedded)
02-01 16:28:06.733  2860  2860 I pRunnable.run(): type=1400 audit(0.0:257): avc: denied { read } for name="value" dev="sysfs" ino=13327 scontext=u:r:untrusted_app:s0:c512,c768 tcontext=u:object_r:sysfs:s0 tclass=file permissive=1
02-01 16:28:06.733  2860  2860 I pRunnable.run(): type=1400 audit(0.0:258): avc: denied { open } for path="/sys/devices/pinctrl.26/gpio/gpio50/value" dev="sysfs" ino=13327 scontext=u:r:untrusted_app:s0:c512,c768 tcontext=u:object_r:sysfs:s0 tclass=file permissive=1
02-01 16:28:06.733  2860  2860 I pRunnable.run(): type=1400 audit(0.0:259): avc: denied { getattr } for path="/sys/devices/pinctrl.26/gpio/gpio50/value" dev="sysfs" ino=13327 scontext=u:r:untrusted_app:s0:c512,c768 tcontext=u:object_r:sysfs:s0 tclass=file permissive=1
02-01 16:28:06.736  2860  2942 V LynxModule: resetting embedded usb device: isPresent: was=true
02-01 16:28:06.733  2860  2860 I pRunnable.run(): type=1400 audit(0.0:260): avc: denied { write } for name="value" dev="sysfs" ino=16645 scontext=u:r:untrusted_app:s0:c512,c768 tcontext=u:object_r:sysfs:s0 tclass=file permissive=1
02-01 16:28:07.092  2860  2942 V LynxUsb : ...done armDevice()
02-01 16:28:07.093  2860  2972 V RobotCore: thread: 'lynx incoming datagrams' starting...
02-01 16:28:07.093  2860  2942 V LynxUsb : 0x063a0fb9 on 0x02672ab2: new delegate to [(embedded)]
02-01 16:28:07.101  2860  2942 V LynxUsb : addConfiguredModule() module#=173
02-01 16:28:07.101  2860  2942 V LynxModule: pingAndQueryKnownInterfaces mod=173
02-01 16:28:07.104  2860  2972 V LynxUsb : synchronization gained: serial=(embedded)
02-01 16:28:07.125  2860  2942 V LynxModule: mod#=173 queryInterface(DEKA)=54 commands starting at 4096
02-01 16:28:07.138  2860  2942 V LynxModule: sending LynxFtdiResetControlCommand(true) wasInterrupted=false
02-01 16:28:07.144  2860  2942 V LynxModule: sendLEDPatternSteps(): steps=[Step(color=65280, msDuration=1000)]
02-01 16:28:07.149  2860  2942 V LynxModule: setAsControlHubEmbeddedModule(mod=173)
02-01 16:28:07.150  2860  2942 V EmbeddedControlHubModule: setting embedded module
02-01 16:28:07.150  2860  2942 V LynxModule: sending LynxFtdiResetControlCommand(false) wasInterrupted=false
02-01 16:28:07.152  2860  2942 V LynxModule: close(#173)
02-01 16:28:07.154  2860  2942 V LynxUsb : Verified that the embedded Control Hub module has the correct address
02-01 16:28:07.156  2860  2942 V LynxUsb : addConfiguredModule() module#=173
02-01 16:28:07.156  2860  2942 V LynxModule: pingAndQueryKnownInterfaces mod=173
02-01 16:28:07.170  2860  2942 V LynxModule: mod#=173 queryInterface(DEKA)=54 commands starting at 4096
02-01 16:28:07.178  2860  2942 V LynxModule: sending LynxFtdiResetControlCommand(true) wasInterrupted=false
02-01 16:28:07.183  2860  2942 V LynxModule: sendLEDPatternSteps(): steps=[Step(color=65280, msDuration=1000)]
02-01 16:28:07.187  2860  2942 V LynxModule: setAsControlHubEmbeddedModule(mod=173)
02-01 16:28:07.187  2860  2942 V EmbeddedControlHubModule: setting embedded module
02-01 16:28:07.187  2860  2942 I RobotCore: LynxFirmwareVersionManager: LynxI2cDeviceSynchV2
02-01 16:28:07.188  2860  2942 V LynxI2cDeviceSynch: initializeHardware() mod#=173
02-01 16:28:07.189  2860  2942 V BHI260IMU: Suppressing I2C warnings while we check for a BHI260AP IMU
02-01 16:28:07.193  2860  2942 V BHI260IMU: Found BHI260AP IMU
02-01 16:28:07.194  2860  2942 I RobotCore: LynxFirmwareVersionManager: LynxI2cDeviceSynchV2
02-01 16:28:07.194  2860  2942 V LynxI2cDeviceSynch: initializeHardware() mod#=173
02-01 16:28:07.213  2860  2942 V BHI260IMU: flashFirmwareIfNecessary() alreadyFlashed=true firmwareVersion=20
02-01 16:28:07.213  2860  2942 V LynxModule: sending LynxFtdiResetControlCommand(false) wasInterrupted=false
02-01 16:28:07.216  2860  2942 V LynxModule: close(#173)
02-01 16:28:07.218  2860  2942 V HardwareFactory: createHardwareMap()
02-01 16:28:07.218  2860  2942 V EmbeddedControlHubModule: clearing embedded module
02-01 16:28:07.231  2860  2942 V ReadXMLFileHandler: embedded lynx USB device is already present
02-01 16:28:07.231  2860  2942 V RobotCore: Creating REV Robotics USB Expansion Hub Portal [(embedded)]
02-01 16:28:07.232  2860  2942 V LynxUsb : using existing [(embedded)]: 0x02672ab2
02-01 16:28:07.232  2860  2942 V LynxUsb : 0x06487ecc on 0x02672ab2: new delegate to [(embedded)]
02-01 16:28:07.232  2860  2942 V RobotCore: Creating Lynx Module - mod=173 parent=true
02-01 16:28:07.234  2860  2942 V RobotCore: Creating Lynx Module - mod=2 parent=false
02-01 16:28:07.235  2860  2942 V LynxUsb : addConfiguredModule() module#=173
02-01 16:28:07.235  2860  2942 V LynxModule: pingAndQueryKnownInterfaces mod=173
02-01 16:28:07.248  2860  2942 V LynxModule: mod#=173 queryInterface(DEKA)=54 commands starting at 4096
02-01 16:28:07.257  2860  2942 V LynxModule: sending LynxFtdiResetControlCommand(true) wasInterrupted=false
02-01 16:28:07.262  2860  2975 V LynxModule: received status: LynxGetModuleStatusResponse(status=0x02 alerts=0x00: Reset)
02-01 16:28:07.263  2860  2975 W HubPowerCycle: Expansion Hub 173 regained power after a complete power loss. No user Op Mode was running.
02-01 16:28:07.263  2860  2975 V LynxModule: resendCurrentPattern()
02-01 16:28:07.263  2860  2975 V LynxModule: sendLEDPatternSteps(): steps=[]
02-01 16:28:07.264  2860  2942 V LynxModule: sendLEDPatternSteps(): steps=[Step(color=65280, msDuration=1000)]
02-01 16:28:07.272  2860  2942 V LynxModule: setAsControlHubEmbeddedModule(mod=173)
02-01 16:28:07.272  2860  2942 V EmbeddedControlHubModule: setting embedded module
02-01 16:28:07.273  2860  2942 V LynxUsb : addConfiguredModule() module#=2
02-01 16:28:07.273  2860  2942 V LynxModule: pingAndQueryKnownInterfaces mod=2
02-01 16:28:07.288  2860  2942 V LynxModule: mod#=2 queryInterface(DEKA)=54 commands starting at 4096
02-01 16:28:07.296  2860  2942 V LynxModule: sending LynxFtdiResetControlCommand(true) wasInterrupted=false
02-01 16:28:07.302  2860  2976 V LynxModule: received status: LynxGetModuleStatusResponse(status=0x05 alerts=0x00: KeepAliveTimeout|FailSafe)
02-01 16:28:07.302  2860  2976 V LynxModule: resendCurrentPattern()
02-01 16:28:07.303  2860  2976 V LynxModule: sendLEDPatternSteps(): steps=[]
02-01 16:28:07.307  2860  2942 V LynxModule: sendLEDPatternSteps(): steps=[Step(color=65280, msDuration=4500), Step(color=0, msDuration=500), Step(color=255, msDuration=500), Step(color=0, msDuration=500), Step(color=255, msDuration=500), Step(color=0, msDuration=500)]
02-01 16:28:07.320  2860  2942 V LynxMotor: initializeHardware() mod#=173
02-01 16:28:07.361  2860  2942 V RobotCore: DcMotorImpl(type=goBILDA5202SeriesMotor)
02-01 16:28:07.362  2860  2942 V RobotCore: DcMotorImpl(type=goBILDA5202SeriesMotor)
02-01 16:28:07.362  2860  2942 V RobotCore: DcMotorImpl(type=goBILDA5202SeriesMotor)
02-01 16:28:07.363  2860  2942 V RobotCore: DcMotorImpl(type=goBILDA5202SeriesMotor)
02-01 16:28:07.363  2860  2942 V LynxServoController: initializeHardware() mod#=173
02-01 16:28:07.388  2860  2942 V LynxVoltageSensor: initializeHardware() mod#=173
02-01 16:28:07.388  2860  2942 V LynxAnalogInputController: initializeHardware() mod#=173
02-01 16:28:07.389  2860  2942 V LynxDigitalChannelController: initializeHardware() mod#=173
02-01 16:28:07.404  2860  2942 V RobotCore: Creating user sensor REV internal IMU (BHI260AP) - on Lynx module=173 bus=0
02-01 16:28:07.404  2860  2942 I RobotCore: LynxFirmwareVersionManager: LynxI2cDeviceSynchV2
02-01 16:28:07.405  2860  2942 V LynxI2cDeviceSynch: initializeHardware() mod#=173
02-01 16:28:07.407  2860  2942 V BHI260IMU: Suppressing I2C warnings while we check for a BHI260AP IMU
02-01 16:28:07.411  2860  2942 V BHI260IMU: Found BHI260AP IMU
02-01 16:28:07.417  2860  2942 V BHI260IMU: Suppressing I2C warnings while we check for a BHI260AP IMU
02-01 16:28:07.422  2860  2942 V BHI260IMU: Found BHI260AP IMU
02-01 16:28:07.445  2860  2942 D BHI260IMU: Firmware version: 20
02-01 16:28:07.560  2860  2942 V LynxMotor: initializeHardware() mod#=2
02-01 16:28:07.622  2860  2942 V RobotCore: DcMotorImpl(type=goBILDA5202SeriesMotor)
02-01 16:28:07.622  2860  2942 V RobotCore: DcMotorImpl(type=goBILDA5202SeriesMotor)
02-01 16:28:07.623  2860  2942 V LynxServoController: initializeHardware() mod#=2
02-01 16:28:07.657  2860  2942 V LynxVoltageSensor: initializeHardware() mod#=2
02-01 16:28:07.659  2860  2942 V LynxAnalogInputController: initializeHardware() mod#=2
02-01 16:28:07.660  2860  2942 V LynxDigitalChannelController: initializeHardware() mod#=2
02-01 16:28:07.683  2860  2942 V RobotCore: Creating Webcam [D5386480]
02-01 16:28:07.684  2860  2942 V CameraManager: construct(hash=0x07aeeb39|inst#=0)
02-01 16:28:07.685  2860  2942 D libusb  : [ 0.000259] [00000b7e] libusb: debug [op_init] sysfs(/sys/bus/usb/devices) available
02-01 16:28:07.685  2860  2942 D libusb  : [ 0.000380] [00000b7e] libusb: debug [op_init] sysfs can relate devices
02-01 16:28:07.685  2860  2942 D libusb  : [ 0.000425] [00000b7e] libusb: debug [op_init] sysfs has complete descriptors
02-01 16:28:07.685  2860  2942 D libusb  : [ 0.000462] [00000b7e] libusb: debug [op_init] sysfs has serial numbers
02-01 16:28:07.683  2860  2860 I pRunnable.run(): type=1400 audit(0.0:261): avc: denied { read } for name="devices" dev="sysfs" ino=7258 scontext=u:r:untrusted_app:s0:c512,c768 tcontext=u:object_r:sysfs:s0 tclass=dir permissive=1
02-01 16:28:07.683  2860  2860 I pRunnable.run(): type=1400 audit(0.0:262): avc: denied { open } for path="/sys/bus/usb/devices" dev="sysfs" ino=7258 scontext=u:r:untrusted_app:s0:c512,c768 tcontext=u:object_r:sysfs:s0 tclass=dir permissive=1
02-01 16:28:07.686  2860  2942 V UvcContext: construct(pointer=0xc5f96e00|inst#=0)
02-01 16:28:07.695  2860  2942 I RobotCore: ========= Device Information ===================================================
02-01 16:28:07.696  2860  2942 I RobotCore: Type                                               Name                           Connection
02-01 16:28:07.696  2860  2942 I RobotCore: Motor                                              FrontLeft                      USB (embedded); module 173; port 0
02-01 16:28:07.697  2860  2942 I RobotCore: Expansion Hub DC Motor Controller                  Expansion Hub 2                USB (embedded); module 2
02-01 16:28:07.698  2860  2942 I RobotCore: Expansion Hub Servo Controller                     Expansion Hub 2                USB (embedded); module 2
02-01 16:28:07.698  2860  2942 I RobotCore: Expansion Hub Voltage Sensor                       Expansion Hub 2                USB (embedded); module 2
02-01 16:28:07.699  2860  2942 I RobotCore: Expansion Hub Analog Input Controller              Expansion Hub 2                USB (embedded); module 2
02-01 16:28:07.700  2860  2942 I RobotCore: Expansion Hub Digital Channel Controller           Expansion Hub 2                USB (embedded); module 2
02-01 16:28:07.705  2860  2942 I RobotCore: Expansion Hub (HW: 20, Maj: 1, Min: 8, Eng: 2)     Expansion Hub 2                USB (embedded); module 2
02-01 16:28:07.706  2860  2942 I RobotCore: Motor                                              BackRight                      USB (embedded); module 173; port 3
02-01 16:28:07.706  2860  2942 I RobotCore: REV internal IMU (BHI260AP)                        imu                            BHI260 IMU on USB (embedded); module 173; bus 0; addr7=0x28
02-01 16:28:07.716  2860  2942 I RobotCore: Logitech C270 HD WEBCAM                            Webcam 1                       USB (D5386480)
02-01 16:28:07.717  2860  2942 I RobotCore: Motor                                              RightSlider                    USB (embedded); module 2; port 1
02-01 16:28:07.717  2860  2942 I RobotCore: Motor                                              LeftSlider                     USB (embedded); module 2; port 0
02-01 16:28:07.718  2860  2942 I RobotCore: Expansion Hub DC Motor Controller                  Control Hub                    USB (embedded); module 173
02-01 16:28:07.718  2860  2942 I RobotCore: Expansion Hub Servo Controller                     Control Hub                    USB (embedded); module 173
02-01 16:28:07.719  2860  2942 I RobotCore: Expansion Hub Voltage Sensor                       Control Hub                    USB (embedded); module 173
02-01 16:28:07.720  2860  2942 I RobotCore: Expansion Hub Analog Input Controller              Control Hub                    USB (embedded); module 173
02-01 16:28:07.720  2860  2942 I RobotCore: Expansion Hub Digital Channel Controller           Control Hub                    USB (embedded); module 173
02-01 16:28:07.724  2860  2942 I RobotCore: Expansion Hub (HW: 20, Maj: 1, Min: 8, Eng: 2)     Control Hub                    USB (embedded); module 173
02-01 16:28:07.724  2860  2942 I RobotCore: Servo                                              ClawServo                      USB (embedded); module 2; port 1
02-01 16:28:07.725  2860  2942 I RobotCore: Motor                                              FrontRight                     USB (embedded); module 173; port 1
02-01 16:28:07.726  2860  2942 I RobotCore: REV Robotics USB Expansion Hub Portal              Control Hub Portal             USB (embedded)
02-01 16:28:07.726  2860  2942 I RobotCore: Servo                                              ArmServo                       USB (embedded); module 2; port 0
02-01 16:28:07.727  2860  2942 I RobotCore: Motor                                              BackLeft                       USB (embedded); module 173; port 2
02-01 16:28:07.732  2860  2942 I RobotCore: LynxFirmwareVersionManager: LynxI2cDeviceSynchV2
02-01 16:28:07.732  2860  2942 V LynxI2cDeviceSynch: initializeHardware() mod#=2
02-01 16:28:07.734  2860  2942 V BNO055  : Suppressing I2C warnings while we check for a BNO055 IMU
02-01 16:28:07.739  2860  2942 V BNO055  : Found BNO055 IMU
02-01 16:28:07.743  2860  2942 I RobotCore: LynxFirmwareVersionManager: LynxI2cDeviceSynchV2
02-01 16:28:07.743  2860  2942 V LynxI2cDeviceSynch: initializeHardware() mod#=173
02-01 16:28:07.744  2860  2942 V BHI260IMU: Suppressing I2C warnings while we check for a BHI260AP IMU
02-01 16:28:07.748  2860  2942 V BHI260IMU: Found BHI260AP IMU
02-01 16:28:07.760  2860  2942 V LynxUsb : 0x063a0fb9 on 0x02672ab2: releasing delegate to [(embedded)]
02-01 16:28:07.761  2860  2942 I FtcEventLoop: ======= INIT FINISH =======
02-01 16:28:07.761  2860  2942 V RobotCore: EventLoopManager state is RUNNING
02-01 16:28:07.778  2860  2942 V RobotCore: Robot Status: running, starting robot
02-01 16:28:07.779  2860  2942 V RobotCore: Robot Status: running
02-01 16:28:07.782  2860  2982 V RobotCore: thread: 'EventLoop' starting...
02-01 16:28:07.783  2860  2942 D FTCService: Detecting Wi-Fi reset
02-01 16:28:07.784  2860  2942 D RobotControllerAccessPointAssistant: detectWifiReset button=false
02-01 16:28:07.786  2860  2942 V RobotCore: thread: ...terminating 'RobotSetupRunnable.run()'
02-01 16:28:07.789  2860  2982 D RobotCore: system telemetry: key=$System$None$ msg=""
02-01 16:28:07.878  2860  2981 V SoundInfo: construct(0x08c414a9)
02-01 16:28:07.920  2860  2980 E WVMExtractor: Failed to open libwvm.so: dlopen failed: library "libwvm.so" not found
02-01 16:28:07.941  2860  2980 I MediaCodec: callingProcessName:com.qualcomm.ftcrobotcontroller
02-01 16:28:07.944  2860  2988 I ACodec  : onAllocateComponent:6752 mSoftCodecPref:0 componentName:
02-01 16:28:07.945  2860  2988 I ACodec  : onAllocateComponent:6783 mSoftCodecPref:0 componentName:OMX.google.raw.decoder
02-01 16:28:07.993  2860  2904 D SoundPlayer: onLoadComplete(samp=1|ms=4506, samp=1)=0
02-01 16:28:07.995  2860  2981 W AudioTrack: AUDIO_OUTPUT_FLAG_FAST denied by client; transfer 4, track 48000 Hz, output 44100 Hz
02-01 16:28:07.999  2860  2981 D SoundPlayer: playing volume=0.000000 samp=1|ms=4506
02-01 16:28:08.292  2860  2982 I RobotCore: Attempting to switch to op mode $Stop$Robot$
02-01 16:28:08.295  2860  2982 D HardwareMap: Clearing which device instances have been retrieved
02-01 16:28:08.295  2860  2982 D HardwareMap: Clearing which device instances have been retrieved
02-01 16:28:08.301  2860  2994 V RobotCore: thread: 'OpModeThread' starting...
02-01 16:28:08.426  2860  2966 V PeerDiscovery: new remote peer discovered: 192.168.43.230
02-01 16:28:08.426  2860  2966 V NetworkConnectionHandler: starting sending loop
02-01 16:28:08.427  2860  2966 V SoundPlayer: playing running again
02-01 16:28:08.429  2860  2966 V UpdateUI: Network: active, connected
02-01 16:28:08.429  2860  2966 D FTCService: Sending user device types and preferences to driver station
02-01 16:28:08.432  2860  2995 V Robocol : sending CMD_NOTIFY_ROBOT_STATE(9), attempt: 0
02-01 16:28:08.433  2860  2995 V Robocol : sending CMD_NOTIFY_ROBOT_STATE(10), attempt: 0
02-01 16:28:08.434  2860  2995 V Robocol : sending CMD_NOTIFY_ROBOT_STATE(11), attempt: 0
02-01 16:28:08.435  2860  2995 V Robocol : sending CMD_NOTIFY_ACTIVE_CONFIGURATION(17), attempt: 0
02-01 16:28:08.437  2860  2995 V Robocol : sending CMD_NOTIFY_USER_DEVICE_LIST(18), attempt: 0
02-01 16:28:08.440  2860  2995 V Robocol : sending CMD_NOTIFY_OP_MODE_LIST(19), attempt: 0
02-01 16:28:08.442  2860  2995 V Robocol : sending CMD_NOTIFY_ROBOT_STATE(21), attempt: 0
02-01 16:28:08.443  2860  2995 V Robocol : sending CMD_SHOW_TOAST(22), attempt: 0
02-01 16:28:08.444  2860  2995 V Robocol : Giving up on command CMD_PLAY_SOUND(24) after 0 attempts
02-01 16:28:08.444  2860  2995 V Robocol : sending CMD_NOTIFY_INIT_OP_MODE(31), attempt: 0
02-01 16:28:08.461  2860  2966 V NetDiscover_prefremrc: sendAllPreferences()
02-01 16:28:08.462  2860  2966 V NetDiscover_prefremrc: sending RC pref name=pref_wifip2p_remote_channel_change_works value=false
02-01 16:28:08.466  2860  2995 V Robocol : sending CMD_NOTIFY_USER_DEVICE_LIST(33), attempt: 0
02-01 16:28:08.469  2860  2966 V NetDiscover_prefremrc: sending RC pref name=pref_device_name value=21180-RC
02-01 16:28:08.469  2860  2966 V NetDiscover_prefremrc: sending RC pref name=pref_warn_about_incorrect_clocks value=true
02-01 16:28:08.470  2860  2966 V NetDiscover_prefremrc: sending RC pref name=pref_warn_about_obsolete_software value=true
02-01 16:28:08.471  2860  2966 V NetDiscover_prefremrc: sending RC pref name=pref_has_speaker value=false
02-01 16:28:08.471  2860  2966 V NetDiscover_prefremrc: sending RC pref name=pref_warn_about_2_4_ghz_band value=true
02-01 16:28:08.472  2860  2966 V NetDiscover_prefremrc: sending RC pref name=pref_has_independent_phone_battery value=false
02-01 16:28:08.473  2860  2966 V NetDiscover_prefremrc: sending RC pref name=pref_app_theme value=red
02-01 16:28:08.473  2860  2966 V NetDiscover_prefremrc: sending RC pref name=pref_warn_about_mismatched_app_versions value=true
02-01 16:28:08.474  2860  2966 V NetDiscover_prefremrc: sending RC pref name=pref_sound_on_off value=false
02-01 16:28:08.475  2860  2966 V NetworkConnectionHandler: Peer connection established
02-01 16:28:08.478  2860  2966 V Robocol : packet processing took 54.6ms: type=PEER_DISCOVERY
02-01 16:28:08.506  2860  2968 V EventLoopManager: Setting authoritative wall clock based on connected DS.
02-01 16:28:08.506  2860  2968 D Uvc     : [time.cpp:64] Java_org_firstinspires_ftc_robotcore_internal_system_AppUtil_nativeSetCurrentTimeMillis()...
02-01 16:28:08.499  2860  2968 I JniTime : [time.cpp:83] settimeofday() succeeded
02-01 16:28:08.499  2860  2968 D Uvc     : [time.cpp:64] ...Java_org_firstinspires_ftc_robotcore_internal_system_AppUtil_nativeSetCurrentTimeMillis()
02-01 16:28:08.499  2860  2995 V Robocol : sending CMD_ROBOT_CONTROLLER_PREFERENCE(34), attempt: 0
02-01 16:28:08.499  2860  2995 V Robocol : sending CMD_ROBOT_CONTROLLER_PREFERENCE(35), attempt: 0
02-01 16:28:08.500  2860  2995 V Robocol : sending CMD_ROBOT_CONTROLLER_PREFERENCE(36), attempt: 0
02-01 16:28:08.501  2860  2968 V AppUtil : attempted to set timezone: before=America/Chicago after=America/Chicago
02-01 16:28:08.501  2860  2995 V Robocol : sending CMD_ROBOT_CONTROLLER_PREFERENCE(37), attempt: 0
02-01 16:28:08.502  2860  2995 V Robocol : sending CMD_ROBOT_CONTROLLER_PREFERENCE(38), attempt: 0
02-01 16:28:08.503  2860  2995 V Robocol : sending CMD_ROBOT_CONTROLLER_PREFERENCE(39), attempt: 0
02-01 16:28:08.503  2860  2966 V Robocol : received command: CMD_REQUEST_ACTIVE_CONFIG(10001) 
02-01 16:28:08.503  2860  2995 V Robocol : sending CMD_ROBOT_CONTROLLER_PREFERENCE(40), attempt: 0
02-01 16:28:08.505  2860  2966 V Robocol : received command: CMD_REQUEST_USER_DEVICE_TYPES(10002) 
02-01 16:28:08.507  2860  2966 V Robocol : received command: CMD_REQUEST_OP_MODE_LIST(10003) 
02-01 16:28:08.507  2860  2995 V Robocol : sending CMD_ROBOT_CONTROLLER_PREFERENCE(41), attempt: 0
02-01 16:28:08.507  2860  2981 V SoundInfo: construct(0x0adb93c7)
02-01 16:28:08.508  2860  2995 V Robocol : sending CMD_ROBOT_CONTROLLER_PREFERENCE(42), attempt: 0
02-01 16:28:08.509  2860  2995 V Robocol : sending CMD_ROBOT_CONTROLLER_PREFERENCE(43), attempt: 0
02-01 16:28:08.511  2860  2966 V Robocol : received command: CMD_ROBOT_CONTROLLER_PREFERENCE(10004) {"booleanValue":true,"prefName":"pref_ds_supports_5_ghz"}
02-01 16:28:08.513  2860  2966 V Robocol : received command: CMD_ROBOT_CONTROLLER_PREFERENCE(10005) {"intValue":21,"prefName":"pref_dh_os_version_code"}
02-01 16:28:08.534  2860  2980 I MediaCodec: callingProcessName:com.qualcomm.ftcrobotcontroller
02-01 16:28:08.538  2860  3002 I ACodec  : onAllocateComponent:6752 mSoftCodecPref:0 componentName:
02-01 16:28:08.539  2860  3002 I ACodec  : onAllocateComponent:6783 mSoftCodecPref:0 componentName:OMX.google.raw.decoder
02-01 16:28:08.542  2860  2995 V Robocol : sending CMD_NOTIFY_ACTIVE_CONFIGURATION(56), attempt: 0
02-01 16:28:08.543  2860  2995 V Robocol : sending CMD_NOTIFY_USER_DEVICE_LIST(59), attempt: 0
02-01 16:28:08.578  2860  2904 D SoundPlayer: onLoadComplete(samp=2|ms=757, samp=2)=0
02-01 16:28:08.579  2860  2995 V Robocol : sending CMD_NOTIFY_OP_MODE_LIST(67), attempt: 0
02-01 16:28:08.659  2860  2995 V Robocol : sending CMD_NOTIFY_ROBOT_STATE(9), attempt: 1
02-01 16:28:08.661  2860  2995 V Robocol : sending CMD_NOTIFY_ROBOT_STATE(10), attempt: 1
02-01 16:28:08.662  2860  2995 V Robocol : sending CMD_NOTIFY_ROBOT_STATE(11), attempt: 1
02-01 16:28:08.664  2860  2995 V Robocol : sending CMD_NOTIFY_ACTIVE_CONFIGURATION(17), attempt: 1
02-01 16:28:08.665  2860  2995 V Robocol : sending CMD_NOTIFY_USER_DEVICE_LIST(18), attempt: 1
02-01 16:28:08.671  2860  2995 V Robocol : sending CMD_NOTIFY_OP_MODE_LIST(19), attempt: 1
02-01 16:28:08.673  2860  2995 V Robocol : sending CMD_NOTIFY_ROBOT_STATE(21), attempt: 1
02-01 16:28:08.675  2860  2995 V Robocol : sending CMD_SHOW_TOAST(22), attempt: 1
02-01 16:28:08.677  2860  2995 V Robocol : sending CMD_NOTIFY_INIT_OP_MODE(31), attempt: 1
02-01 16:28:08.699  2860  2995 V Robocol : sending CMD_NOTIFY_USER_DEVICE_LIST(33), attempt: 1
02-01 16:28:12.496  2860  2996 W AudioTrack: AUDIO_OUTPUT_FLAG_FAST denied by client; transfer 4, track 48000 Hz, output 44100 Hz
02-01 16:28:12.502  2860  2996 D SoundPlayer: playing volume=0.000000 samp=1|ms=4506
02-01 16:28:12.508  2860  2996 W AudioTrack: AUDIO_OUTPUT_FLAG_FAST denied by client; transfer 4, track 48000 Hz, output 44100 Hz
02-01 16:28:12.514  2860  2996 D SoundPlayer: playing volume=0.000000 samp=2|ms=757
02-01 16:28:12.539  2860  2995 V Robocol : sending CMD_PLAY_SOUND(145), attempt: 0
02-01 16:28:12.540  2860  2995 V Robocol : sending CMD_PLAY_SOUND(146), attempt: 0
02-01 16:28:46.501  2860  2966 V Robocol : received command: CMD_INIT_OP_MODE(10564) $Stop$Robot$
02-01 16:28:46.520  2860  2994 V RobotCore: thread: ...terminating 'OpModeThread'
02-01 16:28:46.523  2860  2982 I RobotCore: Attempting to switch to op mode $Stop$Robot$
02-01 16:28:46.526  2860  2982 D HardwareMap: Clearing which device instances have been retrieved
02-01 16:28:46.527  2860  2982 D HardwareMap: Clearing which device instances have been retrieved
02-01 16:28:46.532  2860  3056 V RobotCore: thread: 'OpModeThread' starting...
02-01 16:28:46.540  2860  2995 V Robocol : sending CMD_NOTIFY_INIT_OP_MODE(617), attempt: 0
02-01 16:28:48.900  2860  2966 V Robocol : received command: CMD_SET_MATCH_NUMBER(10603) 0
02-01 16:28:48.902  2860  2966 V Robocol : received command: CMD_INIT_OP_MODE(10604) auto RR right
02-01 16:28:48.924  2860  2967 I RobotCore: ******************** START - OPMODE auto RR right ********************
02-01 16:28:48.929  2860  3056 V RobotCore: thread: ...terminating 'OpModeThread'
02-01 16:28:48.932  2860  2982 I RobotCore: Attempting to switch to op mode auto RR right
02-01 16:28:49.121  2860  2982 D HardwareMap: Clearing which device instances have been retrieved
02-01 16:28:49.122  2860  2982 D HardwareMap: Clearing which device instances have been retrieved
02-01 16:28:49.126  2860  3061 V RobotCore: thread: 'OpModeThread' starting...
02-01 16:28:49.129  2860  3061 I global  :  RENO - AutoRoadRunner.runOpMode(AutoRoadRunner.java:155): Status - Initialized
02-01 16:28:49.139  2860  2995 V Robocol : sending CMD_NOTIFY_INIT_OP_MODE(668), attempt: 0
02-01 16:28:49.157  2860  3061 I System.out: OpenCvCameraBase ctor: EasyOpenCV version 1.5.2
02-01 16:28:49.179  2860  2995 V Robocol : sending CMD_STREAM_CHANGE(669), attempt: 0
02-01 16:28:49.184  2860  3062 D CameraManager: doOpenCamera()...
02-01 16:28:49.185  2860  3062 D CameraManager: requesting permission for camera: Webcam(D5386480)
02-01 16:28:49.198  2860  3062 D WebcamNameImpl: requesting permission for /dev/bus/usb/003/004
02-01 16:28:49.198  2860  3062 V WebcamNameImpl: asyncRequestUsbPermission()...
02-01 16:28:49.204  2860  3062 D WebcamNameImpl: permission already available for /dev/bus/usb/003/004
02-01 16:28:49.207  2860  3061 I I2C     : Automatically initializing I2C device BHI260IMU (BHI260 IMU on USB (embedded); module 173; bus 0; addr7=0x28)
02-01 16:28:49.208  2860  3062 V WebcamNameImpl: ...asyncRequestUsbPermission()
02-01 16:28:49.210  2860  3062 D ContinuationSynchronizer: awaiting(camera open)...
02-01 16:28:49.212  2860  3063 D WebcamNameImpl: permission for /dev/bus/usb/003/004=true
02-01 16:28:49.213  2860  3061 V BHI260IMU: Suppressing I2C warnings while we check for a BHI260AP IMU
02-01 16:28:49.214  2860  3063 D CameraManager: permission granted for camera: Webcam(D5386480)
02-01 16:28:49.215  2860  3063 D CameraManager: asyncOpenCamera(Webcam(D5386480))...
02-01 16:28:49.216  2860  3063 D CameraManager: asyncOpenWebcam(Webcam(D5386480))...
02-01 16:28:49.216  2860  3063 V UsbResiliantWebcam: construct(0x00f9ae9a)
02-01 16:28:49.221  2860  3063 D UsbResiliantWebcam: openAssumingPermission()...
02-01 16:28:49.223  2860  3061 V BHI260IMU: Found BHI260AP IMU
02-01 16:28:49.230  2860  3063 D UvcContext: found webcam: usbPath=/dev/bus/usb/003/004 vid=0x46D pid=0x825 serial=D5386480 product=C270 HD WEBCAM
02-01 16:28:49.229  2860  2860 I com.qualcomm.ftcrobotcontroller: type=1400 audit(0.0:276): avc: denied { read } for comm=64656661756C742074687265616470 name="devices" dev="sysfs" ino=7258 scontext=u:r:untrusted_app:s0:c512,c768 tcontext=u:object_r:sysfs:s0 tclass=dir permissive=1
02-01 16:28:49.229  2860  2860 I com.qualcomm.ftcrobotcontroller: type=1400 audit(0.0:277): avc: denied { open } for comm=64656661756C742074687265616470 path="/sys/bus/usb/devices" dev="sysfs" ino=7258 scontext=u:r:untrusted_app:s0:c512,c768 tcontext=u:object_r:sysfs:s0 tclass=dir permissive=1
02-01 16:28:49.232  2860  3063 D Uvc     : [jni_context.cpp:120] Java_org_firstinspires_ftc_robotcore_internal_camera_libuvc_nativeobject_UvcContext_nativeCreateUvcDevice()...
02-01 16:28:49.232  2860  3063 V Uvc     : API: Java_org_firstinspires_ftc_robotcore_internal_camera_libuvc_nativeobject_UvcContext_nativeCreateUvcDevice: enter...
02-01 16:28:49.232  2860  2860 D OpenCvViewport: surfaceCreated()
02-01 16:28:49.232  2860  2860 D OpenCvViewport: ...surfaceCreated()
02-01 16:28:49.232  2860  2860 D OpenCvViewport: surfaceChanged()
02-01 16:28:49.232  2860  2860 D OpenCvViewport: CheckState(): user requested that we deactivate
02-01 16:28:49.232  2860  2860 D OpenCvViewport: CheckState(): already deactivated
02-01 16:28:49.232  2860  2860 D OpenCvViewport: ...surfaceChanged()
02-01 16:28:49.233  2860  3063 D libusb  : [41.548636] [00000bf7] libusb: debug [op_create] op_create: szUsbPath=/dev/bus/usb/003/004 szSysfsDir=3-1.4
02-01 16:28:49.234  2860  3063 D libusb  : [41.548920] [00000bf7] libusb: debug [initialize_device] initialize_device(szUsbPath=/dev/bus/usb/003/004 szSysfsDir=3-1.4)
02-01 16:28:49.234  2860  3063 D libusb  : [41.549497] [00000bf7] libusb: debug [initialize_device] initialize_device(szUsbPath=(null) szSysfsDir=3-1)
02-01 16:28:49.234  2860  3063 E libusb  : [41.549776] [00000bf7] libusb: error [initialize_device] unable to open serial number sysfs; error ignored
02-01 16:28:49.235  2860  3063 D libusb  : [41.549996] [00000bf7] libusb: debug [initialize_device] initialize_device(szUsbPath=(null) szSysfsDir=usb3)
02-01 16:28:49.235  2860  3063 D Uvc     : [device.cpp:613] uvc_create_uvc_device()...
02-01 16:28:49.235  2860  3063 D Uvc     : [libuvc/libuvc_internal.h:346] uvc_device::uvc_device()...
02-01 16:28:49.235  2860  3063 D Uvc     : [libuvc/libuvc_internal.h:375] acquired vid=1133 & pid=2085
02-01 16:28:49.235  2860  3063 D Uvc     : [libuvc/libuvc_internal.h:346] ...uvc_device::uvc_device()
02-01 16:28:49.236  2860  3063 D Uvc     : [device.cpp:613] ...uvc_create_uvc_device() rc=0
02-01 16:28:49.236  2860  3063 V Uvc     : API: Java_org_firstinspires_ftc_robotcore_internal_camera_libuvc_nativeobject_UvcContext_nativeCreateUvcDevice: ...exit
02-01 16:28:49.236  2860  3063 D Uvc     : [jni_context.cpp:120] ...Java_org_firstinspires_ftc_robotcore_internal_camera_libuvc_nativeobject_UvcContext_nativeCreateUvcDevice()
02-01 16:28:49.236  2860  3063 V UvcDevice: construct(pointer=0xc8886c00|null)
02-01 16:28:49.238  2860  3063 D Uvc     : [jni_device.cpp:108] Java_org_firstinspires_ftc_robotcore_internal_camera_libuvc_nativeobject_UvcDevice_nativeGetLibUsbDevice()...
02-01 16:28:49.238  2860  3063 D Uvc     : [jni_device.cpp:108] ...Java_org_firstinspires_ftc_robotcore_internal_camera_libuvc_nativeobject_UvcDevice_nativeGetLibUsbDevice()
02-01 16:28:49.238  2860  3063 V LibUsbDevice: construct(pointer=0xcb830680)
02-01 16:28:49.239  2860  3063 D UvcContext: usb device is *not* UVC compatible, /dev/bus/usb/003/003
02-01 16:28:49.245  2860  3063 D UvcDevice: open()...
02-01 16:28:49.250  2860  3061 D BHI260IMU: Firmware version: 20
02-01 16:28:49.271  2860  3061 V BHI260IMU: Suppressing I2C warnings while we check for a BHI260AP IMU
02-01 16:28:49.274  2860  3061 V BHI260IMU: Found BHI260AP IMU
02-01 16:28:49.293  2860  3061 D BHI260IMU: Firmware version: 20
02-01 16:28:49.302  2860  3063 D Uvc     : [jni_device.cpp:50] Java_org_firstinspires_ftc_robotcore_internal_camera_libuvc_nativeobject_UvcDevice_nativeSetUsbDeviceInfo()...
02-01 16:28:49.302  2860  3063 D Uvc     : [jni_device.cpp:50] ...Java_org_firstinspires_ftc_robotcore_internal_camera_libuvc_nativeobject_UvcDevice_nativeSetUsbDeviceInfo()
02-01 16:28:49.303  2860  3063 D Uvc     : [jni_device.cpp:233] Java_org_firstinspires_ftc_robotcore_internal_camera_libuvc_nativeobject_UvcDevice_nativeOpenDeviceHandle()...
02-01 16:28:49.303  2860  3063 V Uvc     : API: Java_org_firstinspires_ftc_robotcore_internal_camera_libuvc_nativeobject_UvcDevice_nativeOpenDeviceHandle: enter...
02-01 16:28:49.304  2860  3063 D Uvc     : [device.cpp:279] uvc_open()...
02-01 16:28:49.304  2860  3063 D Uvc     : [libuvc/libuvc_internal.h:356] uvc_device::open()...
02-01 16:28:49.304  2860  3063 D libusb  : [41.618948] [00000bf7] libusb: debug [op_open] op_open: szUsbPath=/dev/bus/usb/003/004
02-01 16:28:49.304  2860  3063 D Uvc     : [libuvc/libuvc_internal.h:356] ...uvc_device::open() rc=0
02-01 16:28:49.304  2860  3063 D Uvc     : [device.cpp:295] calling libusb_reset_device()...
02-01 16:28:49.372  2860  3061 I global  :  RENO - SlidersWith2Motors.init(SlidersWith2Motors.java:78): init slider motors.
02-01 16:28:49.426  2860  3061 I global  :  RENO - ArmClawUnit.init(ArmClawUnit.java:90): init servo motors for arm and claw.
02-01 16:28:49.878  2860  3063 D Uvc     : [device.cpp:303] ...libusb_reset_device() called
02-01 16:28:49.878  2860  3063 D Uvc     : [device.cpp:311] libusb_open() = 0
02-01 16:28:49.878  2860  3063 D Uvc     : [libuvc/libuvc_internal.h:732] uvc_device_handle::uvc_device_handle()...
02-01 16:28:49.878  2860  3063 D Uvc     : [libuvc/libuvc_internal.h:732] ...uvc_device_handle::uvc_device_handle()
02-01 16:28:49.878  2860  3063 D Uvc     : [device.cpp:386] uvc_get_device_info()...
02-01 16:28:49.878  2860  3063 D libusb  : [42.193660] [00000bf7] libusb: debug [op_get_config_descriptor] op_get_config_descriptor: config_index=0
02-01 16:28:49.878  2860  3063 D libusb  : [42.193804] [00000bf7] libusb: debug [op_get_config_descriptor] op_get_config_descriptor: config_index=0
02-01 16:28:49.879  2860  3063 D Uvc     : [device.cpp:986] uvc_scan_control()...
02-01 16:28:49.879  2860  3063 D Uvc     : [device.cpp:1041] uvc_parse_vc_header()...
02-01 16:28:49.879  2860  3063 D Uvc     : [device.cpp:1284] uvc_scan_streaming()...
02-01 16:28:49.879  2860  3063 D Uvc     : [device.cpp:1340] uvc_parse_vs_input_header()...
02-01 16:28:49.879  2860  3063 D Uvc     : [device.cpp:1340] ...uvc_parse_vs_input_header() rc=0
02-01 16:28:49.879  2860  3063 D Uvc     : [device.cpp:1389] uvc_parse_vs_format_uncompressed()...
02-01 16:28:49.879  2860  3063 D Uvc     : [device.cpp:1389] ...uvc_parse_vs_format_uncompressed() rc=0
02-01 16:28:49.880  2860  3063 V Uvc     : [device.cpp:1630] unsupported descriptor subtype: 13 UVC_VS_COLORFORMAT
02-01 16:28:49.880  2860  3063 D Uvc     : [device.cpp:1449] uvc_parse_vs_format_mjpeg()...
02-01 16:28:49.880  2860  3063 D Uvc     : [device.cpp:1449] ...uvc_parse_vs_format_mjpeg() rc=0
02-01 16:28:49.881  2860  3063 V Uvc     : [device.cpp:1630] unsupported descriptor subtype: 13 UVC_VS_COLORFORMAT
02-01 16:28:49.881  2860  3063 D Uvc     : [device.cpp:1284] ...uvc_scan_streaming() rc=0
02-01 16:28:49.881  2860  3063 D Uvc     : [device.cpp:1041] ...uvc_parse_vc_header() rc=0
02-01 16:28:49.881  2860  3063 D Uvc     : [device.cpp:1083] uvc_parse_vc_input_terminal()...
02-01 16:28:49.881  2860  3063 D Uvc     : [device.cpp:1083] ...uvc_parse_vc_input_terminal() rc=0
02-01 16:28:49.881  2860  3063 D Uvc     : [device.cpp:1156] uvc_parse_vc_processing_unit()...
02-01 16:28:49.882  2860  3063 D Uvc     : [device.cpp:1156] ...uvc_parse_vc_processing_unit() rc=0
02-01 16:28:49.882  2860  3063 D Uvc     : [device.cpp:986] ...uvc_scan_control() rc=0
02-01 16:28:49.882  2860  3063 D Uvc     : [device.cpp:386] ...uvc_get_device_info() rc=0
02-01 16:28:49.882  2860  3063 D Uvc     : [device.cpp:326] claiming control interface 0
02-01 16:28:49.882  2860  3063 D Uvc     : [libuvc/libuvc_internal.h:770] uvc_device_handle::claimInterface(idx=0)...
02-01 16:28:49.882  2860  3063 D UvcDevice: claimInterface(0)
02-01 16:28:49.883  2860  3063 D UvcDevice: claimInterface(0) succeeded
02-01 16:28:49.884  2860  3063 D Uvc     : [libuvc/libuvc_internal.h:783] claimInterface(0) succeeded
02-01 16:28:49.884  2860  3063 D Uvc     : [libuvc/libuvc_internal.h:770] ...uvc_device_handle::claimInterface() rc=0
02-01 16:28:49.884  2860  3063 D Uvc     : [device.cpp:279] ...uvc_open() rc=0
02-01 16:28:49.884  2860  3063 V Uvc     : API: Java_org_firstinspires_ftc_robotcore_internal_camera_libuvc_nativeobject_UvcDevice_nativeOpenDeviceHandle: ...exit
02-01 16:28:49.884  2860  3063 D Uvc     : [jni_device.cpp:233] ...Java_org_firstinspires_ftc_robotcore_internal_camera_libuvc_nativeobject_UvcDevice_nativeOpenDeviceHandle()
02-01 16:28:49.886  2860  3063 V UvcDeviceHandle: construct(pointer=0xc5eab380)
02-01 16:28:49.887  2860  3063 V CameraImpl: construct(0x0ec157a8)
02-01 16:28:49.890  2860  3063 D UsbResiliantWebcam.InterveningStateCallback: onOpened() camera=CameraImpl(UvcDeviceHandle(pointer=0xc5eab380|UvcDevice(/dev/bus/usb/003/004)))...
02-01 16:28:49.892  2860  3063 D UsbResiliantWebcam: changeDelegatedCamera(null->CameraImpl(UvcDeviceHandle(pointer=0xc5eab380|UvcDevice(/dev/bus/usb/003/004))))...
02-01 16:28:49.893  2860  3063 D UvcApiFocusControl: isModeSupported(Auto)...
02-01 16:28:49.897  2860  3063 D UvcApiFocusControl: ...isModeSupported(Auto): false
02-01 16:28:49.897  2860  3063 D UvcApiFocusControl: isModeSupported(ContinuousAuto)...
02-01 16:28:49.897  2860  3063 D UvcApiFocusControl: ...isModeSupported(ContinuousAuto): false
02-01 16:28:49.898  2860  3063 D UvcApiFocusControl: isModeSupported(Macro)...
02-01 16:28:49.898  2860  3063 D UvcApiFocusControl: ...isModeSupported(Macro): false
02-01 16:28:49.899  2860  3063 D UvcApiFocusControl: isModeSupported(Infinity)...
02-01 16:28:49.899  2860  3063 D UvcApiFocusControl: ...isModeSupported(Infinity): false
02-01 16:28:49.899  2860  3063 D UvcApiFocusControl: isModeSupported(Fixed)...
02-01 16:28:49.900  2860  3063 D UvcApiFocusControl: ...isModeSupported(Fixed): true
02-01 16:28:49.900  2860  3063 D UvcApiFocusControl: isFocusLengthSupported...
02-01 16:28:49.902  2860  3063 D UvcApiFocusControl: ...isFocusLengthSupported: false
02-01 16:28:49.908  2860  3063 D CachingExposureControl: onCameraChanged(null->CameraImpl(UvcDeviceHandle(pointer=0xc5eab380|UvcDevice(/dev/bus/usb/003/004))))...
02-01 16:28:49.909  2860  3063 D UvcApiExposureControl: isModeSupported(Auto)...
02-01 16:28:49.913  2860  3063 D UvcApiExposureControl: ...isModeSupported(Auto): false
02-01 16:28:49.913  2860  3063 D UvcApiExposureControl: isModeSupported(ContinuousAuto)...
02-01 16:28:49.915  2860  3063 D UvcApiExposureControl: ...isModeSupported(ContinuousAuto): false
02-01 16:28:49.915  2860  3063 D UvcApiExposureControl: isModeSupported(Manual)...
02-01 16:28:49.917  2860  3063 D UvcApiExposureControl: ...isModeSupported(Manual): true
02-01 16:28:49.918  2860  3063 D UvcApiExposureControl: isModeSupported(ShutterPriority)...
02-01 16:28:49.920  2860  3063 D UvcApiExposureControl: ...isModeSupported(ShutterPriority): false
02-01 16:28:49.920  2860  3063 D UvcApiExposureControl: isModeSupported(AperturePriority)...
02-01 16:28:49.922  2860  3063 D UvcApiExposureControl: ...isModeSupported(AperturePriority): true
02-01 16:28:49.922  2860  3063 D UvcApiExposureControl: isExposureSupported()...
02-01 16:28:49.924  2860  3063 D UvcApiExposureControl: ...isExposureSupported(): true
02-01 16:28:49.924  2860  3063 D UvcApiExposureControl: getMinExposure(NANOSECONDS)...
02-01 16:28:49.926  2860  3063 D Uvc     : [jni_devicehandle.cpp:645] Java_org_firstinspires_ftc_robotcore_internal_camera_libuvc_nativeobject_UvcDeviceHandle_nativeGetMinExposure()...
02-01 16:28:49.928  2860  3063 D Uvc     : [jni_devicehandle.cpp:645] ...Java_org_firstinspires_ftc_robotcore_internal_camera_libuvc_nativeobject_UvcDeviceHandle_nativeGetMinExposure()
02-01 16:28:49.928  2860  3063 D UvcApiExposureControl: ...getMinExposure(NANOSECONDS): 100000
02-01 16:28:49.929  2860  3063 D UvcApiExposureControl: getMaxExposure(NANOSECONDS)...
02-01 16:28:49.932  2860  3063 D UvcApiExposureControl: ...getMaxExposure(NANOSECONDS): 1000000000
02-01 16:28:49.932  2860  3063 D UvcApiExposureControl: setAePriority()...
02-01 16:28:49.935  2860  3063 D UvcApiExposureControl: ...setAePriority()
02-01 16:28:49.936  2860  3063 D UvcApiExposureControl: getMode()...
02-01 16:28:49.937  2860  3063 D Uvc     : [jni_devicehandle.cpp:493] Java_org_firstinspires_ftc_robotcore_internal_camera_libuvc_nativeobject_UvcDeviceHandle_nativeGetVuforiaExposureMode()...
02-01 16:28:49.938  2860  3063 D Uvc     : [jni_devicehandle.cpp:493] ...Java_org_firstinspires_ftc_robotcore_internal_camera_libuvc_nativeobject_UvcDeviceHandle_nativeGetVuforiaExposureMode()
02-01 16:28:49.939  2860  3063 D UvcApiExposureControl: ...getMode(): AperturePriority
02-01 16:28:49.943  2860  3063 D CachingExposureControl: ...onCameraChanged(null->CameraImpl(UvcDeviceHandle(pointer=0xc5eab380|UvcDevice(/dev/bus/usb/003/004))))
02-01 16:28:49.943  2860  3063 D UvcApiPtzControl: getMinZoom()...
02-01 16:28:49.945  2860  3063 E UvcDeviceHandle: [jni_devicehandle.cpp:219] Failed to get min zoom : error -9
02-01 16:28:49.946  2860  3063 D UvcApiPtzControl: ...getMinZoom(): 0
02-01 16:28:49.946  2860  3063 D UvcApiPtzControl: getMaxZoom()...
02-01 16:28:49.948  2860  3063 E UvcDeviceHandle: [jni_devicehandle.cpp:242] Failed to get max zoom : error -9
02-01 16:28:49.949  2860  3063 D UvcApiPtzControl: ...getMaxZoom(): 0
02-01 16:28:49.949  2860  3063 D UvcApiPtzControl: getMinPanTilt()...
02-01 16:28:49.951  2860  3063 E UvcDeviceHandle: [jni_devicehandle.cpp:365] Failed to get min pan/tilt : error -9
02-01 16:28:49.952  2860  3063 D UvcApiPtzControl: ...getMinPanTilt(): org.firstinspires.ftc.robotcore.external.hardware.camera.controls.PtzControl$PanTiltHolder@927fe9f
02-01 16:28:49.952  2860  3063 D UvcApiPtzControl: getMaxPanTilt()...
02-01 16:28:49.954  2860  3063 E UvcDeviceHandle: [jni_devicehandle.cpp:333] Failed to get max pan/tilt : error -9
02-01 16:28:49.954  2860  3063 D UvcApiPtzControl: ...getMaxPanTilt(): org.firstinspires.ftc.robotcore.external.hardware.camera.controls.PtzControl$PanTiltHolder@3960bec
02-01 16:28:49.955  2860  3063 D UvcApiPtzControl: getZoom()...
02-01 16:28:49.957  2860  3063 E UvcDeviceHandle: [jni_devicehandle.cpp:196] Failed to get zoom : error -9
02-01 16:28:49.957  2860  3063 D UvcApiPtzControl: ...getZoom(): 0
02-01 16:28:49.957  2860  3063 D UvcApiPtzControl: getPanTilt()...
02-01 16:28:49.959  2860  3063 E UvcDeviceHandle: [jni_devicehandle.cpp:301] Failed to get pan/tilt : error -9
02-01 16:28:49.960  2860  3063 D UvcApiPtzControl: ...getPanTilt(): org.firstinspires.ftc.robotcore.external.hardware.camera.controls.PtzControl$PanTiltHolder@30d2bb5
02-01 16:28:49.960  2860  3063 D UvcApiGainControl: getMinGain()...
02-01 16:28:49.962  2860  3063 D Uvc     : [jni_devicehandle.cpp:894] Java_org_firstinspires_ftc_robotcore_internal_camera_libuvc_nativeobject_UvcDeviceHandle_nativeGetMinGain()...
02-01 16:28:49.963  2860  3063 D Uvc     : [jni_devicehandle.cpp:894] ...Java_org_firstinspires_ftc_robotcore_internal_camera_libuvc_nativeobject_UvcDeviceHandle_nativeGetMinGain()
02-01 16:28:49.964  2860  3063 D UvcApiGainControl: ...getMinGain(): 0
02-01 16:28:49.964  2860  3063 D UvcApiGainControl: getMaxGain()...
02-01 16:28:49.965  2860  3063 D Uvc     : [jni_devicehandle.cpp:917] Java_org_firstinspires_ftc_robotcore_internal_camera_libuvc_nativeobject_UvcDeviceHandle_nativeGetMaxGain()...
02-01 16:28:49.967  2860  3063 D Uvc     : [jni_devicehandle.cpp:917] ...Java_org_firstinspires_ftc_robotcore_internal_camera_libuvc_nativeobject_UvcDeviceHandle_nativeGetMaxGain()
02-01 16:28:49.967  2860  3063 D UvcApiGainControl: ...getMaxGain(): 255
02-01 16:28:49.967  2860  3063 D UvcApiGainControl: getGain()...
02-01 16:28:49.968  2860  3063 D Uvc     : [jni_devicehandle.cpp:940] Java_org_firstinspires_ftc_robotcore_internal_camera_libuvc_nativeobject_UvcDeviceHandle_nativeGetGain()...
02-01 16:28:49.970  2860  3063 D Uvc     : [jni_devicehandle.cpp:940] ...Java_org_firstinspires_ftc_robotcore_internal_camera_libuvc_nativeobject_UvcDeviceHandle_nativeGetGain()
02-01 16:28:49.970  2860  3063 D UvcApiGainControl: ...getGain(): 0
02-01 16:28:49.971  2860  3063 D UvcApiWhiteBalanceControl: getMinWhiteBalanceTemperature()...
02-01 16:28:49.972  2860  3063 D Uvc     : [jni_devicehandle.cpp:726] Java_org_firstinspires_ftc_robotcore_internal_camera_libuvc_nativeobject_UvcDeviceHandle_nativeGetMinWhiteBalanceTemperature()...
02-01 16:28:49.973  2860  3063 D Uvc     : [jni_devicehandle.cpp:726] ...Java_org_firstinspires_ftc_robotcore_internal_camera_libuvc_nativeobject_UvcDeviceHandle_nativeGetMinWhiteBalanceTemperature()
