01-24 11:14:28.551 10361 10445 I RobotCore: Motor                                              LeftSlider                     USB (embedded); module 2; port 1
01-24 11:14:28.553 10361 10445 I RobotCore: REV 2M ToF Distance Sensor                         fcds                           USB (embedded); module 2; bus 1; addr7=0x29
01-24 11:14:28.554 10361 10445 I RobotCore: REV 2M ToF Distance Sensor                         bcds                           USB (embedded); module 2; bus 2; addr7=0x29
01-24 11:14:28.554 10361 10445 I RobotCore: REV Robotics USB Expansion Hub Portal              Control Hub Portal             USB (embedded)
01-24 11:14:28.555 10361 10445 I RobotCore: Motor                                              FrontLeft                      USB (embedded); module 173; port 0
01-24 11:14:28.556 10361 10445 I RobotCore: Motor                                              BackRight                      USB (embedded); module 173; port 3
01-24 11:14:28.557 10361 10445 I RobotCore: Expansion Hub DC Motor Controller                  Expansion Hub 2                USB (embedded); module 2
01-24 11:14:28.558 10361 10445 I RobotCore: Expansion Hub Servo Controller                     Expansion Hub 2                USB (embedded); module 2
01-24 11:14:28.558 10361 10445 I RobotCore: Expansion Hub Voltage Sensor                       Expansion Hub 2                USB (embedded); module 2
01-24 11:14:28.559 10361 10445 I RobotCore: Expansion Hub Analog Input Controller              Expansion Hub 2                USB (embedded); module 2
01-24 11:14:28.560 10361 10445 I RobotCore: Expansion Hub Digital Channel Controller           Expansion Hub 2                USB (embedded); module 2
01-24 11:14:28.567 10361 10445 I RobotCore: Expansion Hub (HW: 20, Maj: 1, Min: 8, Eng: 2)     Expansion Hub 2                USB (embedded); module 2
01-24 11:14:28.568 10361 10445 I RobotCore: REV internal IMU (BNO055)                          imu                            USB (embedded); module 173; bus 0; addr7=0x28
01-24 11:14:28.569 10361 10445 I RobotCore: REV internal IMU (BNO055)                          imu                            USB (embedded); module 173; bus 0; addr7=0x28
01-24 11:14:28.579 10361 10445 I RobotCore: Logitech C270 HD WEBCAM                            Webcam 1                       USB (D5386480)
01-24 11:14:28.580 10361 10445 I RobotCore: Expansion Hub DC Motor Controller                  Control Hub                    USB (embedded); module 173
01-24 11:14:28.580 10361 10445 I RobotCore: Expansion Hub Servo Controller                     Control Hub                    USB (embedded); module 173
01-24 11:14:28.581 10361 10445 I RobotCore: Expansion Hub Voltage Sensor                       Control Hub                    USB (embedded); module 173
01-24 11:14:28.582 10361 10445 I RobotCore: Expansion Hub Analog Input Controller              Control Hub                    USB (embedded); module 173
01-24 11:14:28.582 10361 10445 I RobotCore: Expansion Hub Digital Channel Controller           Control Hub                    USB (embedded); module 173
01-24 11:14:28.586 10361 10445 I RobotCore: Expansion Hub (HW: 20, Maj: 1, Min: 8, Eng: 2)     Control Hub                    USB (embedded); module 173
01-24 11:14:28.587 10361 10445 I RobotCore: Servo                                              ClawServo                      USB (embedded); module 173; port 0
01-24 11:14:28.587 10361 10445 I RobotCore: Motor                                              FrontRight                     USB (embedded); module 173; port 1
01-24 11:14:28.588 10361 10445 I RobotCore: Motor                                              BackLeft                       USB (embedded); module 173; port 2
01-24 11:14:28.589 10361 10445 I RobotCore: Servo                                              ArmServo                       USB (embedded); module 173; port 1
01-24 11:14:28.592 10361 10445 I RobotCore: LynxFirmwareVersionManager: LynxI2cDeviceSynchV2
01-24 11:14:28.593 10361 10445 V LynxI2cDeviceSynch: initializeHardware() mod#=173
01-24 11:14:28.593 10361 10445 V BHI260IMU: Suppressing I2C warnings while we check for a BHI260AP IMU
01-24 11:14:28.598 10361 10445 V BHI260IMU: No BHI260AP IMU found
01-24 11:14:28.598 10361 10445 V BNO055  : Suppressing I2C warnings while we check for a BNO055 IMU
01-24 11:14:28.603 10361 10445 V BNO055  : Found BNO055 IMU
01-24 11:14:28.608 10361 10445 I RobotCore: LynxFirmwareVersionManager: LynxI2cDeviceSynchV2
01-24 11:14:28.608 10361 10445 V LynxI2cDeviceSynch: initializeHardware() mod#=2
01-24 11:14:28.609 10361 10445 V BNO055  : Suppressing I2C warnings while we check for a BNO055 IMU
01-24 11:14:28.615 10361 10445 V BNO055  : Found BNO055 IMU
01-24 11:14:28.625 10361 10445 V LynxUsb : 0x05da58d6 on 0x06f42e7b: releasing delegate to [(embedded)]
01-24 11:14:28.625 10361 10445 I FtcEventLoop: ======= INIT FINISH =======
01-24 11:14:28.625 10361 10445 V RobotCore: EventLoopManager state is RUNNING
01-24 11:14:28.642 10361 10445 V RobotCore: Robot Status: running, starting robot
01-24 11:14:28.642 10361 10445 V RobotCore: Robot Status: running
01-24 11:14:28.645 10361 10500 V RobotCore: thread: 'EventLoop' starting...
01-24 11:14:28.646 10361 10445 D FTCService: Detecting Wi-Fi reset
01-24 11:14:28.648 10361 10445 D RobotControllerAccessPointAssistant: detectWifiReset button=false
01-24 11:14:28.649 10361 10445 V RobotCore: thread: ...terminating 'RobotSetupRunnable.run()'
01-24 11:14:28.655 10361 10500 D RobotCore: system telemetry: key=$System$None$ msg=""
01-24 11:14:28.737 10361 10499 V SoundInfo: construct(0x0ad64f92)
01-24 11:14:28.779 10361 10498 E WVMExtractor: Failed to open libwvm.so: dlopen failed: library "libwvm.so" not found
01-24 11:14:28.801 10361 10498 I MediaCodec: callingProcessName:com.qualcomm.ftcrobotcontroller
01-24 11:14:28.804 10361 10506 I ACodec  : onAllocateComponent:6752 mSoftCodecPref:0 componentName:
01-24 11:14:28.805 10361 10506 I ACodec  : onAllocateComponent:6783 mSoftCodecPref:0 componentName:OMX.google.raw.decoder
01-24 11:14:28.855 10361 10406 D SoundPlayer: onLoadComplete(samp=1|ms=4506, samp=1)=0
01-24 11:14:28.857 10361 10499 W AudioTrack: AUDIO_OUTPUT_FLAG_FAST denied by client; transfer 4, track 48000 Hz, output 44100 Hz
01-24 11:14:28.861 10361 10499 D SoundPlayer: playing volume=0.000000 samp=1|ms=4506
01-24 11:14:29.161 10361 10500 I RobotCore: Attempting to switch to op mode $Stop$Robot$
01-24 11:14:29.163 10361 10500 D HardwareMap: Clearing which device instances have been retrieved
01-24 11:14:29.163 10361 10500 D HardwareMap: Clearing which device instances have been retrieved
01-24 11:14:29.170 10361 10510 V RobotCore: thread: 'OpModeThread' starting...
--------- beginning of main
01-24 11:14:49.549 10569 10569 D Uvc     : [jni.cpp:72] JNI_OnLoad()...
01-24 11:14:49.549 10569 10569 D Uvc     : [JniEnv.h:32] ScopedJniEnv::onJniLoad()...
01-24 11:14:49.549 10569 10569 D Uvc     : [JniEnv.h:32] ...ScopedJniEnv::onJniLoad()
01-24 11:14:49.549 10569 10569 D Uvc     : [jni.cpp:72] ...JNI_OnLoad()
01-24 11:14:49.556 10569 10569 V AppUtil : initializing: getExternalStorageDirectory()=/storage/emulated/0
01-24 11:14:49.561 10569 10569 I AppUtil : found usbFileSystemRoot: /dev/bus/usb
01-24 11:14:49.578 10569 10569 I AppAliveNotifier: Telling the OS to set the RC alive notification timeout to 20 seconds
01-24 11:14:49.584 10569 10585 V RobotCore: saving logcat to /storage/emulated/0/robotControllerLog.txt
01-24 11:14:49.584 10569 10585 V RobotCore: logging command line: exec logcat -f /storage/emulated/0/robotControllerLog.txt -r4096 -n4 -v threadtime UsbRequestJNI:S UsbRequest:S art:W ThreadPool:W System:W ExtendedExtractor:W OMXClient:W MediaPlayer:W dalvikvm:W  *:V
01-24 11:14:49.595 10569 10569 V AppUtil : rootActivity=PermissionValidatorWrapper
01-24 11:14:49.595 10569 10569 I PermissionValidatorActivity: Lifecycle onCreate : 89d17b7
01-24 11:14:49.617 10569 10585 I RobotCore: Done running ps
01-24 11:14:49.627 10588 10588 I sh      : type=1400 audit(0.0:1200): avc: denied { read } for name="/" dev="rootfs" ino=1 scontext=u:r:untrusted_app:s0:c512,c768 tcontext=u:object_r:rootfs:s0 tclass=dir permissive=1
01-24 11:14:49.627 10588 10588 I sh      : type=1400 audit(0.0:1201): avc: denied { open } for path="/" dev="rootfs" ino=1 scontext=u:r:untrusted_app:s0:c512,c768 tcontext=u:object_r:rootfs:s0 tclass=dir permissive=1
01-24 11:14:49.698 10569 10569 I PermissionValidatorActivity: Lifecycle onStart : 89d17b7
01-24 11:14:49.699 10569 10569 I PermissionValidator: Checking permission for android.permission.WRITE_EXTERNAL_STORAGE
01-24 11:14:49.703 10569 10569 I PermissionValidator:     Granted: android.permission.WRITE_EXTERNAL_STORAGE
01-24 11:14:49.704 10569 10569 I PermissionValidator: Checking permission for android.permission.READ_EXTERNAL_STORAGE
01-24 11:14:49.704 10569 10569 I PermissionValidator:     Granted: android.permission.READ_EXTERNAL_STORAGE
01-24 11:14:49.705 10569 10569 I PermissionValidator: Checking permission for android.permission.CAMERA
01-24 11:14:49.705 10569 10569 I PermissionValidator:     Granted: android.permission.CAMERA
01-24 11:14:49.705 10569 10569 I PermissionValidator: Checking permission for android.permission.ACCESS_COARSE_LOCATION
01-24 11:14:49.706 10569 10569 I PermissionValidator:     Granted: android.permission.ACCESS_COARSE_LOCATION
01-24 11:14:49.706 10569 10569 I PermissionValidator: Checking permission for android.permission.ACCESS_FINE_LOCATION
01-24 11:14:49.707 10569 10569 I PermissionValidator:     Granted: android.permission.ACCESS_FINE_LOCATION
01-24 11:14:49.707 10569 10569 I PermissionValidator: Checking permission for android.permission.READ_PHONE_STATE
01-24 11:14:49.708 10569 10569 I PermissionValidator:     Granted: android.permission.READ_PHONE_STATE
01-24 11:14:49.711 10569 10569 V ServiceStarter: attempting to start service MediaTransferProtocolMonitorService
01-24 11:14:49.714 10569 10569 V ServiceStarter: started service MediaTransferProtocolMonitorService
01-24 11:14:49.715 10569 10569 V ServiceStarter: attempting to start service OnBotJavaService
01-24 11:14:49.717 10569 10569 V ServiceStarter: started service OnBotJavaService
01-24 11:14:49.717 10569 10569 I PermissionValidatorActivity: All permissions validated.  Starting RobotController
01-24 11:14:49.728 10569 10569 V MTPMonitorService: onCreate()
01-24 11:14:49.729 10569 10569 V MTPMonitorService: onStartCommand() intent=Intent { cmp=com.qualcomm.ftcrobotcontroller/org.firstinspires.ftc.robotcore.internal.files.MediaTransferProtocolMonitorService } flags=0x0 startId=1
01-24 11:14:49.732 10569 10569 V MTPMonitor: observing: /storage/emulated/0
01-24 11:14:49.798 10569 10569 V OnBotJavaService: onCreate()
01-24 11:14:49.798 10569 10569 V OnBotJavaService: onStartCommand() intent=Intent { cmp=com.qualcomm.ftcrobotcontroller/org.firstinspires.ftc.onbotjava.OnBotJavaService } flags=0x0 startId=1
01-24 11:14:49.800 10569 10569 V OnBotJava: OnBotJavaManager::static
01-24 11:14:50.031 10598 10598 I ps      : type=1400 audit(0.0:1202): avc: denied { getattr } for path="/proc/1" dev="proc" ino=6192 scontext=u:r:untrusted_app:s0:c512,c768 tcontext=u:r:init:s0 tclass=dir permissive=1
01-24 11:14:50.034 10598 10598 I ps      : type=1400 audit(0.0:1203): avc: denied { search } for name="1" dev="proc" ino=6192 scontext=u:r:untrusted_app:s0:c512,c768 tcontext=u:r:init:s0 tclass=dir permissive=1
01-24 11:14:50.034 10598 10598 I ps      : type=1400 audit(0.0:1204): avc: denied { read } for name="cmdline" dev="proc" ino=7082 scontext=u:r:untrusted_app:s0:c512,c768 tcontext=u:r:init:s0 tclass=file permissive=1
01-24 11:14:50.034 10598 10598 I ps      : type=1400 audit(0.0:1205): avc: denied { open } for path="/proc/1/cmdline" dev="proc" ino=7082 scontext=u:r:untrusted_app:s0:c512,c768 tcontext=u:r:init:s0 tclass=file permissive=1
01-24 11:14:50.034 10598 10598 I ps      : type=1400 audit(0.0:1206): avc: denied { getattr } for path="/proc/2" dev="proc" ino=9448 scontext=u:r:untrusted_app:s0:c512,c768 tcontext=u:r:kernel:s0 tclass=dir permissive=1
01-24 11:14:50.034 10598 10598 I ps      : type=1400 audit(0.0:1207): avc: denied { search } for name="2" dev="proc" ino=9448 scontext=u:r:untrusted_app:s0:c512,c768 tcontext=u:r:kernel:s0 tclass=dir permissive=1
01-24 11:14:50.034 10598 10598 I ps      : type=1400 audit(0.0:1208): avc: denied { read } for name="cmdline" dev="proc" ino=9546 scontext=u:r:untrusted_app:s0:c512,c768 tcontext=u:r:kernel:s0 tclass=file permissive=1
01-24 11:14:50.034 10598 10598 I ps      : type=1400 audit(0.0:1209): avc: denied { open } for path="/proc/2/cmdline" dev="proc" ino=9546 scontext=u:r:untrusted_app:s0:c512,c768 tcontext=u:r:kernel:s0 tclass=file permissive=1
01-24 11:14:50.054 10598 10598 I ps      : type=1400 audit(0.0:1210): avc: denied { getattr } for path="/proc/1008" dev="proc" ino=10182 scontext=u:r:untrusted_app:s0:c512,c768 tcontext=u:r:kernel:s0 tclass=dir permissive=1
01-24 11:14:50.054 10598 10598 I ps      : type=1400 audit(0.0:1211): avc: denied { search } for name="1008" dev="proc" ino=10182 scontext=u:r:untrusted_app:s0:c512,c768 tcontext=u:r:kernel:s0 tclass=dir permissive=1
01-24 11:14:50.054 10598 10598 I ps      : type=1400 audit(0.0:1212): avc: denied { read } for name="cmdline" dev="proc" ino=61544 scontext=u:r:untrusted_app:s0:c512,c768 tcontext=u:r:kernel:s0 tclass=file permissive=1
01-24 11:14:50.054 10598 10598 I ps      : type=1400 audit(0.0:1213): avc: denied { open } for path="/proc/5737/cmdline" dev="proc" ino=61544 scontext=u:r:untrusted_app:s0:c512,c768 tcontext=u:r:kernel:s0 tclass=file permissive=1
01-24 11:14:50.623 10569 10569 V OnBotJava: ctor()...
01-24 11:14:50.625 10569 10569 V OnBotJava: ...ctor()
01-24 11:14:50.629 10569 10569 W asset   : Asset path /data/app/com.qualcomm.ftcrobotcontroller-2/base.apk is neither a directory nor file (type=1).
01-24 11:14:50.629 10569 10569 E ResourcesManager: failed to add asset path /data/app/com.qualcomm.ftcrobotcontroller-2/base.apk
01-24 11:14:50.633 10569 10569 V AppUtil : initializing: getExternalStorageDirectory()=/storage/emulated/0
01-24 11:14:50.636 10569 10569 I AppUtil : found usbFileSystemRoot: /dev/bus/usb
01-24 11:14:50.636 10569 10569 I AppAliveNotifier: Telling the OS to set the RC alive notification timeout to 20 seconds
01-24 11:14:50.639 10569 10569 W asset   : Asset path /data/app/com.qualcomm.ftcrobotcontroller-2/base.apk is neither a directory nor file (type=1).
01-24 11:14:50.639 10569 10569 E ResourcesManager: failed to add asset path /data/app/com.qualcomm.ftcrobotcontroller-2/base.apk
01-24 11:14:50.640 10569 10569 D AndroidRuntime: Shutting down VM
--------- beginning of crash
01-24 11:14:50.641 10569 10569 E AndroidRuntime: FATAL EXCEPTION: main
01-24 11:14:50.641 10569 10569 E AndroidRuntime: Process: com.qualcomm.ftcrobotcontroller, PID: 10569
01-24 11:14:50.641 10569 10569 E AndroidRuntime: java.lang.RuntimeException: Unable to start activity ComponentInfo{com.qualcomm.ftcrobotcontroller/org.firstinspires.ftc.robotcontroller.internal.FtcRobotControllerActivity}: java.lang.NullPointerException: Attempt to invoke virtual method 'android.content.res.AssetManager android.content.res.Resources.getAssets()' on a null object reference
01-24 11:14:50.641 10569 10569 E AndroidRuntime: 	at android.app.ActivityThread.performLaunchActivity(ActivityThread.java:2666)
01-24 11:14:50.641 10569 10569 E AndroidRuntime: 	at android.app.ActivityThread.handleLaunchActivity(ActivityThread.java:2727)
01-24 11:14:50.641 10569 10569 E AndroidRuntime: 	at android.app.ActivityThread.-wrap12(ActivityThread.java)
01-24 11:14:50.641 10569 10569 E AndroidRuntime: 	at android.app.ActivityThread$H.handleMessage(ActivityThread.java:1478)
01-24 11:14:50.641 10569 10569 E AndroidRuntime: 	at android.os.Handler.dispatchMessage(Handler.java:102)
01-24 11:14:50.641 10569 10569 E AndroidRuntime: 	at android.os.Looper.loop(Looper.java:154)
01-24 11:14:50.641 10569 10569 E AndroidRuntime: 	at android.app.ActivityThread.main(ActivityThread.java:6121)
01-24 11:14:50.641 10569 10569 E AndroidRuntime: 	at java.lang.reflect.Method.invoke(Native Method)
01-24 11:14:50.641 10569 10569 E AndroidRuntime: 	at com.android.internal.os.ZygoteInit$MethodAndArgsCaller.run(ZygoteInit.java:905)
01-24 11:14:50.641 10569 10569 E AndroidRuntime: 	at com.android.internal.os.ZygoteInit.main(ZygoteInit.java:795)
01-24 11:14:50.641 10569 10569 E AndroidRuntime: Caused by: java.lang.NullPointerException: Attempt to invoke virtual method 'android.content.res.AssetManager android.content.res.Resources.getAssets()' on a null object reference
01-24 11:14:50.641 10569 10569 E AndroidRuntime: 	at android.app.LoadedApk.getAssets(LoadedApk.java:761)
01-24 11:14:50.641 10569 10569 E AndroidRuntime: 	at android.app.LoadedApk.makeApplication(LoadedApk.java:824)
01-24 11:14:50.641 10569 10569 E AndroidRuntime: 	at android.app.ActivityThread.performLaunchActivity(ActivityThread.java:2575)
01-24 11:14:50.641 10569 10569 E AndroidRuntime: 	... 9 more
--------- beginning of main
01-24 11:15:12.439 10671 10671 D Uvc     : [jni.cpp:72] JNI_OnLoad()...
01-24 11:15:12.439 10671 10671 D Uvc     : [JniEnv.h:32] ScopedJniEnv::onJniLoad()...
01-24 11:15:12.439 10671 10671 D Uvc     : [JniEnv.h:32] ...ScopedJniEnv::onJniLoad()
01-24 11:15:12.439 10671 10671 D Uvc     : [jni.cpp:72] ...JNI_OnLoad()
01-24 11:15:12.445 10671 10671 V AppUtil : initializing: getExternalStorageDirectory()=/storage/emulated/0
01-24 11:15:12.450 10671 10671 I AppUtil : found usbFileSystemRoot: /dev/bus/usb
01-24 11:15:12.454 10671 10671 I robotcontroller: type=1400 audit(0.0:1217): avc: denied { read } for name="direction" dev="sysfs" ino=16602 scontext=u:r:untrusted_app:s0:c512,c768 tcontext=u:object_r:sysfs:s0 tclass=file permissive=1
01-24 11:15:12.454 10671 10671 I robotcontroller: type=1400 audit(0.0:1218): avc: denied { open } for path="/sys/devices/pinctrl.26/gpio/gpio50/direction" dev="sysfs" ino=16602 scontext=u:r:untrusted_app:s0:c512,c768 tcontext=u:object_r:sysfs:s0 tclass=file permissive=1
01-24 11:15:12.454 10671 10671 I robotcontroller: type=1400 audit(0.0:1219): avc: denied { getattr } for path="/sys/devices/pinctrl.26/gpio/gpio50/direction" dev="sysfs" ino=16602 scontext=u:r:untrusted_app:s0:c512,c768 tcontext=u:object_r:sysfs:s0 tclass=file permissive=1
01-24 11:15:12.454 10671 10671 I robotcontroller: type=1400 audit(0.0:1220): avc: denied { write } for name="value" dev="sysfs" ino=13327 scontext=u:r:untrusted_app:s0:c512,c768 tcontext=u:object_r:sysfs:s0 tclass=file permissive=1
01-24 11:15:12.462 10671 10671 I AppAliveNotifier: Telling the OS to set the RC alive notification timeout to 20 seconds
01-24 11:15:12.467 10671 10687 V RobotCore: saving logcat to /storage/emulated/0/robotControllerLog.txt
01-24 11:15:12.467 10671 10687 V RobotCore: logging command line: exec logcat -f /storage/emulated/0/robotControllerLog.txt -r4096 -n4 -v threadtime UsbRequestJNI:S UsbRequest:S art:W ThreadPool:W System:W ExtendedExtractor:W OMXClient:W MediaPlayer:W dalvikvm:W  *:V
01-24 11:15:12.479 10671 10671 V AppUtil : rootActivity=PermissionValidatorWrapper
01-24 11:15:12.479 10671 10671 I PermissionValidatorActivity: Lifecycle onCreate : 89d17b7
01-24 11:15:12.502 10671 10687 I RobotCore: Done running ps
01-24 11:15:12.511 10690 10690 I sh      : type=1400 audit(0.0:1221): avc: denied { read } for name="/" dev="rootfs" ino=1 scontext=u:r:untrusted_app:s0:c512,c768 tcontext=u:object_r:rootfs:s0 tclass=dir permissive=1
01-24 11:15:12.514 10690 10690 I sh      : type=1400 audit(0.0:1222): avc: denied { open } for path="/" dev="rootfs" ino=1 scontext=u:r:untrusted_app:s0:c512,c768 tcontext=u:object_r:rootfs:s0 tclass=dir permissive=1
01-24 11:15:12.587 10671 10671 I PermissionValidatorActivity: Lifecycle onStart : 89d17b7
01-24 11:15:12.588 10671 10671 I PermissionValidator: Checking permission for android.permission.WRITE_EXTERNAL_STORAGE
01-24 11:15:12.592 10671 10671 I PermissionValidator:     Granted: android.permission.WRITE_EXTERNAL_STORAGE
01-24 11:15:12.592 10671 10671 I PermissionValidator: Checking permission for android.permission.READ_EXTERNAL_STORAGE
01-24 11:15:12.593 10671 10671 I PermissionValidator:     Granted: android.permission.READ_EXTERNAL_STORAGE
01-24 11:15:12.593 10671 10671 I PermissionValidator: Checking permission for android.permission.CAMERA
01-24 11:15:12.594 10671 10671 I PermissionValidator:     Granted: android.permission.CAMERA
01-24 11:15:12.594 10671 10671 I PermissionValidator: Checking permission for android.permission.ACCESS_COARSE_LOCATION
01-24 11:15:12.595 10671 10671 I PermissionValidator:     Granted: android.permission.ACCESS_COARSE_LOCATION
01-24 11:15:12.595 10671 10671 I PermissionValidator: Checking permission for android.permission.ACCESS_FINE_LOCATION
01-24 11:15:12.596 10671 10671 I PermissionValidator:     Granted: android.permission.ACCESS_FINE_LOCATION
01-24 11:15:12.596 10671 10671 I PermissionValidator: Checking permission for android.permission.READ_PHONE_STATE
01-24 11:15:12.597 10671 10671 I PermissionValidator:     Granted: android.permission.READ_PHONE_STATE
01-24 11:15:12.600 10671 10671 V ServiceStarter: attempting to start service MediaTransferProtocolMonitorService
01-24 11:15:12.602 10671 10671 V ServiceStarter: started service MediaTransferProtocolMonitorService
01-24 11:15:12.602 10671 10671 V ServiceStarter: attempting to start service OnBotJavaService
01-24 11:15:12.604 10671 10671 V ServiceStarter: started service OnBotJavaService
01-24 11:15:12.604 10671 10671 I PermissionValidatorActivity: All permissions validated.  Starting RobotController
01-24 11:15:12.616 10671 10671 V MTPMonitorService: onCreate()
01-24 11:15:12.616 10671 10671 V MTPMonitorService: onStartCommand() intent=Intent { cmp=com.qualcomm.ftcrobotcontroller/org.firstinspires.ftc.robotcore.internal.files.MediaTransferProtocolMonitorService } flags=0x0 startId=1
01-24 11:15:12.619 10671 10671 V MTPMonitor: observing: /storage/emulated/0
01-24 11:15:12.678 10671 10671 V OnBotJavaService: onCreate()
01-24 11:15:12.679 10671 10671 V OnBotJavaService: onStartCommand() intent=Intent { cmp=com.qualcomm.ftcrobotcontroller/org.firstinspires.ftc.onbotjava.OnBotJavaService } flags=0x0 startId=1
01-24 11:15:12.680 10671 10671 V OnBotJava: OnBotJavaManager::static
01-24 11:15:13.144 10671 10671 V OnBotJava: ctor()...
01-24 11:15:13.146 10671 10671 V OnBotJava: ...ctor()
01-24 11:15:13.151 10671 10671 V RCActivity: Permissions validated already
01-24 11:15:13.151 10671 10671 V RCActivity: onCreate()
01-24 11:15:13.153 10671 10671 V RCActivity: rootActivity is of class PermissionValidatorWrapper
01-24 11:15:13.156 10671 10671 V RCActivity: launchActivity is of class class org.firstinspires.ftc.robotcontroller.internal.PermissionValidatorWrapper
01-24 11:15:13.163 10671 10695 V CallbackLooper: thread=208
01-24 11:15:13.167 10671 10671 V NetDiscover_wifiDirectAgent: doStart()...
01-24 11:15:13.172 10671 10671 V NetDiscover_wifiDirectAgent: ...doStart()
01-24 11:15:13.172 10671 10671 V NetDiscover_prefremrc: ----- all preferences -----
01-24 11:15:13.173 10671 10671 V NetDiscover_prefremrc: name='android.permission.READ_PHONE_STATE' value=false
01-24 11:15:13.173 10671 10671 V NetDiscover_prefremrc: name='pref_autostarted_robot_controller' value=true
01-24 11:15:13.173 10671 10671 V NetDiscover_prefremrc: name='pref_warn_about_obsolete_software' value=true
01-24 11:15:13.173 10671 10671 V NetDiscover_prefremrc: name='pref_has_independent_phone_battery' value=false
01-24 11:15:13.173 10671 10671 V NetDiscover_prefremrc: name='android.permission.CAMERA' value=false
01-24 11:15:13.174 10671 10671 V NetDiscover_prefremrc: name='pref_wifip2p_remote_channel_change_works' value=false
01-24 11:15:13.174 10671 10671 V NetDiscover_prefremrc: name='pref_hardware_config_filename' value={"isDirty":false,"location":"LOCAL_STORAGE","name":"ExCamera2Ds","resourceId":0}
01-24 11:15:13.174 10671 10671 V NetDiscover_prefremrc: name='pref_sound_on_off' value=false
01-24 11:15:13.174 10671 10671 V NetDiscover_prefremrc: name='pref_warn_about_mismatched_app_versions' value=true
01-24 11:15:13.174 10671 10671 V NetDiscover_prefremrc: name='pref_ftc_season_year_of_current_rc_new' value=2022
01-24 11:15:13.174 10671 10671 V NetDiscover_prefremrc: name='App Restrictions' value=AAAAAA==
01-24 11:15:13.174 10671 10671 V NetDiscover_prefremrc:     
01-24 11:15:13.174 10671 10671 V NetDiscover_prefremrc: name='pref_warn_about_incorrect_clocks' value=true
01-24 11:15:13.174 10671 10671 V NetDiscover_prefremrc: name='android.permission.ACCESS_COARSE_LOCATION' value=false
01-24 11:15:13.174 10671 10671 V NetDiscover_prefremrc: name='pref_ftc_season_year_of_current_rc' value=2022
01-24 11:15:13.175 10671 10671 V NetDiscover_prefremrc: name='pref_has_speaker' value=false
01-24 11:15:13.175 10671 10671 V NetDiscover_prefremrc: name='android.permission.WRITE_EXTERNAL_STORAGE' value=false
01-24 11:15:13.175 10671 10671 V NetDiscover_prefremrc: name='pref_connection_owner_password' value=ftc21180
01-24 11:15:13.175 10671 10671 V NetDiscover_prefremrc: name='pref_pairing_kind' value=RCWIRELESSAP
01-24 11:15:13.175 10671 10671 V NetDiscover_prefremrc: name='android.permission.ACCESS_FINE_LOCATION' value=false
01-24 11:15:13.175 10671 10671 V NetDiscover_prefremrc: name='pref_app_theme' value=red
01-24 11:15:13.175 10671 10671 V NetDiscover_prefremrc: name='pref_device_name_internal' value=21180-RC
01-24 11:15:13.175 10671 10671 V NetDiscover_prefremrc: name='pref_device_name' value=21180-RC
01-24 11:15:13.175 10671 10671 V NetDiscover_prefremrc: name='pref_warn_about_2_4_ghz_band' value=true
01-24 11:15:13.176 10671 10671 V NetDiscover_prefremrc: name='pref_device_name_tracking' value=WIFIAP
01-24 11:15:13.176 10671 10671 V NetDiscover_prefremrc: name='android.permission.READ_EXTERNAL_STORAGE' value=false
01-24 11:15:13.176 10671 10671 V NetDiscover_prefremrc: name='pref_rc_connected' value=true
01-24 11:15:13.181 10671 10671 V Robocol : SendOnceRunnable created
01-24 11:15:13.183 10671 10671 V NetDiscover_prefremrc: doStart()...
01-24 11:15:13.183 10671 10671 V NetDiscover_prefremrc: ...doStart()
01-24 11:15:13.208 10671 10671 W System  : ClassLoader referenced unknown path: /system/app/webview/lib/arm
01-24 11:15:13.210 10671 10671 D ApplicationLoaders: ignored Vulkan layer search path /system/app/webview/lib/arm:/system/app/webview/webview.apk!/lib/armeabi-v7a:/system/lib:/vendor/lib for namespace 0xeea63090
01-24 11:15:13.213 10671 10671 I WebViewFactory: Loading com.android.webview version 52.0.2743.100 (code 275610050)
01-24 11:15:13.243 10671 10671 I cr_LibraryLoader: Time to load native libraries: 2 ms (timestamps 7094-7096)
01-24 11:15:13.243 10671 10671 I cr_LibraryLoader: Expected native library version number "52.0.2743.100", actual native library version number "52.0.2743.100"
01-24 11:15:13.256 10671 10671 V WebViewChromiumFactoryProvider: Binding Chromium to main looper Looper (main, tid 1) {e8dc9b9}
01-24 11:15:13.256 10671 10671 I cr_LibraryLoader: Expected native library version number "52.0.2743.100", actual native library version number "52.0.2743.100"
01-24 11:15:13.256 10671 10671 I chromium: [INFO:library_loader_hooks.cc(143)] Chromium logging enabled: level = 0, default verbosity = 0
01-24 11:15:13.274 10671 10671 I cr_BrowserStartup: Initializing chromium process, singleProcess=true
01-24 11:15:13.298 10671 10671 I mali_so : [File] : hardware/rockchip/driver/./src/base/arch/arch_011_udd/base_arch_main.c; [Line] : 565; [Func] : deal_with_version_affairs_rk_ext;
01-24 11:15:13.298 10671 10671 I mali_so : arm_release_ver of this mali_so is 'r7p0-00rel1', rk_so_ver is '1@2' for 3328h_android_7.1, built at '15:47:49', on 'Jun 28 2017'.
01-24 11:15:13.298 10671 10671 I mali_so : [File] : hardware/rockchip/driver/./src/base/arch/arch_011_udd/base_arch_main.c; [Line] : 578; [Func] : deal_with_version_affairs_rk_ext;
01-24 11:15:13.298 10671 10671 I mali_so : mali_ver_property has been set to 'r7p0-00rel1-5-1@2', to return.
01-24 11:15:13.360 10671 10671 I cr_DRP  : No DRP key due to exception:java.lang.ClassNotFoundException: com.android.webview.chromium.Drp
01-24 11:15:13.405 10671 10671 W cr_AwContents: onDetachedFromWindow called when already detached. Ignoring
01-24 11:15:13.714 10671 10671 W System  : ClassLoader referenced unknown path: 
01-24 11:15:17.084 10671 10671 V UpdateUI: Network: inactive, disconnected
01-24 11:15:17.084 10671 10671 V ServiceStarter: attempting to start service FtcRobotControllerWatchdogService
01-24 11:15:17.086 10671 10671 V ServiceStarter: started service FtcRobotControllerWatchdogService
01-24 11:15:17.107 10671 10671 I RobotCore: App info: version=8.1.1 appId=com.qualcomm.ftcrobotcontroller
01-24 11:15:17.107 10671 10671 I RobotCore: Android Device: maker=REV Robotics model=Control Hub v1.0 sdk=25 serial=caade241cd00a884
01-24 11:15:17.107 10671 10671 V AndroidBoard: REV Control Hub contains REV3328
01-24 11:15:17.107 10671 10671 V AndroidBoard: Communicating with embedded REV hub via /dev/ttyS1
01-24 11:15:18.254 10671 10671 V RCActivity: onStart()
01-24 11:15:18.259 10671 10671 V RCActivity: onResume()
01-24 11:15:18.280 10671 10671 V NetDiscover_prefremrc: onSharedPreferenceChanged(name=App Restrictions, value=AAAAAA==
01-24 11:15:18.280 10671 10671 V NetDiscover_prefremrc: )
01-24 11:15:18.293 10671 10671 V FtcRobotControllerWatchdogService: onCreate()
01-24 11:15:18.294 10671 10671 V FtcRobotControllerWatchdogService: onStartCommand() intent=Intent { cmp=com.qualcomm.ftcrobotcontroller/org.firstinspires.ftc.ftccommon.internal.FtcRobotControllerWatchdogService } flags=0x0 startId=1
01-24 11:15:18.294 10671 10671 V FtcRobotControllerWatchdogService: shouldAutoLauchRobotController() result=true
01-24 11:15:18.296 10671 10671 V FTCService: onCreate()
01-24 11:15:18.336 10671 10671 W art     : Before Android 4.1, method double java.util.concurrent.ThreadLocalRandom.internalNextDouble(double, double) would have incorrectly overridden the package-private method in java.util.Random
01-24 11:15:18.336 10671 10671 W art     : Before Android 4.1, method int java.util.concurrent.ThreadLocalRandom.internalNextInt(int, int) would have incorrectly overridden the package-private method in java.util.Random
01-24 11:15:18.336 10671 10671 W art     : Before Android 4.1, method long java.util.concurrent.ThreadLocalRandom.internalNextLong(long, long) would have incorrectly overridden the package-private method in java.util.Random
01-24 11:15:18.379 10671 10671 V FTCService: onBind()
01-24 11:15:18.409 10671 10671 V CoreRobotWebServer: creating NanoHTTPD(8080)
01-24 11:15:18.412 10671 10671 V WebSocketManager: Registered broadcast-only namespace progress
01-24 11:15:18.419 10671 10671 V WebSocketManager: Registered handler for namespace ControlHubUpdater
01-24 11:15:18.421 10671 10671 V RobotCore: Getting network assistant of type: RCWIRELESSAP
01-24 11:15:18.423 10671 10671 I RobotControllerAccessPointAssistant: Enabling network services
01-24 11:15:18.425 10671 10671 I RobotControllerAccessPointAssistant: Sending SSID and password to AP service
01-24 11:15:18.426 10671 10671 I RobotCore: ftc21180
01-24 11:15:18.427 10671 10671 D RobotControllerAccessPointAssistant: setNetworkProperties(deviceName=21180-RC, password=ftc21180, ApChannel=null) sendSettingsIndividually=false
01-24 11:15:18.427 10671 10671 I NetDiscover_ControlHubNameManager: Robot controller name: 21180-RC
01-24 11:15:18.427 10671 10671 I ControlHubPasswordManager: Robot controller password: ftc21180
01-24 11:15:18.427 10671 10671 D RobotControllerAccessPointAssistant: Sending bulk settings broadcast intent
01-24 11:15:18.496 10671 10725 I OpenGLRenderer: Initialized EGL, version 1.4
01-24 11:15:18.496 10671 10725 D OpenGLRenderer: Swap behavior 1
01-24 11:15:18.501 10671 10671 I RobotControllerAccessPointAssistant: Wi-Fi state change:, wifiApState: 13
01-24 11:15:18.502 10671 10671 I FTCService: onNetworkConnectionEvent: CONNECTION_INFO_AVAILABLE
01-24 11:15:18.502 10671 10671 I RobotCore: ftc21180
01-24 11:15:18.502 10671 10671 I FTCService: Network Connection Passphrase: ftc21180
01-24 11:15:18.502 10671 10671 V CoreRobotWebServer: starting port=8080
01-24 11:15:18.514 10671 10671 V RobotCore: Getting network assistant of type: RCWIRELESSAP
01-24 11:15:18.515 10671 10671 V CoreRobotWebServer: started port=8080
01-24 11:15:18.515 10671 10671 V FTCService: RCActivity.controllerService=bound
01-24 11:15:18.516 10671 10671 V UpdateUI: Network: active, disconnected
01-24 11:15:18.517 10671 10671 V RobotCore: Robot Status: stopped
01-24 11:15:18.524 10671 10730 V TooTallWebSocketServer: Started WebSocket server on port 8081
01-24 11:15:18.527 10671 10733 V RobotCore: thread: 'RobotSetupRunnable.run()' starting...
01-24 11:15:18.527 10671 10733 V FTCService: Processing robot setup
01-24 11:15:18.528 10671 10733 V RobotCore: Robot Status: stopped, scanning for USB devices
01-24 11:15:18.528 10671 10733 I AppAliveNotifier: Telling the OS to set the RC alive notification timeout to 10 seconds
01-24 11:15:18.551 10671 10671 V WebSocketManager: Registered handler for namespace ONBOTJAVA
01-24 11:15:18.595 10671 10725 I [Gralloc]:  ion device open success! fd = 92
01-24 11:15:18.627 10671 10732 V FtcWebSocket: Opening websocket (ip=192.168.43.107/192.168.43.107 port=8081)
01-24 11:15:18.633 10671 10732 V WebSocketManager: Subscribed websocket (ip=192.168.43.107/192.168.43.107 port=8081) to namespace (progress)
01-24 11:15:18.635 10671 10732 V WebSocketManager: Subscribed websocket (ip=192.168.43.107/192.168.43.107 port=8081) to namespace (ControlHubUpdater)
01-24 11:15:18.662 10671 10732 V FtcWebSocket: Opening websocket (ip=192.168.43.107/192.168.43.107 port=8081)
01-24 11:15:18.667 10671 10732 V WebSocketManager: Subscribed websocket (ip=192.168.43.107/192.168.43.107 port=8081) to namespace (progress)
01-24 11:15:18.669 10671 10732 V WebSocketManager: Subscribed websocket (ip=192.168.43.107/192.168.43.107 port=8081) to namespace (ControlHubUpdater)
01-24 11:15:18.677 10671 10671 V AppUtil : rootActivity=PermissionValidatorWrapper destroyed
01-24 11:15:18.678 10671 10671 V AppUtil : rootActivity=FtcRobotControllerActivity
01-24 11:15:18.678 10671 10671 I PermissionValidatorActivity: Lifecycle onDestroy : 89d17b7
01-24 11:15:18.689 10671 10732 V FtcWebSocket: Opening websocket (ip=192.168.43.107/192.168.43.107 port=8081)
01-24 11:15:18.706 10671 10732 V WebSocketManager: Subscribed websocket (ip=192.168.43.107/192.168.43.107 port=8081) to namespace (progress)
01-24 11:15:18.707 10671 10732 V WebSocketManager: Subscribed websocket (ip=192.168.43.107/192.168.43.107 port=8081) to namespace (ControlHubUpdater)
01-24 11:15:19.073 10671 10747 I RobotCore: ftc21180
01-24 11:15:19.137 10671 10749 V ProgrammingModeManager: serve uri=/css/colors.less
01-24 11:15:19.446 10671 10749 I RobotCore: ftc21180
01-24 11:15:19.558 10671 10747 V ProgrammingModeManager: serve uri=/css/colors.less
01-24 11:15:21.337 10671 10747 I RobotCore: ftc21180
01-24 11:15:23.536 10671 10733 V RobotCore: EventLoopManager state is NOT_STARTED
01-24 11:15:23.536 10671 10733 V FTCService: Waiting for a connection to a Wi-Fi service
01-24 11:15:23.536 10671 10733 V RobotCore: Robot Status: stopped, waiting for network to become active
01-24 11:15:23.540 10671 10733 I RobotControllerAccessPointAssistant: Wi-Fi AP is enabled
01-24 11:15:23.540 10671 10733 V CoreRobotWebServer: Asked an already running WebServer to start
01-24 11:15:23.540 10671 10733 V RobotCore: Robot Status: stopped, starting robot
01-24 11:15:23.540 10671 10733 V Robocol : EventLoopManager.start()
01-24 11:15:23.541 10671 10733 V RobotCore: Getting network assistant of type: RCWIRELESSAP
01-24 11:15:23.541 10671 10733 I RobotControllerAccessPointAssistant: Wi-Fi AP is enabled
01-24 11:15:23.541 10671 10733 V Robocol : Spoofing a Network Connection event...
01-24 11:15:23.542 10671 10733 I EventLoopManager: onNetworkConnectionEvent: CONNECTION_INFO_AVAILABLE
01-24 11:15:23.542 10671 10733 I Robocol : Received network connection event
01-24 11:15:23.543 10671 10733 I RobotControllerAccessPointAssistant: Wi-Fi AP is enabled
01-24 11:15:23.543 10671 10733 I NetworkConnectionHandler: Handling new network connection infomation, connected: true setup needed: true
01-24 11:15:23.544 10671 10733 I RobotControllerAccessPointAssistant: Wi-Fi AP is enabled
01-24 11:15:26.585 10671 10769 V RobotCore: thread: 'SetupRunnable.run()' starting...
01-24 11:15:26.585 10671 10733 V RobotCore: EventLoopManager state is STOPPED
01-24 11:15:26.585 10671 10733 V Robocol : eventLoop=FtcEventLoop
01-24 11:15:26.586 10671 10733 V RobotCore: EventLoopManager state is INIT
01-24 11:15:26.586 10671 10733 V RobotCore: Robot Status: initializing, starting robot
01-24 11:15:26.586 10671 10733 I FtcEventLoop: ======= INIT START =======
01-24 11:15:26.587 10671 10733 V OpmodeRegistration: registered {DefaultOpMode} as {$Stop$Robot$}
01-24 11:15:26.589 10671 10769 D Robocol : RobocolDatagramSocket listening addr=/192.168.43.1:20884 cbRec=65520 cbSend=106496 msRecTO=300
01-24 11:15:26.590 10671 10769 V Robocol : RecvLoopRunnable created
01-24 11:15:26.594 10671 10770 V Robocol : PacketProcessor started
01-24 11:15:26.594 10671 10733 V OpmodeRegistration: registered instance as {Enable/Disable Dashboard}
01-24 11:15:26.594 10671 10733 D OpmodeRegistration: registered instance {com.acmerobotics.dashboard.FtcDashboard$9@4c64c89} as {Enable/Disable Dashboard}
01-24 11:15:26.595 10671 10771 V Robocol : CommandProcessor started
01-24 11:15:26.596 10671 10772 V RobotCore: thread: 'RecvLoopRunnable.run()' starting...
01-24 11:15:26.598 10671 10769 V PeerDiscovery: Starting peer discovery remote: /192.168.43.1 local: /192.168.43.1
01-24 11:15:26.599 10671 10769 V PeerDiscovery: No need for initiating peer discovery, we are the Robot Controller
01-24 11:15:26.599 10671 10769 V RobotCore: Setup complete
01-24 11:15:26.599 10671 10769 V RobotCore: thread: ...terminating 'SetupRunnable.run()'
01-24 11:15:26.792 10671 10733 V MD5     : Calculated digest: 9d9a9ed11665dc92c91c475aad54ef94
01-24 11:15:26.792 10671 10733 V MD5     : Provided digest: 9d9a9ed11665dc92c91c475aad54ef94
01-24 11:15:26.860 10671 10770 D RobotCore: system telemetry: key=$System$None$ msg=""
01-24 11:15:26.861 10671 10770 V PeerDiscovery: new remote peer discovered: 192.168.43.230
01-24 11:15:26.861 10671 10770 V NetworkConnectionHandler: starting sending loop
01-24 11:15:26.866 10671 10780 V Robocol : sending CMD_NOTIFY_ROBOT_STATE(9), attempt: 0
01-24 11:15:26.869 10671 10780 V Robocol : sending CMD_NOTIFY_ROBOT_STATE(10), attempt: 0
01-24 11:15:26.870 10671 10780 V Robocol : sending CMD_NOTIFY_ROBOT_STATE(11), attempt: 0
01-24 11:15:26.887 10671 10770 V UpdateUI: Network: active, connected
01-24 11:15:26.888 10671 10770 D FTCService: Sending user device types and preferences to driver station
01-24 11:15:26.914 10776 10776 I ps      : type=1400 audit(0.0:1227): avc: denied { getattr } for path="/proc/1" dev="proc" ino=6192 scontext=u:r:untrusted_app:s0:c512,c768 tcontext=u:r:init:s0 tclass=dir permissive=1
01-24 11:15:26.914 10776 10776 I ps      : type=1400 audit(0.0:1228): avc: denied { search } for name="1" dev="proc" ino=6192 scontext=u:r:untrusted_app:s0:c512,c768 tcontext=u:r:init:s0 tclass=dir permissive=1
01-24 11:15:26.914 10776 10776 I ps      : type=1400 audit(0.0:1229): avc: denied { read } for name="cmdline" dev="proc" ino=7082 scontext=u:r:untrusted_app:s0:c512,c768 tcontext=u:r:init:s0 tclass=file permissive=1
01-24 11:15:26.914 10776 10776 I ps      : type=1400 audit(0.0:1230): avc: denied { open } for path="/proc/1/cmdline" dev="proc" ino=7082 scontext=u:r:untrusted_app:s0:c512,c768 tcontext=u:r:init:s0 tclass=file permissive=1
01-24 11:15:26.914 10776 10776 I ps      : type=1400 audit(0.0:1231): avc: denied { getattr } for path="/proc/2" dev="proc" ino=9448 scontext=u:r:untrusted_app:s0:c512,c768 tcontext=u:r:kernel:s0 tclass=dir permissive=1
01-24 11:15:26.914 10776 10776 I ps      : type=1400 audit(0.0:1233): avc: denied { search } for name="2" dev="proc" ino=9448 scontext=u:r:untrusted_app:s0:c512,c768 tcontext=u:r:kernel:s0 tclass=dir permissive=1
01-24 11:15:26.914 10776 10776 I ps      : type=1400 audit(0.0:1234): avc: denied { read } for name="cmdline" dev="proc" ino=9546 scontext=u:r:untrusted_app:s0:c512,c768 tcontext=u:r:kernel:s0 tclass=file permissive=1
01-24 11:15:26.914 10776 10776 I ps      : type=1400 audit(0.0:1235): avc: denied { open } for path="/proc/2/cmdline" dev="proc" ino=9546 scontext=u:r:untrusted_app:s0:c512,c768 tcontext=u:r:kernel:s0 tclass=file permissive=1
01-24 11:15:26.968 10671 10770 V NetDiscover_prefremrc: sendAllPreferences()
01-24 11:15:26.969 10671 10770 V NetDiscover_prefremrc: sending RC pref name=pref_wifip2p_remote_channel_change_works value=false
01-24 11:15:26.972 10671 10783 V SoundInfo: construct(0x018d8cbd)
01-24 11:15:26.974 10671 10770 V NetDiscover_prefremrc: sending RC pref name=pref_device_name value=21180-RC
01-24 11:15:26.974 10671 10770 V NetDiscover_prefremrc: sending RC pref name=pref_warn_about_incorrect_clocks value=true
01-24 11:15:26.975 10671 10770 V NetDiscover_prefremrc: sending RC pref name=pref_warn_about_obsolete_software value=true
01-24 11:15:26.975 10671 10770 V NetDiscover_prefremrc: sending RC pref name=pref_has_speaker value=false
01-24 11:15:26.976 10671 10770 V NetDiscover_prefremrc: sending RC pref name=pref_warn_about_2_4_ghz_band value=true
01-24 11:15:26.976 10671 10770 V NetDiscover_prefremrc: sending RC pref name=pref_has_independent_phone_battery value=false
01-24 11:15:26.977 10671 10770 V NetDiscover_prefremrc: sending RC pref name=pref_app_theme value=red
01-24 11:15:26.977 10671 10770 V NetDiscover_prefremrc: sending RC pref name=pref_warn_about_mismatched_app_versions value=true
01-24 11:15:26.978 10671 10770 V NetDiscover_prefremrc: sending RC pref name=pref_sound_on_off value=false
01-24 11:15:26.978 10671 10770 V NetworkConnectionHandler: Peer connection established
01-24 11:15:26.982 10671 10780 V Robocol : sending CMD_NOTIFY_USER_DEVICE_LIST(19), attempt: 0
01-24 11:15:26.982 10671 10770 V Robocol : packet processing took 121.9ms: type=PEER_DISCOVERY
01-24 11:15:26.983 10671 10782 E WVMExtractor: Failed to open libwvm.so: dlopen failed: library "libwvm.so" not found
01-24 11:15:26.984 10671 10780 V Robocol : sending CMD_ROBOT_CONTROLLER_PREFERENCE(20), attempt: 0
01-24 11:15:26.985 10671 10780 V Robocol : sending CMD_ROBOT_CONTROLLER_PREFERENCE(21), attempt: 0
01-24 11:15:26.986 10671 10780 V Robocol : sending CMD_ROBOT_CONTROLLER_PREFERENCE(22), attempt: 0
01-24 11:15:26.987 10671 10780 V Robocol : sending CMD_ROBOT_CONTROLLER_PREFERENCE(23), attempt: 0
01-24 11:15:26.987 10671 10780 V Robocol : sending CMD_ROBOT_CONTROLLER_PREFERENCE(24), attempt: 0
01-24 11:15:26.988 10671 10780 V Robocol : sending CMD_ROBOT_CONTROLLER_PREFERENCE(25), attempt: 0
01-24 11:15:26.989 10671 10780 V Robocol : sending CMD_ROBOT_CONTROLLER_PREFERENCE(26), attempt: 0
01-24 11:15:26.989 10671 10772 V EventLoopManager: Setting authoritative wall clock based on connected DS.
01-24 11:15:26.989 10671 10772 D Uvc     : [time.cpp:64] Java_org_firstinspires_ftc_robotcore_internal_system_AppUtil_nativeSetCurrentTimeMillis()...
01-24 11:15:26.968 10671 10772 I JniTime : [time.cpp:83] settimeofday() succeeded
01-24 11:15:26.968 10671 10772 D Uvc     : [time.cpp:64] ...Java_org_firstinspires_ftc_robotcore_internal_system_AppUtil_nativeSetCurrentTimeMillis()
01-24 11:15:26.968 10671 10780 V Robocol : sending CMD_ROBOT_CONTROLLER_PREFERENCE(27), attempt: 0
01-24 11:15:26.968 10671 10780 V Robocol : sending CMD_ROBOT_CONTROLLER_PREFERENCE(28), attempt: 0
01-24 11:15:26.969 10671 10780 V Robocol : sending CMD_ROBOT_CONTROLLER_PREFERENCE(29), attempt: 0
01-24 11:15:26.969 10671 10772 V AppUtil : attempted to set timezone: before=America/Chicago after=America/Chicago
01-24 11:15:26.975 10671 10770 V Robocol : received command: CMD_REQUEST_ACTIVE_CONFIG(10000) 
01-24 11:15:26.977 10671 10770 V Robocol : received command: CMD_REQUEST_USER_DEVICE_TYPES(10001) 
01-24 11:15:26.978 10671 10770 V Robocol : received command: CMD_REQUEST_OP_MODE_LIST(10002) 
01-24 11:15:26.981 10671 10770 V Robocol : received command: CMD_INIT_OP_MODE(10004) $Stop$Robot$
01-24 11:15:26.982 10671 10770 V Robocol : received command: CMD_INIT_OP_MODE(10005) $Stop$Robot$
01-24 11:15:26.982 10671 10770 V Robocol : received command: CMD_REQUEST_ACTIVE_CONFIG(10008) 
01-24 11:15:26.983 10671 10770 V Robocol : received command: CMD_REQUEST_USER_DEVICE_TYPES(10009) 
01-24 11:15:26.983 10671 10770 V Robocol : received command: CMD_REQUEST_OP_MODE_LIST(10010) 
01-24 11:15:26.994 10671 10782 I MediaCodec: callingProcessName:com.qualcomm.ftcrobotcontroller
01-24 11:15:27.003 10671 10790 I ACodec  : onAllocateComponent:6752 mSoftCodecPref:0 componentName:
01-24 11:15:27.006 10671 10770 V Robocol : received command: CMD_ROBOT_CONTROLLER_PREFERENCE(10011) {"booleanValue":true,"prefName":"pref_ds_supports_5_ghz"}
01-24 11:15:27.007 10671 10770 V Robocol : received command: CMD_ROBOT_CONTROLLER_PREFERENCE(10012) {"intValue":21,"prefName":"pref_dh_os_version_code"}
01-24 11:15:27.014 10671 10790 I ACodec  : onAllocateComponent:6783 mSoftCodecPref:0 componentName:OMX.google.raw.decoder
01-24 11:15:27.060 10671 10695 D SoundPlayer: onLoadComplete(samp=1|ms=757, samp=1)=0
01-24 11:15:27.063 10671 10783 W AudioTrack: AUDIO_OUTPUT_FLAG_FAST denied by client; transfer 4, track 48000 Hz, output 44100 Hz
01-24 11:15:27.068 10671 10783 D SoundPlayer: playing volume=0.000000 samp=1|ms=757
01-24 11:15:27.080 10671 10780 V Robocol : sending CMD_NOTIFY_ROBOT_STATE(9), attempt: 1
01-24 11:15:27.081 10671 10780 V Robocol : sending CMD_NOTIFY_ROBOT_STATE(10), attempt: 1
01-24 11:15:27.082 10671 10780 V Robocol : sending CMD_NOTIFY_ROBOT_STATE(11), attempt: 1
01-24 11:15:27.082 10671 10780 V Robocol : sending CMD_PLAY_SOUND(52), attempt: 0
01-24 11:15:27.524 10671 10733 V OpmodeRegistration: registered {TrackingWheelForwardOffsetTuner} as {TrackingWheelForwardOffsetTuner}
01-24 11:15:27.524 10671 10733 V OpmodeRegistration: registered {TrackWidthTuner} as {TrackWidthTuner}
01-24 11:15:27.525 10671 10733 V OpmodeRegistration: registered {StrafeTest} as {StrafeTest}
01-24 11:15:27.525 10671 10733 V OpmodeRegistration: registered {AutomaticFeedforwardTuner} as {AutomaticFeedforwardTuner}
01-24 11:15:27.526 10671 10733 V OpmodeRegistration: registered {AutonomousLeft} as {Autonomous_Left}
01-24 11:15:27.526 10671 10733 V OpmodeRegistration: registered {AutonomousRight} as {Autonomous_Right}
01-24 11:15:27.526 10671 10733 V OpmodeRegistration: registered {BackAndForth} as {BackAndForth}
01-24 11:15:27.527 10671 10733 V OpmodeRegistration: registered {MaxAngularVeloTuner} as {MaxAngularVeloTuner}
01-24 11:15:27.528 10671 10733 V OpmodeRegistration: registered {MaxVelocityTuner} as {MaxVelocityTuner}
01-24 11:15:27.528 10671 10733 V OpmodeRegistration: registered {DriveVelocityPIDTuner} as {DriveVelocityPIDTuner}
01-24 11:15:27.528 10671 10733 V OpmodeRegistration: registered {ManualFeedforwardTuner} as {ManualFeedforwardTuner}
01-24 11:15:27.529 10671 10733 V OpmodeRegistration: registered {TeleopDualDrivers} as {Teleop_DualDrivers}
01-24 11:15:27.529 10671 10733 V OpmodeRegistration: registered {LocalizationTest} as {LocalizationTest}
01-24 11:15:27.530 10671 10733 V OpmodeRegistration: registered {FollowerPIDTuner} as {FollowerPIDTuner}
01-24 11:15:27.531 10671 10733 V OpmodeRegistration: registered {TurnTest} as {TurnTest}
01-24 11:15:27.531 10671 10733 V OpmodeRegistration: registered {TrackingWheelLateralDistanceTuner} as {TrackingWheelLateralDistanceTuner}
01-24 11:15:27.531 10671 10733 V OpmodeRegistration: registered {AutoRoadRunner} as {auto RR right}
01-24 11:15:27.532 10671 10733 V OpmodeRegistration: registered {StraightTest} as {StraightTest}
01-24 11:15:27.532 10671 10733 V OpmodeRegistration: registered {AutoFlipRight} as {Auto Flip Right}
01-24 11:15:27.533 10671 10733 V OpmodeRegistration: registered {SplineTest} as {SplineTest}
01-24 11:15:27.555 10671 10733 V FtcEventLoop: Ensuring that the embedded Control Hub module is set up correctly
01-24 11:15:27.560 10671 10780 V Robocol : sending CMD_NOTIFY_ACTIVE_CONFIGURATION(61), attempt: 0
01-24 11:15:27.560 10671 10733 V RobotCore: Creating REV Robotics USB Expansion Hub Portal [(embedded)]
01-24 11:15:27.561 10671 10780 V Robocol : sending CMD_NOTIFY_USER_DEVICE_LIST(62), attempt: 0
01-24 11:15:27.561 10671 10733 V LynxUsb : creating new [(embedded)]: 0x0c63acae
01-24 11:15:27.563 10671 10780 V Robocol : sending CMD_NOTIFY_OP_MODE_LIST(63), attempt: 0
01-24 11:15:27.565 10671 10733 V FtDeviceManager: createDeviceInfoList(): 0 USB devices
01-24 11:15:27.565 10671 10733 V RobotUsbManagerCombining: FTDI driver failed to open USB device with serial number (embedded) (returned null device)
01-24 11:15:27.566 10671 10733 V SerialPortNative: [SerialPort.cpp:150] opened(/dev/ttyS1): fd=101
01-24 11:15:27.561 10671 10671 I pRunnable.run(): type=1400 audit(0.0:1245): avc: denied { read } for name="ttyS1" dev="tmpfs" ino=5250 scontext=u:r:untrusted_app:s0:c512,c768 tcontext=u:object_r:serial_device:s0 tclass=chr_file permissive=1
01-24 11:15:27.567 10671 10733 V RobotUsbDeviceTTY: opening serial=(embedded) file=/dev/ttyS1
01-24 11:15:27.568 10671 10733 V LynxUsb : armDevice() serial=(embedded)...
01-24 11:15:27.568 10671 10733 V LynxUsb : resetDevice() serial=(embedded)
01-24 11:15:27.569 10671 10733 V LynxModule: resetting embedded usb device: isPresent: was=true
