01-29 11:05:57.381  5977  6207 D UvcDevice: open()...
01-29 11:05:57.429  5977  6264 V BNO055  : Suppressing I2C warnings while we check for a BNO055 IMU
01-29 11:05:57.432  5977  6264 V BNO055  : Found BNO055 IMU
01-29 11:05:57.439  5977  6207 D Uvc     : [jni_device.cpp:50] Java_org_firstinspires_ftc_robotcore_internal_camera_libuvc_nativeobject_UvcDevice_nativeSetUsbDeviceInfo()...
01-29 11:05:57.439  5977  6207 D Uvc     : [jni_device.cpp:50] ...Java_org_firstinspires_ftc_robotcore_internal_camera_libuvc_nativeobject_UvcDevice_nativeSetUsbDeviceInfo()
01-29 11:05:57.439  5977  6207 D Uvc     : [jni_device.cpp:233] Java_org_firstinspires_ftc_robotcore_internal_camera_libuvc_nativeobject_UvcDevice_nativeOpenDeviceHandle()...
01-29 11:05:57.439  5977  6207 V Uvc     : API: Java_org_firstinspires_ftc_robotcore_internal_camera_libuvc_nativeobject_UvcDevice_nativeOpenDeviceHandle: enter...
01-29 11:05:57.439  5977  6207 D Uvc     : [device.cpp:279] uvc_open()...
01-29 11:05:57.439  5977  6207 D Uvc     : [libuvc/libuvc_internal.h:356] uvc_device::open()...
01-29 11:05:57.439  5977  6207 D libusb  : [51.317293] [0000183f] libusb: debug [op_open] op_open: szUsbPath=/dev/bus/usb/003/003
01-29 11:05:57.439  5977  6207 D Uvc     : [libuvc/libuvc_internal.h:356] ...uvc_device::open() rc=0
01-29 11:05:57.439  5977  6207 D Uvc     : [device.cpp:295] calling libusb_reset_device()...
01-29 11:05:57.561  5977  6264 I global  :  RENO - SlidersWith2Motors.init(SlidersWith2Motors.java:78): init slider motors.
01-29 11:05:57.611  5977  6264 I global  :  RENO - ArmClawUnit.init(ArmClawUnit.java:90): init servo motors for arm and claw.
01-29 11:05:58.000  5977  6207 D Uvc     : [device.cpp:303] ...libusb_reset_device() called
01-29 11:05:58.000  5977  6207 D Uvc     : [device.cpp:311] libusb_open() = 0
01-29 11:05:58.000  5977  6207 D Uvc     : [libuvc/libuvc_internal.h:732] uvc_device_handle::uvc_device_handle()...
01-29 11:05:58.000  5977  6207 D Uvc     : [libuvc/libuvc_internal.h:732] ...uvc_device_handle::uvc_device_handle()
01-29 11:05:58.000  5977  6207 D Uvc     : [device.cpp:386] uvc_get_device_info()...
01-29 11:05:58.000  5977  6207 D libusb  : [51.878207] [0000183f] libusb: debug [op_get_config_descriptor] op_get_config_descriptor: config_index=0
01-29 11:05:58.000  5977  6207 D libusb  : [51.878329] [0000183f] libusb: debug [op_get_config_descriptor] op_get_config_descriptor: config_index=0
01-29 11:05:58.001  5977  6207 D Uvc     : [device.cpp:986] uvc_scan_control()...
01-29 11:05:58.001  5977  6207 D Uvc     : [device.cpp:1041] uvc_parse_vc_header()...
01-29 11:05:58.001  5977  6207 D Uvc     : [device.cpp:1284] uvc_scan_streaming()...
01-29 11:05:58.001  5977  6207 D Uvc     : [device.cpp:1340] uvc_parse_vs_input_header()...
01-29 11:05:58.001  5977  6207 D Uvc     : [device.cpp:1340] ...uvc_parse_vs_input_header() rc=0
01-29 11:05:58.001  5977  6207 D Uvc     : [device.cpp:1389] uvc_parse_vs_format_uncompressed()...
01-29 11:05:58.001  5977  6207 D Uvc     : [device.cpp:1389] ...uvc_parse_vs_format_uncompressed() rc=0
01-29 11:05:58.002  5977  6207 V Uvc     : [device.cpp:1630] unsupported descriptor subtype: 13 UVC_VS_COLORFORMAT
01-29 11:05:58.002  5977  6207 D Uvc     : [device.cpp:1449] uvc_parse_vs_format_mjpeg()...
01-29 11:05:58.002  5977  6207 D Uvc     : [device.cpp:1449] ...uvc_parse_vs_format_mjpeg() rc=0
01-29 11:05:58.003  5977  6207 V Uvc     : [device.cpp:1630] unsupported descriptor subtype: 13 UVC_VS_COLORFORMAT
01-29 11:05:58.003  5977  6207 D Uvc     : [device.cpp:1284] ...uvc_scan_streaming() rc=0
01-29 11:05:58.003  5977  6207 D Uvc     : [device.cpp:1041] ...uvc_parse_vc_header() rc=0
01-29 11:05:58.003  5977  6207 D Uvc     : [device.cpp:1083] uvc_parse_vc_input_terminal()...
01-29 11:05:58.003  5977  6207 D Uvc     : [device.cpp:1083] ...uvc_parse_vc_input_terminal() rc=0
01-29 11:05:58.003  5977  6207 D Uvc     : [device.cpp:1156] uvc_parse_vc_processing_unit()...
01-29 11:05:58.003  5977  6207 D Uvc     : [device.cpp:1156] ...uvc_parse_vc_processing_unit() rc=0
01-29 11:05:58.004  5977  6207 D Uvc     : [device.cpp:986] ...uvc_scan_control() rc=0
01-29 11:05:58.004  5977  6207 D Uvc     : [device.cpp:386] ...uvc_get_device_info() rc=0
01-29 11:05:58.004  5977  6207 D Uvc     : [device.cpp:326] claiming control interface 0
01-29 11:05:58.004  5977  6207 D Uvc     : [libuvc/libuvc_internal.h:770] uvc_device_handle::claimInterface(idx=0)...
01-29 11:05:58.005  5977  6207 D UvcDevice: claimInterface(0)
01-29 11:05:58.006  5977  6207 D UvcDevice: claimInterface(0) succeeded
01-29 11:05:58.006  5977  6207 D Uvc     : [libuvc/libuvc_internal.h:783] claimInterface(0) succeeded
01-29 11:05:58.006  5977  6207 D Uvc     : [libuvc/libuvc_internal.h:770] ...uvc_device_handle::claimInterface() rc=0
01-29 11:05:58.006  5977  6207 D Uvc     : [device.cpp:279] ...uvc_open() rc=0
01-29 11:05:58.006  5977  6207 V Uvc     : API: Java_org_firstinspires_ftc_robotcore_internal_camera_libuvc_nativeobject_UvcDevice_nativeOpenDeviceHandle: ...exit
01-29 11:05:58.006  5977  6207 D Uvc     : [jni_device.cpp:233] ...Java_org_firstinspires_ftc_robotcore_internal_camera_libuvc_nativeobject_UvcDevice_nativeOpenDeviceHandle()
01-29 11:05:58.007  5977  6207 V UvcDeviceHandle: construct(pointer=0xd3ac4390)
01-29 11:05:58.008  5977  6207 V CameraImpl: construct(0x0ce47e22)
01-29 11:05:58.010  5977  6207 D UsbResiliantWebcam.InterveningStateCallback: onOpened() camera=CameraImpl(UvcDeviceHandle(pointer=0xd3ac4390|UvcDevice(/dev/bus/usb/003/003)))...
01-29 11:05:58.012  5977  6207 D UsbResiliantWebcam: changeDelegatedCamera(null->CameraImpl(UvcDeviceHandle(pointer=0xd3ac4390|UvcDevice(/dev/bus/usb/003/003))))...
01-29 11:05:58.013  5977  6207 D UvcApiFocusControl: isModeSupported(Auto)...
01-29 11:05:58.013  5977  6207 D UvcApiFocusControl: ...isModeSupported(Auto): false
01-29 11:05:58.014  5977  6207 D UvcApiFocusControl: isModeSupported(ContinuousAuto)...
01-29 11:05:58.014  5977  6207 D UvcApiFocusControl: ...isModeSupported(ContinuousAuto): false
01-29 11:05:58.015  5977  6207 D UvcApiFocusControl: isModeSupported(Macro)...
01-29 11:05:58.015  5977  6207 D UvcApiFocusControl: ...isModeSupported(Macro): false
01-29 11:05:58.016  5977  6207 D UvcApiFocusControl: isModeSupported(Infinity)...
01-29 11:05:58.016  5977  6207 D UvcApiFocusControl: ...isModeSupported(Infinity): false
01-29 11:05:58.017  5977  6207 D UvcApiFocusControl: isModeSupported(Fixed)...
01-29 11:05:58.017  5977  6207 D UvcApiFocusControl: ...isModeSupported(Fixed): true
01-29 11:05:58.017  5977  6207 D UvcApiFocusControl: isFocusLengthSupported...
01-29 11:05:58.018  5977  6207 D UvcApiFocusControl: ...isFocusLengthSupported: false
01-29 11:05:58.022  5977  6207 D CachingExposureControl: onCameraChanged(null->CameraImpl(UvcDeviceHandle(pointer=0xd3ac4390|UvcDevice(/dev/bus/usb/003/003))))...
01-29 11:05:58.023  5977  6207 D UvcApiExposureControl: isModeSupported(Auto)...
01-29 11:05:58.025  5977  6207 D UvcApiExposureControl: ...isModeSupported(Auto): false
01-29 11:05:58.026  5977  6207 D UvcApiExposureControl: isModeSupported(ContinuousAuto)...
01-29 11:05:58.028  5977  6207 D UvcApiExposureControl: ...isModeSupported(ContinuousAuto): false
01-29 11:05:58.028  5977  6207 D UvcApiExposureControl: isModeSupported(Manual)...
01-29 11:05:58.030  5977  6207 D UvcApiExposureControl: ...isModeSupported(Manual): true
01-29 11:05:58.031  5977  6207 D UvcApiExposureControl: isModeSupported(ShutterPriority)...
01-29 11:05:58.032  5977  6207 D UvcApiExposureControl: ...isModeSupported(ShutterPriority): false
01-29 11:05:58.033  5977  6207 D UvcApiExposureControl: isModeSupported(AperturePriority)...
01-29 11:05:58.035  5977  6207 D UvcApiExposureControl: ...isModeSupported(AperturePriority): true
01-29 11:05:58.035  5977  6207 D UvcApiExposureControl: isExposureSupported()...
01-29 11:05:58.035  5977  6207 D UvcApiExposureControl: ...isExposureSupported(): true
01-29 11:05:58.035  5977  6207 D UvcApiExposureControl: getMinExposure(NANOSECONDS)...
01-29 11:05:58.035  5977  6207 D Uvc     : [jni_devicehandle.cpp:645] Java_org_firstinspires_ftc_robotcore_internal_camera_libuvc_nativeobject_UvcDeviceHandle_nativeGetMinExposure()...
01-29 11:05:58.037  5977  6207 D Uvc     : [jni_devicehandle.cpp:645] ...Java_org_firstinspires_ftc_robotcore_internal_camera_libuvc_nativeobject_UvcDeviceHandle_nativeGetMinExposure()
01-29 11:05:58.038  5977  6207 D UvcApiExposureControl: ...getMinExposure(NANOSECONDS): 100000
01-29 11:05:58.038  5977  6207 D UvcApiExposureControl: getMaxExposure(NANOSECONDS)...
01-29 11:05:58.040  5977  6207 D UvcApiExposureControl: ...getMaxExposure(NANOSECONDS): 1000000000
01-29 11:05:58.041  5977  6207 D UvcApiExposureControl: setAePriority()...
01-29 11:05:58.043  5977  6207 D UvcApiExposureControl: ...setAePriority()
01-29 11:05:58.043  5977  6207 D UvcApiExposureControl: getMode()...
01-29 11:05:58.043  5977  6207 D Uvc     : [jni_devicehandle.cpp:493] Java_org_firstinspires_ftc_robotcore_internal_camera_libuvc_nativeobject_UvcDeviceHandle_nativeGetVuforiaExposureMode()...
01-29 11:05:58.044  5977  6207 D Uvc     : [jni_devicehandle.cpp:493] ...Java_org_firstinspires_ftc_robotcore_internal_camera_libuvc_nativeobject_UvcDeviceHandle_nativeGetVuforiaExposureMode()
01-29 11:05:58.045  5977  6207 D UvcApiExposureControl: ...getMode(): AperturePriority
01-29 11:05:58.047  5977  6207 D CachingExposureControl: ...onCameraChanged(null->CameraImpl(UvcDeviceHandle(pointer=0xd3ac4390|UvcDevice(/dev/bus/usb/003/003))))
01-29 11:05:58.047  5977  6207 D UvcApiPtzControl: getMinZoom()...
01-29 11:05:58.048  5977  6207 E UvcDeviceHandle: [jni_devicehandle.cpp:219] Failed to get min zoom : error -9
01-29 11:05:58.049  5977  6207 D UvcApiPtzControl: ...getMinZoom(): 0
01-29 11:05:58.049  5977  6207 D UvcApiPtzControl: getMaxZoom()...
01-29 11:05:58.050  5977  6207 E UvcDeviceHandle: [jni_devicehandle.cpp:242] Failed to get max zoom : error -9
01-29 11:05:58.050  5977  6207 D UvcApiPtzControl: ...getMaxZoom(): 0
01-29 11:05:58.051  5977  6207 D UvcApiPtzControl: getMinPanTilt()...
01-29 11:05:58.052  5977  6207 E UvcDeviceHandle: [jni_devicehandle.cpp:365] Failed to get min pan/tilt : error -9
01-29 11:05:58.052  5977  6207 D UvcApiPtzControl: ...getMinPanTilt(): org.firstinspires.ftc.robotcore.external.hardware.camera.controls.PtzControl$PanTiltHolder@c0440b3
01-29 11:05:58.052  5977  6207 D UvcApiPtzControl: getMaxPanTilt()...
01-29 11:05:58.054  5977  6207 E UvcDeviceHandle: [jni_devicehandle.cpp:333] Failed to get max pan/tilt : error -9
01-29 11:05:58.054  5977  6207 D UvcApiPtzControl: ...getMaxPanTilt(): org.firstinspires.ftc.robotcore.external.hardware.camera.controls.PtzControl$PanTiltHolder@6f84670
01-29 11:05:58.054  5977  6207 D UvcApiPtzControl: getZoom()...
01-29 11:05:58.055  5977  6207 E UvcDeviceHandle: [jni_devicehandle.cpp:196] Failed to get zoom : error -9
01-29 11:05:58.056  5977  6207 D UvcApiPtzControl: ...getZoom(): 0
01-29 11:05:58.056  5977  6207 D UvcApiPtzControl: getPanTilt()...
01-29 11:05:58.057  5977  6207 E UvcDeviceHandle: [jni_devicehandle.cpp:301] Failed to get pan/tilt : error -9
01-29 11:05:58.057  5977  6207 D UvcApiPtzControl: ...getPanTilt(): org.firstinspires.ftc.robotcore.external.hardware.camera.controls.PtzControl$PanTiltHolder@7cc4de9
01-29 11:05:58.058  5977  6207 D UvcApiGainControl: getMinGain()...
01-29 11:05:58.058  5977  6207 D Uvc     : [jni_devicehandle.cpp:894] Java_org_firstinspires_ftc_robotcore_internal_camera_libuvc_nativeobject_UvcDeviceHandle_nativeGetMinGain()...
01-29 11:05:58.059  5977  6207 D Uvc     : [jni_devicehandle.cpp:894] ...Java_org_firstinspires_ftc_robotcore_internal_camera_libuvc_nativeobject_UvcDeviceHandle_nativeGetMinGain()
01-29 11:05:58.060  5977  6207 D UvcApiGainControl: ...getMinGain(): 0
01-29 11:05:58.060  5977  6207 D UvcApiGainControl: getMaxGain()...
01-29 11:05:58.060  5977  6207 D Uvc     : [jni_devicehandle.cpp:917] Java_org_firstinspires_ftc_robotcore_internal_camera_libuvc_nativeobject_UvcDeviceHandle_nativeGetMaxGain()...
01-29 11:05:58.062  5977  6207 D Uvc     : [jni_devicehandle.cpp:917] ...Java_org_firstinspires_ftc_robotcore_internal_camera_libuvc_nativeobject_UvcDeviceHandle_nativeGetMaxGain()
01-29 11:05:58.062  5977  6207 D UvcApiGainControl: ...getMaxGain(): 255
01-29 11:05:58.062  5977  6207 D UvcApiGainControl: getGain()...
01-29 11:05:58.062  5977  6207 D Uvc     : [jni_devicehandle.cpp:940] Java_org_firstinspires_ftc_robotcore_internal_camera_libuvc_nativeobject_UvcDeviceHandle_nativeGetGain()...
01-29 11:05:58.064  5977  6207 D Uvc     : [jni_devicehandle.cpp:940] ...Java_org_firstinspires_ftc_robotcore_internal_camera_libuvc_nativeobject_UvcDeviceHandle_nativeGetGain()
01-29 11:05:58.064  5977  6207 D UvcApiGainControl: ...getGain(): 0
01-29 11:05:58.064  5977  6207 D UvcApiWhiteBalanceControl: getMinWhiteBalanceTemperature()...
01-29 11:05:58.065  5977  6207 D Uvc     : [jni_devicehandle.cpp:726] Java_org_firstinspires_ftc_robotcore_internal_camera_libuvc_nativeobject_UvcDeviceHandle_nativeGetMinWhiteBalanceTemperature()...
01-29 11:05:58.066  5977  6207 D Uvc     : [jni_devicehandle.cpp:726] ...Java_org_firstinspires_ftc_robotcore_internal_camera_libuvc_nativeobject_UvcDeviceHandle_nativeGetMinWhiteBalanceTemperature()
01-29 11:05:58.066  5977  6207 D UvcApiWhiteBalanceControl: ...getMinWhiteBalanceTemperature(): 0
01-29 11:05:58.067  5977  6207 D UvcApiWhiteBalanceControl: getMaxWhiteBalanceTemperature()...
01-29 11:05:58.067  5977  6207 D Uvc     : [jni_devicehandle.cpp:748] Java_org_firstinspires_ftc_robotcore_internal_camera_libuvc_nativeobject_UvcDeviceHandle_nativeGetMaxWhiteBalanceTemperature()...
01-29 11:05:58.069  5977  6207 D Uvc     : [jni_devicehandle.cpp:748] ...Java_org_firstinspires_ftc_robotcore_internal_camera_libuvc_nativeobject_UvcDeviceHandle_nativeGetMaxWhiteBalanceTemperature()
01-29 11:05:58.069  5977  6207 D UvcApiWhiteBalanceControl: ...getMaxWhiteBalanceTemperature(): 10000
01-29 11:05:58.069  5977  6207 D UvcApiWhiteBalanceControl: getWhiteBalanceTemperature()...
01-29 11:05:58.070  5977  6207 D Uvc     : [jni_devicehandle.cpp:793] Java_org_firstinspires_ftc_robotcore_internal_camera_libuvc_nativeobject_UvcDeviceHandle_nativeGetWhiteBalanceTemperature()...
01-29 11:05:58.071  5977  6207 D Uvc     : [jni_devicehandle.cpp:793] ...Java_org_firstinspires_ftc_robotcore_internal_camera_libuvc_nativeobject_UvcDeviceHandle_nativeGetWhiteBalanceTemperature()
01-29 11:05:58.072  5977  6207 D UvcApiWhiteBalanceControl: ...getWhiteBalanceTemperature(): 4000
01-29 11:05:58.074  5977  6207 D UsbResiliantWebcam: ...changeDelegatedCamera(null->CameraImpl(UvcDeviceHandle(pointer=0xd3ac4390|UvcDevice(/dev/bus/usb/003/003))))
01-29 11:05:58.074  5977  6207 D UsbResiliantWebcam: openSelfAndReport()...
01-29 11:05:58.075  5977  6207 V CameraImpl: construct(0x0cf05a6e)
01-29 11:05:58.076  5977  6090 D CameraManager: camera reports opened: CameraImpl(UsbResiliantWebcam(Webcam(D5386480)))
01-29 11:05:58.076  5977  6207 D UsbResiliantWebcam: ...openSelfAndReport()
01-29 11:05:58.077  5977  6207 D UsbResiliantWebcam.InterveningStateCallback: ...onOpened() camera=CameraImpl(UvcDeviceHandle(pointer=0xd3ac4390|UvcDevice(/dev/bus/usb/003/003)))
01-29 11:05:58.077  5977  6090 D ContinuationSynchronizer: finish("camera reports opened: Webcam(D5386480)": CameraImpl(UsbResiliantWebcam(Webcam(D5386480))))...
01-29 11:05:58.077  5977  6207 D UvcDevice: ...open()
01-29 11:05:58.077  5977  6207 D UsbResiliantWebcam: ...openAssumingPermission()
01-29 11:05:58.077  5977  6090 D ContinuationSynchronizer: ...finish("camera reports opened: Webcam(D5386480)": CameraImpl(UsbResiliantWebcam(Webcam(D5386480))))
01-29 11:05:58.077  5977  6265 D ContinuationSynchronizer: ...awaiting(camera open)
01-29 11:05:58.077  5977  6207 D CameraManager: ...asyncOpenWebcam(Webcam(D5386480))
01-29 11:05:58.077  5977  6265 D CameraManager: ...doOpenCamera()
01-29 11:05:58.077  5977  6207 D CameraManager: ...asyncOpenCamera(Webcam(D5386480))
01-29 11:05:58.084  5977  6265 D UvcContext: usb device is *not* UVC compatible, /dev/bus/usb/003/004
01-29 11:05:58.085  5977  6265 D UvcContext: found webcam: usbPath=/dev/bus/usb/003/003 vid=0x46D pid=0x825 serial=D5386480 product=C270 HD WEBCAM
01-29 11:05:58.085  5977  6265 D Uvc     : [jni_context.cpp:120] Java_org_firstinspires_ftc_robotcore_internal_camera_libuvc_nativeobject_UvcContext_nativeCreateUvcDevice()...
01-29 11:05:58.085  5977  6265 V Uvc     : API: Java_org_firstinspires_ftc_robotcore_internal_camera_libuvc_nativeobject_UvcContext_nativeCreateUvcDevice: enter...
01-29 11:05:58.087  5977  6265 D libusb  : [51.965070] [00001879] libusb: debug [op_create] op_create: szUsbPath=/dev/bus/usb/003/003 szSysfsDir=3-1.4
01-29 11:05:58.087  5977  6265 D Uvc     : [device.cpp:613] uvc_create_uvc_device()...
01-29 11:05:58.088  5977  6265 D Uvc     : [libuvc/libuvc_internal.h:346] uvc_device::uvc_device()...
01-29 11:05:58.088  5977  6265 D Uvc     : [libuvc/libuvc_internal.h:375] acquired vid=1133 & pid=2085
01-29 11:05:58.088  5977  6265 D Uvc     : [libuvc/libuvc_internal.h:346] ...uvc_device::uvc_device()
01-29 11:05:58.088  5977  6265 D Uvc     : [device.cpp:613] ...uvc_create_uvc_device() rc=0
01-29 11:05:58.088  5977  6265 V Uvc     : API: Java_org_firstinspires_ftc_robotcore_internal_camera_libuvc_nativeobject_UvcContext_nativeCreateUvcDevice: ...exit
01-29 11:05:58.088  5977  6265 D Uvc     : [jni_context.cpp:120] ...Java_org_firstinspires_ftc_robotcore_internal_camera_libuvc_nativeobject_UvcContext_nativeCreateUvcDevice()
01-29 11:05:58.088  5977  6265 V UvcDevice: construct(pointer=0xd78c6b38|null)
01-29 11:05:58.088  5977  6265 D Uvc     : [jni_device.cpp:108] Java_org_firstinspires_ftc_robotcore_internal_camera_libuvc_nativeobject_UvcDevice_nativeGetLibUsbDevice()...
01-29 11:05:58.089  5977  6265 D Uvc     : [jni_device.cpp:108] ...Java_org_firstinspires_ftc_robotcore_internal_camera_libuvc_nativeobject_UvcDevice_nativeGetLibUsbDevice()
01-29 11:05:58.089  5977  6265 V LibUsbDevice: construct(pointer=0xd78b34a0)
01-29 11:05:58.089  5977  6265 V UvcApiCameraCharacteristicsBuilder: construct(0x0cf8350f)
01-29 11:05:58.089  5977  6265 D Uvc     : [jni_device.cpp:289] Java_org_firstinspires_ftc_robotcore_internal_camera_libuvc_nativeobject_UvcDevice_nativeGetDeviceInfo()...
01-29 11:05:58.089  5977  6265 V Uvc     : API: Java_org_firstinspires_ftc_robotcore_internal_camera_libuvc_nativeobject_UvcDevice_nativeGetDeviceInfo: enter...
01-29 11:05:58.089  5977  6265 D Uvc     : [device.cpp:386] uvc_get_device_info()...
01-29 11:05:58.090  5977  6265 D libusb  : [51.967598] [00001879] libusb: debug [op_get_config_descriptor] op_get_config_descriptor: config_index=0
01-29 11:05:58.090  5977  6265 D libusb  : [51.967659] [00001879] libusb: debug [op_get_config_descriptor] op_get_config_descriptor: config_index=0
01-29 11:05:58.090  5977  6265 D Uvc     : [device.cpp:986] uvc_scan_control()...
01-29 11:05:58.090  5977  6265 D Uvc     : [device.cpp:1041] uvc_parse_vc_header()...
01-29 11:05:58.090  5977  6265 D Uvc     : [device.cpp:1284] uvc_scan_streaming()...
01-29 11:05:58.090  5977  6265 D Uvc     : [device.cpp:1340] uvc_parse_vs_input_header()...
01-29 11:05:58.090  5977  6265 D Uvc     : [device.cpp:1340] ...uvc_parse_vs_input_header() rc=0
01-29 11:05:58.090  5977  6265 D Uvc     : [device.cpp:1389] uvc_parse_vs_format_uncompressed()...
01-29 11:05:58.090  5977  6265 D Uvc     : [device.cpp:1389] ...uvc_parse_vs_format_uncompressed() rc=0
01-29 11:05:58.090  5977  6265 V Uvc     : [device.cpp:1630] unsupported descriptor subtype: 13 UVC_VS_COLORFORMAT
01-29 11:05:58.090  5977  6265 D Uvc     : [device.cpp:1449] uvc_parse_vs_format_mjpeg()...
01-29 11:05:58.090  5977  6265 D Uvc     : [device.cpp:1449] ...uvc_parse_vs_format_mjpeg() rc=0
01-29 11:05:58.091  5977  6265 V Uvc     : [device.cpp:1630] unsupported descriptor subtype: 13 UVC_VS_COLORFORMAT
01-29 11:05:58.091  5977  6265 D Uvc     : [device.cpp:1284] ...uvc_scan_streaming() rc=0
01-29 11:05:58.091  5977  6265 D Uvc     : [device.cpp:1041] ...uvc_parse_vc_header() rc=0
01-29 11:05:58.091  5977  6265 D Uvc     : [device.cpp:1083] uvc_parse_vc_input_terminal()...
01-29 11:05:58.091  5977  6265 D Uvc     : [device.cpp:1083] ...uvc_parse_vc_input_terminal() rc=0
01-29 11:05:58.091  5977  6265 D Uvc     : [device.cpp:1156] uvc_parse_vc_processing_unit()...
01-29 11:05:58.091  5977  6265 D Uvc     : [device.cpp:1156] ...uvc_parse_vc_processing_unit() rc=0
01-29 11:05:58.091  5977  6265 D Uvc     : [device.cpp:986] ...uvc_scan_control() rc=0
01-29 11:05:58.091  5977  6265 D Uvc     : [device.cpp:386] ...uvc_get_device_info() rc=0
01-29 11:05:58.091  5977  6265 V Uvc     : API: Java_org_firstinspires_ftc_robotcore_internal_camera_libuvc_nativeobject_UvcDevice_nativeGetDeviceInfo: ...exit
01-29 11:05:58.091  5977  6265 D Uvc     : [jni_device.cpp:289] ...Java_org_firstinspires_ftc_robotcore_internal_camera_libuvc_nativeobject_UvcDevice_nativeGetDeviceInfo()
01-29 11:05:58.092  5977  6265 V UvcDeviceInfo: construct(pointer=0xd0a29500)
01-29 11:05:58.092  5977  6265 V UvcStreamingInterface: construct(pointer=0xd3aeeca0)
01-29 11:05:58.135  5977  6265 V UvcStreamingInterface: destroy(pointer=0xd3aeeca0)
01-29 11:05:58.136  5977  6265 V UvcDeviceInfo: destroy(pointer=0xd0a29500)
01-29 11:05:58.136  5977  6265 D Uvc     : [jni_deviceinfo.cpp:63] Java_org_firstinspires_ftc_robotcore_internal_camera_libuvc_nativeobject_UvcDeviceInfo_nativeFreeDeviceInfo()...
01-29 11:05:58.136  5977  6265 V Uvc     : API: Java_org_firstinspires_ftc_robotcore_internal_camera_libuvc_nativeobject_UvcDeviceInfo_nativeFreeDeviceInfo: enter...
01-29 11:05:58.136  5977  6265 D Uvc     : [device.cpp:433] uvc_free_device_info()...
01-29 11:05:58.136  5977  6265 D Uvc     : [device.cpp:433] ...uvc_free_device_info()
01-29 11:05:58.136  5977  6265 V Uvc     : API: Java_org_firstinspires_ftc_robotcore_internal_camera_libuvc_nativeobject_UvcDeviceInfo_nativeFreeDeviceInfo: ...exit
01-29 11:05:58.136  5977  6265 D Uvc     : [jni_deviceinfo.cpp:63] ...Java_org_firstinspires_ftc_robotcore_internal_camera_libuvc_nativeobject_UvcDeviceInfo_nativeFreeDeviceInfo()
01-29 11:05:58.136  5977  6265 V UvcApiCameraCharacteristicsBuilder: destroy(hash=0x0cf8350f)
01-29 11:05:58.137  5977  6265 V UvcDevice: destroy(pointer=0xd78c6b38|/dev/bus/usb/003/003)
01-29 11:05:58.137  5977  6265 D Uvc     : [jni_device.cpp:126] Java_org_firstinspires_ftc_robotcore_internal_camera_libuvc_nativeobject_UvcDevice_nativeReleaseRefDevice()...
01-29 11:05:58.137  5977  6265 V Uvc     : API: Java_org_firstinspires_ftc_robotcore_internal_camera_libuvc_nativeobject_UvcDevice_nativeReleaseRefDevice: enter...
01-29 11:05:58.137  5977  6265 D Uvc     : [device.cpp:882] uvc_unref_device()...
01-29 11:05:58.137  5977  6265 D Uvc     : [device.cpp:882] ...uvc_unref_device()
01-29 11:05:58.137  5977  6265 V Uvc     : API: Java_org_firstinspires_ftc_robotcore_internal_camera_libuvc_nativeobject_UvcDevice_nativeReleaseRefDevice: ...exit
01-29 11:05:58.137  5977  6265 D Uvc     : [jni_device.cpp:126] ...Java_org_firstinspires_ftc_robotcore_internal_camera_libuvc_nativeobject_UvcDevice_nativeReleaseRefDevice()
01-29 11:05:58.137  5977  6265 V LibUsbDevice: destroy(pointer=0xd78b34a0)
01-29 11:05:58.137  5977  6265 D Uvc     : [jni_libusb_device.cpp:64] Java_org_firstinspires_ftc_robotcore_internal_camera_libuvc_nativeobject_LibUsbDevice_nativeReleaseRefDevice()...
01-29 11:05:58.137  5977  6265 D Uvc     : [jni_libusb_device.cpp:64] ...Java_org_firstinspires_ftc_robotcore_internal_camera_libuvc_nativeobject_LibUsbDevice_nativeReleaseRefDevice()
01-29 11:05:58.139  5977  6265 D OpenCvViewport: CheckState(): user requested that we activate
01-29 11:05:58.139  5977  6265 D OpenCvViewport: CheckState(): activating viewport
01-29 11:05:58.140  5977  6265 D UsbResiliantWebcam: createCaptureSession()...
01-29 11:05:58.140  5977  6272 D OpenCvViewportRenderThread: Render thread is up!
01-29 11:05:58.140  5977  6265 V DelCaptureSession: construct(0x0e73599c)
01-29 11:05:58.141  5977  6265 D UsbResiliantWebcam|DelCaptureSession: onCameraChange(null->CameraImpl(UvcDeviceHandle(pointer=0xd3ac4390|UvcDevice(/dev/bus/usb/003/003))))...
01-29 11:05:58.141  5977  6265 D UsbResiliantWebcam|DelCaptureSession: ...onCameraChange(null->CameraImpl(UvcDeviceHandle(pointer=0xd3ac4390|UvcDevice(/dev/bus/usb/003/003))))
01-29 11:05:58.142  5977  6265 D CachingExposureControl: onCameraChanged(CameraImpl(UvcDeviceHandle(pointer=0xd3ac4390|UvcDevice(/dev/bus/usb/003/003)))->CameraImpl(UvcDeviceHandle(pointer=0xd3ac4390|UvcDevice(/dev/bus/usb/003/003))))...
01-29 11:05:58.142  5977  6265 D CachingExposureControl: ...onCameraChanged(CameraImpl(UvcDeviceHandle(pointer=0xd3ac4390|UvcDevice(/dev/bus/usb/003/003)))->CameraImpl(UvcDeviceHandle(pointer=0xd3ac4390|UvcDevice(/dev/bus/usb/003/003))))
01-29 11:05:58.143  5977  6265 D UsbResiliantWebcam: ...createCaptureSession()
01-29 11:05:58.143  5977  6131 D UsbResiliantWebcam|DelCaptureSession: startCapture()...
01-29 11:05:58.143  5977  6131 V DelCaptureSequence: construct(0x0712dfa5)
01-29 11:05:58.144  5977  6131 D UsbResiliantWebcam|DelCaptureSequence: onCameraChange(null->CameraImpl(UvcDeviceHandle(pointer=0xd3ac4390|UvcDevice(/dev/bus/usb/003/003))))...
01-29 11:05:58.144  5977  6131 D UsbResiliantWebcam|DelCaptureSequence: pauseStreaming(Stopped)...
01-29 11:05:58.144  5977  6131 D UsbResiliantWebcam|DelCaptureSequence: ...pauseStreaming(Stopped)
01-29 11:05:58.145  5977  6131 D UsbResiliantWebcam|DelCaptureSequence: resumeStreaming(Stopped)...
01-29 11:05:58.145  5977  6131 D UsbResiliantWebcam|DelCaptureSequence: ...resumeStreaming(Stopped)
01-29 11:05:58.145  5977  6131 D UsbResiliantWebcam|DelCaptureSequence: ...onCameraChange(null->CameraImpl(UvcDeviceHandle(pointer=0xd3ac4390|UvcDevice(/dev/bus/usb/003/003))))
01-29 11:05:58.145  5977  6131 D UsbResiliantWebcam|DelCaptureSequence: startStreaming(Stopped)...
01-29 11:05:58.145  5977  6131 D UsbResiliantWebcam|DelCaptureSequence: doStreaming()...
01-29 11:05:58.145  5977  6131 V UvcApiCaptureSession: construct(0x01cbaf7a)
01-29 11:05:58.146  5977  6207 D UsbResiliantWebcam|DelCaptureSession: camera session is configured: Webcam(D5386480)
01-29 11:05:58.147  5977  6131 V UvcApiCameraCaptureSequence: construct(0x058d132b)
01-29 11:05:58.147  5977  6131 D UvcDeviceHandle: getStreamControl(320x240 30)...
01-29 11:05:58.147  5977  6131 V UvcStreamCtrl: construct(0x072a7388)
01-29 11:05:58.147  5977  6131 D Uvc     : [jni_devicehandle.cpp:115] Java_org_firstinspires_ftc_robotcore_internal_camera_libuvc_nativeobject_UvcDeviceHandle_nativeGetStreamControlFormatSize()...
01-29 11:05:58.147  5977  6131 V Uvc     : API: Java_org_firstinspires_ftc_robotcore_internal_camera_libuvc_nativeobject_UvcDeviceHandle_nativeGetStreamControlFormatSize: enter...
01-29 11:05:58.147  5977  6131 D Uvc     : [stream.cpp:373] uvc_get_stream_ctrl_format_size()...
01-29 11:05:58.147  5977  6131 D Uvc     : [libuvc/libuvc_internal.h:770] uvc_device_handle::claimInterface(idx=1)...
01-29 11:05:58.148  5977  6131 D UvcDevice: claimInterface(1)
01-29 11:05:58.148  5977  6131 D UvcDevice: claimInterface(1) succeeded
01-29 11:05:58.148  5977  6131 D Uvc     : [libuvc/libuvc_internal.h:783] claimInterface(1) succeeded
01-29 11:05:58.148  5977  6131 D Uvc     : [libuvc/libuvc_internal.h:770] ...uvc_device_handle::claimInterface() rc=0
01-29 11:05:58.148  5977  6131 D UvcStream: [stream.cpp:412] 320x240 30fps
01-29 11:05:58.148  5977  6131 D Uvc     : [stream.cpp:162] uvc_query_stream_ctrl()...
01-29 11:05:58.152  5977  6131 D Uvc     : [stream.cpp:162] ...uvc_query_stream_ctrl() rc=0
01-29 11:05:58.152  5977  6131 D Uvc     : [libuvc/libuvc_internal.h:793] uvc_device_handle::releaseInterface()...
01-29 11:05:58.152  5977  6131 D UvcDevice: releaseInterface(1)
01-29 11:05:58.153  5977  6131 D UvcDevice: releaseInterface(1) succeeded
01-29 11:05:58.153  5977  6131 D Uvc     : [libuvc/libuvc_internal.h:793] ...uvc_device_handle::releaseInterface() rc=0
01-29 11:05:58.153  5977  6131 D Uvc     : [stream.cpp:523] uvc_probe_stream_ctrl()...
01-29 11:05:58.153  5977  6131 D Uvc     : [libuvc/libuvc_internal.h:770] uvc_device_handle::claimInterface(idx=1)...
01-29 11:05:58.153  5977  6131 D UvcDevice: claimInterface(1)
01-29 11:05:58.153  5977  6131 D UvcDevice: claimInterface(1) succeeded
01-29 11:05:58.153  5977  6131 D Uvc     : [libuvc/libuvc_internal.h:783] claimInterface(1) succeeded
01-29 11:05:58.153  5977  6131 D Uvc     : [libuvc/libuvc_internal.h:770] ...uvc_device_handle::claimInterface() rc=0
01-29 11:05:58.153  5977  6131 D Uvc     : [stream.cpp:162] uvc_query_stream_ctrl()...
01-29 11:05:58.157  5977  6131 D Uvc     : [stream.cpp:162] ...uvc_query_stream_ctrl() rc=0
01-29 11:05:58.157  5977  6131 D Uvc     : [stream.cpp:162] uvc_query_stream_ctrl()...
01-29 11:05:58.161  5977  6131 D Uvc     : [stream.cpp:162] ...uvc_query_stream_ctrl() rc=0
01-29 11:05:58.161  5977  6131 D Uvc     : [stream.cpp:523] ...uvc_probe_stream_ctrl() rc=0
01-29 11:05:58.161  5977  6131 D Uvc     : [stream.cpp:373] ...uvc_get_stream_ctrl_format_size() rc=0
01-29 11:05:58.161  5977  6131 V Uvc     : API: Java_org_firstinspires_ftc_robotcore_internal_camera_libuvc_nativeobject_UvcDeviceHandle_nativeGetStreamControlFormatSize: ...exit
01-29 11:05:58.161  5977  6131 D Uvc     : [jni_devicehandle.cpp:115] ...Java_org_firstinspires_ftc_robotcore_internal_camera_libuvc_nativeobject_UvcDeviceHandle_nativeGetStreamControlFormatSize()
01-29 11:05:58.161  5977  6131 D UvcDeviceHandle: ...getStreamControl(320x240 30)
01-29 11:05:58.162  5977  6131 D Uvc     : [jni_streamcontrol.cpp:101] Java_org_firstinspires_ftc_robotcore_internal_camera_libuvc_nativeobject_UvcStreamCtrl_nativeOpen()...
01-29 11:05:58.162  5977  6131 V Uvc     : API: Java_org_firstinspires_ftc_robotcore_internal_camera_libuvc_nativeobject_UvcStreamCtrl_nativeOpen: enter...
01-29 11:05:58.162  5977  6131 D Uvc     : [devicehandle.cpp:46] uvc_device_handle::openStreamControl()...
01-29 11:05:58.162  5977  6131 D Uvc     : [streamhandle.cpp:58] uvc_stream_handle::claimInterface()...
01-29 11:05:58.162  5977  6131 D Uvc     : [libuvc/libuvc_internal.h:770] uvc_device_handle::claimInterface(idx=1)...
01-29 11:05:58.162  5977  6131 D UvcDevice: claimInterface(1)
01-29 11:05:58.162  5977  6131 D UvcDevice: claimInterface(1) succeeded
01-29 11:05:58.162  5977  6131 D Uvc     : [libuvc/libuvc_internal.h:783] claimInterface(1) succeeded
01-29 11:05:58.162  5977  6131 D Uvc     : [libuvc/libuvc_internal.h:770] ...uvc_device_handle::claimInterface() rc=0
01-29 11:05:58.162  5977  6131 D Uvc     : [streamhandle.cpp:58] ...uvc_stream_handle::claimInterface() rc=0
01-29 11:05:58.162  5977  6131 D Uvc     : [stream.cpp:162] uvc_query_stream_ctrl()...
01-29 11:05:58.166  5977  6131 D Uvc     : [stream.cpp:162] ...uvc_query_stream_ctrl() rc=0
01-29 11:05:58.166  5977  6131 D Uvc     : [devicehandle.cpp:46] ...uvc_device_handle::openStreamControl() rc=0
01-29 11:05:58.166  5977  6131 V Uvc     : API: Java_org_firstinspires_ftc_robotcore_internal_camera_libuvc_nativeobject_UvcStreamCtrl_nativeOpen: ...exit
01-29 11:05:58.166  5977  6131 D Uvc     : [jni_streamcontrol.cpp:101] ...Java_org_firstinspires_ftc_robotcore_internal_camera_libuvc_nativeobject_UvcStreamCtrl_nativeOpen()
01-29 11:05:58.166  5977  6131 V UvcStreamHandle: construct(pointer=0xd78a6120)
01-29 11:05:58.167  5977  6131 D Uvc     : [jni_streamhandle.cpp:184] Java_org_firstinspires_ftc_robotcore_internal_camera_libuvc_nativeobject_UvcStreamHandle_nativeStopStreaming()...
01-29 11:05:58.167  5977  6131 V Uvc     : API: Java_org_firstinspires_ftc_robotcore_internal_camera_libuvc_nativeobject_UvcStreamHandle_nativeStopStreaming: enter...
01-29 11:05:58.167  5977  6131 D Uvc     : [stream.cpp:1514] uvc_stream_stop()...
01-29 11:05:58.167  5977  6131 D Uvc     : [stream.cpp:1514] ...uvc_stream_stop() rc=0
01-29 11:05:58.167  5977  6131 V Uvc     : API: Java_org_firstinspires_ftc_robotcore_internal_camera_libuvc_nativeobject_UvcStreamHandle_nativeStopStreaming: ...exit
01-29 11:05:58.167  5977  6131 D Uvc     : [jni_streamhandle.cpp:184] ...Java_org_firstinspires_ftc_robotcore_internal_camera_libuvc_nativeobject_UvcStreamHandle_nativeStopStreaming()
01-29 11:05:58.167  5977  6131 V UvcFrameCallback: construct(0x0f76d121)
01-29 11:05:58.167  5977  6131 V UvcFrameCallbackData: construct(pointer=0xd0a5cc58)
01-29 11:05:58.167  5977  6131 V Uvc     : API: Java_org_firstinspires_ftc_robotcore_internal_camera_libuvc_nativeobject_UvcStreamHandle_nativeStartStreaming: enter...
01-29 11:05:58.167  5977  6131 D Uvc     : [stream.cpp:970] uvc_stream_start_bandwidth()...
01-29 11:05:58.167  5977  6131 D Uvc     : [stream.cpp:1173] uvc_stream_handle::startIsochronousStreaming()...
01-29 11:05:58.167  5977  6131 D Uvc     : [libuvc/libuvc_internal.h:825] uvc_device_handle::setInterfaceAltSetting(setInterfaceAltSetting(intf=1 alt=11))...
01-29 11:05:58.168  5977  6131 D UvcDevice: setInterfaceAltSetting(1,11)
01-29 11:05:58.168  5977  6131 D UvcDevice: setInterfaceAltSetting(1,11) succeeded
01-29 11:05:58.168  5977  6131 D Uvc     : [libuvc/libuvc_internal.h:825] ...uvc_device_handle::setInterfaceAltSetting() rc=0
01-29 11:05:58.168  5977  6131 D Uvc     : [stream.cpp:1173] ...uvc_stream_handle::startIsochronousStreaming() rc=0
01-29 11:05:58.168  5977  6131 D Uvc     : [stream.cpp:1201] uvc_stream_handle::startUserCallbackThread()...
01-29 11:05:58.168  5977  6273 D UvcStream: [stream.cpp:1265] User Callback thread started
01-29 11:05:58.169  5977  6131 D Uvc     : [stream.cpp:1201] ...uvc_stream_handle::startUserCallbackThread() rc=0
01-29 11:05:58.169  5977  6131 D Uvc     : [stream.cpp:1221] uvc_stream_handle::submitTransfers()...
01-29 11:05:58.170  5977  6131 D Uvc     : [stream.cpp:1221] ...uvc_stream_handle::submitTransfers() rc=0
01-29 11:05:58.170  5977  6131 D Uvc     : [stream.cpp:970] ...uvc_stream_start_bandwidth() rc=0
01-29 11:05:58.170  5977  6131 D UvcStreamHandle: [jni_streamhandle.cpp:150] successfully started streaming
01-29 11:05:58.170  5977  6131 V Uvc     : API: Java_org_firstinspires_ftc_robotcore_internal_camera_libuvc_nativeobject_UvcStreamHandle_nativeStartStreaming: ...exit
01-29 11:05:58.170  5977  6131 V UvcStreamCtrl: destroy(pointer=0xd0a22180)
01-29 11:05:58.171  5977  6131 D UsbResiliantWebcam|DelCaptureSequence: ...doStreaming()
01-29 11:05:58.171  5977  6131 D UsbResiliantWebcam|DelCaptureSequence: ...startStreaming(Stopped)
01-29 11:05:58.171  5977  6131 D UsbResiliantWebcam|DelCaptureSession: ...startCapture()
01-29 11:05:58.171  5977  6131 I System.out: OpenCvWebcam: onConfigured
01-29 11:05:58.171  5977  6265 I System.out: OpenCvWebcam: streaming started
01-29 11:05:58.172  5977  6265 I global  :  RENO - AutoRoadRunner$1.onOpened(AutoRoadRunner.java:155): Start stream to detect sleeve color.
01-29 11:05:58.177  5977  6101 D UvcStream: [stream.cpp:729] this is the UVC processTransfer() stream processing thread
01-29 11:05:58.457  5977  6273 I global  :  RENO - ObjectDetection.sleeveColorDetect(ObjectDetection.java:125): Start Opcv process to detect sleeve color.
01-29 11:05:58.458  5977  6273 I global  :  RENO - ObjectDetection.sleeveColorDetect(ObjectDetection.java:132): Sleeve max color = 0.00, 0.00, 0.00
01-29 11:05:58.459  5977  6273 I global  :  RENO - ObjectDetection.sleeveColorDetect(ObjectDetection.java:151): Sleeve position: UNKNOWN
01-29 11:05:58.523  5977  6273 I global  :  RENO - ObjectDetection.sleeveColorDetect(ObjectDetection.java:125): Start Opcv process to detect sleeve color.
01-29 11:05:58.524  5977  6273 I global  :  RENO - ObjectDetection.sleeveColorDetect(ObjectDetection.java:132): Sleeve max color = 0.00, 0.00, 0.00
01-29 11:05:58.525  5977  6273 I global  :  RENO - ObjectDetection.sleeveColorDetect(ObjectDetection.java:151): Sleeve position: UNKNOWN
01-29 11:05:58.591  5977  6273 I global  :  RENO - ObjectDetection.sleeveColorDetect(ObjectDetection.java:125): Start Opcv process to detect sleeve color.
01-29 11:05:58.593  5977  6273 I global  :  RENO - ObjectDetection.sleeveColorDetect(ObjectDetection.java:132): Sleeve max color = 0.00, 0.00, 0.00
01-29 11:05:58.593  5977  6273 I global  :  RENO - ObjectDetection.sleeveColorDetect(ObjectDetection.java:151): Sleeve position: UNKNOWN
01-29 11:05:58.659  5977  6273 I global  :  RENO - ObjectDetection.sleeveColorDetect(ObjectDetection.java:125): Start Opcv process to detect sleeve color.
01-29 11:05:58.660  5977  6273 I global  :  RENO - ObjectDetection.sleeveColorDetect(ObjectDetection.java:132): Sleeve max color = 0.00, 0.00, 0.00
01-29 11:05:58.661  5977  6273 I global  :  RENO - ObjectDetection.sleeveColorDetect(ObjectDetection.java:151): Sleeve position: UNKNOWN
01-29 11:05:58.723  5977  6273 I global  :  RENO - ObjectDetection.sleeveColorDetect(ObjectDetection.java:125): Start Opcv process to detect sleeve color.
01-29 11:05:58.724  5977  6273 I global  :  RENO - ObjectDetection.sleeveColorDetect(ObjectDetection.java:132): Sleeve max color = 0.00, 0.00, 0.00
01-29 11:05:58.725  5977  6273 I global  :  RENO - ObjectDetection.sleeveColorDetect(ObjectDetection.java:151): Sleeve position: UNKNOWN
01-29 11:05:58.791  5977  6273 I global  :  RENO - ObjectDetection.sleeveColorDetect(ObjectDetection.java:125): Start Opcv process to detect sleeve color.
01-29 11:05:58.792  5977  6273 I global  :  RENO - ObjectDetection.sleeveColorDetect(ObjectDetection.java:132): Sleeve max color = 0.00, 0.00, 0.00
01-29 11:05:58.793  5977  6273 I global  :  RENO - ObjectDetection.sleeveColorDetect(ObjectDetection.java:151): Sleeve position: UNKNOWN
01-29 11:05:58.859  5977  6273 I global  :  RENO - ObjectDetection.sleeveColorDetect(ObjectDetection.java:125): Start Opcv process to detect sleeve color.
01-29 11:05:58.860  5977  6273 I global  :  RENO - ObjectDetection.sleeveColorDetect(ObjectDetection.java:132): Sleeve max color = 0.00, 0.00, 0.00
01-29 11:05:58.861  5977  6273 I global  :  RENO - ObjectDetection.sleeveColorDetect(ObjectDetection.java:151): Sleeve position: UNKNOWN
01-29 11:05:58.923  5977  6273 I global  :  RENO - ObjectDetection.sleeveColorDetect(ObjectDetection.java:125): Start Opcv process to detect sleeve color.
01-29 11:05:58.924  5977  6273 I global  :  RENO - ObjectDetection.sleeveColorDetect(ObjectDetection.java:132): Sleeve max color = 0.00, 0.00, 0.00
01-29 11:05:58.925  5977  6273 I global  :  RENO - ObjectDetection.sleeveColorDetect(ObjectDetection.java:151): Sleeve position: UNKNOWN
01-29 11:05:58.991  5977  6273 I global  :  RENO - ObjectDetection.sleeveColorDetect(ObjectDetection.java:125): Start Opcv process to detect sleeve color.
01-29 11:05:58.992  5977  6273 I global  :  RENO - ObjectDetection.sleeveColorDetect(ObjectDetection.java:132): Sleeve max color = 0.00, 0.00, 0.00
01-29 11:05:58.993  5977  6273 I global  :  RENO - ObjectDetection.sleeveColorDetect(ObjectDetection.java:151): Sleeve position: UNKNOWN
01-29 11:05:59.059  5977  6273 I global  :  RENO - ObjectDetection.sleeveColorDetect(ObjectDetection.java:125): Start Opcv process to detect sleeve color.
01-29 11:05:59.060  5977  6273 I global  :  RENO - ObjectDetection.sleeveColorDetect(ObjectDetection.java:132): Sleeve max color = 0.00, 0.00, 0.00
01-29 11:05:59.061  5977  6273 I global  :  RENO - ObjectDetection.sleeveColorDetect(ObjectDetection.java:151): Sleeve position: UNKNOWN
01-29 11:05:59.127  5977  6273 I global  :  RENO - ObjectDetection.sleeveColorDetect(ObjectDetection.java:125): Start Opcv process to detect sleeve color.
01-29 11:05:59.128  5977  6273 I global  :  RENO - ObjectDetection.sleeveColorDetect(ObjectDetection.java:132): Sleeve max color = 0.00, 0.00, 0.00
01-29 11:05:59.129  5977  6273 I global  :  RENO - ObjectDetection.sleeveColorDetect(ObjectDetection.java:151): Sleeve position: UNKNOWN
01-29 11:05:59.191  5977  6273 I global  :  RENO - ObjectDetection.sleeveColorDetect(ObjectDetection.java:125): Start Opcv process to detect sleeve color.
01-29 11:05:59.192  5977  6273 I global  :  RENO - ObjectDetection.sleeveColorDetect(ObjectDetection.java:132): Sleeve max color = 265732.00, 263645.00, 269525.00
01-29 11:05:59.193  5977  6264 I global  :  RENO - AutoRoadRunner.runOpMode(AutoRoadRunner.java:191): Parking Lot position: RIGHT
01-29 11:05:59.193  5977  6273 I global  :  RENO - ObjectDetection.sleeveColorDetect(ObjectDetection.java:151): Sleeve position: RIGHT
01-29 11:05:59.259  5977  6273 I global  :  RENO - ObjectDetection.sleeveColorDetect(ObjectDetection.java:125): Start Opcv process to detect sleeve color.
01-29 11:05:59.261  5977  6273 I global  :  RENO - ObjectDetection.sleeveColorDetect(ObjectDetection.java:132): Sleeve max color = 259084.00, 256578.00, 262376.00
01-29 11:05:59.261  5977  6273 I global  :  RENO - ObjectDetection.sleeveColorDetect(ObjectDetection.java:151): Sleeve position: RIGHT
01-29 11:05:59.327  5977  6273 I global  :  RENO - ObjectDetection.sleeveColorDetect(ObjectDetection.java:125): Start Opcv process to detect sleeve color.
01-29 11:05:59.328  5977  6273 I global  :  RENO - ObjectDetection.sleeveColorDetect(ObjectDetection.java:132): Sleeve max color = 239661.00, 235466.00, 242446.00
01-29 11:05:59.329  5977  6273 I global  :  RENO - ObjectDetection.sleeveColorDetect(ObjectDetection.java:151): Sleeve position: RIGHT
01-29 11:05:59.376  5977  6273 I global  :  RENO - ObjectDetection.sleeveColorDetect(ObjectDetection.java:125): Start Opcv process to detect sleeve color.
01-29 11:05:59.377  5977  6273 I global  :  RENO - ObjectDetection.sleeveColorDetect(ObjectDetection.java:132): Sleeve max color = 232793.00, 229294.00, 235079.00
01-29 11:05:59.378  5977  6273 I global  :  RENO - ObjectDetection.sleeveColorDetect(ObjectDetection.java:151): Sleeve position: RIGHT
01-29 11:05:59.427  5977  6273 I global  :  RENO - ObjectDetection.sleeveColorDetect(ObjectDetection.java:125): Start Opcv process to detect sleeve color.
01-29 11:05:59.428  5977  6273 I global  :  RENO - ObjectDetection.sleeveColorDetect(ObjectDetection.java:132): Sleeve max color = 240320.00, 238684.00, 243321.00
01-29 11:05:59.429  5977  6273 I global  :  RENO - ObjectDetection.sleeveColorDetect(ObjectDetection.java:151): Sleeve position: RIGHT
01-29 11:05:59.475  5977  6273 I global  :  RENO - ObjectDetection.sleeveColorDetect(ObjectDetection.java:125): Start Opcv process to detect sleeve color.
01-29 11:05:59.476  5977  6273 I global  :  RENO - ObjectDetection.sleeveColorDetect(ObjectDetection.java:132): Sleeve max color = 233591.00, 234072.00, 239937.00
01-29 11:05:59.477  5977  6273 I global  :  RENO - ObjectDetection.sleeveColorDetect(ObjectDetection.java:151): Sleeve position: RIGHT
01-29 11:05:59.527  5977  6273 I global  :  RENO - ObjectDetection.sleeveColorDetect(ObjectDetection.java:125): Start Opcv process to detect sleeve color.
01-29 11:05:59.528  5977  6273 I global  :  RENO - ObjectDetection.sleeveColorDetect(ObjectDetection.java:132): Sleeve max color = 211052.00, 213820.00, 220998.00
01-29 11:05:59.529  5977  6273 I global  :  RENO - ObjectDetection.sleeveColorDetect(ObjectDetection.java:151): Sleeve position: RIGHT
01-29 11:05:59.579  5977  6273 I global  :  RENO - ObjectDetection.sleeveColorDetect(ObjectDetection.java:125): Start Opcv process to detect sleeve color.
01-29 11:05:59.580  5977  6273 I global  :  RENO - ObjectDetection.sleeveColorDetect(ObjectDetection.java:132): Sleeve max color = 189569.00, 193256.00, 202462.00
01-29 11:05:59.581  5977  6273 I global  :  RENO - ObjectDetection.sleeveColorDetect(ObjectDetection.java:151): Sleeve position: RIGHT
01-29 11:05:59.627  5977  6273 I global  :  RENO - ObjectDetection.sleeveColorDetect(ObjectDetection.java:125): Start Opcv process to detect sleeve color.
01-29 11:05:59.628  5977  6273 I global  :  RENO - ObjectDetection.sleeveColorDetect(ObjectDetection.java:132): Sleeve max color = 174768.00, 176413.00, 189326.00
01-29 11:05:59.629  5977  6273 I global  :  RENO - ObjectDetection.sleeveColorDetect(ObjectDetection.java:151): Sleeve position: RIGHT
01-29 11:05:59.679  5977  6273 I global  :  RENO - ObjectDetection.sleeveColorDetect(ObjectDetection.java:125): Start Opcv process to detect sleeve color.
01-29 11:05:59.680  5977  6273 I global  :  RENO - ObjectDetection.sleeveColorDetect(ObjectDetection.java:132): Sleeve max color = 161711.00, 163014.00, 175853.00
01-29 11:05:59.681  5977  6273 I global  :  RENO - ObjectDetection.sleeveColorDetect(ObjectDetection.java:151): Sleeve position: RIGHT
01-29 11:05:59.727  5977  6273 I global  :  RENO - ObjectDetection.sleeveColorDetect(ObjectDetection.java:125): Start Opcv process to detect sleeve color.
01-29 11:05:59.728  5977  6273 I global  :  RENO - ObjectDetection.sleeveColorDetect(ObjectDetection.java:132): Sleeve max color = 153180.00, 153150.00, 165561.00
01-29 11:05:59.729  5977  6273 I global  :  RENO - ObjectDetection.sleeveColorDetect(ObjectDetection.java:151): Sleeve position: RIGHT
01-29 11:05:59.779  5977  6273 I global  :  RENO - ObjectDetection.sleeveColorDetect(ObjectDetection.java:125): Start Opcv process to detect sleeve color.
01-29 11:05:59.780  5977  6273 I global  :  RENO - ObjectDetection.sleeveColorDetect(ObjectDetection.java:132): Sleeve max color = 147987.00, 146977.00, 157303.00
01-29 11:05:59.781  5977  6273 I global  :  RENO - ObjectDetection.sleeveColorDetect(ObjectDetection.java:151): Sleeve position: RIGHT
01-29 11:05:59.827  5977  6273 I global  :  RENO - ObjectDetection.sleeveColorDetect(ObjectDetection.java:125): Start Opcv process to detect sleeve color.
01-29 11:05:59.828  5977  6273 I global  :  RENO - ObjectDetection.sleeveColorDetect(ObjectDetection.java:132): Sleeve max color = 144608.00, 141966.00, 149694.00
01-29 11:05:59.829  5977  6273 I global  :  RENO - ObjectDetection.sleeveColorDetect(ObjectDetection.java:151): Sleeve position: RIGHT
01-29 11:05:59.879  5977  6273 I global  :  RENO - ObjectDetection.sleeveColorDetect(ObjectDetection.java:125): Start Opcv process to detect sleeve color.
01-29 11:05:59.880  5977  6273 I global  :  RENO - ObjectDetection.sleeveColorDetect(ObjectDetection.java:132): Sleeve max color = 141994.00, 137656.00, 144691.00
01-29 11:05:59.881  5977  6273 I global  :  RENO - ObjectDetection.sleeveColorDetect(ObjectDetection.java:151): Sleeve position: RIGHT
01-29 11:05:59.927  5977  6273 I global  :  RENO - ObjectDetection.sleeveColorDetect(ObjectDetection.java:125): Start Opcv process to detect sleeve color.
01-29 11:05:59.928  5977  6273 I global  :  RENO - ObjectDetection.sleeveColorDetect(ObjectDetection.java:132): Sleeve max color = 143592.00, 139950.00, 144943.00
01-29 11:05:59.929  5977  6273 I global  :  RENO - ObjectDetection.sleeveColorDetect(ObjectDetection.java:151): Sleeve position: RIGHT
01-29 11:05:59.980  5977  6273 I global  :  RENO - ObjectDetection.sleeveColorDetect(ObjectDetection.java:125): Start Opcv process to detect sleeve color.
01-29 11:05:59.981  5977  6273 I global  :  RENO - ObjectDetection.sleeveColorDetect(ObjectDetection.java:132): Sleeve max color = 135671.00, 132723.00, 139548.00
01-29 11:05:59.981  5977  6273 I global  :  RENO - ObjectDetection.sleeveColorDetect(ObjectDetection.java:151): Sleeve position: RIGHT
01-29 11:06:00.027  5977  6273 I global  :  RENO - ObjectDetection.sleeveColorDetect(ObjectDetection.java:125): Start Opcv process to detect sleeve color.
01-29 11:06:00.028  5977  6273 I global  :  RENO - ObjectDetection.sleeveColorDetect(ObjectDetection.java:132): Sleeve max color = 100818.00, 100692.00, 113259.00
01-29 11:06:00.029  5977  6273 I global  :  RENO - ObjectDetection.sleeveColorDetect(ObjectDetection.java:151): Sleeve position: RIGHT
01-29 11:06:00.063  5977  6273 I global  :  RENO - ObjectDetection.sleeveColorDetect(ObjectDetection.java:125): Start Opcv process to detect sleeve color.
01-29 11:06:00.064  5977  6273 I global  :  RENO - ObjectDetection.sleeveColorDetect(ObjectDetection.java:132): Sleeve max color = 98952.00, 100470.00, 114107.00
01-29 11:06:00.065  5977  6273 I global  :  RENO - ObjectDetection.sleeveColorDetect(ObjectDetection.java:151): Sleeve position: RIGHT
01-29 11:06:00.095  5977  6273 I global  :  RENO - ObjectDetection.sleeveColorDetect(ObjectDetection.java:125): Start Opcv process to detect sleeve color.
01-29 11:06:00.096  5977  6273 I global  :  RENO - ObjectDetection.sleeveColorDetect(ObjectDetection.java:132): Sleeve max color = 97107.00, 98339.00, 112286.00
01-29 11:06:00.097  5977  6273 I global  :  RENO - ObjectDetection.sleeveColorDetect(ObjectDetection.java:151): Sleeve position: RIGHT
01-29 11:06:00.131  5977  6273 I global  :  RENO - ObjectDetection.sleeveColorDetect(ObjectDetection.java:125): Start Opcv process to detect sleeve color.
01-29 11:06:00.132  5977  6273 I global  :  RENO - ObjectDetection.sleeveColorDetect(ObjectDetection.java:132): Sleeve max color = 93922.00, 94715.00, 107965.00
01-29 11:06:00.133  5977  6273 I global  :  RENO - ObjectDetection.sleeveColorDetect(ObjectDetection.java:151): Sleeve position: RIGHT
01-29 11:06:00.163  5977  6273 I global  :  RENO - ObjectDetection.sleeveColorDetect(ObjectDetection.java:125): Start Opcv process to detect sleeve color.
01-29 11:06:00.164  5977  6273 I global  :  RENO - ObjectDetection.sleeveColorDetect(ObjectDetection.java:132): Sleeve max color = 90917.00, 91243.00, 104553.00
01-29 11:06:00.165  5977  6273 I global  :  RENO - ObjectDetection.sleeveColorDetect(ObjectDetection.java:151): Sleeve position: RIGHT
01-29 11:06:00.195  5977  6273 I global  :  RENO - ObjectDetection.sleeveColorDetect(ObjectDetection.java:125): Start Opcv process to detect sleeve color.
01-29 11:06:00.196  5977  6273 I global  :  RENO - ObjectDetection.sleeveColorDetect(ObjectDetection.java:132): Sleeve max color = 91355.00, 91463.00, 104749.00
