02-01 16:22:24.247  1933  2320 D WebcamNameImpl: permission already available for /dev/bus/usb/003/004
02-01 16:22:24.248  1933  2320 V WebcamNameImpl: ...asyncRequestUsbPermission()
02-01 16:22:24.249  1933  2320 D ContinuationSynchronizer: awaiting(camera open)...
02-01 16:22:24.249  1933  2321 D WebcamNameImpl: permission for /dev/bus/usb/003/004=true
02-01 16:22:24.249  1933  2321 D CameraManager: permission granted for camera: Webcam(D5386480)
02-01 16:22:24.249  1933  2319 V BHI260IMU: Suppressing I2C warnings while we check for a BHI260AP IMU
02-01 16:22:24.250  1933  2321 D CameraManager: asyncOpenCamera(Webcam(D5386480))...
02-01 16:22:24.251  1933  2321 D CameraManager: asyncOpenWebcam(Webcam(D5386480))...
02-01 16:22:24.252  1933  2321 V UsbResiliantWebcam: construct(0x005fc538)
02-01 16:22:24.253  1933  2321 D UsbResiliantWebcam: openAssumingPermission()...
02-01 16:22:24.254  1933  2319 V BHI260IMU: Found BHI260AP IMU
02-01 16:22:24.257  1933  2140 V Robocol : sending CMD_NOTIFY_INIT_OP_MODE(2414), attempt: 0
02-01 16:22:24.258  1933  2140 V Robocol : sending CMD_STREAM_CHANGE(2415), attempt: 0
02-01 16:22:24.260  1933  2321 D UvcContext: found webcam: usbPath=/dev/bus/usb/003/004 vid=0x46D pid=0x825 serial=D5386480 product=C270 HD WEBCAM
02-01 16:22:24.260  1933  2321 D Uvc     : [jni_context.cpp:120] Java_org_firstinspires_ftc_robotcore_internal_camera_libuvc_nativeobject_UvcContext_nativeCreateUvcDevice()...
02-01 16:22:24.260  1933  2321 V Uvc     : API: Java_org_firstinspires_ftc_robotcore_internal_camera_libuvc_nativeobject_UvcContext_nativeCreateUvcDevice: enter...
02-01 16:22:24.264  1933  2321 D libusb  : [217.815173] [00000911] libusb: debug [op_create] op_create: szUsbPath=/dev/bus/usb/003/004 szSysfsDir=3-1.4
02-01 16:22:24.264  1933  2321 D Uvc     : [device.cpp:613] uvc_create_uvc_device()...
02-01 16:22:24.264  1933  2321 D Uvc     : [libuvc/libuvc_internal.h:346] uvc_device::uvc_device()...
02-01 16:22:24.264  1933  2321 D Uvc     : [libuvc/libuvc_internal.h:375] acquired vid=1133 & pid=2085
02-01 16:22:24.264  1933  2321 D Uvc     : [libuvc/libuvc_internal.h:346] ...uvc_device::uvc_device()
02-01 16:22:24.264  1933  2321 D Uvc     : [device.cpp:613] ...uvc_create_uvc_device() rc=0
02-01 16:22:24.264  1933  2321 V Uvc     : API: Java_org_firstinspires_ftc_robotcore_internal_camera_libuvc_nativeobject_UvcContext_nativeCreateUvcDevice: ...exit
02-01 16:22:24.264  1933  2321 D Uvc     : [jni_context.cpp:120] ...Java_org_firstinspires_ftc_robotcore_internal_camera_libuvc_nativeobject_UvcContext_nativeCreateUvcDevice()
02-01 16:22:24.265  1933  2321 V UvcDevice: construct(pointer=0xc5eca5f0|null)
02-01 16:22:24.266  1933  2321 D Uvc     : [jni_device.cpp:108] Java_org_firstinspires_ftc_robotcore_internal_camera_libuvc_nativeobject_UvcDevice_nativeGetLibUsbDevice()...
02-01 16:22:24.266  1933  2321 D Uvc     : [jni_device.cpp:108] ...Java_org_firstinspires_ftc_robotcore_internal_camera_libuvc_nativeobject_UvcDevice_nativeGetLibUsbDevice()
02-01 16:22:24.266  1933  2321 V LibUsbDevice: construct(pointer=0xcb735680)
02-01 16:22:24.266  1933  2321 D UvcContext: usb device is *not* UVC compatible, /dev/bus/usb/003/003
02-01 16:22:24.272  1933  1933 D OpenCvViewport: surfaceCreated()
02-01 16:22:24.272  1933  1933 D OpenCvViewport: ...surfaceCreated()
02-01 16:22:24.272  1933  1933 D OpenCvViewport: surfaceChanged()
02-01 16:22:24.272  1933  1933 D OpenCvViewport: CheckState(): user requested that we deactivate
02-01 16:22:24.272  1933  1933 D OpenCvViewport: CheckState(): already deactivated
02-01 16:22:24.272  1933  1933 D OpenCvViewport: ...surfaceChanged()
02-01 16:22:24.273  1933  2321 D UvcDevice: open()...
02-01 16:22:24.285  1933  2319 D BHI260IMU: Firmware version: 20
02-01 16:22:24.299  1933  2319 V BHI260IMU: Suppressing I2C warnings while we check for a BHI260AP IMU
02-01 16:22:24.302  1933  2319 V BHI260IMU: Found BHI260AP IMU
02-01 16:22:24.319  1933  2319 D BHI260IMU: Firmware version: 20
02-01 16:22:24.332  1933  2321 D Uvc     : [jni_device.cpp:50] Java_org_firstinspires_ftc_robotcore_internal_camera_libuvc_nativeobject_UvcDevice_nativeSetUsbDeviceInfo()...
02-01 16:22:24.332  1933  2321 D Uvc     : [jni_device.cpp:50] ...Java_org_firstinspires_ftc_robotcore_internal_camera_libuvc_nativeobject_UvcDevice_nativeSetUsbDeviceInfo()
02-01 16:22:24.332  1933  2321 D Uvc     : [jni_device.cpp:233] Java_org_firstinspires_ftc_robotcore_internal_camera_libuvc_nativeobject_UvcDevice_nativeOpenDeviceHandle()...
02-01 16:22:24.332  1933  2321 V Uvc     : API: Java_org_firstinspires_ftc_robotcore_internal_camera_libuvc_nativeobject_UvcDevice_nativeOpenDeviceHandle: enter...
02-01 16:22:24.333  1933  2321 D Uvc     : [device.cpp:279] uvc_open()...
02-01 16:22:24.333  1933  2321 D Uvc     : [libuvc/libuvc_internal.h:356] uvc_device::open()...
02-01 16:22:24.333  1933  2321 D libusb  : [217.884202] [00000911] libusb: debug [op_open] op_open: szUsbPath=/dev/bus/usb/003/004
02-01 16:22:24.333  1933  2321 D Uvc     : [libuvc/libuvc_internal.h:356] ...uvc_device::open() rc=0
02-01 16:22:24.333  1933  2321 D Uvc     : [device.cpp:295] calling libusb_reset_device()...
02-01 16:22:24.394  1933  2319 I global  :  RENO - SlidersWith2Motors.init(SlidersWith2Motors.java:78): init slider motors.
02-01 16:22:24.438  1933  2319 I global  :  RENO - ArmClawUnit.init(ArmClawUnit.java:90): init servo motors for arm and claw.
02-01 16:22:24.906  1933  2321 D Uvc     : [device.cpp:303] ...libusb_reset_device() called
02-01 16:22:24.906  1933  2321 D Uvc     : [device.cpp:311] libusb_open() = 0
02-01 16:22:24.906  1933  2321 D Uvc     : [libuvc/libuvc_internal.h:732] uvc_device_handle::uvc_device_handle()...
02-01 16:22:24.906  1933  2321 D Uvc     : [libuvc/libuvc_internal.h:732] ...uvc_device_handle::uvc_device_handle()
02-01 16:22:24.906  1933  2321 D Uvc     : [device.cpp:386] uvc_get_device_info()...
02-01 16:22:24.906  1933  2321 D libusb  : [218.457801] [00000911] libusb: debug [op_get_config_descriptor] op_get_config_descriptor: config_index=0
02-01 16:22:24.906  1933  2321 D libusb  : [218.457923] [00000911] libusb: debug [op_get_config_descriptor] op_get_config_descriptor: config_index=0
02-01 16:22:24.907  1933  2321 D Uvc     : [device.cpp:986] uvc_scan_control()...
02-01 16:22:24.907  1933  2321 D Uvc     : [device.cpp:1041] uvc_parse_vc_header()...
02-01 16:22:24.907  1933  2321 D Uvc     : [device.cpp:1284] uvc_scan_streaming()...
02-01 16:22:24.908  1933  2321 D Uvc     : [device.cpp:1340] uvc_parse_vs_input_header()...
02-01 16:22:24.908  1933  2321 D Uvc     : [device.cpp:1340] ...uvc_parse_vs_input_header() rc=0
02-01 16:22:24.908  1933  2321 D Uvc     : [device.cpp:1389] uvc_parse_vs_format_uncompressed()...
02-01 16:22:24.908  1933  2321 D Uvc     : [device.cpp:1389] ...uvc_parse_vs_format_uncompressed() rc=0
02-01 16:22:24.909  1933  2321 V Uvc     : [device.cpp:1630] unsupported descriptor subtype: 13 UVC_VS_COLORFORMAT
02-01 16:22:24.909  1933  2321 D Uvc     : [device.cpp:1449] uvc_parse_vs_format_mjpeg()...
02-01 16:22:24.909  1933  2321 D Uvc     : [device.cpp:1449] ...uvc_parse_vs_format_mjpeg() rc=0
02-01 16:22:24.911  1933  2321 V Uvc     : [device.cpp:1630] unsupported descriptor subtype: 13 UVC_VS_COLORFORMAT
02-01 16:22:24.911  1933  2321 D Uvc     : [device.cpp:1284] ...uvc_scan_streaming() rc=0
02-01 16:22:24.911  1933  2321 D Uvc     : [device.cpp:1041] ...uvc_parse_vc_header() rc=0
02-01 16:22:24.911  1933  2321 D Uvc     : [device.cpp:1083] uvc_parse_vc_input_terminal()...
02-01 16:22:24.911  1933  2321 D Uvc     : [device.cpp:1083] ...uvc_parse_vc_input_terminal() rc=0
02-01 16:22:24.911  1933  2321 D Uvc     : [device.cpp:1156] uvc_parse_vc_processing_unit()...
02-01 16:22:24.911  1933  2321 D Uvc     : [device.cpp:1156] ...uvc_parse_vc_processing_unit() rc=0
02-01 16:22:24.911  1933  2321 D Uvc     : [device.cpp:986] ...uvc_scan_control() rc=0
02-01 16:22:24.911  1933  2321 D Uvc     : [device.cpp:386] ...uvc_get_device_info() rc=0
02-01 16:22:24.911  1933  2321 D Uvc     : [device.cpp:326] claiming control interface 0
02-01 16:22:24.911  1933  2321 D Uvc     : [libuvc/libuvc_internal.h:770] uvc_device_handle::claimInterface(idx=0)...
02-01 16:22:24.912  1933  2321 D UvcDevice: claimInterface(0)
02-01 16:22:24.913  1933  2321 D UvcDevice: claimInterface(0) succeeded
02-01 16:22:24.913  1933  2321 D Uvc     : [libuvc/libuvc_internal.h:783] claimInterface(0) succeeded
02-01 16:22:24.913  1933  2321 D Uvc     : [libuvc/libuvc_internal.h:770] ...uvc_device_handle::claimInterface() rc=0
02-01 16:22:24.913  1933  2321 D Uvc     : [device.cpp:279] ...uvc_open() rc=0
02-01 16:22:24.913  1933  2321 V Uvc     : API: Java_org_firstinspires_ftc_robotcore_internal_camera_libuvc_nativeobject_UvcDevice_nativeOpenDeviceHandle: ...exit
02-01 16:22:24.913  1933  2321 D Uvc     : [jni_device.cpp:233] ...Java_org_firstinspires_ftc_robotcore_internal_camera_libuvc_nativeobject_UvcDevice_nativeOpenDeviceHandle()
02-01 16:22:24.914  1933  2321 V UvcDeviceHandle: construct(pointer=0xc5e69a30)
02-01 16:22:24.915  1933  2321 V CameraImpl: construct(0x0537aa76)
02-01 16:22:24.917  1933  2321 D UsbResiliantWebcam.InterveningStateCallback: onOpened() camera=CameraImpl(UvcDeviceHandle(pointer=0xc5e69a30|UvcDevice(/dev/bus/usb/003/004)))...
02-01 16:22:24.918  1933  2321 D UsbResiliantWebcam: changeDelegatedCamera(null->CameraImpl(UvcDeviceHandle(pointer=0xc5e69a30|UvcDevice(/dev/bus/usb/003/004))))...
02-01 16:22:24.919  1933  2321 D UvcApiFocusControl: isModeSupported(Auto)...
02-01 16:22:24.919  1933  2321 D UvcApiFocusControl: ...isModeSupported(Auto): false
02-01 16:22:24.920  1933  2321 D UvcApiFocusControl: isModeSupported(ContinuousAuto)...
02-01 16:22:24.920  1933  2321 D UvcApiFocusControl: ...isModeSupported(ContinuousAuto): false
02-01 16:22:24.921  1933  2321 D UvcApiFocusControl: isModeSupported(Macro)...
02-01 16:22:24.922  1933  2321 D UvcApiFocusControl: ...isModeSupported(Macro): false
02-01 16:22:24.922  1933  2321 D UvcApiFocusControl: isModeSupported(Infinity)...
02-01 16:22:24.923  1933  2321 D UvcApiFocusControl: ...isModeSupported(Infinity): false
02-01 16:22:24.923  1933  2321 D UvcApiFocusControl: isModeSupported(Fixed)...
02-01 16:22:24.924  1933  2321 D UvcApiFocusControl: ...isModeSupported(Fixed): true
02-01 16:22:24.924  1933  2321 D UvcApiFocusControl: isFocusLengthSupported...
02-01 16:22:24.924  1933  2321 D UvcApiFocusControl: ...isFocusLengthSupported: false
02-01 16:22:24.928  1933  2321 D CachingExposureControl: onCameraChanged(null->CameraImpl(UvcDeviceHandle(pointer=0xc5e69a30|UvcDevice(/dev/bus/usb/003/004))))...
02-01 16:22:24.929  1933  2321 D UvcApiExposureControl: isModeSupported(Auto)...
02-01 16:22:24.930  1933  2321 D UvcApiExposureControl: ...isModeSupported(Auto): false
02-01 16:22:24.931  1933  2321 D UvcApiExposureControl: isModeSupported(ContinuousAuto)...
02-01 16:22:24.933  1933  2321 D UvcApiExposureControl: ...isModeSupported(ContinuousAuto): false
02-01 16:22:24.933  1933  2321 D UvcApiExposureControl: isModeSupported(Manual)...
02-01 16:22:24.935  1933  2321 D UvcApiExposureControl: ...isModeSupported(Manual): true
02-01 16:22:24.935  1933  2321 D UvcApiExposureControl: isModeSupported(ShutterPriority)...
02-01 16:22:24.937  1933  2321 D UvcApiExposureControl: ...isModeSupported(ShutterPriority): false
02-01 16:22:24.937  1933  2321 D UvcApiExposureControl: isModeSupported(AperturePriority)...
02-01 16:22:24.939  1933  2321 D UvcApiExposureControl: ...isModeSupported(AperturePriority): true
02-01 16:22:24.940  1933  2321 D UvcApiExposureControl: isExposureSupported()...
02-01 16:22:24.940  1933  2321 D UvcApiExposureControl: ...isExposureSupported(): true
02-01 16:22:24.940  1933  2321 D UvcApiExposureControl: getMinExposure(NANOSECONDS)...
02-01 16:22:24.940  1933  2321 D Uvc     : [jni_devicehandle.cpp:645] Java_org_firstinspires_ftc_robotcore_internal_camera_libuvc_nativeobject_UvcDeviceHandle_nativeGetMinExposure()...
02-01 16:22:24.942  1933  2321 D Uvc     : [jni_devicehandle.cpp:645] ...Java_org_firstinspires_ftc_robotcore_internal_camera_libuvc_nativeobject_UvcDeviceHandle_nativeGetMinExposure()
02-01 16:22:24.942  1933  2321 D UvcApiExposureControl: ...getMinExposure(NANOSECONDS): 100000
02-01 16:22:24.943  1933  2321 D UvcApiExposureControl: getMaxExposure(NANOSECONDS)...
02-01 16:22:24.945  1933  2321 D UvcApiExposureControl: ...getMaxExposure(NANOSECONDS): 1000000000
02-01 16:22:24.945  1933  2321 D UvcApiExposureControl: setAePriority()...
02-01 16:22:24.947  1933  2321 D UvcApiExposureControl: ...setAePriority()
02-01 16:22:24.947  1933  2321 D UvcApiExposureControl: getMode()...
02-01 16:22:24.947  1933  2321 D Uvc     : [jni_devicehandle.cpp:493] Java_org_firstinspires_ftc_robotcore_internal_camera_libuvc_nativeobject_UvcDeviceHandle_nativeGetVuforiaExposureMode()...
02-01 16:22:24.949  1933  2321 D Uvc     : [jni_devicehandle.cpp:493] ...Java_org_firstinspires_ftc_robotcore_internal_camera_libuvc_nativeobject_UvcDeviceHandle_nativeGetVuforiaExposureMode()
02-01 16:22:24.950  1933  2321 D UvcApiExposureControl: ...getMode(): AperturePriority
02-01 16:22:24.952  1933  2321 D CachingExposureControl: ...onCameraChanged(null->CameraImpl(UvcDeviceHandle(pointer=0xc5e69a30|UvcDevice(/dev/bus/usb/003/004))))
02-01 16:22:24.952  1933  2321 D UvcApiPtzControl: getMinZoom()...
02-01 16:22:24.953  1933  2321 E UvcDeviceHandle: [jni_devicehandle.cpp:219] Failed to get min zoom : error -9
02-01 16:22:24.953  1933  2321 D UvcApiPtzControl: ...getMinZoom(): 0
02-01 16:22:24.954  1933  2321 D UvcApiPtzControl: getMaxZoom()...
02-01 16:22:24.955  1933  2321 E UvcDeviceHandle: [jni_devicehandle.cpp:242] Failed to get max zoom : error -9
02-01 16:22:24.955  1933  2321 D UvcApiPtzControl: ...getMaxZoom(): 0
02-01 16:22:24.955  1933  2321 D UvcApiPtzControl: getMinPanTilt()...
02-01 16:22:24.957  1933  2321 E UvcDeviceHandle: [jni_devicehandle.cpp:365] Failed to get min pan/tilt : error -9
02-01 16:22:24.957  1933  2321 D UvcApiPtzControl: ...getMinPanTilt(): org.firstinspires.ftc.robotcore.external.hardware.camera.controls.PtzControl$PanTiltHolder@be7b877
02-01 16:22:24.957  1933  2321 D UvcApiPtzControl: getMaxPanTilt()...
02-01 16:22:24.958  1933  2321 E UvcDeviceHandle: [jni_devicehandle.cpp:333] Failed to get max pan/tilt : error -9
02-01 16:22:24.959  1933  2321 D UvcApiPtzControl: ...getMaxPanTilt(): org.firstinspires.ftc.robotcore.external.hardware.camera.controls.PtzControl$PanTiltHolder@ee7fce4
02-01 16:22:24.959  1933  2321 D UvcApiPtzControl: getZoom()...
02-01 16:22:24.960  1933  2321 E UvcDeviceHandle: [jni_devicehandle.cpp:196] Failed to get zoom : error -9
02-01 16:22:24.960  1933  2321 D UvcApiPtzControl: ...getZoom(): 0
02-01 16:22:24.960  1933  2321 D UvcApiPtzControl: getPanTilt()...
02-01 16:22:24.962  1933  2321 E UvcDeviceHandle: [jni_devicehandle.cpp:301] Failed to get pan/tilt : error -9
02-01 16:22:24.962  1933  2321 D UvcApiPtzControl: ...getPanTilt(): org.firstinspires.ftc.robotcore.external.hardware.camera.controls.PtzControl$PanTiltHolder@42c554d
02-01 16:22:24.962  1933  2321 D UvcApiGainControl: getMinGain()...
02-01 16:22:24.962  1933  2321 D Uvc     : [jni_devicehandle.cpp:894] Java_org_firstinspires_ftc_robotcore_internal_camera_libuvc_nativeobject_UvcDeviceHandle_nativeGetMinGain()...
02-01 16:22:24.964  1933  2321 D Uvc     : [jni_devicehandle.cpp:894] ...Java_org_firstinspires_ftc_robotcore_internal_camera_libuvc_nativeobject_UvcDeviceHandle_nativeGetMinGain()
02-01 16:22:24.964  1933  2321 D UvcApiGainControl: ...getMinGain(): 0
02-01 16:22:24.965  1933  2321 D UvcApiGainControl: getMaxGain()...
02-01 16:22:24.965  1933  2321 D Uvc     : [jni_devicehandle.cpp:917] Java_org_firstinspires_ftc_robotcore_internal_camera_libuvc_nativeobject_UvcDeviceHandle_nativeGetMaxGain()...
02-01 16:22:24.966  1933  2321 D Uvc     : [jni_devicehandle.cpp:917] ...Java_org_firstinspires_ftc_robotcore_internal_camera_libuvc_nativeobject_UvcDeviceHandle_nativeGetMaxGain()
02-01 16:22:24.966  1933  2321 D UvcApiGainControl: ...getMaxGain(): 255
02-01 16:22:24.967  1933  2321 D UvcApiGainControl: getGain()...
02-01 16:22:24.967  1933  2321 D Uvc     : [jni_devicehandle.cpp:940] Java_org_firstinspires_ftc_robotcore_internal_camera_libuvc_nativeobject_UvcDeviceHandle_nativeGetGain()...
02-01 16:22:24.968  1933  2321 D Uvc     : [jni_devicehandle.cpp:940] ...Java_org_firstinspires_ftc_robotcore_internal_camera_libuvc_nativeobject_UvcDeviceHandle_nativeGetGain()
02-01 16:22:24.969  1933  2321 D UvcApiGainControl: ...getGain(): 0
02-01 16:22:24.969  1933  2321 D UvcApiWhiteBalanceControl: getMinWhiteBalanceTemperature()...
02-01 16:22:24.969  1933  2321 D Uvc     : [jni_devicehandle.cpp:726] Java_org_firstinspires_ftc_robotcore_internal_camera_libuvc_nativeobject_UvcDeviceHandle_nativeGetMinWhiteBalanceTemperature()...
02-01 16:22:24.970  1933  2321 D Uvc     : [jni_devicehandle.cpp:726] ...Java_org_firstinspires_ftc_robotcore_internal_camera_libuvc_nativeobject_UvcDeviceHandle_nativeGetMinWhiteBalanceTemperature()
02-01 16:22:24.971  1933  2321 D UvcApiWhiteBalanceControl: ...getMinWhiteBalanceTemperature(): 0
02-01 16:22:24.971  1933  2321 D UvcApiWhiteBalanceControl: getMaxWhiteBalanceTemperature()...
02-01 16:22:24.971  1933  2321 D Uvc     : [jni_devicehandle.cpp:748] Java_org_firstinspires_ftc_robotcore_internal_camera_libuvc_nativeobject_UvcDeviceHandle_nativeGetMaxWhiteBalanceTemperature()...
02-01 16:22:24.972  1933  2321 D Uvc     : [jni_devicehandle.cpp:748] ...Java_org_firstinspires_ftc_robotcore_internal_camera_libuvc_nativeobject_UvcDeviceHandle_nativeGetMaxWhiteBalanceTemperature()
02-01 16:22:24.973  1933  2321 D UvcApiWhiteBalanceControl: ...getMaxWhiteBalanceTemperature(): 10000
02-01 16:22:24.973  1933  2321 D UvcApiWhiteBalanceControl: getWhiteBalanceTemperature()...
02-01 16:22:24.973  1933  2321 D Uvc     : [jni_devicehandle.cpp:793] Java_org_firstinspires_ftc_robotcore_internal_camera_libuvc_nativeobject_UvcDeviceHandle_nativeGetWhiteBalanceTemperature()...
02-01 16:22:24.975  1933  2321 D Uvc     : [jni_devicehandle.cpp:793] ...Java_org_firstinspires_ftc_robotcore_internal_camera_libuvc_nativeobject_UvcDeviceHandle_nativeGetWhiteBalanceTemperature()
02-01 16:22:24.975  1933  2321 D UvcApiWhiteBalanceControl: ...getWhiteBalanceTemperature(): 4000
02-01 16:22:24.975  1933  2321 D UsbResiliantWebcam: ...changeDelegatedCamera(null->CameraImpl(UvcDeviceHandle(pointer=0xc5e69a30|UvcDevice(/dev/bus/usb/003/004))))
02-01 16:22:24.975  1933  2321 D UsbResiliantWebcam: openSelfAndReport()...
02-01 16:22:24.975  1933  2321 V CameraImpl: construct(0x0f6bf802)
02-01 16:22:24.977  1933  2321 D UsbResiliantWebcam: ...openSelfAndReport()
02-01 16:22:24.977  1933  2321 D UsbResiliantWebcam.InterveningStateCallback: ...onOpened() camera=CameraImpl(UvcDeviceHandle(pointer=0xc5e69a30|UvcDevice(/dev/bus/usb/003/004)))
02-01 16:22:24.977  1933  2321 D UvcDevice: ...open()
02-01 16:22:24.977  1933  2321 D UsbResiliantWebcam: ...openAssumingPermission()
02-01 16:22:24.977  1933  2324 D CameraManager: camera reports opened: CameraImpl(UsbResiliantWebcam(Webcam(D5386480)))
02-01 16:22:24.977  1933  2321 D CameraManager: ...asyncOpenWebcam(Webcam(D5386480))
02-01 16:22:24.977  1933  2321 D CameraManager: ...asyncOpenCamera(Webcam(D5386480))
02-01 16:22:24.978  1933  2324 D ContinuationSynchronizer: finish("camera reports opened: Webcam(D5386480)": CameraImpl(UsbResiliantWebcam(Webcam(D5386480))))...
02-01 16:22:24.978  1933  2324 D ContinuationSynchronizer: ...finish("camera reports opened: Webcam(D5386480)": CameraImpl(UsbResiliantWebcam(Webcam(D5386480))))
02-01 16:22:24.978  1933  2320 D ContinuationSynchronizer: ...awaiting(camera open)
02-01 16:22:24.978  1933  2320 D CameraManager: ...doOpenCamera()
02-01 16:22:24.983  1933  2320 D UvcContext: found webcam: usbPath=/dev/bus/usb/003/004 vid=0x46D pid=0x825 serial=D5386480 product=C270 HD WEBCAM
02-01 16:22:24.983  1933  2320 D Uvc     : [jni_context.cpp:120] Java_org_firstinspires_ftc_robotcore_internal_camera_libuvc_nativeobject_UvcContext_nativeCreateUvcDevice()...
02-01 16:22:24.983  1933  2320 V Uvc     : API: Java_org_firstinspires_ftc_robotcore_internal_camera_libuvc_nativeobject_UvcContext_nativeCreateUvcDevice: enter...
02-01 16:22:24.985  1933  2320 D libusb  : [218.536225] [00000910] libusb: debug [op_create] op_create: szUsbPath=/dev/bus/usb/003/004 szSysfsDir=3-1.4
02-01 16:22:24.985  1933  2320 D Uvc     : [device.cpp:613] uvc_create_uvc_device()...
02-01 16:22:24.985  1933  2320 D Uvc     : [libuvc/libuvc_internal.h:346] uvc_device::uvc_device()...
02-01 16:22:24.985  1933  2320 D Uvc     : [libuvc/libuvc_internal.h:375] acquired vid=1133 & pid=2085
02-01 16:22:24.985  1933  2320 D Uvc     : [libuvc/libuvc_internal.h:346] ...uvc_device::uvc_device()
02-01 16:22:24.985  1933  2320 D Uvc     : [device.cpp:613] ...uvc_create_uvc_device() rc=0
02-01 16:22:24.985  1933  2320 V Uvc     : API: Java_org_firstinspires_ftc_robotcore_internal_camera_libuvc_nativeobject_UvcContext_nativeCreateUvcDevice: ...exit
02-01 16:22:24.985  1933  2320 D Uvc     : [jni_context.cpp:120] ...Java_org_firstinspires_ftc_robotcore_internal_camera_libuvc_nativeobject_UvcContext_nativeCreateUvcDevice()
02-01 16:22:24.985  1933  2320 V UvcDevice: construct(pointer=0xc5eca898|null)
02-01 16:22:24.986  1933  2320 D Uvc     : [jni_device.cpp:108] Java_org_firstinspires_ftc_robotcore_internal_camera_libuvc_nativeobject_UvcDevice_nativeGetLibUsbDevice()...
02-01 16:22:24.986  1933  2320 D Uvc     : [jni_device.cpp:108] ...Java_org_firstinspires_ftc_robotcore_internal_camera_libuvc_nativeobject_UvcDevice_nativeGetLibUsbDevice()
02-01 16:22:24.986  1933  2320 V LibUsbDevice: construct(pointer=0xcb735680)
02-01 16:22:24.986  1933  2320 D UvcContext: usb device is *not* UVC compatible, /dev/bus/usb/003/003
02-01 16:22:24.986  1933  2320 V UvcApiCameraCharacteristicsBuilder: construct(0x0f9a0350)
02-01 16:22:24.987  1933  2320 D Uvc     : [jni_device.cpp:289] Java_org_firstinspires_ftc_robotcore_internal_camera_libuvc_nativeobject_UvcDevice_nativeGetDeviceInfo()...
02-01 16:22:24.987  1933  2320 V Uvc     : API: Java_org_firstinspires_ftc_robotcore_internal_camera_libuvc_nativeobject_UvcDevice_nativeGetDeviceInfo: enter...
02-01 16:22:24.987  1933  2320 D Uvc     : [device.cpp:386] uvc_get_device_info()...
02-01 16:22:24.987  1933  2320 D libusb  : [218.538304] [00000910] libusb: debug [op_get_config_descriptor] op_get_config_descriptor: config_index=0
02-01 16:22:24.987  1933  2320 D libusb  : [218.538368] [00000910] libusb: debug [op_get_config_descriptor] op_get_config_descriptor: config_index=0
02-01 16:22:24.987  1933  2320 D Uvc     : [device.cpp:986] uvc_scan_control()...
02-01 16:22:24.987  1933  2320 D Uvc     : [device.cpp:1041] uvc_parse_vc_header()...
02-01 16:22:24.987  1933  2320 D Uvc     : [device.cpp:1284] uvc_scan_streaming()...
02-01 16:22:24.987  1933  2320 D Uvc     : [device.cpp:1340] uvc_parse_vs_input_header()...
02-01 16:22:24.987  1933  2320 D Uvc     : [device.cpp:1340] ...uvc_parse_vs_input_header() rc=0
02-01 16:22:24.987  1933  2320 D Uvc     : [device.cpp:1389] uvc_parse_vs_format_uncompressed()...
02-01 16:22:24.987  1933  2320 D Uvc     : [device.cpp:1389] ...uvc_parse_vs_format_uncompressed() rc=0
02-01 16:22:24.988  1933  2320 V Uvc     : [device.cpp:1630] unsupported descriptor subtype: 13 UVC_VS_COLORFORMAT
02-01 16:22:24.988  1933  2320 D Uvc     : [device.cpp:1449] uvc_parse_vs_format_mjpeg()...
02-01 16:22:24.988  1933  2320 D Uvc     : [device.cpp:1449] ...uvc_parse_vs_format_mjpeg() rc=0
02-01 16:22:24.988  1933  2320 V Uvc     : [device.cpp:1630] unsupported descriptor subtype: 13 UVC_VS_COLORFORMAT
02-01 16:22:24.988  1933  2320 D Uvc     : [device.cpp:1284] ...uvc_scan_streaming() rc=0
02-01 16:22:24.988  1933  2320 D Uvc     : [device.cpp:1041] ...uvc_parse_vc_header() rc=0
02-01 16:22:24.988  1933  2320 D Uvc     : [device.cpp:1083] uvc_parse_vc_input_terminal()...
02-01 16:22:24.988  1933  2320 D Uvc     : [device.cpp:1083] ...uvc_parse_vc_input_terminal() rc=0
02-01 16:22:24.988  1933  2320 D Uvc     : [device.cpp:1156] uvc_parse_vc_processing_unit()...
02-01 16:22:24.988  1933  2320 D Uvc     : [device.cpp:1156] ...uvc_parse_vc_processing_unit() rc=0
02-01 16:22:24.988  1933  2320 D Uvc     : [device.cpp:986] ...uvc_scan_control() rc=0
02-01 16:22:24.988  1933  2320 D Uvc     : [device.cpp:386] ...uvc_get_device_info() rc=0
02-01 16:22:24.988  1933  2320 V Uvc     : API: Java_org_firstinspires_ftc_robotcore_internal_camera_libuvc_nativeobject_UvcDevice_nativeGetDeviceInfo: ...exit
02-01 16:22:24.988  1933  2320 D Uvc     : [jni_device.cpp:289] ...Java_org_firstinspires_ftc_robotcore_internal_camera_libuvc_nativeobject_UvcDevice_nativeGetDeviceInfo()
02-01 16:22:24.989  1933  2320 V UvcDeviceInfo: construct(pointer=0xc5d9b770)
02-01 16:22:24.989  1933  2320 V UvcStreamingInterface: construct(pointer=0xc5e7fc00)
02-01 16:22:25.049  1933  2320 V UvcStreamingInterface: destroy(pointer=0xc5e7fc00)
02-01 16:22:25.049  1933  2320 V UvcDeviceInfo: destroy(pointer=0xc5d9b770)
02-01 16:22:25.049  1933  2320 D Uvc     : [jni_deviceinfo.cpp:63] Java_org_firstinspires_ftc_robotcore_internal_camera_libuvc_nativeobject_UvcDeviceInfo_nativeFreeDeviceInfo()...
02-01 16:22:25.049  1933  2320 V Uvc     : API: Java_org_firstinspires_ftc_robotcore_internal_camera_libuvc_nativeobject_UvcDeviceInfo_nativeFreeDeviceInfo: enter...
02-01 16:22:25.049  1933  2320 D Uvc     : [device.cpp:433] uvc_free_device_info()...
02-01 16:22:25.049  1933  2320 D Uvc     : [device.cpp:433] ...uvc_free_device_info()
02-01 16:22:25.049  1933  2320 V Uvc     : API: Java_org_firstinspires_ftc_robotcore_internal_camera_libuvc_nativeobject_UvcDeviceInfo_nativeFreeDeviceInfo: ...exit
02-01 16:22:25.049  1933  2320 D Uvc     : [jni_deviceinfo.cpp:63] ...Java_org_firstinspires_ftc_robotcore_internal_camera_libuvc_nativeobject_UvcDeviceInfo_nativeFreeDeviceInfo()
02-01 16:22:25.050  1933  2320 V UvcApiCameraCharacteristicsBuilder: destroy(hash=0x0f9a0350)
02-01 16:22:25.050  1933  2320 V UvcDevice: destroy(pointer=0xc5eca898|/dev/bus/usb/003/004)
02-01 16:22:25.050  1933  2320 D Uvc     : [jni_device.cpp:126] Java_org_firstinspires_ftc_robotcore_internal_camera_libuvc_nativeobject_UvcDevice_nativeReleaseRefDevice()...
02-01 16:22:25.050  1933  2320 V Uvc     : API: Java_org_firstinspires_ftc_robotcore_internal_camera_libuvc_nativeobject_UvcDevice_nativeReleaseRefDevice: enter...
02-01 16:22:25.050  1933  2320 D Uvc     : [device.cpp:882] uvc_unref_device()...
02-01 16:22:25.050  1933  2320 D Uvc     : [device.cpp:882] ...uvc_unref_device()
02-01 16:22:25.050  1933  2320 V Uvc     : API: Java_org_firstinspires_ftc_robotcore_internal_camera_libuvc_nativeobject_UvcDevice_nativeReleaseRefDevice: ...exit
02-01 16:22:25.050  1933  2320 D Uvc     : [jni_device.cpp:126] ...Java_org_firstinspires_ftc_robotcore_internal_camera_libuvc_nativeobject_UvcDevice_nativeReleaseRefDevice()
02-01 16:22:25.051  1933  2320 V LibUsbDevice: destroy(pointer=0xcb735680)
02-01 16:22:25.051  1933  2320 D Uvc     : [jni_libusb_device.cpp:64] Java_org_firstinspires_ftc_robotcore_internal_camera_libuvc_nativeobject_LibUsbDevice_nativeReleaseRefDevice()...
02-01 16:22:25.051  1933  2320 D Uvc     : [jni_libusb_device.cpp:64] ...Java_org_firstinspires_ftc_robotcore_internal_camera_libuvc_nativeobject_LibUsbDevice_nativeReleaseRefDevice()
02-01 16:22:25.053  1933  2320 D OpenCvViewport: CheckState(): user requested that we activate
02-01 16:22:25.053  1933  2320 D OpenCvViewport: CheckState(): activating viewport
02-01 16:22:25.054  1933  2320 D UsbResiliantWebcam: createCaptureSession()...
02-01 16:22:25.054  1933  2325 D OpenCvViewportRenderThread: Render thread is up!
02-01 16:22:25.054  1933  2320 V DelCaptureSession: construct(0x0175f949)
02-01 16:22:25.056  1933  2320 D UsbResiliantWebcam|DelCaptureSession: onCameraChange(null->CameraImpl(UvcDeviceHandle(pointer=0xc5e69a30|UvcDevice(/dev/bus/usb/003/004))))...
02-01 16:22:25.056  1933  2320 D UsbResiliantWebcam|DelCaptureSession: ...onCameraChange(null->CameraImpl(UvcDeviceHandle(pointer=0xc5e69a30|UvcDevice(/dev/bus/usb/003/004))))
02-01 16:22:25.058  1933  2320 D CachingExposureControl: onCameraChanged(CameraImpl(UvcDeviceHandle(pointer=0xc5e69a30|UvcDevice(/dev/bus/usb/003/004)))->CameraImpl(UvcDeviceHandle(pointer=0xc5e69a30|UvcDevice(/dev/bus/usb/003/004))))...
02-01 16:22:25.059  1933  2320 D CachingExposureControl: ...onCameraChanged(CameraImpl(UvcDeviceHandle(pointer=0xc5e69a30|UvcDevice(/dev/bus/usb/003/004)))->CameraImpl(UvcDeviceHandle(pointer=0xc5e69a30|UvcDevice(/dev/bus/usb/003/004))))
02-01 16:22:25.059  1933  2320 D UsbResiliantWebcam: ...createCaptureSession()
02-01 16:22:25.059  1933  2197 D UsbResiliantWebcam|DelCaptureSession: startCapture()...
02-01 16:22:25.059  1933  2197 V DelCaptureSequence: construct(0x08a5924e)
02-01 16:22:25.060  1933  2197 D UsbResiliantWebcam|DelCaptureSequence: onCameraChange(null->CameraImpl(UvcDeviceHandle(pointer=0xc5e69a30|UvcDevice(/dev/bus/usb/003/004))))...
02-01 16:22:25.061  1933  2197 D UsbResiliantWebcam|DelCaptureSequence: pauseStreaming(Stopped)...
02-01 16:22:25.061  1933  2197 D UsbResiliantWebcam|DelCaptureSequence: ...pauseStreaming(Stopped)
02-01 16:22:25.061  1933  2197 D UsbResiliantWebcam|DelCaptureSequence: resumeStreaming(Stopped)...
02-01 16:22:25.061  1933  2197 D UsbResiliantWebcam|DelCaptureSequence: ...resumeStreaming(Stopped)
02-01 16:22:25.061  1933  2197 D UsbResiliantWebcam|DelCaptureSequence: ...onCameraChange(null->CameraImpl(UvcDeviceHandle(pointer=0xc5e69a30|UvcDevice(/dev/bus/usb/003/004))))
02-01 16:22:25.061  1933  2197 D UsbResiliantWebcam|DelCaptureSequence: startStreaming(Stopped)...
02-01 16:22:25.062  1933  2197 D UsbResiliantWebcam|DelCaptureSequence: doStreaming()...
02-01 16:22:25.062  1933  2197 V UvcApiCaptureSession: construct(0x07673f6f)
02-01 16:22:25.062  1933  2324 D UsbResiliantWebcam|DelCaptureSession: camera session is configured: Webcam(D5386480)
02-01 16:22:25.063  1933  2197 V UvcApiCameraCaptureSequence: construct(0x0b24047c)
02-01 16:22:25.063  1933  2197 D UvcDeviceHandle: getStreamControl(320x240 30)...
02-01 16:22:25.064  1933  2197 V UvcStreamCtrl: construct(0x0b9be105)
02-01 16:22:25.064  1933  2197 D Uvc     : [jni_devicehandle.cpp:115] Java_org_firstinspires_ftc_robotcore_internal_camera_libuvc_nativeobject_UvcDeviceHandle_nativeGetStreamControlFormatSize()...
02-01 16:22:25.064  1933  2197 V Uvc     : API: Java_org_firstinspires_ftc_robotcore_internal_camera_libuvc_nativeobject_UvcDeviceHandle_nativeGetStreamControlFormatSize: enter...
02-01 16:22:25.064  1933  2197 D Uvc     : [stream.cpp:373] uvc_get_stream_ctrl_format_size()...
02-01 16:22:25.064  1933  2197 D Uvc     : [libuvc/libuvc_internal.h:770] uvc_device_handle::claimInterface(idx=1)...
02-01 16:22:25.064  1933  2197 D UvcDevice: claimInterface(1)
02-01 16:22:25.064  1933  2197 D UvcDevice: claimInterface(1) succeeded
02-01 16:22:25.064  1933  2197 D Uvc     : [libuvc/libuvc_internal.h:783] claimInterface(1) succeeded
02-01 16:22:25.064  1933  2197 D Uvc     : [libuvc/libuvc_internal.h:770] ...uvc_device_handle::claimInterface() rc=0
02-01 16:22:25.064  1933  2197 D UvcStream: [stream.cpp:412] 320x240 30fps
02-01 16:22:25.064  1933  2197 D Uvc     : [stream.cpp:162] uvc_query_stream_ctrl()...
02-01 16:22:25.069  1933  2197 D Uvc     : [stream.cpp:162] ...uvc_query_stream_ctrl() rc=0
02-01 16:22:25.069  1933  2197 D Uvc     : [libuvc/libuvc_internal.h:793] uvc_device_handle::releaseInterface()...
02-01 16:22:25.069  1933  2197 D UvcDevice: releaseInterface(1)
02-01 16:22:25.070  1933  2197 D UvcDevice: releaseInterface(1) succeeded
02-01 16:22:25.070  1933  2197 D Uvc     : [libuvc/libuvc_internal.h:793] ...uvc_device_handle::releaseInterface() rc=0
02-01 16:22:25.070  1933  2197 D Uvc     : [stream.cpp:523] uvc_probe_stream_ctrl()...
02-01 16:22:25.070  1933  2197 D Uvc     : [libuvc/libuvc_internal.h:770] uvc_device_handle::claimInterface(idx=1)...
02-01 16:22:25.070  1933  2197 D UvcDevice: claimInterface(1)
02-01 16:22:25.070  1933  2197 D UvcDevice: claimInterface(1) succeeded
02-01 16:22:25.070  1933  2197 D Uvc     : [libuvc/libuvc_internal.h:783] claimInterface(1) succeeded
02-01 16:22:25.070  1933  2197 D Uvc     : [libuvc/libuvc_internal.h:770] ...uvc_device_handle::claimInterface() rc=0
02-01 16:22:25.070  1933  2197 D Uvc     : [stream.cpp:162] uvc_query_stream_ctrl()...
02-01 16:22:25.074  1933  2197 D Uvc     : [stream.cpp:162] ...uvc_query_stream_ctrl() rc=0
02-01 16:22:25.074  1933  2197 D Uvc     : [stream.cpp:162] uvc_query_stream_ctrl()...
02-01 16:22:25.078  1933  2197 D Uvc     : [stream.cpp:162] ...uvc_query_stream_ctrl() rc=0
02-01 16:22:25.078  1933  2197 D Uvc     : [stream.cpp:523] ...uvc_probe_stream_ctrl() rc=0
02-01 16:22:25.078  1933  2197 D Uvc     : [stream.cpp:373] ...uvc_get_stream_ctrl_format_size() rc=0
02-01 16:22:25.078  1933  2197 V Uvc     : API: Java_org_firstinspires_ftc_robotcore_internal_camera_libuvc_nativeobject_UvcDeviceHandle_nativeGetStreamControlFormatSize: ...exit
02-01 16:22:25.078  1933  2197 D Uvc     : [jni_devicehandle.cpp:115] ...Java_org_firstinspires_ftc_robotcore_internal_camera_libuvc_nativeobject_UvcDeviceHandle_nativeGetStreamControlFormatSize()
02-01 16:22:25.078  1933  2197 D UvcDeviceHandle: ...getStreamControl(320x240 30)
02-01 16:22:25.078  1933  2197 D Uvc     : [jni_streamcontrol.cpp:101] Java_org_firstinspires_ftc_robotcore_internal_camera_libuvc_nativeobject_UvcStreamCtrl_nativeOpen()...
02-01 16:22:25.078  1933  2197 V Uvc     : API: Java_org_firstinspires_ftc_robotcore_internal_camera_libuvc_nativeobject_UvcStreamCtrl_nativeOpen: enter...
02-01 16:22:25.078  1933  2197 D Uvc     : [devicehandle.cpp:46] uvc_device_handle::openStreamControl()...
02-01 16:22:25.078  1933  2197 D Uvc     : [streamhandle.cpp:58] uvc_stream_handle::claimInterface()...
02-01 16:22:25.078  1933  2197 D Uvc     : [libuvc/libuvc_internal.h:770] uvc_device_handle::claimInterface(idx=1)...
02-01 16:22:25.078  1933  2197 D UvcDevice: claimInterface(1)
02-01 16:22:25.079  1933  2197 D UvcDevice: claimInterface(1) succeeded
02-01 16:22:25.079  1933  2197 D Uvc     : [libuvc/libuvc_internal.h:783] claimInterface(1) succeeded
02-01 16:22:25.079  1933  2197 D Uvc     : [libuvc/libuvc_internal.h:770] ...uvc_device_handle::claimInterface() rc=0
02-01 16:22:25.079  1933  2197 D Uvc     : [streamhandle.cpp:58] ...uvc_stream_handle::claimInterface() rc=0
02-01 16:22:25.079  1933  2197 D Uvc     : [stream.cpp:162] uvc_query_stream_ctrl()...
02-01 16:22:25.082  1933  2197 D Uvc     : [stream.cpp:162] ...uvc_query_stream_ctrl() rc=0
02-01 16:22:25.082  1933  2197 D Uvc     : [devicehandle.cpp:46] ...uvc_device_handle::openStreamControl() rc=0
02-01 16:22:25.082  1933  2197 V Uvc     : API: Java_org_firstinspires_ftc_robotcore_internal_camera_libuvc_nativeobject_UvcStreamCtrl_nativeOpen: ...exit
02-01 16:22:25.082  1933  2197 D Uvc     : [jni_streamcontrol.cpp:101] ...Java_org_firstinspires_ftc_robotcore_internal_camera_libuvc_nativeobject_UvcStreamCtrl_nativeOpen()
02-01 16:22:25.083  1933  2197 V UvcStreamHandle: construct(pointer=0xcb7262e0)
02-01 16:22:25.083  1933  2197 D Uvc     : [jni_streamhandle.cpp:184] Java_org_firstinspires_ftc_robotcore_internal_camera_libuvc_nativeobject_UvcStreamHandle_nativeStopStreaming()...
02-01 16:22:25.083  1933  2197 V Uvc     : API: Java_org_firstinspires_ftc_robotcore_internal_camera_libuvc_nativeobject_UvcStreamHandle_nativeStopStreaming: enter...
02-01 16:22:25.083  1933  2197 D Uvc     : [stream.cpp:1514] uvc_stream_stop()...
02-01 16:22:25.083  1933  2197 D Uvc     : [stream.cpp:1514] ...uvc_stream_stop() rc=0
02-01 16:22:25.083  1933  2197 V Uvc     : API: Java_org_firstinspires_ftc_robotcore_internal_camera_libuvc_nativeobject_UvcStreamHandle_nativeStopStreaming: ...exit
02-01 16:22:25.083  1933  2197 D Uvc     : [jni_streamhandle.cpp:184] ...Java_org_firstinspires_ftc_robotcore_internal_camera_libuvc_nativeobject_UvcStreamHandle_nativeStopStreaming()
02-01 16:22:25.083  1933  2197 V UvcFrameCallback: construct(0x0ecc855a)
02-01 16:22:25.083  1933  2197 V UvcFrameCallbackData: construct(pointer=0xc5d9e110)
02-01 16:22:25.083  1933  2197 V Uvc     : API: Java_org_firstinspires_ftc_robotcore_internal_camera_libuvc_nativeobject_UvcStreamHandle_nativeStartStreaming: enter...
02-01 16:22:25.083  1933  2197 D Uvc     : [stream.cpp:970] uvc_stream_start_bandwidth()...
02-01 16:22:25.083  1933  2197 D Uvc     : [stream.cpp:1173] uvc_stream_handle::startIsochronousStreaming()...
02-01 16:22:25.083  1933  2197 D Uvc     : [libuvc/libuvc_internal.h:825] uvc_device_handle::setInterfaceAltSetting(setInterfaceAltSetting(intf=1 alt=11))...
02-01 16:22:25.084  1933  2197 D UvcDevice: setInterfaceAltSetting(1,11)
02-01 16:22:25.084  1933  2197 D UvcDevice: setInterfaceAltSetting(1,11) succeeded
02-01 16:22:25.084  1933  2197 D Uvc     : [libuvc/libuvc_internal.h:825] ...uvc_device_handle::setInterfaceAltSetting() rc=0
02-01 16:22:25.084  1933  2197 D Uvc     : [stream.cpp:1173] ...uvc_stream_handle::startIsochronousStreaming() rc=0
02-01 16:22:25.084  1933  2197 D Uvc     : [stream.cpp:1201] uvc_stream_handle::startUserCallbackThread()...
02-01 16:22:25.084  1933  2326 D UvcStream: [stream.cpp:1265] User Callback thread started
02-01 16:22:25.085  1933  2197 D Uvc     : [stream.cpp:1201] ...uvc_stream_handle::startUserCallbackThread() rc=0
02-01 16:22:25.085  1933  2197 D Uvc     : [stream.cpp:1221] uvc_stream_handle::submitTransfers()...
02-01 16:22:25.086  1933  2197 D Uvc     : [stream.cpp:1221] ...uvc_stream_handle::submitTransfers() rc=0
02-01 16:22:25.086  1933  2197 D Uvc     : [stream.cpp:970] ...uvc_stream_start_bandwidth() rc=0
02-01 16:22:25.086  1933  2197 D UvcStreamHandle: [jni_streamhandle.cpp:150] successfully started streaming
02-01 16:22:25.086  1933  2197 V Uvc     : API: Java_org_firstinspires_ftc_robotcore_internal_camera_libuvc_nativeobject_UvcStreamHandle_nativeStartStreaming: ...exit
02-01 16:22:25.086  1933  2197 V UvcStreamCtrl: destroy(pointer=0xc5eeff80)
02-01 16:22:25.086  1933  2197 D UsbResiliantWebcam|DelCaptureSequence: ...doStreaming()
02-01 16:22:25.087  1933  2197 D UsbResiliantWebcam|DelCaptureSequence: ...startStreaming(Stopped)
02-01 16:22:25.087  1933  2197 D UsbResiliantWebcam|DelCaptureSession: ...startCapture()
02-01 16:22:25.087  1933  2197 I System.out: OpenCvWebcam: onConfigured
02-01 16:22:25.087  1933  2320 I System.out: OpenCvWebcam: streaming started
02-01 16:22:25.088  1933  2320 I global  :  RENO - AutoRoadRunner$1.onOpened(AutoRoadRunner.java:175): Start stream to detect sleeve color.
02-01 16:22:25.093  1933  2031 D UvcStream: [stream.cpp:729] this is the UVC processTransfer() stream processing thread
02-01 16:22:25.418  1933  2326 I global  :  RENO - ObjectDetection.sleeveColorDetect(ObjectDetection.java:125): Start Opcv process to detect sleeve color.
02-01 16:22:25.420  1933  2326 I global  :  RENO - ObjectDetection.sleeveColorDetect(ObjectDetection.java:132): Sleeve max color = 0.00, 0.00, 0.00
02-01 16:22:25.422  1933  2326 I global  :  RENO - ObjectDetection.sleeveColorDetect(ObjectDetection.java:151): Sleeve position: UNKNOWN
02-01 16:22:25.476  1933  2326 I global  :  RENO - ObjectDetection.sleeveColorDetect(ObjectDetection.java:125): Start Opcv process to detect sleeve color.
02-01 16:22:25.478  1933  2326 I global  :  RENO - ObjectDetection.sleeveColorDetect(ObjectDetection.java:132): Sleeve max color = 0.00, 0.00, 0.00
02-01 16:22:25.479  1933  2326 I global  :  RENO - ObjectDetection.sleeveColorDetect(ObjectDetection.java:151): Sleeve position: UNKNOWN
02-01 16:22:25.540  1933  2326 I global  :  RENO - ObjectDetection.sleeveColorDetect(ObjectDetection.java:125): Start Opcv process to detect sleeve color.
02-01 16:22:25.541  1933  2326 I global  :  RENO - ObjectDetection.sleeveColorDetect(ObjectDetection.java:132): Sleeve max color = 0.00, 0.00, 0.00
02-01 16:22:25.542  1933  2326 I global  :  RENO - ObjectDetection.sleeveColorDetect(ObjectDetection.java:151): Sleeve position: UNKNOWN
02-01 16:22:25.607  1933  2326 I global  :  RENO - ObjectDetection.sleeveColorDetect(ObjectDetection.java:125): Start Opcv process to detect sleeve color.
02-01 16:22:25.608  1933  2326 I global  :  RENO - ObjectDetection.sleeveColorDetect(ObjectDetection.java:132): Sleeve max color = 0.00, 0.00, 0.00
02-01 16:22:25.609  1933  2326 I global  :  RENO - ObjectDetection.sleeveColorDetect(ObjectDetection.java:151): Sleeve position: UNKNOWN
02-01 16:22:25.675  1933  2326 I global  :  RENO - ObjectDetection.sleeveColorDetect(ObjectDetection.java:125): Start Opcv process to detect sleeve color.
02-01 16:22:25.676  1933  2326 I global  :  RENO - ObjectDetection.sleeveColorDetect(ObjectDetection.java:132): Sleeve max color = 0.00, 0.00, 0.00
02-01 16:22:25.677  1933  2326 I global  :  RENO - ObjectDetection.sleeveColorDetect(ObjectDetection.java:151): Sleeve position: UNKNOWN
02-01 16:22:25.743  1933  2326 I global  :  RENO - ObjectDetection.sleeveColorDetect(ObjectDetection.java:125): Start Opcv process to detect sleeve color.
02-01 16:22:25.744  1933  2326 I global  :  RENO - ObjectDetection.sleeveColorDetect(ObjectDetection.java:132): Sleeve max color = 0.00, 0.00, 0.00
02-01 16:22:25.744  1933  2326 I global  :  RENO - ObjectDetection.sleeveColorDetect(ObjectDetection.java:151): Sleeve position: UNKNOWN
02-01 16:22:25.807  1933  2326 I global  :  RENO - ObjectDetection.sleeveColorDetect(ObjectDetection.java:125): Start Opcv process to detect sleeve color.
02-01 16:22:25.808  1933  2326 I global  :  RENO - ObjectDetection.sleeveColorDetect(ObjectDetection.java:132): Sleeve max color = 0.00, 0.00, 0.00
02-01 16:22:25.808  1933  2326 I global  :  RENO - ObjectDetection.sleeveColorDetect(ObjectDetection.java:151): Sleeve position: UNKNOWN
02-01 16:22:25.875  1933  2326 I global  :  RENO - ObjectDetection.sleeveColorDetect(ObjectDetection.java:125): Start Opcv process to detect sleeve color.
02-01 16:22:25.876  1933  2326 I global  :  RENO - ObjectDetection.sleeveColorDetect(ObjectDetection.java:132): Sleeve max color = 0.00, 0.00, 0.00
02-01 16:22:25.876  1933  2326 I global  :  RENO - ObjectDetection.sleeveColorDetect(ObjectDetection.java:151): Sleeve position: UNKNOWN
02-01 16:22:25.943  1933  2326 I global  :  RENO - ObjectDetection.sleeveColorDetect(ObjectDetection.java:125): Start Opcv process to detect sleeve color.
02-01 16:22:25.944  1933  2326 I global  :  RENO - ObjectDetection.sleeveColorDetect(ObjectDetection.java:132): Sleeve max color = 0.00, 0.00, 0.00
02-01 16:22:25.944  1933  2326 I global  :  RENO - ObjectDetection.sleeveColorDetect(ObjectDetection.java:151): Sleeve position: UNKNOWN
02-01 16:22:26.011  1933  2326 I global  :  RENO - ObjectDetection.sleeveColorDetect(ObjectDetection.java:125): Start Opcv process to detect sleeve color.
02-01 16:22:26.012  1933  2326 I global  :  RENO - ObjectDetection.sleeveColorDetect(ObjectDetection.java:132): Sleeve max color = 0.00, 0.00, 0.00
02-01 16:22:26.012  1933  2326 I global  :  RENO - ObjectDetection.sleeveColorDetect(ObjectDetection.java:151): Sleeve position: UNKNOWN
02-01 16:22:26.075  1933  2326 I global  :  RENO - ObjectDetection.sleeveColorDetect(ObjectDetection.java:125): Start Opcv process to detect sleeve color.
02-01 16:22:26.076  1933  2326 I global  :  RENO - ObjectDetection.sleeveColorDetect(ObjectDetection.java:132): Sleeve max color = 0.00, 0.00, 0.00
02-01 16:22:26.076  1933  2326 I global  :  RENO - ObjectDetection.sleeveColorDetect(ObjectDetection.java:151): Sleeve position: UNKNOWN
02-01 16:22:26.127  1933  2326 I global  :  RENO - ObjectDetection.sleeveColorDetect(ObjectDetection.java:125): Start Opcv process to detect sleeve color.
02-01 16:22:26.128  1933  2326 I global  :  RENO - ObjectDetection.sleeveColorDetect(ObjectDetection.java:132): Sleeve max color = 266015.00, 267192.00, 253857.00
02-01 16:22:26.128  1933  2326 I global  :  RENO - ObjectDetection.sleeveColorDetect(ObjectDetection.java:151): Sleeve position: CENTER
02-01 16:22:26.128  1933  2319 I global  :  RENO - AutoRoadRunner.runOpMode(AutoRoadRunner.java:211): Parking Lot position: CENTER
02-01 16:22:26.175  1933  2326 I global  :  RENO - ObjectDetection.sleeveColorDetect(ObjectDetection.java:125): Start Opcv process to detect sleeve color.
02-01 16:22:26.176  1933  2326 I global  :  RENO - ObjectDetection.sleeveColorDetect(ObjectDetection.java:132): Sleeve max color = 261225.00, 262927.00, 249175.00
02-01 16:22:26.176  1933  2326 I global  :  RENO - ObjectDetection.sleeveColorDetect(ObjectDetection.java:151): Sleeve position: CENTER
02-01 16:22:26.227  1933  2326 I global  :  RENO - ObjectDetection.sleeveColorDetect(ObjectDetection.java:125): Start Opcv process to detect sleeve color.
02-01 16:22:26.228  1933  2326 I global  :  RENO - ObjectDetection.sleeveColorDetect(ObjectDetection.java:132): Sleeve max color = 254874.00, 256491.00, 242616.00
02-01 16:22:26.229  1933  2326 I global  :  RENO - ObjectDetection.sleeveColorDetect(ObjectDetection.java:151): Sleeve position: CENTER
02-01 16:22:26.275  1933  2326 I global  :  RENO - ObjectDetection.sleeveColorDetect(ObjectDetection.java:125): Start Opcv process to detect sleeve color.
02-01 16:22:26.276  1933  2326 I global  :  RENO - ObjectDetection.sleeveColorDetect(ObjectDetection.java:132): Sleeve max color = 251473.00, 253166.00, 238866.00
02-01 16:22:26.277  1933  2326 I global  :  RENO - ObjectDetection.sleeveColorDetect(ObjectDetection.java:151): Sleeve position: CENTER
02-01 16:22:26.327  1933  2326 I global  :  RENO - ObjectDetection.sleeveColorDetect(ObjectDetection.java:125): Start Opcv process to detect sleeve color.
02-01 16:22:26.328  1933  2326 I global  :  RENO - ObjectDetection.sleeveColorDetect(ObjectDetection.java:132): Sleeve max color = 244290.00, 246049.00, 232532.00
02-01 16:22:26.329  1933  2326 I global  :  RENO - ObjectDetection.sleeveColorDetect(ObjectDetection.java:151): Sleeve position: CENTER
02-01 16:22:26.379  1933  2326 I global  :  RENO - ObjectDetection.sleeveColorDetect(ObjectDetection.java:125): Start Opcv process to detect sleeve color.
02-01 16:22:26.380  1933  2326 I global  :  RENO - ObjectDetection.sleeveColorDetect(ObjectDetection.java:132): Sleeve max color = 237772.00, 239728.00, 225800.00
02-01 16:22:26.381  1933  2326 I global  :  RENO - ObjectDetection.sleeveColorDetect(ObjectDetection.java:151): Sleeve position: CENTER
02-01 16:22:26.427  1933  2326 I global  :  RENO - ObjectDetection.sleeveColorDetect(ObjectDetection.java:125): Start Opcv process to detect sleeve color.
02-01 16:22:26.428  1933  2326 I global  :  RENO - ObjectDetection.sleeveColorDetect(ObjectDetection.java:132): Sleeve max color = 232330.00, 234498.00, 220295.00
02-01 16:22:26.429  1933  2326 I global  :  RENO - ObjectDetection.sleeveColorDetect(ObjectDetection.java:151): Sleeve position: CENTER
02-01 16:22:26.479  1933  2326 I global  :  RENO - ObjectDetection.sleeveColorDetect(ObjectDetection.java:125): Start Opcv process to detect sleeve color.
02-01 16:22:26.480  1933  2326 I global  :  RENO - ObjectDetection.sleeveColorDetect(ObjectDetection.java:132): Sleeve max color = 232440.00, 234305.00, 220970.00
02-01 16:22:26.481  1933  2326 I global  :  RENO - ObjectDetection.sleeveColorDetect(ObjectDetection.java:151): Sleeve position: CENTER
02-01 16:22:26.527  1933  2326 I global  :  RENO - ObjectDetection.sleeveColorDetect(ObjectDetection.java:125): Start Opcv process to detect sleeve color.
02-01 16:22:26.528  1933  2326 I global  :  RENO - ObjectDetection.sleeveColorDetect(ObjectDetection.java:132): Sleeve max color = 240087.00, 229907.00, 231904.00
02-01 16:22:26.529  1933  2326 I global  :  RENO - ObjectDetection.sleeveColorDetect(ObjectDetection.java:151): Sleeve position: LEFT
02-01 16:22:26.579  1933  2326 I global  :  RENO - ObjectDetection.sleeveColorDetect(ObjectDetection.java:125): Start Opcv process to detect sleeve color.
02-01 16:22:26.580  1933  2326 I global  :  RENO - ObjectDetection.sleeveColorDetect(ObjectDetection.java:132): Sleeve max color = 239538.00, 230205.00, 232102.00
02-01 16:22:26.581  1933  2326 I global  :  RENO - ObjectDetection.sleeveColorDetect(ObjectDetection.java:151): Sleeve position: LEFT
02-01 16:22:26.627  1933  2326 I global  :  RENO - ObjectDetection.sleeveColorDetect(ObjectDetection.java:125): Start Opcv process to detect sleeve color.
02-01 16:22:26.628  1933  2326 I global  :  RENO - ObjectDetection.sleeveColorDetect(ObjectDetection.java:132): Sleeve max color = 239654.00, 229706.00, 231862.00
02-01 16:22:26.629  1933  2326 I global  :  RENO - ObjectDetection.sleeveColorDetect(ObjectDetection.java:151): Sleeve position: LEFT
02-01 16:22:26.679  1933  2326 I global  :  RENO - ObjectDetection.sleeveColorDetect(ObjectDetection.java:125): Start Opcv process to detect sleeve color.
02-01 16:22:26.680  1933  2326 I global  :  RENO - ObjectDetection.sleeveColorDetect(ObjectDetection.java:132): Sleeve max color = 234001.00, 230999.00, 231183.00
02-01 16:22:26.681  1933  2326 I global  :  RENO - ObjectDetection.sleeveColorDetect(ObjectDetection.java:151): Sleeve position: LEFT
02-01 16:22:26.727  1933  2326 I global  :  RENO - ObjectDetection.sleeveColorDetect(ObjectDetection.java:125): Start Opcv process to detect sleeve color.
02-01 16:22:26.728  1933  2326 I global  :  RENO - ObjectDetection.sleeveColorDetect(ObjectDetection.java:132): Sleeve max color = 234545.00, 230322.00, 231065.00
02-01 16:22:26.729  1933  2326 I global  :  RENO - ObjectDetection.sleeveColorDetect(ObjectDetection.java:151): Sleeve position: LEFT
02-01 16:22:26.779  1933  2326 I global  :  RENO - ObjectDetection.sleeveColorDetect(ObjectDetection.java:125): Start Opcv process to detect sleeve color.
