03-03 21:36:00.517  6161  6161 I sh      : type=1400 audit(0.0:470): avc: denied { open } for path="/" dev="rootfs" ino=1 scontext=u:r:untrusted_app:s0:c512,c768 tcontext=u:object_r:rootfs:s0 tclass=dir permissive=1
03-03 21:36:00.541  5820  5970 V Robocol : sending CMD_STREAM_CHANGE(1110), attempt: 0
03-03 21:36:00.598  5820  6160 I RobotCore: Done running exec logcat -d -T '3-3 21:35:26.000' -f '/storage/emulated/0/FIRST/matchlogs/Match-0-Auto_M_Left.txt' -n4 -v threadtime UsbRequestJNI:S UsbRequest:S art:W ThreadPool:W System:W ExtendedExtractor:W OMXClient:W MediaPlayer:W dalvikvm:W  *:V
03-03 21:36:00.598  5820  6160 I RobotCore: exiting match logcat for /storage/emulated/0/FIRST/matchlogs/Match-0-Auto_M_Left.txt
03-03 21:36:00.628  5820  5997 I RobotCore: Attempting to switch to op mode $Stop$Robot$
03-03 21:36:00.664  5820  5997 D HardwareMap: Clearing which device instances have been retrieved
03-03 21:36:00.665  5820  5997 D HardwareMap: Clearing which device instances have been retrieved
03-03 21:36:00.666  5820  6166 V RobotCore: thread: 'OpModeThread' starting...
03-03 21:36:00.700  5820  5970 V Robocol : sending CMD_NOTIFY_INIT_OP_MODE(1120), attempt: 0
03-03 21:36:00.742  5820  5967 V Robocol : received command: CMD_RUN_OP_MODE(11061) $Stop$Robot$
03-03 21:36:00.782  5820  5970 V Robocol : sending CMD_NOTIFY_RUN_OP_MODE(1125), attempt: 0
03-03 21:37:17.627  5820  5967 V Robocol : received command: CMD_SET_MATCH_NUMBER(12102) 0
03-03 21:37:17.629  5820  5967 V Robocol : received command: CMD_INIT_OP_MODE(12103) Auto M Left
03-03 21:37:17.654  5820  5968 I RobotCore: ******************** START - OPMODE Auto M Left ********************
03-03 21:37:17.658  5820  6166 V RobotCore: thread: ...terminating 'OpModeThread'
03-03 21:37:17.663  5820  5997 I RobotCore: Attempting to switch to op mode Auto M Left
03-03 21:37:17.933  5820  5997 D HardwareMap: Clearing which device instances have been retrieved
03-03 21:37:17.934  5820  5997 D HardwareMap: Clearing which device instances have been retrieved
03-03 21:37:17.936  5820  6306 V RobotCore: thread: 'OpModeThread' starting...
03-03 21:37:17.937  5820  6306 I global  :  RENO - AutoMJ_Right.runOpMode(AutoMJ_Right.java:270): Status - Initialized
03-03 21:37:17.941  5820  5970 V Robocol : sending CMD_NOTIFY_INIT_OP_MODE(2179), attempt: 0
03-03 21:37:17.942  5820  6306 I System.out: OpenCvCameraBase ctor: EasyOpenCV version 1.5.2
03-03 21:37:17.947  5820  6307 D CameraManager: doOpenCamera()...
03-03 21:37:17.948  5820  6307 D CameraManager: requesting permission for camera: Webcam(D5386480)
03-03 21:37:17.956  5820  6306 I I2C     : Automatically initializing I2C device LynxEmbeddedBNO055IMUNew (USB (embedded); module 2; bus 0; addr7=0x28)
03-03 21:37:17.956  5820  6306 V BNO055  : Suppressing I2C warnings while we check for a BNO055 IMU
03-03 21:37:17.959  5820  6307 D WebcamNameImpl: requesting permission for /dev/bus/usb/001/002
03-03 21:37:17.959  5820  6307 V WebcamNameImpl: asyncRequestUsbPermission()...
03-03 21:37:17.961  5820  6307 D WebcamNameImpl: permission already available for /dev/bus/usb/001/002
03-03 21:37:17.962  5820  6306 V BNO055  : Found BNO055 IMU
03-03 21:37:17.963  5820  6307 V WebcamNameImpl: ...asyncRequestUsbPermission()
03-03 21:37:17.963  5820  6307 D ContinuationSynchronizer: awaiting(camera open)...
03-03 21:37:17.963  5820  6308 D WebcamNameImpl: permission for /dev/bus/usb/001/002=true
03-03 21:37:17.964  5820  6308 D CameraManager: permission granted for camera: Webcam(D5386480)
03-03 21:37:17.964  5820  6308 D CameraManager: asyncOpenCamera(Webcam(D5386480))...
03-03 21:37:17.965  5820  6308 D CameraManager: asyncOpenWebcam(Webcam(D5386480))...
03-03 21:37:17.966  5820  6308 V UsbResiliantWebcam: construct(0x08666ff7)
03-03 21:37:17.967  5820  6308 D UsbResiliantWebcam: openAssumingPermission()...
03-03 21:37:17.974  5820  6308 D UvcContext: found webcam: usbPath=/dev/bus/usb/003/004 vid=0x46D pid=0x8E5 serial=2D25B27F product=HD Pro Webcam C920
03-03 21:37:17.974  5820  6308 D Uvc     : [jni_context.cpp:120] Java_org_firstinspires_ftc_robotcore_internal_camera_libuvc_nativeobject_UvcContext_nativeCreateUvcDevice()...
03-03 21:37:17.974  5820  6308 V Uvc     : API: Java_org_firstinspires_ftc_robotcore_internal_camera_libuvc_nativeobject_UvcContext_nativeCreateUvcDevice: enter...
03-03 21:37:17.976  5820  6308 D libusb  : [159.272791] [000018a4] libusb: debug [op_create] op_create: szUsbPath=/dev/bus/usb/003/004 szSysfsDir=3-1.4
03-03 21:37:17.977  5820  6308 D libusb  : [159.273680] [000018a4] libusb: debug [initialize_device] initialize_device(szUsbPath=/dev/bus/usb/003/004 szSysfsDir=3-1.4)
03-03 21:37:17.978  5820  6308 D libusb  : [159.275047] [000018a4] libusb: debug [initialize_device] initialize_device(szUsbPath=(null) szSysfsDir=3-1)
03-03 21:37:17.978  5820  5820 D OpenCvViewport: surfaceCreated()
03-03 21:37:17.978  5820  5820 D OpenCvViewport: ...surfaceCreated()
03-03 21:37:17.978  5820  5820 D OpenCvViewport: surfaceChanged()
03-03 21:37:17.978  5820  5820 D OpenCvViewport: CheckState(): user requested that we deactivate
03-03 21:37:17.978  5820  6308 E libusb  : [159.275371] [000018a4] libusb: error [initialize_device] unable to open serial number sysfs; error ignored
03-03 21:37:17.978  5820  5820 D OpenCvViewport: CheckState(): already deactivated
03-03 21:37:17.978  5820  5820 D OpenCvViewport: ...surfaceChanged()
03-03 21:37:17.979  5820  6308 D libusb  : [159.275618] [000018a4] libusb: debug [initialize_device] initialize_device(szUsbPath=(null) szSysfsDir=usb3)
03-03 21:37:17.979  5820  6308 D Uvc     : [device.cpp:613] uvc_create_uvc_device()...
03-03 21:37:17.979  5820  6308 D Uvc     : [libuvc/libuvc_internal.h:346] uvc_device::uvc_device()...
03-03 21:37:17.979  5820  6308 D Uvc     : [libuvc/libuvc_internal.h:375] acquired vid=1133 & pid=2277
03-03 21:37:17.979  5820  6308 D Uvc     : [libuvc/libuvc_internal.h:346] ...uvc_device::uvc_device()
03-03 21:37:17.979  5820  6308 D Uvc     : [device.cpp:613] ...uvc_create_uvc_device() rc=0
03-03 21:37:17.979  5820  6308 V Uvc     : API: Java_org_firstinspires_ftc_robotcore_internal_camera_libuvc_nativeobject_UvcContext_nativeCreateUvcDevice: ...exit
03-03 21:37:17.979  5820  6308 D Uvc     : [jni_context.cpp:120] ...Java_org_firstinspires_ftc_robotcore_internal_camera_libuvc_nativeobject_UvcContext_nativeCreateUvcDevice()
03-03 21:37:17.981  5820  6308 V UvcDevice: construct(pointer=0xcfa1d460|null)
03-03 21:37:17.981  5820  6308 D Uvc     : [jni_device.cpp:108] Java_org_firstinspires_ftc_robotcore_internal_camera_libuvc_nativeobject_UvcDevice_nativeGetLibUsbDevice()...
03-03 21:37:17.981  5820  5970 V Robocol : sending CMD_STREAM_CHANGE(2180), attempt: 0
03-03 21:37:17.981  5820  6308 D Uvc     : [jni_device.cpp:108] ...Java_org_firstinspires_ftc_robotcore_internal_camera_libuvc_nativeobject_UvcDevice_nativeGetLibUsbDevice()
03-03 21:37:17.981  5820  6308 V LibUsbDevice: construct(pointer=0xd2d34e60)
03-03 21:37:17.982  5820  6308 D UvcContext: usb device is *not* UVC compatible, /dev/bus/usb/003/003
03-03 21:37:17.982  5820  6308 D UvcContext: found webcam: usbPath=/dev/bus/usb/001/002 vid=0x46D pid=0x825 serial=D5386480 product=C270 HD WEBCAM
03-03 21:37:17.982  5820  6308 D Uvc     : [jni_context.cpp:120] Java_org_firstinspires_ftc_robotcore_internal_camera_libuvc_nativeobject_UvcContext_nativeCreateUvcDevice()...
03-03 21:37:17.982  5820  6308 V Uvc     : API: Java_org_firstinspires_ftc_robotcore_internal_camera_libuvc_nativeobject_UvcContext_nativeCreateUvcDevice: enter...
03-03 21:37:17.983  5820  6308 D libusb  : [159.279655] [000018a4] libusb: debug [op_create] op_create: szUsbPath=/dev/bus/usb/001/002 szSysfsDir=1-1
03-03 21:37:17.983  5820  6308 D Uvc     : [device.cpp:613] uvc_create_uvc_device()...
03-03 21:37:17.983  5820  6308 D Uvc     : [libuvc/libuvc_internal.h:346] uvc_device::uvc_device()...
03-03 21:37:17.983  5820  6308 D Uvc     : [libuvc/libuvc_internal.h:375] acquired vid=1133 & pid=2085
03-03 21:37:17.983  5820  6308 D Uvc     : [libuvc/libuvc_internal.h:346] ...uvc_device::uvc_device()
03-03 21:37:17.983  5820  6308 D Uvc     : [device.cpp:613] ...uvc_create_uvc_device() rc=0
03-03 21:37:17.983  5820  6308 V Uvc     : API: Java_org_firstinspires_ftc_robotcore_internal_camera_libuvc_nativeobject_UvcContext_nativeCreateUvcDevice: ...exit
03-03 21:37:17.983  5820  6308 D Uvc     : [jni_context.cpp:120] ...Java_org_firstinspires_ftc_robotcore_internal_camera_libuvc_nativeobject_UvcContext_nativeCreateUvcDevice()
03-03 21:37:17.985  5820  6308 V UvcDevice: construct(pointer=0xcfa1d488|null)
03-03 21:37:17.985  5820  6308 D Uvc     : [jni_device.cpp:108] Java_org_firstinspires_ftc_robotcore_internal_camera_libuvc_nativeobject_UvcDevice_nativeGetLibUsbDevice()...
03-03 21:37:17.985  5820  6308 D Uvc     : [jni_device.cpp:108] ...Java_org_firstinspires_ftc_robotcore_internal_camera_libuvc_nativeobject_UvcDevice_nativeGetLibUsbDevice()
03-03 21:37:17.986  5820  6308 V LibUsbDevice: construct(pointer=0xd2d34d40)
03-03 21:37:17.987  5820  6308 V UvcDevice: destroy(pointer=0xcfa1d460|/dev/bus/usb/003/004)
03-03 21:37:17.987  5820  6308 D Uvc     : [jni_device.cpp:126] Java_org_firstinspires_ftc_robotcore_internal_camera_libuvc_nativeobject_UvcDevice_nativeReleaseRefDevice()...
03-03 21:37:17.987  5820  6308 V Uvc     : API: Java_org_firstinspires_ftc_robotcore_internal_camera_libuvc_nativeobject_UvcDevice_nativeReleaseRefDevice: enter...
03-03 21:37:17.987  5820  6308 D Uvc     : [device.cpp:882] uvc_unref_device()...
03-03 21:37:17.987  5820  6308 D Uvc     : [device.cpp:882] ...uvc_unref_device()
03-03 21:37:17.987  5820  6308 V Uvc     : API: Java_org_firstinspires_ftc_robotcore_internal_camera_libuvc_nativeobject_UvcDevice_nativeReleaseRefDevice: ...exit
03-03 21:37:17.987  5820  6308 D Uvc     : [jni_device.cpp:126] ...Java_org_firstinspires_ftc_robotcore_internal_camera_libuvc_nativeobject_UvcDevice_nativeReleaseRefDevice()
03-03 21:37:17.988  5820  6308 V LibUsbDevice: destroy(pointer=0xd2d34e60)
03-03 21:37:17.988  5820  6308 D Uvc     : [jni_libusb_device.cpp:64] Java_org_firstinspires_ftc_robotcore_internal_camera_libuvc_nativeobject_LibUsbDevice_nativeReleaseRefDevice()...
03-03 21:37:17.988  5820  6308 D Uvc     : [jni_libusb_device.cpp:64] ...Java_org_firstinspires_ftc_robotcore_internal_camera_libuvc_nativeobject_LibUsbDevice_nativeReleaseRefDevice()
03-03 21:37:17.995  5820  6308 D UvcDevice: open()...
03-03 21:37:18.055  5820  6306 V BNO055  : Suppressing I2C warnings while we check for a BNO055 IMU
03-03 21:37:18.059  5820  6306 V BNO055  : Found BNO055 IMU
03-03 21:37:18.076  5820  6308 D Uvc     : [jni_device.cpp:50] Java_org_firstinspires_ftc_robotcore_internal_camera_libuvc_nativeobject_UvcDevice_nativeSetUsbDeviceInfo()...
03-03 21:37:18.076  5820  6308 D Uvc     : [jni_device.cpp:50] ...Java_org_firstinspires_ftc_robotcore_internal_camera_libuvc_nativeobject_UvcDevice_nativeSetUsbDeviceInfo()
03-03 21:37:18.076  5820  6308 D Uvc     : [jni_device.cpp:233] Java_org_firstinspires_ftc_robotcore_internal_camera_libuvc_nativeobject_UvcDevice_nativeOpenDeviceHandle()...
03-03 21:37:18.076  5820  6308 V Uvc     : API: Java_org_firstinspires_ftc_robotcore_internal_camera_libuvc_nativeobject_UvcDevice_nativeOpenDeviceHandle: enter...
03-03 21:37:18.076  5820  6308 D Uvc     : [device.cpp:279] uvc_open()...
03-03 21:37:18.076  5820  6308 D Uvc     : [libuvc/libuvc_internal.h:356] uvc_device::open()...
03-03 21:37:18.076  5820  6308 D libusb  : [159.373146] [000018a4] libusb: debug [op_open] op_open: szUsbPath=/dev/bus/usb/001/002
03-03 21:37:18.076  5820  6308 D Uvc     : [libuvc/libuvc_internal.h:356] ...uvc_device::open() rc=0
03-03 21:37:18.076  5820  6308 D Uvc     : [device.cpp:295] calling libusb_reset_device()...
03-03 21:37:18.298  5820  6306 I global  :  RENO - SlidersWith2Motors.init(SlidersWith2Motors.java:78): init slider motors.
03-03 21:37:18.346  5820  6306 I global  :  RENO - ArmClawUnit.init(ArmClawUnit.java:91): init servo motors for arm and claw.
03-03 21:37:18.676  5820  6308 D Uvc     : [device.cpp:303] ...libusb_reset_device() called
03-03 21:37:18.676  5820  6308 D Uvc     : [device.cpp:311] libusb_open() = 0
03-03 21:37:18.676  5820  6308 D Uvc     : [libuvc/libuvc_internal.h:732] uvc_device_handle::uvc_device_handle()...
03-03 21:37:18.676  5820  6308 D Uvc     : [libuvc/libuvc_internal.h:732] ...uvc_device_handle::uvc_device_handle()
03-03 21:37:18.676  5820  6308 D Uvc     : [device.cpp:386] uvc_get_device_info()...
03-03 21:37:18.677  5820  6308 D libusb  : [159.973501] [000018a4] libusb: debug [op_get_config_descriptor] op_get_config_descriptor: config_index=0
03-03 21:37:18.677  5820  6308 D libusb  : [159.973667] [000018a4] libusb: debug [op_get_config_descriptor] op_get_config_descriptor: config_index=0
03-03 21:37:18.677  5820  6308 D Uvc     : [device.cpp:986] uvc_scan_control()...
03-03 21:37:18.677  5820  6308 D Uvc     : [device.cpp:1041] uvc_parse_vc_header()...
03-03 21:37:18.677  5820  6308 D Uvc     : [device.cpp:1284] uvc_scan_streaming()...
03-03 21:37:18.677  5820  6308 D Uvc     : [device.cpp:1340] uvc_parse_vs_input_header()...
03-03 21:37:18.677  5820  6308 D Uvc     : [device.cpp:1340] ...uvc_parse_vs_input_header() rc=0
03-03 21:37:18.677  5820  6308 D Uvc     : [device.cpp:1389] uvc_parse_vs_format_uncompressed()...
03-03 21:37:18.677  5820  6308 D Uvc     : [device.cpp:1389] ...uvc_parse_vs_format_uncompressed() rc=0
03-03 21:37:18.678  5820  6308 V Uvc     : [device.cpp:1630] unsupported descriptor subtype: 13 UVC_VS_COLORFORMAT
03-03 21:37:18.678  5820  6308 D Uvc     : [device.cpp:1449] uvc_parse_vs_format_mjpeg()...
03-03 21:37:18.678  5820  6308 D Uvc     : [device.cpp:1449] ...uvc_parse_vs_format_mjpeg() rc=0
03-03 21:37:18.680  5820  6308 V Uvc     : [device.cpp:1630] unsupported descriptor subtype: 13 UVC_VS_COLORFORMAT
03-03 21:37:18.680  5820  6308 D Uvc     : [device.cpp:1284] ...uvc_scan_streaming() rc=0
03-03 21:37:18.680  5820  6308 D Uvc     : [device.cpp:1041] ...uvc_parse_vc_header() rc=0
03-03 21:37:18.680  5820  6308 D Uvc     : [device.cpp:1083] uvc_parse_vc_input_terminal()...
03-03 21:37:18.680  5820  6308 D Uvc     : [device.cpp:1083] ...uvc_parse_vc_input_terminal() rc=0
03-03 21:37:18.680  5820  6308 D Uvc     : [device.cpp:1156] uvc_parse_vc_processing_unit()...
03-03 21:37:18.680  5820  6308 D Uvc     : [device.cpp:1156] ...uvc_parse_vc_processing_unit() rc=0
03-03 21:37:18.680  5820  6308 D Uvc     : [device.cpp:986] ...uvc_scan_control() rc=0
03-03 21:37:18.680  5820  6308 D Uvc     : [device.cpp:386] ...uvc_get_device_info() rc=0
03-03 21:37:18.680  5820  6308 D Uvc     : [device.cpp:326] claiming control interface 0
03-03 21:37:18.682  5820  6308 D Uvc     : [libuvc/libuvc_internal.h:770] uvc_device_handle::claimInterface(idx=0)...
03-03 21:37:18.682  5820  6308 D UvcDevice: claimInterface(0)
03-03 21:37:18.684  5820  6308 D UvcDevice: claimInterface(0) succeeded
03-03 21:37:18.684  5820  6308 D Uvc     : [libuvc/libuvc_internal.h:783] claimInterface(0) succeeded
03-03 21:37:18.685  5820  6308 D Uvc     : [libuvc/libuvc_internal.h:770] ...uvc_device_handle::claimInterface() rc=0
03-03 21:37:18.685  5820  6308 D Uvc     : [device.cpp:279] ...uvc_open() rc=0
03-03 21:37:18.685  5820  6308 V Uvc     : API: Java_org_firstinspires_ftc_robotcore_internal_camera_libuvc_nativeobject_UvcDevice_nativeOpenDeviceHandle: ...exit
03-03 21:37:18.685  5820  6308 D Uvc     : [jni_device.cpp:233] ...Java_org_firstinspires_ftc_robotcore_internal_camera_libuvc_nativeobject_UvcDevice_nativeOpenDeviceHandle()
03-03 21:37:18.686  5820  6308 V UvcDeviceHandle: construct(pointer=0xcecf7ec0)
03-03 21:37:18.687  5820  6308 V CameraImpl: construct(0x0d8898cd)
03-03 21:37:18.691  5820  6308 D UsbResiliantWebcam.InterveningStateCallback: onOpened() camera=CameraImpl(UvcDeviceHandle(pointer=0xcecf7ec0|UvcDevice(/dev/bus/usb/001/002)))...
03-03 21:37:18.696  5820  6308 D UsbResiliantWebcam: changeDelegatedCamera(null->CameraImpl(UvcDeviceHandle(pointer=0xcecf7ec0|UvcDevice(/dev/bus/usb/001/002))))...
03-03 21:37:18.696  5820  6308 D UvcApiFocusControl: isModeSupported(Auto)...
03-03 21:37:18.698  5820  6308 D UvcApiFocusControl: ...isModeSupported(Auto): false
03-03 21:37:18.698  5820  6308 D UvcApiFocusControl: isModeSupported(ContinuousAuto)...
03-03 21:37:18.699  5820  6308 D UvcApiFocusControl: ...isModeSupported(ContinuousAuto): false
03-03 21:37:18.700  5820  6308 D UvcApiFocusControl: isModeSupported(Macro)...
03-03 21:37:18.701  5820  6308 D UvcApiFocusControl: ...isModeSupported(Macro): false
03-03 21:37:18.702  5820  6308 D UvcApiFocusControl: isModeSupported(Infinity)...
03-03 21:37:18.702  5820  6308 D UvcApiFocusControl: ...isModeSupported(Infinity): false
03-03 21:37:18.704  5820  6308 D UvcApiFocusControl: isModeSupported(Fixed)...
03-03 21:37:18.705  5820  6308 D UvcApiFocusControl: ...isModeSupported(Fixed): true
03-03 21:37:18.705  5820  6308 D UvcApiFocusControl: isFocusLengthSupported...
03-03 21:37:18.706  5820  6308 D UvcApiFocusControl: ...isFocusLengthSupported: false
03-03 21:37:18.710  5820  6308 D CachingExposureControl: onCameraChanged(null->CameraImpl(UvcDeviceHandle(pointer=0xcecf7ec0|UvcDevice(/dev/bus/usb/001/002))))...
03-03 21:37:18.710  5820  6308 D UvcApiExposureControl: isModeSupported(Auto)...
03-03 21:37:18.712  5820  6308 D UvcApiExposureControl: ...isModeSupported(Auto): false
03-03 21:37:18.713  5820  6308 D UvcApiExposureControl: isModeSupported(ContinuousAuto)...
03-03 21:37:18.715  5820  6308 D UvcApiExposureControl: ...isModeSupported(ContinuousAuto): false
03-03 21:37:18.715  5820  6308 D UvcApiExposureControl: isModeSupported(Manual)...
03-03 21:37:18.717  5820  6308 D UvcApiExposureControl: ...isModeSupported(Manual): true
03-03 21:37:18.718  5820  6308 D UvcApiExposureControl: isModeSupported(ShutterPriority)...
03-03 21:37:18.721  5820  6308 D UvcApiExposureControl: ...isModeSupported(ShutterPriority): false
03-03 21:37:18.722  5820  6308 D UvcApiExposureControl: isModeSupported(AperturePriority)...
03-03 21:37:18.724  5820  6308 D UvcApiExposureControl: ...isModeSupported(AperturePriority): true
03-03 21:37:18.725  5820  6308 D UvcApiExposureControl: isExposureSupported()...
03-03 21:37:18.725  5820  6308 D UvcApiExposureControl: ...isExposureSupported(): true
03-03 21:37:18.725  5820  6308 D UvcApiExposureControl: getMinExposure(NANOSECONDS)...
03-03 21:37:18.726  5820  6308 D Uvc     : [jni_devicehandle.cpp:645] Java_org_firstinspires_ftc_robotcore_internal_camera_libuvc_nativeobject_UvcDeviceHandle_nativeGetMinExposure()...
03-03 21:37:18.727  5820  6308 D Uvc     : [jni_devicehandle.cpp:645] ...Java_org_firstinspires_ftc_robotcore_internal_camera_libuvc_nativeobject_UvcDeviceHandle_nativeGetMinExposure()
03-03 21:37:18.728  5820  6308 D UvcApiExposureControl: ...getMinExposure(NANOSECONDS): 100000
03-03 21:37:18.728  5820  6308 D UvcApiExposureControl: getMaxExposure(NANOSECONDS)...
03-03 21:37:18.730  5820  6308 D UvcApiExposureControl: ...getMaxExposure(NANOSECONDS): 1000000000
03-03 21:37:18.730  5820  6308 D UvcApiExposureControl: setAePriority()...
03-03 21:37:18.732  5820  6308 D UvcApiExposureControl: ...setAePriority()
03-03 21:37:18.732  5820  6308 D UvcApiExposureControl: getMode()...
03-03 21:37:18.732  5820  6308 D Uvc     : [jni_devicehandle.cpp:493] Java_org_firstinspires_ftc_robotcore_internal_camera_libuvc_nativeobject_UvcDeviceHandle_nativeGetVuforiaExposureMode()...
03-03 21:37:18.734  5820  6308 D Uvc     : [jni_devicehandle.cpp:493] ...Java_org_firstinspires_ftc_robotcore_internal_camera_libuvc_nativeobject_UvcDeviceHandle_nativeGetVuforiaExposureMode()
03-03 21:37:18.734  5820  6308 D UvcApiExposureControl: ...getMode(): AperturePriority
03-03 21:37:18.736  5820  6308 D CachingExposureControl: ...onCameraChanged(null->CameraImpl(UvcDeviceHandle(pointer=0xcecf7ec0|UvcDevice(/dev/bus/usb/001/002))))
03-03 21:37:18.737  5820  6308 D UvcApiPtzControl: getMinZoom()...
03-03 21:37:18.738  5820  6308 E UvcDeviceHandle: [jni_devicehandle.cpp:219] Failed to get min zoom : error -9
03-03 21:37:18.738  5820  6308 D UvcApiPtzControl: ...getMinZoom(): 0
03-03 21:37:18.739  5820  6308 D UvcApiPtzControl: getMaxZoom()...
03-03 21:37:18.740  5820  6308 E UvcDeviceHandle: [jni_devicehandle.cpp:242] Failed to get max zoom : error -9
03-03 21:37:18.740  5820  6308 D UvcApiPtzControl: ...getMaxZoom(): 0
03-03 21:37:18.740  5820  6308 D UvcApiPtzControl: getMinPanTilt()...
03-03 21:37:18.741  5820  6308 E UvcDeviceHandle: [jni_devicehandle.cpp:365] Failed to get min pan/tilt : error -9
03-03 21:37:18.742  5820  6308 D UvcApiPtzControl: ...getMinPanTilt(): org.firstinspires.ftc.robotcore.external.hardware.camera.controls.PtzControl$PanTiltHolder@d45b582
03-03 21:37:18.742  5820  6308 D UvcApiPtzControl: getMaxPanTilt()...
03-03 21:37:18.743  5820  6308 E UvcDeviceHandle: [jni_devicehandle.cpp:333] Failed to get max pan/tilt : error -9
03-03 21:37:18.743  5820  6308 D UvcApiPtzControl: ...getMaxPanTilt(): org.firstinspires.ftc.robotcore.external.hardware.camera.controls.PtzControl$PanTiltHolder@8881493
03-03 21:37:18.743  5820  6308 D UvcApiPtzControl: getZoom()...
03-03 21:37:18.744  5820  6308 E UvcDeviceHandle: [jni_devicehandle.cpp:196] Failed to get zoom : error -9
03-03 21:37:18.745  5820  6308 D UvcApiPtzControl: ...getZoom(): 0
03-03 21:37:18.745  5820  6308 D UvcApiPtzControl: getPanTilt()...
03-03 21:37:18.746  5820  6308 E UvcDeviceHandle: [jni_devicehandle.cpp:301] Failed to get pan/tilt : error -9
03-03 21:37:18.747  5820  6308 D UvcApiPtzControl: ...getPanTilt(): org.firstinspires.ftc.robotcore.external.hardware.camera.controls.PtzControl$PanTiltHolder@4e7bcd0
03-03 21:37:18.747  5820  6308 D UvcApiGainControl: getMinGain()...
03-03 21:37:18.747  5820  6308 D Uvc     : [jni_devicehandle.cpp:894] Java_org_firstinspires_ftc_robotcore_internal_camera_libuvc_nativeobject_UvcDeviceHandle_nativeGetMinGain()...
03-03 21:37:18.748  5820  6308 D Uvc     : [jni_devicehandle.cpp:894] ...Java_org_firstinspires_ftc_robotcore_internal_camera_libuvc_nativeobject_UvcDeviceHandle_nativeGetMinGain()
03-03 21:37:18.748  5820  6308 D UvcApiGainControl: ...getMinGain(): 0
03-03 21:37:18.749  5820  6308 D UvcApiGainControl: getMaxGain()...
03-03 21:37:18.749  5820  6308 D Uvc     : [jni_devicehandle.cpp:917] Java_org_firstinspires_ftc_robotcore_internal_camera_libuvc_nativeobject_UvcDeviceHandle_nativeGetMaxGain()...
03-03 21:37:18.750  5820  6308 D Uvc     : [jni_devicehandle.cpp:917] ...Java_org_firstinspires_ftc_robotcore_internal_camera_libuvc_nativeobject_UvcDeviceHandle_nativeGetMaxGain()
03-03 21:37:18.750  5820  6308 D UvcApiGainControl: ...getMaxGain(): 255
03-03 21:37:18.751  5820  6308 D UvcApiGainControl: getGain()...
03-03 21:37:18.751  5820  6308 D Uvc     : [jni_devicehandle.cpp:940] Java_org_firstinspires_ftc_robotcore_internal_camera_libuvc_nativeobject_UvcDeviceHandle_nativeGetGain()...
03-03 21:37:18.752  5820  6308 D Uvc     : [jni_devicehandle.cpp:940] ...Java_org_firstinspires_ftc_robotcore_internal_camera_libuvc_nativeobject_UvcDeviceHandle_nativeGetGain()
03-03 21:37:18.753  5820  6308 D UvcApiGainControl: ...getGain(): 0
03-03 21:37:18.753  5820  6308 D UvcApiWhiteBalanceControl: getMinWhiteBalanceTemperature()...
03-03 21:37:18.753  5820  6308 D Uvc     : [jni_devicehandle.cpp:726] Java_org_firstinspires_ftc_robotcore_internal_camera_libuvc_nativeobject_UvcDeviceHandle_nativeGetMinWhiteBalanceTemperature()...
03-03 21:37:18.754  5820  6308 D Uvc     : [jni_devicehandle.cpp:726] ...Java_org_firstinspires_ftc_robotcore_internal_camera_libuvc_nativeobject_UvcDeviceHandle_nativeGetMinWhiteBalanceTemperature()
03-03 21:37:18.755  5820  6308 D UvcApiWhiteBalanceControl: ...getMinWhiteBalanceTemperature(): 0
03-03 21:37:18.755  5820  6308 D UvcApiWhiteBalanceControl: getMaxWhiteBalanceTemperature()...
03-03 21:37:18.755  5820  6308 D Uvc     : [jni_devicehandle.cpp:748] Java_org_firstinspires_ftc_robotcore_internal_camera_libuvc_nativeobject_UvcDeviceHandle_nativeGetMaxWhiteBalanceTemperature()...
03-03 21:37:18.757  5820  6308 D Uvc     : [jni_devicehandle.cpp:748] ...Java_org_firstinspires_ftc_robotcore_internal_camera_libuvc_nativeobject_UvcDeviceHandle_nativeGetMaxWhiteBalanceTemperature()
03-03 21:37:18.757  5820  6308 D UvcApiWhiteBalanceControl: ...getMaxWhiteBalanceTemperature(): 10000
03-03 21:37:18.757  5820  6308 D UvcApiWhiteBalanceControl: getWhiteBalanceTemperature()...
03-03 21:37:18.758  5820  6308 D Uvc     : [jni_devicehandle.cpp:793] Java_org_firstinspires_ftc_robotcore_internal_camera_libuvc_nativeobject_UvcDeviceHandle_nativeGetWhiteBalanceTemperature()...
03-03 21:37:18.759  5820  6308 D Uvc     : [jni_devicehandle.cpp:793] ...Java_org_firstinspires_ftc_robotcore_internal_camera_libuvc_nativeobject_UvcDeviceHandle_nativeGetWhiteBalanceTemperature()
03-03 21:37:18.760  5820  6308 D UvcApiWhiteBalanceControl: ...getWhiteBalanceTemperature(): 4000
03-03 21:37:18.760  5820  6308 D UsbResiliantWebcam: ...changeDelegatedCamera(null->CameraImpl(UvcDeviceHandle(pointer=0xcecf7ec0|UvcDevice(/dev/bus/usb/001/002))))
03-03 21:37:18.760  5820  6308 D UsbResiliantWebcam: openSelfAndReport()...
03-03 21:37:18.760  5820  6308 V CameraImpl: construct(0x0b12f4c9)
03-03 21:37:18.762  5820  6308 D UsbResiliantWebcam: ...openSelfAndReport()
03-03 21:37:18.762  5820  6308 D UsbResiliantWebcam.InterveningStateCallback: ...onOpened() camera=CameraImpl(UvcDeviceHandle(pointer=0xcecf7ec0|UvcDevice(/dev/bus/usb/001/002)))
03-03 21:37:18.762  5820  6308 D UvcDevice: ...open()
03-03 21:37:18.762  5820  6311 D CameraManager: camera reports opened: CameraImpl(UsbResiliantWebcam(Webcam(D5386480)))
03-03 21:37:18.763  5820  6308 D UsbResiliantWebcam: ...openAssumingPermission()
03-03 21:37:18.763  5820  6308 D CameraManager: ...asyncOpenWebcam(Webcam(D5386480))
03-03 21:37:18.763  5820  6311 D ContinuationSynchronizer: finish("camera reports opened: Webcam(D5386480)": CameraImpl(UsbResiliantWebcam(Webcam(D5386480))))...
03-03 21:37:18.763  5820  6308 D CameraManager: ...asyncOpenCamera(Webcam(D5386480))
03-03 21:37:18.763  5820  6307 D ContinuationSynchronizer: ...awaiting(camera open)
03-03 21:37:18.763  5820  6307 D CameraManager: ...doOpenCamera()
03-03 21:37:18.764  5820  6311 D ContinuationSynchronizer: ...finish("camera reports opened: Webcam(D5386480)": CameraImpl(UsbResiliantWebcam(Webcam(D5386480))))
03-03 21:37:18.769  5820  6307 D UvcContext: found webcam: usbPath=/dev/bus/usb/003/004 vid=0x46D pid=0x8E5 serial=2D25B27F product=HD Pro Webcam C920
03-03 21:37:18.769  5820  6307 D Uvc     : [jni_context.cpp:120] Java_org_firstinspires_ftc_robotcore_internal_camera_libuvc_nativeobject_UvcContext_nativeCreateUvcDevice()...
03-03 21:37:18.769  5820  6307 V Uvc     : API: Java_org_firstinspires_ftc_robotcore_internal_camera_libuvc_nativeobject_UvcContext_nativeCreateUvcDevice: enter...
03-03 21:37:18.771  5820  6307 D libusb  : [160.067785] [000018a3] libusb: debug [op_create] op_create: szUsbPath=/dev/bus/usb/003/004 szSysfsDir=3-1.4
03-03 21:37:18.771  5820  6307 D libusb  : [160.068034] [000018a3] libusb: debug [initialize_device] initialize_device(szUsbPath=/dev/bus/usb/003/004 szSysfsDir=3-1.4)
03-03 21:37:18.772  5820  6307 D libusb  : [160.068605] [000018a3] libusb: debug [initialize_device] initialize_device(szUsbPath=(null) szSysfsDir=3-1)
03-03 21:37:18.772  5820  6307 E libusb  : [160.068872] [000018a3] libusb: error [initialize_device] unable to open serial number sysfs; error ignored
03-03 21:37:18.772  5820  6307 D libusb  : [160.069063] [000018a3] libusb: debug [initialize_device] initialize_device(szUsbPath=(null) szSysfsDir=usb3)
03-03 21:37:18.772  5820  6307 D Uvc     : [device.cpp:613] uvc_create_uvc_device()...
03-03 21:37:18.772  5820  6307 D Uvc     : [libuvc/libuvc_internal.h:346] uvc_device::uvc_device()...
03-03 21:37:18.772  5820  6307 D Uvc     : [libuvc/libuvc_internal.h:375] acquired vid=1133 & pid=2277
03-03 21:37:18.772  5820  6307 D Uvc     : [libuvc/libuvc_internal.h:346] ...uvc_device::uvc_device()
03-03 21:37:18.772  5820  6307 D Uvc     : [device.cpp:613] ...uvc_create_uvc_device() rc=0
03-03 21:37:18.772  5820  6307 V Uvc     : API: Java_org_firstinspires_ftc_robotcore_internal_camera_libuvc_nativeobject_UvcContext_nativeCreateUvcDevice: ...exit
03-03 21:37:18.772  5820  6307 D Uvc     : [jni_context.cpp:120] ...Java_org_firstinspires_ftc_robotcore_internal_camera_libuvc_nativeobject_UvcContext_nativeCreateUvcDevice()
03-03 21:37:18.773  5820  6307 V UvcDevice: construct(pointer=0xcfa1d730|null)
03-03 21:37:18.774  5820  6307 D Uvc     : [jni_device.cpp:108] Java_org_firstinspires_ftc_robotcore_internal_camera_libuvc_nativeobject_UvcDevice_nativeGetLibUsbDevice()...
03-03 21:37:18.774  5820  6307 D Uvc     : [jni_device.cpp:108] ...Java_org_firstinspires_ftc_robotcore_internal_camera_libuvc_nativeobject_UvcDevice_nativeGetLibUsbDevice()
03-03 21:37:18.774  5820  6307 V LibUsbDevice: construct(pointer=0xd2d34e60)
03-03 21:37:18.774  5820  6307 D UvcContext: usb device is *not* UVC compatible, /dev/bus/usb/003/003
03-03 21:37:18.775  5820  6307 D UvcContext: found webcam: usbPath=/dev/bus/usb/001/002 vid=0x46D pid=0x825 serial=D5386480 product=C270 HD WEBCAM
03-03 21:37:18.775  5820  6307 D Uvc     : [jni_context.cpp:120] Java_org_firstinspires_ftc_robotcore_internal_camera_libuvc_nativeobject_UvcContext_nativeCreateUvcDevice()...
03-03 21:37:18.775  5820  6307 V Uvc     : API: Java_org_firstinspires_ftc_robotcore_internal_camera_libuvc_nativeobject_UvcContext_nativeCreateUvcDevice: enter...
03-03 21:37:18.775  5820  6307 D libusb  : [160.072241] [000018a3] libusb: debug [op_create] op_create: szUsbPath=/dev/bus/usb/001/002 szSysfsDir=1-1
03-03 21:37:18.775  5820  6307 D Uvc     : [device.cpp:613] uvc_create_uvc_device()...
03-03 21:37:18.775  5820  6307 D Uvc     : [libuvc/libuvc_internal.h:346] uvc_device::uvc_device()...
03-03 21:37:18.775  5820  6307 D Uvc     : [libuvc/libuvc_internal.h:375] acquired vid=1133 & pid=2085
03-03 21:37:18.775  5820  6307 D Uvc     : [libuvc/libuvc_internal.h:346] ...uvc_device::uvc_device()
03-03 21:37:18.776  5820  6307 D Uvc     : [device.cpp:613] ...uvc_create_uvc_device() rc=0
03-03 21:37:18.776  5820  6307 V Uvc     : API: Java_org_firstinspires_ftc_robotcore_internal_camera_libuvc_nativeobject_UvcContext_nativeCreateUvcDevice: ...exit
03-03 21:37:18.776  5820  6307 D Uvc     : [jni_context.cpp:120] ...Java_org_firstinspires_ftc_robotcore_internal_camera_libuvc_nativeobject_UvcContext_nativeCreateUvcDevice()
03-03 21:37:18.776  5820  6307 V UvcDevice: construct(pointer=0xcfa1d758|null)
03-03 21:37:18.776  5820  6307 D Uvc     : [jni_device.cpp:108] Java_org_firstinspires_ftc_robotcore_internal_camera_libuvc_nativeobject_UvcDevice_nativeGetLibUsbDevice()...
03-03 21:37:18.776  5820  6307 D Uvc     : [jni_device.cpp:108] ...Java_org_firstinspires_ftc_robotcore_internal_camera_libuvc_nativeobject_UvcDevice_nativeGetLibUsbDevice()
03-03 21:37:18.776  5820  6307 V LibUsbDevice: construct(pointer=0xd2d34d40)
03-03 21:37:18.777  5820  6307 V UvcDevice: destroy(pointer=0xcfa1d730|/dev/bus/usb/003/004)
03-03 21:37:18.777  5820  6307 D Uvc     : [jni_device.cpp:126] Java_org_firstinspires_ftc_robotcore_internal_camera_libuvc_nativeobject_UvcDevice_nativeReleaseRefDevice()...
03-03 21:37:18.777  5820  6307 V Uvc     : API: Java_org_firstinspires_ftc_robotcore_internal_camera_libuvc_nativeobject_UvcDevice_nativeReleaseRefDevice: enter...
03-03 21:37:18.777  5820  6307 D Uvc     : [device.cpp:882] uvc_unref_device()...
03-03 21:37:18.777  5820  6307 D Uvc     : [device.cpp:882] ...uvc_unref_device()
03-03 21:37:18.777  5820  6307 V Uvc     : API: Java_org_firstinspires_ftc_robotcore_internal_camera_libuvc_nativeobject_UvcDevice_nativeReleaseRefDevice: ...exit
03-03 21:37:18.777  5820  6307 D Uvc     : [jni_device.cpp:126] ...Java_org_firstinspires_ftc_robotcore_internal_camera_libuvc_nativeobject_UvcDevice_nativeReleaseRefDevice()
03-03 21:37:18.777  5820  6307 V LibUsbDevice: destroy(pointer=0xd2d34e60)
03-03 21:37:18.777  5820  6307 D Uvc     : [jni_libusb_device.cpp:64] Java_org_firstinspires_ftc_robotcore_internal_camera_libuvc_nativeobject_LibUsbDevice_nativeReleaseRefDevice()...
03-03 21:37:18.777  5820  6307 D Uvc     : [jni_libusb_device.cpp:64] ...Java_org_firstinspires_ftc_robotcore_internal_camera_libuvc_nativeobject_LibUsbDevice_nativeReleaseRefDevice()
03-03 21:37:18.778  5820  6307 V UvcApiCameraCharacteristicsBuilder: construct(0x0f1566ef)
03-03 21:37:18.778  5820  6307 D Uvc     : [jni_device.cpp:289] Java_org_firstinspires_ftc_robotcore_internal_camera_libuvc_nativeobject_UvcDevice_nativeGetDeviceInfo()...
03-03 21:37:18.778  5820  6307 V Uvc     : API: Java_org_firstinspires_ftc_robotcore_internal_camera_libuvc_nativeobject_UvcDevice_nativeGetDeviceInfo: enter...
03-03 21:37:18.778  5820  6307 D Uvc     : [device.cpp:386] uvc_get_device_info()...
03-03 21:37:18.778  5820  6307 D libusb  : [160.075305] [000018a3] libusb: debug [op_get_config_descriptor] op_get_config_descriptor: config_index=0
03-03 21:37:18.778  5820  6307 D libusb  : [160.075360] [000018a3] libusb: debug [op_get_config_descriptor] op_get_config_descriptor: config_index=0
03-03 21:37:18.778  5820  6307 D Uvc     : [device.cpp:986] uvc_scan_control()...
03-03 21:37:18.778  5820  6307 D Uvc     : [device.cpp:1041] uvc_parse_vc_header()...
03-03 21:37:18.778  5820  6307 D Uvc     : [device.cpp:1284] uvc_scan_streaming()...
03-03 21:37:18.779  5820  6307 D Uvc     : [device.cpp:1340] uvc_parse_vs_input_header()...
03-03 21:37:18.779  5820  6307 D Uvc     : [device.cpp:1340] ...uvc_parse_vs_input_header() rc=0
03-03 21:37:18.779  5820  6307 D Uvc     : [device.cpp:1389] uvc_parse_vs_format_uncompressed()...
03-03 21:37:18.779  5820  6307 D Uvc     : [device.cpp:1389] ...uvc_parse_vs_format_uncompressed() rc=0
03-03 21:37:18.780  5820  6307 V Uvc     : [device.cpp:1630] unsupported descriptor subtype: 13 UVC_VS_COLORFORMAT
03-03 21:37:18.780  5820  6307 D Uvc     : [device.cpp:1449] uvc_parse_vs_format_mjpeg()...
03-03 21:37:18.780  5820  6307 D Uvc     : [device.cpp:1449] ...uvc_parse_vs_format_mjpeg() rc=0
03-03 21:37:18.780  5820  6307 V Uvc     : [device.cpp:1630] unsupported descriptor subtype: 13 UVC_VS_COLORFORMAT
03-03 21:37:18.780  5820  6307 D Uvc     : [device.cpp:1284] ...uvc_scan_streaming() rc=0
03-03 21:37:18.780  5820  6307 D Uvc     : [device.cpp:1041] ...uvc_parse_vc_header() rc=0
03-03 21:37:18.780  5820  6307 D Uvc     : [device.cpp:1083] uvc_parse_vc_input_terminal()...
03-03 21:37:18.780  5820  6307 D Uvc     : [device.cpp:1083] ...uvc_parse_vc_input_terminal() rc=0
03-03 21:37:18.780  5820  6307 D Uvc     : [device.cpp:1156] uvc_parse_vc_processing_unit()...
03-03 21:37:18.780  5820  6307 D Uvc     : [device.cpp:1156] ...uvc_parse_vc_processing_unit() rc=0
03-03 21:37:18.780  5820  6307 D Uvc     : [device.cpp:986] ...uvc_scan_control() rc=0
03-03 21:37:18.780  5820  6307 D Uvc     : [device.cpp:386] ...uvc_get_device_info() rc=0
03-03 21:37:18.780  5820  6307 V Uvc     : API: Java_org_firstinspires_ftc_robotcore_internal_camera_libuvc_nativeobject_UvcDevice_nativeGetDeviceInfo: ...exit
03-03 21:37:18.780  5820  6307 D Uvc     : [jni_device.cpp:289] ...Java_org_firstinspires_ftc_robotcore_internal_camera_libuvc_nativeobject_UvcDevice_nativeGetDeviceInfo()
03-03 21:37:18.781  5820  6307 V UvcDeviceInfo: construct(pointer=0xcf86fb30)
03-03 21:37:18.782  5820  6307 V UvcStreamingInterface: construct(pointer=0xcf806880)
03-03 21:37:18.850  5820  6307 V UvcStreamingInterface: destroy(pointer=0xcf806880)
03-03 21:37:18.850  5820  6307 V UvcDeviceInfo: destroy(pointer=0xcf86fb30)
03-03 21:37:18.850  5820  6307 D Uvc     : [jni_deviceinfo.cpp:63] Java_org_firstinspires_ftc_robotcore_internal_camera_libuvc_nativeobject_UvcDeviceInfo_nativeFreeDeviceInfo()...
03-03 21:37:18.850  5820  6307 V Uvc     : API: Java_org_firstinspires_ftc_robotcore_internal_camera_libuvc_nativeobject_UvcDeviceInfo_nativeFreeDeviceInfo: enter...
03-03 21:37:18.850  5820  6307 D Uvc     : [device.cpp:433] uvc_free_device_info()...
03-03 21:37:18.850  5820  6307 D Uvc     : [device.cpp:433] ...uvc_free_device_info()
03-03 21:37:18.850  5820  6307 V Uvc     : API: Java_org_firstinspires_ftc_robotcore_internal_camera_libuvc_nativeobject_UvcDeviceInfo_nativeFreeDeviceInfo: ...exit
03-03 21:37:18.850  5820  6307 D Uvc     : [jni_deviceinfo.cpp:63] ...Java_org_firstinspires_ftc_robotcore_internal_camera_libuvc_nativeobject_UvcDeviceInfo_nativeFreeDeviceInfo()
03-03 21:37:18.851  5820  6307 V UvcApiCameraCharacteristicsBuilder: destroy(hash=0x0f1566ef)
03-03 21:37:18.851  5820  6307 V UvcDevice: destroy(pointer=0xcfa1d758|/dev/bus/usb/001/002)
03-03 21:37:18.851  5820  6307 D Uvc     : [jni_device.cpp:126] Java_org_firstinspires_ftc_robotcore_internal_camera_libuvc_nativeobject_UvcDevice_nativeReleaseRefDevice()...
03-03 21:37:18.851  5820  6307 V Uvc     : API: Java_org_firstinspires_ftc_robotcore_internal_camera_libuvc_nativeobject_UvcDevice_nativeReleaseRefDevice: enter...
03-03 21:37:18.851  5820  6307 D Uvc     : [device.cpp:882] uvc_unref_device()...
03-03 21:37:18.851  5820  6307 D Uvc     : [device.cpp:882] ...uvc_unref_device()
03-03 21:37:18.851  5820  6307 V Uvc     : API: Java_org_firstinspires_ftc_robotcore_internal_camera_libuvc_nativeobject_UvcDevice_nativeReleaseRefDevice: ...exit
03-03 21:37:18.851  5820  6307 D Uvc     : [jni_device.cpp:126] ...Java_org_firstinspires_ftc_robotcore_internal_camera_libuvc_nativeobject_UvcDevice_nativeReleaseRefDevice()
03-03 21:37:18.852  5820  6307 V LibUsbDevice: destroy(pointer=0xd2d34d40)
03-03 21:37:18.852  5820  6307 D Uvc     : [jni_libusb_device.cpp:64] Java_org_firstinspires_ftc_robotcore_internal_camera_libuvc_nativeobject_LibUsbDevice_nativeReleaseRefDevice()...
03-03 21:37:18.852  5820  6307 D Uvc     : [jni_libusb_device.cpp:64] ...Java_org_firstinspires_ftc_robotcore_internal_camera_libuvc_nativeobject_LibUsbDevice_nativeReleaseRefDevice()
03-03 21:37:18.853  5820  6307 D OpenCvViewport: CheckState(): user requested that we activate
03-03 21:37:18.853  5820  6307 D OpenCvViewport: CheckState(): activating viewport
03-03 21:37:18.854  5820  6312 D OpenCvViewportRenderThread: Render thread is up!
03-03 21:37:18.854  5820  6307 D UsbResiliantWebcam: createCaptureSession()...
03-03 21:37:18.854  5820  6307 V DelCaptureSession: construct(0x0d53d5fc)
03-03 21:37:18.855  5820  6307 D UsbResiliantWebcam|DelCaptureSession: onCameraChange(null->CameraImpl(UvcDeviceHandle(pointer=0xcecf7ec0|UvcDevice(/dev/bus/usb/001/002))))...
03-03 21:37:18.856  5820  6307 D UsbResiliantWebcam|DelCaptureSession: ...onCameraChange(null->CameraImpl(UvcDeviceHandle(pointer=0xcecf7ec0|UvcDevice(/dev/bus/usb/001/002))))
03-03 21:37:18.857  5820  6307 D CachingExposureControl: onCameraChanged(CameraImpl(UvcDeviceHandle(pointer=0xcecf7ec0|UvcDevice(/dev/bus/usb/001/002)))->CameraImpl(UvcDeviceHandle(pointer=0xcecf7ec0|UvcDevice(/dev/bus/usb/001/002))))...
03-03 21:37:18.858  5820  6307 D CachingExposureControl: ...onCameraChanged(CameraImpl(UvcDeviceHandle(pointer=0xcecf7ec0|UvcDevice(/dev/bus/usb/001/002)))->CameraImpl(UvcDeviceHandle(pointer=0xcecf7ec0|UvcDevice(/dev/bus/usb/001/002))))
03-03 21:37:18.858  5820  6307 D UsbResiliantWebcam: ...createCaptureSession()
03-03 21:37:18.858  5820  6101 D UsbResiliantWebcam|DelCaptureSession: startCapture()...
03-03 21:37:18.859  5820  6101 V DelCaptureSequence: construct(0x04cd1485)
03-03 21:37:18.861  5820  6101 D UsbResiliantWebcam|DelCaptureSequence: onCameraChange(null->CameraImpl(UvcDeviceHandle(pointer=0xcecf7ec0|UvcDevice(/dev/bus/usb/001/002))))...
03-03 21:37:18.861  5820  6101 D UsbResiliantWebcam|DelCaptureSequence: pauseStreaming(Stopped)...
03-03 21:37:18.861  5820  6101 D UsbResiliantWebcam|DelCaptureSequence: ...pauseStreaming(Stopped)
03-03 21:37:18.861  5820  6101 D UsbResiliantWebcam|DelCaptureSequence: resumeStreaming(Stopped)...
03-03 21:37:18.861  5820  6101 D UsbResiliantWebcam|DelCaptureSequence: ...resumeStreaming(Stopped)
03-03 21:37:18.862  5820  6101 D UsbResiliantWebcam|DelCaptureSequence: ...onCameraChange(null->CameraImpl(UvcDeviceHandle(pointer=0xcecf7ec0|UvcDevice(/dev/bus/usb/001/002))))
03-03 21:37:18.862  5820  6101 D UsbResiliantWebcam|DelCaptureSequence: startStreaming(Stopped)...
03-03 21:37:18.862  5820  6101 D UsbResiliantWebcam|DelCaptureSequence: doStreaming()...
03-03 21:37:18.863  5820  6101 V UvcApiCaptureSession: construct(0x0b7072da)
03-03 21:37:18.863  5820  6311 D UsbResiliantWebcam|DelCaptureSession: camera session is configured: Webcam(D5386480)
03-03 21:37:18.864  5820  6101 V UvcApiCameraCaptureSequence: construct(0x007b830b)
03-03 21:37:18.865  5820  6101 D UvcDeviceHandle: getStreamControl(320x240 30)...
03-03 21:37:18.865  5820  6101 V UvcStreamCtrl: construct(0x0c0655e8)
03-03 21:37:18.865  5820  6101 D Uvc     : [jni_devicehandle.cpp:115] Java_org_firstinspires_ftc_robotcore_internal_camera_libuvc_nativeobject_UvcDeviceHandle_nativeGetStreamControlFormatSize()...
03-03 21:37:18.865  5820  6101 V Uvc     : API: Java_org_firstinspires_ftc_robotcore_internal_camera_libuvc_nativeobject_UvcDeviceHandle_nativeGetStreamControlFormatSize: enter...
03-03 21:37:18.865  5820  6101 D Uvc     : [stream.cpp:373] uvc_get_stream_ctrl_format_size()...
03-03 21:37:18.865  5820  6101 D Uvc     : [libuvc/libuvc_internal.h:770] uvc_device_handle::claimInterface(idx=1)...
03-03 21:37:18.865  5820  6101 D UvcDevice: claimInterface(1)
03-03 21:37:18.866  5820  6101 D UvcDevice: claimInterface(1) succeeded
03-03 21:37:18.866  5820  6101 D Uvc     : [libuvc/libuvc_internal.h:783] claimInterface(1) succeeded
03-03 21:37:18.866  5820  6101 D Uvc     : [libuvc/libuvc_internal.h:770] ...uvc_device_handle::claimInterface() rc=0
03-03 21:37:18.866  5820  6101 D UvcStream: [stream.cpp:412] 320x240 30fps
03-03 21:37:18.866  5820  6101 D Uvc     : [stream.cpp:162] uvc_query_stream_ctrl()...
03-03 21:37:18.870  5820  6101 D Uvc     : [stream.cpp:162] ...uvc_query_stream_ctrl() rc=0
03-03 21:37:18.870  5820  6101 D Uvc     : [libuvc/libuvc_internal.h:793] uvc_device_handle::releaseInterface()...
03-03 21:37:18.870  5820  6101 D UvcDevice: releaseInterface(1)
03-03 21:37:18.871  5820  6101 D UvcDevice: releaseInterface(1) succeeded
03-03 21:37:18.871  5820  6101 D Uvc     : [libuvc/libuvc_internal.h:793] ...uvc_device_handle::releaseInterface() rc=0
03-03 21:37:18.871  5820  6101 D Uvc     : [stream.cpp:523] uvc_probe_stream_ctrl()...
03-03 21:37:18.871  5820  6101 D Uvc     : [libuvc/libuvc_internal.h:770] uvc_device_handle::claimInterface(idx=1)...
03-03 21:37:18.871  5820  6101 D UvcDevice: claimInterface(1)
03-03 21:37:18.871  5820  6101 D UvcDevice: claimInterface(1) succeeded
03-03 21:37:18.872  5820  6101 D Uvc     : [libuvc/libuvc_internal.h:783] claimInterface(1) succeeded
03-03 21:37:18.872  5820  6101 D Uvc     : [libuvc/libuvc_internal.h:770] ...uvc_device_handle::claimInterface() rc=0
03-03 21:37:18.872  5820  6101 D Uvc     : [stream.cpp:162] uvc_query_stream_ctrl()...
03-03 21:37:18.875  5820  6101 D Uvc     : [stream.cpp:162] ...uvc_query_stream_ctrl() rc=0
03-03 21:37:18.875  5820  6101 D Uvc     : [stream.cpp:162] uvc_query_stream_ctrl()...
03-03 21:37:18.879  5820  6101 D Uvc     : [stream.cpp:162] ...uvc_query_stream_ctrl() rc=0
03-03 21:37:18.879  5820  6101 D Uvc     : [stream.cpp:523] ...uvc_probe_stream_ctrl() rc=0
03-03 21:37:18.879  5820  6101 D Uvc     : [stream.cpp:373] ...uvc_get_stream_ctrl_format_size() rc=0
03-03 21:37:18.879  5820  6101 V Uvc     : API: Java_org_firstinspires_ftc_robotcore_internal_camera_libuvc_nativeobject_UvcDeviceHandle_nativeGetStreamControlFormatSize: ...exit
03-03 21:37:18.879  5820  6101 D Uvc     : [jni_devicehandle.cpp:115] ...Java_org_firstinspires_ftc_robotcore_internal_camera_libuvc_nativeobject_UvcDeviceHandle_nativeGetStreamControlFormatSize()
03-03 21:37:18.879  5820  6101 D UvcDeviceHandle: ...getStreamControl(320x240 30)
03-03 21:37:18.879  5820  6101 D Uvc     : [jni_streamcontrol.cpp:101] Java_org_firstinspires_ftc_robotcore_internal_camera_libuvc_nativeobject_UvcStreamCtrl_nativeOpen()...
03-03 21:37:18.879  5820  6101 V Uvc     : API: Java_org_firstinspires_ftc_robotcore_internal_camera_libuvc_nativeobject_UvcStreamCtrl_nativeOpen: enter...
03-03 21:37:18.880  5820  6101 D Uvc     : [devicehandle.cpp:46] uvc_device_handle::openStreamControl()...
03-03 21:37:18.880  5820  6101 D Uvc     : [streamhandle.cpp:58] uvc_stream_handle::claimInterface()...
03-03 21:37:18.880  5820  6101 D Uvc     : [libuvc/libuvc_internal.h:770] uvc_device_handle::claimInterface(idx=1)...
03-03 21:37:18.881  5820  6101 D UvcDevice: claimInterface(1)
03-03 21:37:18.881  5820  6101 D UvcDevice: claimInterface(1) succeeded
03-03 21:37:18.881  5820  6101 D Uvc     : [libuvc/libuvc_internal.h:783] claimInterface(1) succeeded
03-03 21:37:18.881  5820  6101 D Uvc     : [libuvc/libuvc_internal.h:770] ...uvc_device_handle::claimInterface() rc=0
03-03 21:37:18.881  5820  6101 D Uvc     : [streamhandle.cpp:58] ...uvc_stream_handle::claimInterface() rc=0
03-03 21:37:18.881  5820  6101 D Uvc     : [stream.cpp:162] uvc_query_stream_ctrl()...
03-03 21:37:18.885  5820  6101 D Uvc     : [stream.cpp:162] ...uvc_query_stream_ctrl() rc=0
03-03 21:37:18.885  5820  6101 D Uvc     : [devicehandle.cpp:46] ...uvc_device_handle::openStreamControl() rc=0
03-03 21:37:18.885  5820  6101 V Uvc     : API: Java_org_firstinspires_ftc_robotcore_internal_camera_libuvc_nativeobject_UvcStreamCtrl_nativeOpen: ...exit
03-03 21:37:18.885  5820  6101 D Uvc     : [jni_streamcontrol.cpp:101] ...Java_org_firstinspires_ftc_robotcore_internal_camera_libuvc_nativeobject_UvcStreamCtrl_nativeOpen()
03-03 21:37:18.885  5820  6101 V UvcStreamHandle: construct(pointer=0xd2d262e0)
03-03 21:37:18.885  5820  6101 D Uvc     : [jni_streamhandle.cpp:184] Java_org_firstinspires_ftc_robotcore_internal_camera_libuvc_nativeobject_UvcStreamHandle_nativeStopStreaming()...
03-03 21:37:18.885  5820  6101 V Uvc     : API: Java_org_firstinspires_ftc_robotcore_internal_camera_libuvc_nativeobject_UvcStreamHandle_nativeStopStreaming: enter...
03-03 21:37:18.885  5820  6101 D Uvc     : [stream.cpp:1514] uvc_stream_stop()...
03-03 21:37:18.885  5820  6101 D Uvc     : [stream.cpp:1514] ...uvc_stream_stop() rc=0
03-03 21:37:18.885  5820  6101 V Uvc     : API: Java_org_firstinspires_ftc_robotcore_internal_camera_libuvc_nativeobject_UvcStreamHandle_nativeStopStreaming: ...exit
03-03 21:37:18.885  5820  6101 D Uvc     : [jni_streamhandle.cpp:184] ...Java_org_firstinspires_ftc_robotcore_internal_camera_libuvc_nativeobject_UvcStreamHandle_nativeStopStreaming()
03-03 21:37:18.886  5820  6101 V UvcFrameCallback: construct(0x064f7401)
03-03 21:37:18.886  5820  6101 V UvcFrameCallbackData: construct(pointer=0xcbee12d8)
03-03 21:37:18.886  5820  6101 V Uvc     : API: Java_org_firstinspires_ftc_robotcore_internal_camera_libuvc_nativeobject_UvcStreamHandle_nativeStartStreaming: enter...
03-03 21:37:18.886  5820  6101 D Uvc     : [stream.cpp:970] uvc_stream_start_bandwidth()...
03-03 21:37:18.886  5820  6101 D Uvc     : [stream.cpp:1173] uvc_stream_handle::startIsochronousStreaming()...
03-03 21:37:18.886  5820  6101 D Uvc     : [libuvc/libuvc_internal.h:825] uvc_device_handle::setInterfaceAltSetting(setInterfaceAltSetting(intf=1 alt=11))...
03-03 21:37:18.886  5820  6101 D UvcDevice: setInterfaceAltSetting(1,11)
03-03 21:37:18.900  5820  6101 D UvcDevice: setInterfaceAltSetting(1,11) succeeded
03-03 21:37:18.900  5820  6101 D Uvc     : [libuvc/libuvc_internal.h:825] ...uvc_device_handle::setInterfaceAltSetting() rc=0
03-03 21:37:18.900  5820  6101 D Uvc     : [stream.cpp:1173] ...uvc_stream_handle::startIsochronousStreaming() rc=0
03-03 21:37:18.900  5820  6101 D Uvc     : [stream.cpp:1201] uvc_stream_handle::startUserCallbackThread()...
03-03 21:37:18.900  5820  6313 D UvcStream: [stream.cpp:1265] User Callback thread started
03-03 21:37:18.901  5820  6101 D Uvc     : [stream.cpp:1201] ...uvc_stream_handle::startUserCallbackThread() rc=0
03-03 21:37:18.901  5820  6101 D Uvc     : [stream.cpp:1221] uvc_stream_handle::submitTransfers()...
03-03 21:37:18.902  5820  6101 D Uvc     : [stream.cpp:1221] ...uvc_stream_handle::submitTransfers() rc=0
03-03 21:37:18.902  5820  6101 D Uvc     : [stream.cpp:970] ...uvc_stream_start_bandwidth() rc=0
03-03 21:37:18.902  5820  6101 D UvcStreamHandle: [jni_streamhandle.cpp:150] successfully started streaming
03-03 21:37:18.902  5820  6101 V Uvc     : API: Java_org_firstinspires_ftc_robotcore_internal_camera_libuvc_nativeobject_UvcStreamHandle_nativeStartStreaming: ...exit
03-03 21:37:18.902  5820  6101 V UvcStreamCtrl: destroy(pointer=0xcbee9b40)
03-03 21:37:18.903  5820  6101 D UsbResiliantWebcam|DelCaptureSequence: ...doStreaming()
03-03 21:37:18.903  5820  6101 D UsbResiliantWebcam|DelCaptureSequence: ...startStreaming(Stopped)
03-03 21:37:18.904  5820  6101 D UsbResiliantWebcam|DelCaptureSession: ...startCapture()
03-03 21:37:18.904  5820  6101 I System.out: OpenCvWebcam: onConfigured
03-03 21:37:18.904  5820  6307 I System.out: OpenCvWebcam: streaming started
03-03 21:37:18.905  5820  5993 D UvcStream: [stream.cpp:729] this is the UVC processTransfer() stream processing thread
03-03 21:37:18.905  5820  6307 I global  :  RENO - AutoMJ_Right$1.onOpened(AutoMJ_Right.java:298): Start stream to detect sleeve color.
03-03 21:37:19.229  5820  6313 I global  :  RENO - ObjectDetection.sleeveColorDetect(ObjectDetection.java:125): Start Opcv process to detect sleeve color.
03-03 21:37:19.233  5820  6313 I global  :  RENO - ObjectDetection.sleeveColorDetect(ObjectDetection.java:132): Sleeve max color = 0.00, 0.00, 0.00
