01-29 11:08:32.318  6754  6828 I Robocol : Received network connection event
01-29 11:08:32.319  6754  6828 I RobotControllerAccessPointAssistant: Wi-Fi AP is enabled
01-29 11:08:32.319  6754  6828 I NetworkConnectionHandler: Handling new network connection infomation, connected: true setup needed: true
01-29 11:08:32.320  6754  6828 I RobotControllerAccessPointAssistant: Wi-Fi AP is enabled
01-29 11:08:35.355  6754  6859 V RobotCore: thread: 'SetupRunnable.run()' starting...
01-29 11:08:35.355  6754  6828 V RobotCore: EventLoopManager state is STOPPED
01-29 11:08:35.358  6754  6828 V Robocol : eventLoop=FtcEventLoop
01-29 11:08:35.358  6754  6828 V RobotCore: EventLoopManager state is INIT
01-29 11:08:35.359  6754  6828 V RobotCore: Robot Status: initializing, starting robot
01-29 11:08:35.359  6754  6828 I FtcEventLoop: ======= INIT START =======
01-29 11:08:35.361  6754  6828 V OpmodeRegistration: registered {DefaultOpMode} as {$Stop$Robot$}
01-29 11:08:35.361  6754  6859 D Robocol : RobocolDatagramSocket listening addr=/192.168.43.1:20884 cbRec=65520 cbSend=106496 msRecTO=300
01-29 11:08:35.362  6754  6859 V Robocol : RecvLoopRunnable created
01-29 11:08:35.363  6754  6860 V Robocol : PacketProcessor started
01-29 11:08:35.365  6754  6828 V OpmodeRegistration: registered instance as {Enable/Disable Dashboard}
01-29 11:08:35.366  6754  6828 D OpmodeRegistration: registered instance {com.acmerobotics.dashboard.FtcDashboard$9@a10ce4d} as {Enable/Disable Dashboard}
01-29 11:08:35.367  6754  6862 V RobotCore: thread: 'RecvLoopRunnable.run()' starting...
01-29 11:08:35.367  6754  6861 V Robocol : CommandProcessor started
01-29 11:08:35.368  6754  6859 V PeerDiscovery: Starting peer discovery remote: /192.168.43.1 local: /192.168.43.1
01-29 11:08:35.368  6754  6859 V PeerDiscovery: No need for initiating peer discovery, we are the Robot Controller
01-29 11:08:35.368  6754  6859 V RobotCore: Setup complete
01-29 11:08:35.368  6754  6859 V RobotCore: thread: ...terminating 'SetupRunnable.run()'
01-29 11:08:35.593  6754  6828 V MD5     : Calculated digest: 9d9a9ed11665dc92c91c475aad54ef94
01-29 11:08:35.593  6754  6828 V MD5     : Provided digest: 9d9a9ed11665dc92c91c475aad54ef94
01-29 11:08:35.668  6754  6862 E Robocol : exception SocketTimeoutException(Receive timed out): no packet received [java.net.PlainDatagramSocketImpl.receive0(Native Method)]
01-29 11:08:36.229  6754  6828 V OpmodeRegistration: registered {MaxVelocityTuner} as {MaxVelocityTuner}
01-29 11:08:36.229  6754  6828 V OpmodeRegistration: registered {TeleopDualDrivers} as {Teleop_DualDrivers}
01-29 11:08:36.230  6754  6828 V OpmodeRegistration: registered {ManualFeedforwardTuner} as {ManualFeedforwardTuner}
01-29 11:08:36.230  6754  6828 V OpmodeRegistration: registered {TrackWidthTuner} as {TrackWidthTuner}
01-29 11:08:36.231  6754  6828 V OpmodeRegistration: registered {TurnTest} as {TurnTest}
01-29 11:08:36.232  6754  6828 V OpmodeRegistration: registered {FollowerPIDTuner} as {FollowerPIDTuner}
01-29 11:08:36.232  6754  6828 V OpmodeRegistration: registered {BackAndForth} as {BackAndForth}
01-29 11:08:36.233  6754  6828 V OpmodeRegistration: registered {AutomaticFeedforwardTuner} as {AutomaticFeedforwardTuner}
01-29 11:08:36.233  6754  6828 V OpmodeRegistration: registered {DriveVelocityPIDTuner} as {DriveVelocityPIDTuner}
01-29 11:08:36.234  6754  6828 V OpmodeRegistration: registered {StrafeTest} as {StrafeTest}
01-29 11:08:36.234  6754  6828 V OpmodeRegistration: registered {AutoFlipRight} as {Auto Flip Right}
01-29 11:08:36.235  6754  6828 V OpmodeRegistration: registered {SplineTest} as {SplineTest}
01-29 11:08:36.235  6754  6828 V OpmodeRegistration: registered {AutoRoadRunner} as {auto RR right}
01-29 11:08:36.236  6754  6828 V OpmodeRegistration: registered {TrackingWheelForwardOffsetTuner} as {TrackingWheelForwardOffsetTuner}
01-29 11:08:36.236  6754  6828 V OpmodeRegistration: registered {AutonomousRight} as {Autonomous_Right}
01-29 11:08:36.237  6754  6828 V OpmodeRegistration: registered {MaxAngularVeloTuner} as {MaxAngularVeloTuner}
01-29 11:08:36.237  6754  6828 V OpmodeRegistration: registered {StraightTest} as {StraightTest}
01-29 11:08:36.238  6754  6828 V OpmodeRegistration: registered {LocalizationTest} as {LocalizationTest}
01-29 11:08:36.239  6754  6828 V OpmodeRegistration: registered {AutonomousLeft} as {Autonomous_Left}
01-29 11:08:36.239  6754  6828 V OpmodeRegistration: registered {TrackingWheelLateralDistanceTuner} as {TrackingWheelLateralDistanceTuner}
01-29 11:08:36.292  6754  6828 V FtcEventLoop: Ensuring that the embedded Control Hub module is set up correctly
01-29 11:08:36.298  6754  6828 V RobotCore: Creating REV Robotics USB Expansion Hub Portal [(embedded)]
01-29 11:08:36.298  6754  6828 V LynxUsb : creating new [(embedded)]: 0x091b771f
01-29 11:08:36.298  6754  6754 I pRunnable.run(): type=1400 audit(0.0:541): avc: denied { read } for name="ttyS1" dev="tmpfs" ino=7036 scontext=u:r:untrusted_app:s0:c512,c768 tcontext=u:object_r:serial_device:s0 tclass=chr_file permissive=1
01-29 11:08:36.303  6754  6828 V FtDeviceManager: createDeviceInfoList(): 0 USB devices
01-29 11:08:36.303  6754  6828 V RobotUsbManagerCombining: FTDI driver failed to open USB device with serial number (embedded) (returned null device)
01-29 11:08:36.304  6754  6828 V SerialPortNative: [SerialPort.cpp:150] opened(/dev/ttyS1): fd=106
01-29 11:08:36.298  6754  6754 I pRunnable.run(): type=1400 audit(0.0:542): avc: denied { write } for name="ttyS1" dev="tmpfs" ino=7036 scontext=u:r:untrusted_app:s0:c512,c768 tcontext=u:object_r:serial_device:s0 tclass=chr_file permissive=1
01-29 11:08:36.298  6754  6754 I pRunnable.run(): type=1400 audit(0.0:543): avc: denied { open } for path="/dev/ttyS1" dev="tmpfs" ino=7036 scontext=u:r:untrusted_app:s0:c512,c768 tcontext=u:object_r:serial_device:s0 tclass=chr_file permissive=1
01-29 11:08:36.305  6754  6828 V RobotUsbDeviceTTY: opening serial=(embedded) file=/dev/ttyS1
01-29 11:08:36.305  6754  6828 V LynxUsb : armDevice() serial=(embedded)...
01-29 11:08:36.306  6754  6828 V LynxUsb : resetDevice() serial=(embedded)
01-29 11:08:36.298  6754  6754 I pRunnable.run(): type=1400 audit(0.0:544): avc: denied { ioctl } for path="/dev/ttyS1" dev="tmpfs" ino=7036 ioctlcmd=5401 scontext=u:r:untrusted_app:s0:c512,c768 tcontext=u:object_r:serial_device:s0 tclass=chr_file permissive=1
01-29 11:08:36.301  6754  6754 I pRunnable.run(): type=1400 audit(0.0:545): avc: denied { read } for name="value" dev="sysfs" ino=13327 scontext=u:r:untrusted_app:s0:c512,c768 tcontext=u:object_r:sysfs:s0 tclass=file permissive=1
01-29 11:08:36.301  6754  6754 I pRunnable.run(): type=1400 audit(0.0:546): avc: denied { open } for path="/sys/devices/pinctrl.26/gpio/gpio50/value" dev="sysfs" ino=13327 scontext=u:r:untrusted_app:s0:c512,c768 tcontext=u:object_r:sysfs:s0 tclass=file permissive=1
01-29 11:08:36.301  6754  6754 I pRunnable.run(): type=1400 audit(0.0:547): avc: denied { getattr } for path="/sys/devices/pinctrl.26/gpio/gpio50/value" dev="sysfs" ino=13327 scontext=u:r:untrusted_app:s0:c512,c768 tcontext=u:object_r:sysfs:s0 tclass=file permissive=1
01-29 11:08:36.308  6754  6828 V LynxModule: resetting embedded usb device: isPresent: was=true
01-29 11:08:36.305  6754  6754 I pRunnable.run(): type=1400 audit(0.0:548): avc: denied { write } for name="value" dev="sysfs" ino=16645 scontext=u:r:untrusted_app:s0:c512,c768 tcontext=u:object_r:sysfs:s0 tclass=file permissive=1
01-29 11:08:36.319  6754  6860 D RobotCore: system telemetry: key=$System$None$ msg=""
01-29 11:08:36.319  6754  6860 V PeerDiscovery: new remote peer discovered: 192.168.43.230
01-29 11:08:36.319  6754  6860 V NetworkConnectionHandler: starting sending loop
01-29 11:08:36.321  6754  6872 V Robocol : sending CMD_NOTIFY_ROBOT_STATE(9), attempt: 0
01-29 11:08:36.322  6754  6872 V Robocol : sending CMD_NOTIFY_ROBOT_STATE(10), attempt: 0
01-29 11:08:36.323  6754  6872 V Robocol : sending CMD_NOTIFY_ROBOT_STATE(11), attempt: 0
01-29 11:08:36.323  6754  6872 V Robocol : sending CMD_NOTIFY_ACTIVE_CONFIGURATION(17), attempt: 0
01-29 11:08:36.324  6754  6872 V Robocol : sending CMD_NOTIFY_USER_DEVICE_LIST(18), attempt: 0
01-29 11:08:36.327  6754  6872 V Robocol : sending CMD_NOTIFY_OP_MODE_LIST(19), attempt: 0
01-29 11:08:36.337  6754  6860 V UpdateUI: Network: active, connected
01-29 11:08:36.337  6754  6860 D FTCService: Sending user device types and preferences to driver station
01-29 11:08:36.356  6754  6860 V NetDiscover_prefremrc: sendAllPreferences()
01-29 11:08:36.356  6754  6860 V NetDiscover_prefremrc: sending RC pref name=pref_wifip2p_remote_channel_change_works value=false
01-29 11:08:36.360  6754  6872 V Robocol : sending CMD_NOTIFY_USER_DEVICE_LIST(23), attempt: 0
01-29 11:08:36.361  6754  6860 V NetDiscover_prefremrc: sending RC pref name=pref_device_name value=21180-RC
01-29 11:08:36.362  6754  6860 V NetDiscover_prefremrc: sending RC pref name=pref_warn_about_incorrect_clocks value=true
01-29 11:08:36.362  6754  6860 V NetDiscover_prefremrc: sending RC pref name=pref_warn_about_obsolete_software value=true
01-29 11:08:36.363  6754  6860 V NetDiscover_prefremrc: sending RC pref name=pref_has_speaker value=false
01-29 11:08:36.364  6754  6860 V NetDiscover_prefremrc: sending RC pref name=pref_warn_about_2_4_ghz_band value=true
01-29 11:08:36.364  6754  6860 V NetDiscover_prefremrc: sending RC pref name=pref_has_independent_phone_battery value=false
01-29 11:08:36.365  6754  6860 V NetDiscover_prefremrc: sending RC pref name=pref_app_theme value=red
01-29 11:08:36.365  6754  6860 V NetDiscover_prefremrc: sending RC pref name=pref_warn_about_mismatched_app_versions value=true
01-29 11:08:36.366  6754  6860 V NetDiscover_prefremrc: sending RC pref name=pref_sound_on_off value=false
01-29 11:08:36.366  6754  6860 V NetworkConnectionHandler: Peer connection established
01-29 11:08:36.369  6754  6860 V Robocol : packet processing took 50.8ms: type=PEER_DISCOVERY
01-29 11:08:36.400  6754  6872 V Robocol : sending CMD_ROBOT_CONTROLLER_PREFERENCE(24), attempt: 0
01-29 11:08:36.401  6754  6872 V Robocol : sending CMD_ROBOT_CONTROLLER_PREFERENCE(25), attempt: 0
01-29 11:08:36.402  6754  6872 V Robocol : sending CMD_ROBOT_CONTROLLER_PREFERENCE(26), attempt: 0
01-29 11:08:36.402  6754  6872 V Robocol : sending CMD_ROBOT_CONTROLLER_PREFERENCE(27), attempt: 0
01-29 11:08:36.403  6754  6872 V Robocol : sending CMD_ROBOT_CONTROLLER_PREFERENCE(28), attempt: 0
01-29 11:08:36.404  6754  6872 V Robocol : sending CMD_ROBOT_CONTROLLER_PREFERENCE(29), attempt: 0
01-29 11:08:36.405  6754  6872 V Robocol : sending CMD_ROBOT_CONTROLLER_PREFERENCE(30), attempt: 0
01-29 11:08:36.406  6754  6872 V Robocol : sending CMD_ROBOT_CONTROLLER_PREFERENCE(31), attempt: 0
01-29 11:08:36.407  6754  6872 V Robocol : sending CMD_ROBOT_CONTROLLER_PREFERENCE(32), attempt: 0
01-29 11:08:36.408  6754  6872 V Robocol : sending CMD_ROBOT_CONTROLLER_PREFERENCE(33), attempt: 0
01-29 11:08:36.412  6754  6875 V SoundInfo: construct(0x0ef582b1)
01-29 11:08:36.412  6754  6862 V EventLoopManager: Setting authoritative wall clock based on connected DS.
01-29 11:08:36.412  6754  6862 D Uvc     : [time.cpp:64] Java_org_firstinspires_ftc_robotcore_internal_system_AppUtil_nativeSetCurrentTimeMillis()...
01-29 11:08:36.403  6754  6862 I JniTime : [time.cpp:83] settimeofday() succeeded
01-29 11:08:36.403  6754  6862 D Uvc     : [time.cpp:64] ...Java_org_firstinspires_ftc_robotcore_internal_system_AppUtil_nativeSetCurrentTimeMillis()
01-29 11:08:36.405  6754  6862 V AppUtil : attempted to set timezone: before=America/Chicago after=America/Chicago
01-29 11:08:36.408  6754  6860 V Robocol : received command: CMD_REQUEST_ACTIVE_CONFIG(10001) 
01-29 11:08:36.409  6754  6860 V Robocol : received command: CMD_REQUEST_USER_DEVICE_TYPES(10002) 
01-29 11:08:36.410  6754  6860 V Robocol : received command: CMD_REQUEST_OP_MODE_LIST(10003) 
01-29 11:08:36.410  6754  6874 E WVMExtractor: Failed to open libwvm.so: dlopen failed: library "libwvm.so" not found
01-29 11:08:36.411  6754  6860 V Robocol : received command: CMD_ROBOT_CONTROLLER_PREFERENCE(10004) {"booleanValue":true,"prefName":"pref_ds_supports_5_ghz"}
01-29 11:08:36.412  6754  6860 V Robocol : received command: CMD_ROBOT_CONTROLLER_PREFERENCE(10005) {"intValue":21,"prefName":"pref_dh_os_version_code"}
01-29 11:08:36.428  6754  6874 I MediaCodec: callingProcessName:com.qualcomm.ftcrobotcontroller
01-29 11:08:36.433  6754  6881 I ACodec  : onAllocateComponent:6752 mSoftCodecPref:0 componentName:
01-29 11:08:36.434  6754  6881 I ACodec  : onAllocateComponent:6783 mSoftCodecPref:0 componentName:OMX.google.raw.decoder
01-29 11:08:36.464  6754  6788 D SoundPlayer: onLoadComplete(samp=1|ms=757, samp=1)=0
01-29 11:08:36.466  6754  6875 W AudioTrack: AUDIO_OUTPUT_FLAG_FAST denied by client; transfer 4, track 48000 Hz, output 44100 Hz
01-29 11:08:36.471  6754  6875 D SoundPlayer: playing volume=0.000000 samp=1|ms=757
01-29 11:08:36.510  6754  6872 V Robocol : sending CMD_PLAY_SOUND(50), attempt: 0
01-29 11:08:36.550  6754  6872 V Robocol : sending CMD_NOTIFY_ROBOT_STATE(9), attempt: 1
01-29 11:08:36.551  6754  6872 V Robocol : sending CMD_NOTIFY_ROBOT_STATE(10), attempt: 1
01-29 11:08:36.552  6754  6872 V Robocol : sending CMD_NOTIFY_ROBOT_STATE(11), attempt: 1
01-29 11:08:36.553  6754  6872 V Robocol : sending CMD_NOTIFY_ACTIVE_CONFIGURATION(17), attempt: 1
01-29 11:08:36.553  6754  6872 V Robocol : sending CMD_NOTIFY_USER_DEVICE_LIST(18), attempt: 1
01-29 11:08:36.555  6754  6872 V Robocol : sending CMD_NOTIFY_OP_MODE_LIST(19), attempt: 1
01-29 11:08:36.590  6754  6872 V Robocol : sending CMD_NOTIFY_USER_DEVICE_LIST(23), attempt: 1
01-29 11:08:36.654  6754  6828 V LynxUsb : ...done armDevice()
01-29 11:08:36.654  6754  6887 V RobotCore: thread: 'lynx incoming datagrams' starting...
01-29 11:08:36.654  6754  6828 V LynxUsb : 0x0c7d5370 on 0x091b771f: new delegate to [(embedded)]
01-29 11:08:36.662  6754  6828 V LynxUsb : addConfiguredModule() module#=173
01-29 11:08:36.663  6754  6828 V LynxModule: pingAndQueryKnownInterfaces mod=173
01-29 11:08:36.665  6754  6887 V LynxUsb : synchronization gained: serial=(embedded)
01-29 11:08:36.687  6754  6828 V LynxModule: mod#=173 queryInterface(DEKA)=54 commands starting at 4096
01-29 11:08:36.699  6754  6828 V LynxModule: sending LynxFtdiResetControlCommand(true) wasInterrupted=false
01-29 11:08:36.704  6754  6828 V LynxModule: sendLEDPatternSteps(): steps=[Step(color=65280, msDuration=1000)]
01-29 11:08:36.709  6754  6828 V LynxModule: setAsControlHubEmbeddedModule(mod=173)
01-29 11:08:36.709  6754  6828 V EmbeddedControlHubModule: setting embedded module
01-29 11:08:36.709  6754  6828 V LynxModule: sending LynxFtdiResetControlCommand(false) wasInterrupted=false
01-29 11:08:36.712  6754  6828 V LynxModule: close(#173)
01-29 11:08:36.714  6754  6828 V LynxUsb : Verified that the embedded Control Hub module has the correct address
01-29 11:08:36.716  6754  6828 V LynxUsb : addConfiguredModule() module#=173
01-29 11:08:36.716  6754  6828 V LynxModule: pingAndQueryKnownInterfaces mod=173
01-29 11:08:36.729  6754  6828 V LynxModule: mod#=173 queryInterface(DEKA)=54 commands starting at 4096
01-29 11:08:36.738  6754  6828 V LynxModule: sending LynxFtdiResetControlCommand(true) wasInterrupted=false
01-29 11:08:36.742  6754  6828 V LynxModule: sendLEDPatternSteps(): steps=[Step(color=65280, msDuration=1000)]
01-29 11:08:36.746  6754  6828 V LynxModule: setAsControlHubEmbeddedModule(mod=173)
01-29 11:08:36.747  6754  6828 V EmbeddedControlHubModule: setting embedded module
01-29 11:08:36.747  6754  6828 I RobotCore: LynxFirmwareVersionManager: LynxI2cDeviceSynchV2
01-29 11:08:36.747  6754  6828 V LynxI2cDeviceSynch: initializeHardware() mod#=173
01-29 11:08:36.748  6754  6828 V BHI260IMU: Suppressing I2C warnings while we check for a BHI260AP IMU
01-29 11:08:36.753  6754  6828 V BHI260IMU: No BHI260AP IMU found
01-29 11:08:36.755  6754  6828 V BNO055  : Suppressing I2C warnings while we check for a BNO055 IMU
01-29 11:08:36.760  6754  6828 V BNO055  : Found BNO055 IMU
01-29 11:08:36.761  6754  6828 V LynxModule: sending LynxFtdiResetControlCommand(false) wasInterrupted=false
01-29 11:08:36.764  6754  6828 V LynxModule: close(#173)
01-29 11:08:36.765  6754  6828 V HardwareFactory: createHardwareMap()
01-29 11:08:36.765  6754  6828 V EmbeddedControlHubModule: clearing embedded module
01-29 11:08:36.777  6754  6828 V ReadXMLFileHandler: embedded lynx USB device is already present
01-29 11:08:36.778  6754  6828 V RobotCore: Creating REV Robotics USB Expansion Hub Portal [(embedded)]
01-29 11:08:36.779  6754  6828 V LynxUsb : using existing [(embedded)]: 0x091b771f
01-29 11:08:36.779  6754  6828 V LynxUsb : 0x09f51b89 on 0x091b771f: new delegate to [(embedded)]
01-29 11:08:36.779  6754  6828 V RobotCore: Creating Lynx Module - mod=173 parent=true
01-29 11:08:36.781  6754  6828 V RobotCore: Creating Lynx Module - mod=2 parent=false
01-29 11:08:36.783  6754  6828 V LynxUsb : addConfiguredModule() module#=173
01-29 11:08:36.783  6754  6828 V LynxModule: pingAndQueryKnownInterfaces mod=173
01-29 11:08:36.796  6754  6828 V LynxModule: mod#=173 queryInterface(DEKA)=54 commands starting at 4096
01-29 11:08:36.805  6754  6828 V LynxModule: sending LynxFtdiResetControlCommand(true) wasInterrupted=false
01-29 11:08:36.810  6754  6890 V LynxModule: received status: LynxGetModuleStatusResponse(status=0x02 alerts=0x00: Reset)
01-29 11:08:36.811  6754  6890 W HubPowerCycle: Expansion Hub 173 regained power after a complete power loss. No user Op Mode was running.
01-29 11:08:36.811  6754  6890 V LynxModule: resendCurrentPattern()
01-29 11:08:36.812  6754  6828 V LynxModule: sendLEDPatternSteps(): steps=[Step(color=65280, msDuration=1000)]
01-29 11:08:36.812  6754  6890 V LynxModule: sendLEDPatternSteps(): steps=[]
01-29 11:08:36.817  6754  6828 V LynxModule: setAsControlHubEmbeddedModule(mod=173)
01-29 11:08:36.818  6754  6828 V EmbeddedControlHubModule: setting embedded module
01-29 11:08:36.818  6754  6828 V LynxUsb : addConfiguredModule() module#=2
01-29 11:08:36.818  6754  6828 V LynxModule: pingAndQueryKnownInterfaces mod=2
01-29 11:08:36.833  6754  6828 V LynxModule: mod#=2 queryInterface(DEKA)=54 commands starting at 4096
01-29 11:08:36.843  6754  6828 V LynxModule: sending LynxFtdiResetControlCommand(true) wasInterrupted=false
01-29 11:08:36.849  6754  6891 V LynxModule: received status: LynxGetModuleStatusResponse(status=0x05 alerts=0x00: KeepAliveTimeout|FailSafe)
01-29 11:08:36.849  6754  6891 V LynxModule: resendCurrentPattern()
01-29 11:08:36.849  6754  6891 V LynxModule: sendLEDPatternSteps(): steps=[]
01-29 11:08:36.852  6754  6828 V LynxModule: sendLEDPatternSteps(): steps=[Step(color=65280, msDuration=4500), Step(color=0, msDuration=500), Step(color=255, msDuration=500), Step(color=0, msDuration=500), Step(color=255, msDuration=500), Step(color=0, msDuration=500)]
01-29 11:08:36.864  6754  6828 V LynxMotor: initializeHardware() mod#=173
01-29 11:08:36.905  6754  6828 V RobotCore: DcMotorImpl(type=goBILDA5202SeriesMotor)
01-29 11:08:36.905  6754  6828 V RobotCore: DcMotorImpl(type=goBILDA5202SeriesMotor)
01-29 11:08:36.906  6754  6828 V RobotCore: DcMotorImpl(type=goBILDA5202SeriesMotor)
01-29 11:08:36.906  6754  6828 V RobotCore: DcMotorImpl(type=goBILDA5202SeriesMotor)
01-29 11:08:36.908  6754  6828 V LynxServoController: initializeHardware() mod#=173
01-29 11:08:36.935  6754  6828 V LynxVoltageSensor: initializeHardware() mod#=173
01-29 11:08:36.935  6754  6828 V LynxAnalogInputController: initializeHardware() mod#=173
01-29 11:08:36.936  6754  6828 V LynxDigitalChannelController: initializeHardware() mod#=173
01-29 11:08:36.955  6754  6828 V RobotCore: Creating user sensor REV internal IMU (BNO055) - on Lynx module=173 bus=0
01-29 11:08:36.955  6754  6828 I RobotCore: LynxFirmwareVersionManager: LynxI2cDeviceSynchV2
01-29 11:08:36.955  6754  6828 V LynxI2cDeviceSynch: initializeHardware() mod#=173
01-29 11:08:36.957  6754  6828 V BNO055  : Suppressing I2C warnings while we check for a BNO055 IMU
01-29 11:08:36.962  6754  6828 V BNO055  : Found BNO055 IMU
01-29 11:08:36.962  6754  6828 V BNO055  : Suppressing I2C warnings while we check for a BNO055 IMU
01-29 11:08:36.967  6754  6828 V BNO055  : Found BNO055 IMU
01-29 11:08:37.131  6754  6828 I RobotCore: LynxFirmwareVersionManager: LynxI2cDeviceSynchV2
01-29 11:08:37.132  6754  6828 V LynxI2cDeviceSynch: initializeHardware() mod#=173
01-29 11:08:37.135  6754  6828 V LynxMotor: initializeHardware() mod#=2
01-29 11:08:37.218  6754  6828 V RobotCore: DcMotorImpl(type=goBILDA5202SeriesMotor)
01-29 11:08:37.219  6754  6828 V RobotCore: DcMotorImpl(type=goBILDA5202SeriesMotor)
01-29 11:08:37.220  6754  6828 V LynxServoController: initializeHardware() mod#=2
01-29 11:08:37.258  6754  6828 V LynxVoltageSensor: initializeHardware() mod#=2
01-29 11:08:37.259  6754  6828 V LynxAnalogInputController: initializeHardware() mod#=2
01-29 11:08:37.260  6754  6828 V LynxDigitalChannelController: initializeHardware() mod#=2
01-29 11:08:37.285  6754  6828 V RobotCore: Creating user sensor REV 2M Distance Sensor - on Lynx module=2 bus=1
01-29 11:08:37.285  6754  6828 I RobotCore: LynxFirmwareVersionManager: LynxI2cDeviceSynchV2
01-29 11:08:37.285  6754  6828 V LynxI2cDeviceSynch: initializeHardware() mod#=2
01-29 11:08:37.287  6754  6828 V RobotCore: Creating user sensor REV 2M Distance Sensor - on Lynx module=2 bus=2
01-29 11:08:37.287  6754  6828 I RobotCore: LynxFirmwareVersionManager: LynxI2cDeviceSynchV2
01-29 11:08:37.288  6754  6828 V LynxI2cDeviceSynch: initializeHardware() mod#=2
01-29 11:08:37.289  6754  6828 V RobotCore: Creating Webcam [D5386480]
01-29 11:08:37.290  6754  6828 V CameraManager: construct(hash=0x04a16c25|inst#=0)
01-29 11:08:37.289  6754  6754 I pRunnable.run(): type=1400 audit(0.0:562): avc: denied { read } for name="devices" dev="sysfs" ino=7258 scontext=u:r:untrusted_app:s0:c512,c768 tcontext=u:object_r:sysfs:s0 tclass=dir permissive=1
01-29 11:08:37.295  6754  6828 D libusb  : [ 0.003026] [00001aac] libusb: debug [op_init] sysfs(/sys/bus/usb/devices) available
01-29 11:08:37.295  6754  6828 D libusb  : [ 0.003144] [00001aac] libusb: debug [op_init] sysfs can relate devices
01-29 11:08:37.295  6754  6828 D libusb  : [ 0.003183] [00001aac] libusb: debug [op_init] sysfs has complete descriptors
01-29 11:08:37.295  6754  6828 D libusb  : [ 0.003220] [00001aac] libusb: debug [op_init] sysfs has serial numbers
01-29 11:08:37.297  6754  6828 V UvcContext: construct(pointer=0xcfd75be0|inst#=0)
01-29 11:08:37.306  6754  6828 I RobotCore: ========= Device Information ===================================================
01-29 11:08:37.306  6754  6828 I RobotCore: Type                                               Name                           Connection
01-29 11:08:37.307  6754  6828 I RobotCore: Motor                                              RightSlider                    USB (embedded); module 2; port 0
01-29 11:08:37.310  6754  6828 I RobotCore: Motor                                              LeftSlider                     USB (embedded); module 2; port 1
01-29 11:08:37.310  6754  6828 I RobotCore: REV 2M ToF Distance Sensor                         fcds                           USB (embedded); module 2; bus 1; addr7=0x29
01-29 11:08:37.311  6754  6828 I RobotCore: REV 2M ToF Distance Sensor                         bcds                           USB (embedded); module 2; bus 2; addr7=0x29
01-29 11:08:37.313  6754  6828 I RobotCore: REV Robotics USB Expansion Hub Portal              Control Hub Portal             USB (embedded)
01-29 11:08:37.314  6754  6828 I RobotCore: Motor                                              FrontLeft                      USB (embedded); module 173; port 0
01-29 11:08:37.314  6754  6828 I RobotCore: Motor                                              BackRight                      USB (embedded); module 173; port 3
01-29 11:08:37.315  6754  6828 I RobotCore: Expansion Hub DC Motor Controller                  Expansion Hub 2                USB (embedded); module 2
01-29 11:08:37.316  6754  6828 I RobotCore: Expansion Hub Servo Controller                     Expansion Hub 2                USB (embedded); module 2
01-29 11:08:37.317  6754  6828 I RobotCore: Expansion Hub Voltage Sensor                       Expansion Hub 2                USB (embedded); module 2
01-29 11:08:37.319  6754  6828 I RobotCore: Expansion Hub Analog Input Controller              Expansion Hub 2                USB (embedded); module 2
01-29 11:08:37.319  6754  6828 I RobotCore: Expansion Hub Digital Channel Controller           Expansion Hub 2                USB (embedded); module 2
01-29 11:08:37.325  6754  6828 I RobotCore: Expansion Hub (HW: 20, Maj: 1, Min: 8, Eng: 2)     Expansion Hub 2                USB (embedded); module 2
01-29 11:08:37.326  6754  6828 I RobotCore: REV internal IMU (BNO055)                          imu                            USB (embedded); module 173; bus 0; addr7=0x28
01-29 11:08:37.327  6754  6828 I RobotCore: REV internal IMU (BNO055)                          imu                            USB (embedded); module 173; bus 0; addr7=0x28
01-29 11:08:37.336  6754  6828 I RobotCore: Logitech C270 HD WEBCAM                            Webcam 1                       USB (D5386480)
01-29 11:08:37.337  6754  6828 I RobotCore: Expansion Hub DC Motor Controller                  Control Hub                    USB (embedded); module 173
01-29 11:08:37.337  6754  6828 I RobotCore: Expansion Hub Servo Controller                     Control Hub                    USB (embedded); module 173
01-29 11:08:37.338  6754  6828 I RobotCore: Expansion Hub Voltage Sensor                       Control Hub                    USB (embedded); module 173
01-29 11:08:37.338  6754  6828 I RobotCore: Expansion Hub Analog Input Controller              Control Hub                    USB (embedded); module 173
01-29 11:08:37.339  6754  6828 I RobotCore: Expansion Hub Digital Channel Controller           Control Hub                    USB (embedded); module 173
01-29 11:08:37.343  6754  6828 I RobotCore: Expansion Hub (HW: 20, Maj: 1, Min: 8, Eng: 2)     Control Hub                    USB (embedded); module 173
01-29 11:08:37.343  6754  6828 I RobotCore: Servo                                              ClawServo                      USB (embedded); module 173; port 0
01-29 11:08:37.344  6754  6828 I RobotCore: Motor                                              FrontRight                     USB (embedded); module 173; port 1
01-29 11:08:37.345  6754  6828 I RobotCore: Motor                                              BackLeft                       USB (embedded); module 173; port 2
01-29 11:08:37.345  6754  6828 I RobotCore: Servo                                              ArmServo                       USB (embedded); module 173; port 1
01-29 11:08:37.351  6754  6828 I RobotCore: LynxFirmwareVersionManager: LynxI2cDeviceSynchV2
01-29 11:08:37.351  6754  6828 V LynxI2cDeviceSynch: initializeHardware() mod#=2
01-29 11:08:37.352  6754  6828 V BNO055  : Suppressing I2C warnings while we check for a BNO055 IMU
01-29 11:08:37.357  6754  6828 V BNO055  : Found BNO055 IMU
01-29 11:08:37.362  6754  6828 I RobotCore: LynxFirmwareVersionManager: LynxI2cDeviceSynchV2
01-29 11:08:37.363  6754  6828 V LynxI2cDeviceSynch: initializeHardware() mod#=173
01-29 11:08:37.363  6754  6828 V BHI260IMU: Suppressing I2C warnings while we check for a BHI260AP IMU
01-29 11:08:37.366  6754  6828 V BHI260IMU: No BHI260AP IMU found
01-29 11:08:37.367  6754  6828 V BNO055  : Suppressing I2C warnings while we check for a BNO055 IMU
01-29 11:08:37.371  6754  6828 V BNO055  : Found BNO055 IMU
01-29 11:08:37.380  6754  6828 V LynxUsb : 0x0c7d5370 on 0x091b771f: releasing delegate to [(embedded)]
01-29 11:08:37.380  6754  6828 I FtcEventLoop: ======= INIT FINISH =======
01-29 11:08:37.380  6754  6828 V RobotCore: EventLoopManager state is RUNNING
01-29 11:08:37.380  6754  6861 W art     : Long monitor contention with owner RobotSetupRunnable.run() (6828) at void java.lang.Thread.sleep!(java.lang.Object, long, int)(Thread.java:-2) waiters=0 in org.firstinspires.ftc.robotcore.internal.network.CallbackResult com.qualcomm.robotcore.eventloop.EventLoopManager.commandEvent(com.qualcomm.robotcore.robocol.Command) for 966ms
01-29 11:08:37.381  6754  6828 V RobotCore: Robot Status: running, starting robot
01-29 11:08:37.382  6754  6828 V RobotCore: Robot Status: running
01-29 11:08:37.384  6754  6894 V RobotCore: thread: 'EventLoop' starting...
01-29 11:08:37.385  6754  6828 D FTCService: Detecting Wi-Fi reset
01-29 11:08:37.386  6754  6828 D RobotControllerAccessPointAssistant: detectWifiReset button=false
01-29 11:08:37.388  6754  6828 V RobotCore: thread: ...terminating 'RobotSetupRunnable.run()'
01-29 11:08:37.390  6754  6872 V Robocol : sending CMD_NOTIFY_ROBOT_STATE(68), attempt: 0
01-29 11:08:37.391  6754  6872 V Robocol : sending CMD_SHOW_TOAST(70), attempt: 0
01-29 11:08:37.393  6754  6861 E Robocol : command processing took 978 ms: command=CMD_REQUEST_ACTIVE_CONFIG
01-29 11:08:37.430  6754  6872 V Robocol : sending CMD_NOTIFY_ACTIVE_CONFIGURATION(72), attempt: 0
01-29 11:08:37.431  6754  6872 V Robocol : sending CMD_NOTIFY_USER_DEVICE_LIST(77), attempt: 0
01-29 11:08:37.470  6754  6872 V Robocol : sending CMD_NOTIFY_OP_MODE_LIST(80), attempt: 0
01-29 11:08:37.485  6754  6875 V SoundInfo: construct(0x067e859e)
01-29 11:08:37.537  6754  6874 I MediaCodec: callingProcessName:com.qualcomm.ftcrobotcontroller
01-29 11:08:37.539  6754  6900 I ACodec  : onAllocateComponent:6752 mSoftCodecPref:0 componentName:
01-29 11:08:37.540  6754  6900 I ACodec  : onAllocateComponent:6783 mSoftCodecPref:0 componentName:OMX.google.raw.decoder
01-29 11:08:37.586  6754  6788 D SoundPlayer: onLoadComplete(samp=2|ms=4506, samp=2)=0
01-29 11:08:37.588  6754  6875 W AudioTrack: AUDIO_OUTPUT_FLAG_FAST denied by client; transfer 4, track 48000 Hz, output 44100 Hz
01-29 11:08:37.603  6754  6875 D SoundPlayer: playing volume=0.000000 samp=2|ms=4506
01-29 11:08:37.630  6754  6872 V Robocol : sending CMD_PLAY_SOUND(91), attempt: 0
01-29 11:08:37.895  6754  6894 I RobotCore: Attempting to switch to op mode $Stop$Robot$
01-29 11:08:37.897  6754  6894 D HardwareMap: Clearing which device instances have been retrieved
01-29 11:08:37.897  6754  6894 D HardwareMap: Clearing which device instances have been retrieved
01-29 11:08:37.907  6754  6905 V RobotCore: thread: 'OpModeThread' starting...
01-29 11:08:37.911  6754  6872 V Robocol : sending CMD_NOTIFY_INIT_OP_MODE(101), attempt: 0
01-29 11:08:39.125  6754  6860 V Robocol : received command: CMD_INIT_OP_MODE(10076) $Stop$Robot$
01-29 11:08:39.149  6754  6905 V RobotCore: thread: ...terminating 'OpModeThread'
01-29 11:08:39.232  6754  6894 I RobotCore: Attempting to switch to op mode $Stop$Robot$
01-29 11:08:39.233  6754  6894 D HardwareMap: Clearing which device instances have been retrieved
01-29 11:08:39.233  6754  6894 D HardwareMap: Clearing which device instances have been retrieved
01-29 11:08:39.235  6754  6918 V RobotCore: thread: 'OpModeThread' starting...
01-29 11:08:39.270  6754  6872 V Robocol : sending CMD_NOTIFY_INIT_OP_MODE(129), attempt: 0
01-29 11:08:42.363  6754  6860 V Robocol : received command: CMD_SET_MATCH_NUMBER(10126) 0
01-29 11:08:42.365  6754  6860 V Robocol : received command: CMD_INIT_OP_MODE(10127) auto RR right
01-29 11:08:42.389  6754  6861 I RobotCore: ******************** START - OPMODE auto RR right ********************
01-29 11:08:42.395  6754  6918 V RobotCore: thread: ...terminating 'OpModeThread'
01-29 11:08:42.438  6754  6894 I RobotCore: Attempting to switch to op mode auto RR right
01-29 11:08:42.605  6754  6894 D HardwareMap: Clearing which device instances have been retrieved
01-29 11:08:42.618  6754  6894 D HardwareMap: Clearing which device instances have been retrieved
01-29 11:08:42.620  6754  6930 V RobotCore: thread: 'OpModeThread' starting...
01-29 11:08:42.622  6754  6930 I global  :  RENO - AutoRoadRunner.runOpMode(AutoRoadRunner.java:135): Status - Initialized
01-29 11:08:42.630  6754  6872 V Robocol : sending CMD_NOTIFY_INIT_OP_MODE(191), attempt: 0
01-29 11:08:42.635  6754  6930 I System.out: OpenCvCameraBase ctor: EasyOpenCV version 1.5.2
01-29 11:08:42.649  6754  6931 D CameraManager: doOpenCamera()...
01-29 11:08:42.650  6754  6931 D CameraManager: requesting permission for camera: Webcam(D5386480)
01-29 11:08:42.658  6754  6931 D WebcamNameImpl: requesting permission for /dev/bus/usb/003/003
01-29 11:08:42.658  6754  6931 V WebcamNameImpl: asyncRequestUsbPermission()...
01-29 11:08:42.661  6754  6931 D WebcamNameImpl: permission already available for /dev/bus/usb/003/003
01-29 11:08:42.663  6754  6828 D WebcamNameImpl: permission for /dev/bus/usb/003/003=true
01-29 11:08:42.663  6754  6931 V WebcamNameImpl: ...asyncRequestUsbPermission()
01-29 11:08:42.663  6754  6828 D CameraManager: permission granted for camera: Webcam(D5386480)
01-29 11:08:42.663  6754  6931 D ContinuationSynchronizer: awaiting(camera open)...
01-29 11:08:42.664  6754  6828 D CameraManager: asyncOpenCamera(Webcam(D5386480))...
01-29 11:08:42.664  6754  6828 D CameraManager: asyncOpenWebcam(Webcam(D5386480))...
01-29 11:08:42.665  6754  6828 V UsbResiliantWebcam: construct(0x03cce25f)
01-29 11:08:42.666  6754  6828 D UsbResiliantWebcam: openAssumingPermission()...
01-29 11:08:42.669  6754  6930 I I2C     : Automatically initializing I2C device LynxEmbeddedBNO055IMUNew (USB (embedded); module 173; bus 0; addr7=0x28)
01-29 11:08:42.670  6754  6930 V BNO055  : Suppressing I2C warnings while we check for a BNO055 IMU
01-29 11:08:42.670  6754  6872 V Robocol : sending CMD_STREAM_CHANGE(192), attempt: 0
01-29 11:08:42.673  6754  6828 D UvcContext: usb device is *not* UVC compatible, /dev/bus/usb/003/004
01-29 11:08:42.673  6754  6828 D UvcContext: found webcam: usbPath=/dev/bus/usb/003/003 vid=0x46D pid=0x825 serial=D5386480 product=C270 HD WEBCAM
01-29 11:08:42.674  6754  6828 D Uvc     : [jni_context.cpp:120] Java_org_firstinspires_ftc_robotcore_internal_camera_libuvc_nativeobject_UvcContext_nativeCreateUvcDevice()...
01-29 11:08:42.674  6754  6828 V Uvc     : API: Java_org_firstinspires_ftc_robotcore_internal_camera_libuvc_nativeobject_UvcContext_nativeCreateUvcDevice: enter...
01-29 11:08:42.676  6754  6828 D libusb  : [ 5.384648] [00001aac] libusb: debug [op_create] op_create: szUsbPath=/dev/bus/usb/003/003 szSysfsDir=3-1.4
01-29 11:08:42.676  6754  6828 D libusb  : [ 5.384960] [00001aac] libusb: debug [initialize_device] initialize_device(szUsbPath=/dev/bus/usb/003/003 szSysfsDir=3-1.4)
01-29 11:08:42.679  6754  6828 D libusb  : [ 5.387282] [00001aac] libusb: debug [initialize_device] initialize_device(szUsbPath=(null) szSysfsDir=3-1)
01-29 11:08:42.679  6754  6828 E libusb  : [ 5.387637] [00001aac] libusb: error [initialize_device] unable to open serial number sysfs; error ignored
01-29 11:08:42.679  6754  6828 D libusb  : [ 5.387955] [00001aac] libusb: debug [initialize_device] initialize_device(szUsbPath=(null) szSysfsDir=usb3)
01-29 11:08:42.680  6754  6828 D Uvc     : [device.cpp:613] uvc_create_uvc_device()...
01-29 11:08:42.680  6754  6828 D Uvc     : [libuvc/libuvc_internal.h:346] uvc_device::uvc_device()...
01-29 11:08:42.680  6754  6828 D Uvc     : [libuvc/libuvc_internal.h:375] acquired vid=1133 & pid=2085
01-29 11:08:42.680  6754  6828 D Uvc     : [libuvc/libuvc_internal.h:346] ...uvc_device::uvc_device()
01-29 11:08:42.681  6754  6828 D Uvc     : [device.cpp:613] ...uvc_create_uvc_device() rc=0
01-29 11:08:42.681  6754  6828 V Uvc     : API: Java_org_firstinspires_ftc_robotcore_internal_camera_libuvc_nativeobject_UvcContext_nativeCreateUvcDevice: ...exit
01-29 11:08:42.681  6754  6828 D Uvc     : [jni_context.cpp:120] ...Java_org_firstinspires_ftc_robotcore_internal_camera_libuvc_nativeobject_UvcContext_nativeCreateUvcDevice()
01-29 11:08:42.681  6754  6828 V UvcDevice: construct(pointer=0xf35b71c8|null)
01-29 11:08:42.683  6754  6828 D Uvc     : [jni_device.cpp:108] Java_org_firstinspires_ftc_robotcore_internal_camera_libuvc_nativeobject_UvcDevice_nativeGetLibUsbDevice()...
01-29 11:08:42.683  6754  6828 D Uvc     : [jni_device.cpp:108] ...Java_org_firstinspires_ftc_robotcore_internal_camera_libuvc_nativeobject_UvcDevice_nativeGetLibUsbDevice()
01-29 11:08:42.684  6754  6828 V LibUsbDevice: construct(pointer=0xd7a30e40)
01-29 11:08:42.685  6754  6930 V BNO055  : Found BNO055 IMU
01-29 11:08:42.689  6754  6754 D OpenCvViewport: surfaceCreated()
01-29 11:08:42.689  6754  6754 D OpenCvViewport: ...surfaceCreated()
01-29 11:08:42.689  6754  6754 D OpenCvViewport: surfaceChanged()
01-29 11:08:42.689  6754  6754 D OpenCvViewport: CheckState(): user requested that we deactivate
01-29 11:08:42.689  6754  6754 D OpenCvViewport: CheckState(): already deactivated
01-29 11:08:42.689  6754  6754 D OpenCvViewport: ...surfaceChanged()
01-29 11:08:42.690  6754  6828 D UvcDevice: open()...
01-29 11:08:42.751  6754  6828 D Uvc     : [jni_device.cpp:50] Java_org_firstinspires_ftc_robotcore_internal_camera_libuvc_nativeobject_UvcDevice_nativeSetUsbDeviceInfo()...
01-29 11:08:42.751  6754  6828 D Uvc     : [jni_device.cpp:50] ...Java_org_firstinspires_ftc_robotcore_internal_camera_libuvc_nativeobject_UvcDevice_nativeSetUsbDeviceInfo()
01-29 11:08:42.752  6754  6828 D Uvc     : [jni_device.cpp:233] Java_org_firstinspires_ftc_robotcore_internal_camera_libuvc_nativeobject_UvcDevice_nativeOpenDeviceHandle()...
01-29 11:08:42.752  6754  6828 V Uvc     : API: Java_org_firstinspires_ftc_robotcore_internal_camera_libuvc_nativeobject_UvcDevice_nativeOpenDeviceHandle: enter...
01-29 11:08:42.752  6754  6828 D Uvc     : [device.cpp:279] uvc_open()...
01-29 11:08:42.752  6754  6828 D Uvc     : [libuvc/libuvc_internal.h:356] uvc_device::open()...
01-29 11:08:42.752  6754  6828 D libusb  : [ 5.460773] [00001aac] libusb: debug [op_open] op_open: szUsbPath=/dev/bus/usb/003/003
01-29 11:08:42.753  6754  6828 D Uvc     : [libuvc/libuvc_internal.h:356] ...uvc_device::open() rc=0
01-29 11:08:42.753  6754  6828 D Uvc     : [device.cpp:295] calling libusb_reset_device()...
01-29 11:08:42.780  6754  6930 V BNO055  : Suppressing I2C warnings while we check for a BNO055 IMU
01-29 11:08:42.784  6754  6930 V BNO055  : Found BNO055 IMU
01-29 11:08:42.940  6754  6930 I global  :  RENO - SlidersWith2Motors.init(SlidersWith2Motors.java:78): init slider motors.
01-29 11:08:42.991  6754  6930 I global  :  RENO - ArmClawUnit.init(ArmClawUnit.java:90): init servo motors for arm and claw.
01-29 11:08:43.316  6754  6828 D Uvc     : [device.cpp:303] ...libusb_reset_device() called
01-29 11:08:43.316  6754  6828 D Uvc     : [device.cpp:311] libusb_open() = 0
01-29 11:08:43.316  6754  6828 D Uvc     : [libuvc/libuvc_internal.h:732] uvc_device_handle::uvc_device_handle()...
01-29 11:08:43.316  6754  6828 D Uvc     : [libuvc/libuvc_internal.h:732] ...uvc_device_handle::uvc_device_handle()
01-29 11:08:43.316  6754  6828 D Uvc     : [device.cpp:386] uvc_get_device_info()...
01-29 11:08:43.316  6754  6828 D libusb  : [ 6.024827] [00001aac] libusb: debug [op_get_config_descriptor] op_get_config_descriptor: config_index=0
01-29 11:08:43.317  6754  6828 D libusb  : [ 6.024976] [00001aac] libusb: debug [op_get_config_descriptor] op_get_config_descriptor: config_index=0
01-29 11:08:43.317  6754  6828 D Uvc     : [device.cpp:986] uvc_scan_control()...
01-29 11:08:43.317  6754  6828 D Uvc     : [device.cpp:1041] uvc_parse_vc_header()...
01-29 11:08:43.317  6754  6828 D Uvc     : [device.cpp:1284] uvc_scan_streaming()...
01-29 11:08:43.317  6754  6828 D Uvc     : [device.cpp:1340] uvc_parse_vs_input_header()...
01-29 11:08:43.317  6754  6828 D Uvc     : [device.cpp:1340] ...uvc_parse_vs_input_header() rc=0
01-29 11:08:43.317  6754  6828 D Uvc     : [device.cpp:1389] uvc_parse_vs_format_uncompressed()...
01-29 11:08:43.317  6754  6828 D Uvc     : [device.cpp:1389] ...uvc_parse_vs_format_uncompressed() rc=0
01-29 11:08:43.318  6754  6828 V Uvc     : [device.cpp:1630] unsupported descriptor subtype: 13 UVC_VS_COLORFORMAT
01-29 11:08:43.318  6754  6828 D Uvc     : [device.cpp:1449] uvc_parse_vs_format_mjpeg()...
01-29 11:08:43.318  6754  6828 D Uvc     : [device.cpp:1449] ...uvc_parse_vs_format_mjpeg() rc=0
01-29 11:08:43.319  6754  6828 V Uvc     : [device.cpp:1630] unsupported descriptor subtype: 13 UVC_VS_COLORFORMAT
01-29 11:08:43.319  6754  6828 D Uvc     : [device.cpp:1284] ...uvc_scan_streaming() rc=0
01-29 11:08:43.319  6754  6828 D Uvc     : [device.cpp:1041] ...uvc_parse_vc_header() rc=0
01-29 11:08:43.319  6754  6828 D Uvc     : [device.cpp:1083] uvc_parse_vc_input_terminal()...
01-29 11:08:43.319  6754  6828 D Uvc     : [device.cpp:1083] ...uvc_parse_vc_input_terminal() rc=0
01-29 11:08:43.319  6754  6828 D Uvc     : [device.cpp:1156] uvc_parse_vc_processing_unit()...
01-29 11:08:43.320  6754  6828 D Uvc     : [device.cpp:1156] ...uvc_parse_vc_processing_unit() rc=0
01-29 11:08:43.320  6754  6828 D Uvc     : [device.cpp:986] ...uvc_scan_control() rc=0
01-29 11:08:43.320  6754  6828 D Uvc     : [device.cpp:386] ...uvc_get_device_info() rc=0
01-29 11:08:43.320  6754  6828 D Uvc     : [device.cpp:326] claiming control interface 0
01-29 11:08:43.320  6754  6828 D Uvc     : [libuvc/libuvc_internal.h:770] uvc_device_handle::claimInterface(idx=0)...
01-29 11:08:43.323  6754  6828 D UvcDevice: claimInterface(0)
01-29 11:08:43.324  6754  6828 D UvcDevice: claimInterface(0) succeeded
01-29 11:08:43.325  6754  6828 D Uvc     : [libuvc/libuvc_internal.h:783] claimInterface(0) succeeded
01-29 11:08:43.325  6754  6828 D Uvc     : [libuvc/libuvc_internal.h:770] ...uvc_device_handle::claimInterface() rc=0
01-29 11:08:43.325  6754  6828 D Uvc     : [device.cpp:279] ...uvc_open() rc=0
01-29 11:08:43.325  6754  6828 V Uvc     : API: Java_org_firstinspires_ftc_robotcore_internal_camera_libuvc_nativeobject_UvcDevice_nativeOpenDeviceHandle: ...exit
01-29 11:08:43.325  6754  6828 D Uvc     : [jni_device.cpp:233] ...Java_org_firstinspires_ftc_robotcore_internal_camera_libuvc_nativeobject_UvcDevice_nativeOpenDeviceHandle()
01-29 11:08:43.326  6754  6828 V UvcDeviceHandle: construct(pointer=0xd4e75640)
01-29 11:08:43.329  6754  6828 V CameraImpl: construct(0x01301575)
01-29 11:08:43.331  6754  6828 D UsbResiliantWebcam.InterveningStateCallback: onOpened() camera=CameraImpl(UvcDeviceHandle(pointer=0xd4e75640|UvcDevice(/dev/bus/usb/003/003)))...
01-29 11:08:43.334  6754  6828 D UsbResiliantWebcam: changeDelegatedCamera(null->CameraImpl(UvcDeviceHandle(pointer=0xd4e75640|UvcDevice(/dev/bus/usb/003/003))))...
01-29 11:08:43.335  6754  6828 D UvcApiFocusControl: isModeSupported(Auto)...
01-29 11:08:43.339  6754  6828 D UvcApiFocusControl: ...isModeSupported(Auto): false
01-29 11:08:43.340  6754  6828 D UvcApiFocusControl: isModeSupported(ContinuousAuto)...
01-29 11:08:43.340  6754  6828 D UvcApiFocusControl: ...isModeSupported(ContinuousAuto): false
01-29 11:08:43.340  6754  6828 D UvcApiFocusControl: isModeSupported(Macro)...
01-29 11:08:43.341  6754  6828 D UvcApiFocusControl: ...isModeSupported(Macro): false
01-29 11:08:43.341  6754  6828 D UvcApiFocusControl: isModeSupported(Infinity)...
01-29 11:08:43.342  6754  6828 D UvcApiFocusControl: ...isModeSupported(Infinity): false
01-29 11:08:43.342  6754  6828 D UvcApiFocusControl: isModeSupported(Fixed)...
01-29 11:08:43.343  6754  6828 D UvcApiFocusControl: ...isModeSupported(Fixed): true
01-29 11:08:43.343  6754  6828 D UvcApiFocusControl: isFocusLengthSupported...
01-29 11:08:43.345  6754  6828 D UvcApiFocusControl: ...isFocusLengthSupported: false
01-29 11:08:43.349  6754  6828 D CachingExposureControl: onCameraChanged(null->CameraImpl(UvcDeviceHandle(pointer=0xd4e75640|UvcDevice(/dev/bus/usb/003/003))))...
01-29 11:08:43.350  6754  6828 D UvcApiExposureControl: isModeSupported(Auto)...
01-29 11:08:43.354  6754  6828 D UvcApiExposureControl: ...isModeSupported(Auto): false
01-29 11:08:43.355  6754  6828 D UvcApiExposureControl: isModeSupported(ContinuousAuto)...
01-29 11:08:43.357  6754  6828 D UvcApiExposureControl: ...isModeSupported(ContinuousAuto): false
01-29 11:08:43.358  6754  6828 D UvcApiExposureControl: isModeSupported(Manual)...
01-29 11:08:43.360  6754  6828 D UvcApiExposureControl: ...isModeSupported(Manual): true
01-29 11:08:43.360  6754  6828 D UvcApiExposureControl: isModeSupported(ShutterPriority)...
01-29 11:08:43.363  6754  6828 D UvcApiExposureControl: ...isModeSupported(ShutterPriority): false
01-29 11:08:43.364  6754  6828 D UvcApiExposureControl: isModeSupported(AperturePriority)...
01-29 11:08:43.366  6754  6828 D UvcApiExposureControl: ...isModeSupported(AperturePriority): true
01-29 11:08:43.367  6754  6828 D UvcApiExposureControl: isExposureSupported()...
01-29 11:08:43.368  6754  6828 D UvcApiExposureControl: ...isExposureSupported(): true
01-29 11:08:43.369  6754  6828 D UvcApiExposureControl: getMinExposure(NANOSECONDS)...
01-29 11:08:43.370  6754  6828 D Uvc     : [jni_devicehandle.cpp:645] Java_org_firstinspires_ftc_robotcore_internal_camera_libuvc_nativeobject_UvcDeviceHandle_nativeGetMinExposure()...
01-29 11:08:43.372  6754  6828 D Uvc     : [jni_devicehandle.cpp:645] ...Java_org_firstinspires_ftc_robotcore_internal_camera_libuvc_nativeobject_UvcDeviceHandle_nativeGetMinExposure()
01-29 11:08:43.373  6754  6828 D UvcApiExposureControl: ...getMinExposure(NANOSECONDS): 100000
01-29 11:08:43.373  6754  6828 D UvcApiExposureControl: getMaxExposure(NANOSECONDS)...
01-29 11:08:43.377  6754  6828 D UvcApiExposureControl: ...getMaxExposure(NANOSECONDS): 1000000000
01-29 11:08:43.377  6754  6828 D UvcApiExposureControl: setAePriority()...
01-29 11:08:43.380  6754  6828 D UvcApiExposureControl: ...setAePriority()
01-29 11:08:43.381  6754  6828 D UvcApiExposureControl: getMode()...
01-29 11:08:43.382  6754  6828 D Uvc     : [jni_devicehandle.cpp:493] Java_org_firstinspires_ftc_robotcore_internal_camera_libuvc_nativeobject_UvcDeviceHandle_nativeGetVuforiaExposureMode()...
01-29 11:08:43.384  6754  6828 D Uvc     : [jni_devicehandle.cpp:493] ...Java_org_firstinspires_ftc_robotcore_internal_camera_libuvc_nativeobject_UvcDeviceHandle_nativeGetVuforiaExposureMode()
01-29 11:08:43.385  6754  6828 D UvcApiExposureControl: ...getMode(): AperturePriority
01-29 11:08:43.388  6754  6828 D CachingExposureControl: ...onCameraChanged(null->CameraImpl(UvcDeviceHandle(pointer=0xd4e75640|UvcDevice(/dev/bus/usb/003/003))))
01-29 11:08:43.389  6754  6828 D UvcApiPtzControl: getMinZoom()...
01-29 11:08:43.391  6754  6828 E UvcDeviceHandle: [jni_devicehandle.cpp:219] Failed to get min zoom : error -9
01-29 11:08:43.391  6754  6828 D UvcApiPtzControl: ...getMinZoom(): 0
01-29 11:08:43.391  6754  6828 D UvcApiPtzControl: getMaxZoom()...
01-29 11:08:43.394  6754  6828 E UvcDeviceHandle: [jni_devicehandle.cpp:242] Failed to get max zoom : error -9
01-29 11:08:43.394  6754  6828 D UvcApiPtzControl: ...getMaxZoom(): 0
01-29 11:08:43.394  6754  6828 D UvcApiPtzControl: getMinPanTilt()...
01-29 11:08:43.396  6754  6828 E UvcDeviceHandle: [jni_devicehandle.cpp:365] Failed to get min pan/tilt : error -9
01-29 11:08:43.397  6754  6828 D UvcApiPtzControl: ...getMinPanTilt(): org.firstinspires.ftc.robotcore.external.hardware.camera.controls.PtzControl$PanTiltHolder@16969b0
01-29 11:08:43.397  6754  6828 D UvcApiPtzControl: getMaxPanTilt()...
01-29 11:08:43.399  6754  6828 E UvcDeviceHandle: [jni_devicehandle.cpp:333] Failed to get max pan/tilt : error -9
01-29 11:08:43.400  6754  6828 D UvcApiPtzControl: ...getMaxPanTilt(): org.firstinspires.ftc.robotcore.external.hardware.camera.controls.PtzControl$PanTiltHolder@635d029
01-29 11:08:43.400  6754  6828 D UvcApiPtzControl: getZoom()...
01-29 11:08:43.403  6754  6828 E UvcDeviceHandle: [jni_devicehandle.cpp:196] Failed to get zoom : error -9
01-29 11:08:43.403  6754  6828 D UvcApiPtzControl: ...getZoom(): 0
01-29 11:08:43.403  6754  6828 D UvcApiPtzControl: getPanTilt()...
01-29 11:08:43.406  6754  6828 E UvcDeviceHandle: [jni_devicehandle.cpp:301] Failed to get pan/tilt : error -9
01-29 11:08:43.406  6754  6828 D UvcApiPtzControl: ...getPanTilt(): org.firstinspires.ftc.robotcore.external.hardware.camera.controls.PtzControl$PanTiltHolder@30c4fae
01-29 11:08:43.406  6754  6828 D UvcApiGainControl: getMinGain()...
01-29 11:08:43.408  6754  6828 D Uvc     : [jni_devicehandle.cpp:894] Java_org_firstinspires_ftc_robotcore_internal_camera_libuvc_nativeobject_UvcDeviceHandle_nativeGetMinGain()...
01-29 11:08:43.409  6754  6828 D Uvc     : [jni_devicehandle.cpp:894] ...Java_org_firstinspires_ftc_robotcore_internal_camera_libuvc_nativeobject_UvcDeviceHandle_nativeGetMinGain()
01-29 11:08:43.409  6754  6828 D UvcApiGainControl: ...getMinGain(): 0
01-29 11:08:43.410  6754  6828 D UvcApiGainControl: getMaxGain()...
01-29 11:08:43.411  6754  6828 D Uvc     : [jni_devicehandle.cpp:917] Java_org_firstinspires_ftc_robotcore_internal_camera_libuvc_nativeobject_UvcDeviceHandle_nativeGetMaxGain()...
01-29 11:08:43.413  6754  6828 D Uvc     : [jni_devicehandle.cpp:917] ...Java_org_firstinspires_ftc_robotcore_internal_camera_libuvc_nativeobject_UvcDeviceHandle_nativeGetMaxGain()
01-29 11:08:43.413  6754  6828 D UvcApiGainControl: ...getMaxGain(): 255
01-29 11:08:43.413  6754  6828 D UvcApiGainControl: getGain()...
01-29 11:08:43.414  6754  6828 D Uvc     : [jni_devicehandle.cpp:940] Java_org_firstinspires_ftc_robotcore_internal_camera_libuvc_nativeobject_UvcDeviceHandle_nativeGetGain()...
01-29 11:08:43.416  6754  6828 D Uvc     : [jni_devicehandle.cpp:940] ...Java_org_firstinspires_ftc_robotcore_internal_camera_libuvc_nativeobject_UvcDeviceHandle_nativeGetGain()
01-29 11:08:43.416  6754  6828 D UvcApiGainControl: ...getGain(): 0
