02-07 11:57:41.836 11453 11743 I global  :  RENO - ObjectDetection.sleeveColorDetect(ObjectDetection.java:132): Sleeve max color = 99953.00, 184017.00, 265657.00
02-07 11:57:41.838 11453 11743 I global  :  RENO - ObjectDetection.sleeveColorDetect(ObjectDetection.java:151): Sleeve position: RIGHT
02-07 11:57:41.865 11453 11743 I global  :  RENO - ObjectDetection.sleeveColorDetect(ObjectDetection.java:125): Start Opcv process to detect sleeve color.
02-07 11:57:41.867 11453 11743 I global  :  RENO - ObjectDetection.sleeveColorDetect(ObjectDetection.java:132): Sleeve max color = 99975.00, 184040.00, 265544.00
02-07 11:57:41.868 11453 11743 I global  :  RENO - ObjectDetection.sleeveColorDetect(ObjectDetection.java:151): Sleeve position: RIGHT
02-07 11:57:41.901 11453 11743 I global  :  RENO - ObjectDetection.sleeveColorDetect(ObjectDetection.java:125): Start Opcv process to detect sleeve color.
02-07 11:57:41.902 11453 11743 I global  :  RENO - ObjectDetection.sleeveColorDetect(ObjectDetection.java:132): Sleeve max color = 100014.00, 183977.00, 265592.00
02-07 11:57:41.903 11453 11743 I global  :  RENO - ObjectDetection.sleeveColorDetect(ObjectDetection.java:151): Sleeve position: RIGHT
02-07 11:57:41.933 11453 11743 I global  :  RENO - ObjectDetection.sleeveColorDetect(ObjectDetection.java:125): Start Opcv process to detect sleeve color.
02-07 11:57:41.934 11453 11743 I global  :  RENO - ObjectDetection.sleeveColorDetect(ObjectDetection.java:132): Sleeve max color = 99911.00, 183958.00, 265657.00
02-07 11:57:41.935 11453 11743 I global  :  RENO - ObjectDetection.sleeveColorDetect(ObjectDetection.java:151): Sleeve position: RIGHT
02-07 11:57:41.965 11453 11743 I global  :  RENO - ObjectDetection.sleeveColorDetect(ObjectDetection.java:125): Start Opcv process to detect sleeve color.
02-07 11:57:41.967 11453 11743 I global  :  RENO - ObjectDetection.sleeveColorDetect(ObjectDetection.java:132): Sleeve max color = 99891.00, 183986.00, 265545.00
02-07 11:57:41.968 11453 11743 I global  :  RENO - ObjectDetection.sleeveColorDetect(ObjectDetection.java:151): Sleeve position: RIGHT
02-07 11:57:42.001 11453 11743 I global  :  RENO - ObjectDetection.sleeveColorDetect(ObjectDetection.java:125): Start Opcv process to detect sleeve color.
02-07 11:57:42.002 11453 11743 I global  :  RENO - ObjectDetection.sleeveColorDetect(ObjectDetection.java:132): Sleeve max color = 100016.00, 183937.00, 265574.00
02-07 11:57:42.003 11453 11743 I global  :  RENO - ObjectDetection.sleeveColorDetect(ObjectDetection.java:151): Sleeve position: RIGHT
02-07 11:57:42.033 11453 11743 I global  :  RENO - ObjectDetection.sleeveColorDetect(ObjectDetection.java:125): Start Opcv process to detect sleeve color.
02-07 11:57:42.034 11453 11743 I global  :  RENO - ObjectDetection.sleeveColorDetect(ObjectDetection.java:132): Sleeve max color = 99866.00, 184013.00, 265626.00
02-07 11:57:42.035 11453 11743 I global  :  RENO - ObjectDetection.sleeveColorDetect(ObjectDetection.java:151): Sleeve position: RIGHT
02-07 11:57:42.065 11453 11743 I global  :  RENO - ObjectDetection.sleeveColorDetect(ObjectDetection.java:125): Start Opcv process to detect sleeve color.
02-07 11:57:42.066 11453 11743 I global  :  RENO - ObjectDetection.sleeveColorDetect(ObjectDetection.java:132): Sleeve max color = 100016.00, 183902.00, 265616.00
02-07 11:57:42.067 11453 11743 I global  :  RENO - ObjectDetection.sleeveColorDetect(ObjectDetection.java:151): Sleeve position: RIGHT
02-07 11:57:42.101 11453 11743 I global  :  RENO - ObjectDetection.sleeveColorDetect(ObjectDetection.java:125): Start Opcv process to detect sleeve color.
02-07 11:57:42.102 11453 11743 I global  :  RENO - ObjectDetection.sleeveColorDetect(ObjectDetection.java:132): Sleeve max color = 99939.00, 183954.00, 265603.00
02-07 11:57:42.104 11453 11743 I global  :  RENO - ObjectDetection.sleeveColorDetect(ObjectDetection.java:151): Sleeve position: RIGHT
02-07 11:57:42.133 11453 11743 I global  :  RENO - ObjectDetection.sleeveColorDetect(ObjectDetection.java:125): Start Opcv process to detect sleeve color.
02-07 11:57:42.134 11453 11743 I global  :  RENO - ObjectDetection.sleeveColorDetect(ObjectDetection.java:132): Sleeve max color = 99948.00, 183923.00, 265559.00
02-07 11:57:42.135 11453 11743 I global  :  RENO - ObjectDetection.sleeveColorDetect(ObjectDetection.java:151): Sleeve position: RIGHT
02-07 11:57:42.169 11453 11743 I global  :  RENO - ObjectDetection.sleeveColorDetect(ObjectDetection.java:125): Start Opcv process to detect sleeve color.
02-07 11:57:42.171 11453 11743 I global  :  RENO - ObjectDetection.sleeveColorDetect(ObjectDetection.java:132): Sleeve max color = 100080.00, 183897.00, 265531.00
02-07 11:57:42.172 11453 11743 I global  :  RENO - ObjectDetection.sleeveColorDetect(ObjectDetection.java:151): Sleeve position: RIGHT
02-07 11:57:42.204 11453 11743 I global  :  RENO - ObjectDetection.sleeveColorDetect(ObjectDetection.java:125): Start Opcv process to detect sleeve color.
02-07 11:57:42.205 11453 11743 I global  :  RENO - ObjectDetection.sleeveColorDetect(ObjectDetection.java:132): Sleeve max color = 99792.00, 184012.00, 265413.00
02-07 11:57:42.206 11453 11743 I global  :  RENO - ObjectDetection.sleeveColorDetect(ObjectDetection.java:151): Sleeve position: RIGHT
02-07 11:57:42.233 11453 11743 I global  :  RENO - ObjectDetection.sleeveColorDetect(ObjectDetection.java:125): Start Opcv process to detect sleeve color.
02-07 11:57:42.235 11453 11743 I global  :  RENO - ObjectDetection.sleeveColorDetect(ObjectDetection.java:132): Sleeve max color = 99927.00, 183946.00, 265558.00
02-07 11:57:42.236 11453 11743 I global  :  RENO - ObjectDetection.sleeveColorDetect(ObjectDetection.java:151): Sleeve position: RIGHT
02-07 11:57:42.269 11453 11743 I global  :  RENO - ObjectDetection.sleeveColorDetect(ObjectDetection.java:125): Start Opcv process to detect sleeve color.
02-07 11:57:42.271 11453 11743 I global  :  RENO - ObjectDetection.sleeveColorDetect(ObjectDetection.java:132): Sleeve max color = 99991.00, 183962.00, 265381.00
02-07 11:57:42.271 11453 11743 I global  :  RENO - ObjectDetection.sleeveColorDetect(ObjectDetection.java:151): Sleeve position: RIGHT
02-07 11:57:42.301 11453 11743 I global  :  RENO - ObjectDetection.sleeveColorDetect(ObjectDetection.java:125): Start Opcv process to detect sleeve color.
02-07 11:57:42.303 11453 11743 I global  :  RENO - ObjectDetection.sleeveColorDetect(ObjectDetection.java:132): Sleeve max color = 99946.00, 183938.00, 265571.00
02-07 11:57:42.304 11453 11743 I global  :  RENO - ObjectDetection.sleeveColorDetect(ObjectDetection.java:151): Sleeve position: RIGHT
02-07 11:57:42.333 11453 11743 I global  :  RENO - ObjectDetection.sleeveColorDetect(ObjectDetection.java:125): Start Opcv process to detect sleeve color.
02-07 11:57:42.334 11453 11743 I global  :  RENO - ObjectDetection.sleeveColorDetect(ObjectDetection.java:132): Sleeve max color = 99957.00, 183935.00, 265527.00
02-07 11:57:42.335 11453 11743 I global  :  RENO - ObjectDetection.sleeveColorDetect(ObjectDetection.java:151): Sleeve position: RIGHT
02-07 11:57:42.369 11453 11743 I global  :  RENO - ObjectDetection.sleeveColorDetect(ObjectDetection.java:125): Start Opcv process to detect sleeve color.
02-07 11:57:42.370 11453 11743 I global  :  RENO - ObjectDetection.sleeveColorDetect(ObjectDetection.java:132): Sleeve max color = 99884.00, 183892.00, 265504.00
02-07 11:57:42.371 11453 11743 I global  :  RENO - ObjectDetection.sleeveColorDetect(ObjectDetection.java:151): Sleeve position: RIGHT
02-07 11:57:42.401 11453 11743 I global  :  RENO - ObjectDetection.sleeveColorDetect(ObjectDetection.java:125): Start Opcv process to detect sleeve color.
02-07 11:57:42.402 11453 11743 I global  :  RENO - ObjectDetection.sleeveColorDetect(ObjectDetection.java:132): Sleeve max color = 99991.00, 183942.00, 265479.00
02-07 11:57:42.403 11453 11743 I global  :  RENO - ObjectDetection.sleeveColorDetect(ObjectDetection.java:151): Sleeve position: RIGHT
02-07 11:57:42.435 11453 11743 I global  :  RENO - ObjectDetection.sleeveColorDetect(ObjectDetection.java:125): Start Opcv process to detect sleeve color.
02-07 11:57:42.437 11453 11743 I global  :  RENO - ObjectDetection.sleeveColorDetect(ObjectDetection.java:132): Sleeve max color = 99977.00, 183910.00, 265529.00
02-07 11:57:42.438 11453 11743 I global  :  RENO - ObjectDetection.sleeveColorDetect(ObjectDetection.java:151): Sleeve position: RIGHT
02-07 11:57:42.473 11453 11743 I global  :  RENO - ObjectDetection.sleeveColorDetect(ObjectDetection.java:125): Start Opcv process to detect sleeve color.
02-07 11:57:42.476 11453 11743 I global  :  RENO - ObjectDetection.sleeveColorDetect(ObjectDetection.java:132): Sleeve max color = 99784.00, 183869.00, 265423.00
02-07 11:57:42.477 11453 11743 I global  :  RENO - ObjectDetection.sleeveColorDetect(ObjectDetection.java:151): Sleeve position: RIGHT
02-07 11:57:42.502 11453 11743 I global  :  RENO - ObjectDetection.sleeveColorDetect(ObjectDetection.java:125): Start Opcv process to detect sleeve color.
02-07 11:57:42.504 11453 11743 I global  :  RENO - ObjectDetection.sleeveColorDetect(ObjectDetection.java:132): Sleeve max color = 99936.00, 183942.00, 265433.00
02-07 11:57:42.505 11453 11743 I global  :  RENO - ObjectDetection.sleeveColorDetect(ObjectDetection.java:151): Sleeve position: RIGHT
02-07 11:57:42.535 11453 11743 I global  :  RENO - ObjectDetection.sleeveColorDetect(ObjectDetection.java:125): Start Opcv process to detect sleeve color.
02-07 11:57:42.537 11453 11743 I global  :  RENO - ObjectDetection.sleeveColorDetect(ObjectDetection.java:132): Sleeve max color = 100041.00, 183872.00, 265471.00
02-07 11:57:42.538 11453 11743 I global  :  RENO - ObjectDetection.sleeveColorDetect(ObjectDetection.java:151): Sleeve position: RIGHT
02-07 11:57:42.569 11453 11743 I global  :  RENO - ObjectDetection.sleeveColorDetect(ObjectDetection.java:125): Start Opcv process to detect sleeve color.
02-07 11:57:42.570 11453 11743 I global  :  RENO - ObjectDetection.sleeveColorDetect(ObjectDetection.java:132): Sleeve max color = 99898.00, 183905.00, 265411.00
02-07 11:57:42.571 11453 11743 I global  :  RENO - ObjectDetection.sleeveColorDetect(ObjectDetection.java:151): Sleeve position: RIGHT
02-07 11:57:42.601 11453 11743 I global  :  RENO - ObjectDetection.sleeveColorDetect(ObjectDetection.java:125): Start Opcv process to detect sleeve color.
02-07 11:57:42.602 11453 11743 I global  :  RENO - ObjectDetection.sleeveColorDetect(ObjectDetection.java:132): Sleeve max color = 99822.00, 183891.00, 265438.00
02-07 11:57:42.603 11453 11743 I global  :  RENO - ObjectDetection.sleeveColorDetect(ObjectDetection.java:151): Sleeve position: RIGHT
02-07 11:57:42.635 11453 11743 I global  :  RENO - ObjectDetection.sleeveColorDetect(ObjectDetection.java:125): Start Opcv process to detect sleeve color.
02-07 11:57:42.636 11453 11743 I global  :  RENO - ObjectDetection.sleeveColorDetect(ObjectDetection.java:132): Sleeve max color = 99903.00, 183990.00, 265300.00
02-07 11:57:42.637 11453 11743 I global  :  RENO - ObjectDetection.sleeveColorDetect(ObjectDetection.java:151): Sleeve position: RIGHT
02-07 11:57:42.669 11453 11743 I global  :  RENO - ObjectDetection.sleeveColorDetect(ObjectDetection.java:125): Start Opcv process to detect sleeve color.
02-07 11:57:42.671 11453 11743 I global  :  RENO - ObjectDetection.sleeveColorDetect(ObjectDetection.java:132): Sleeve max color = 100048.00, 183920.00, 265427.00
02-07 11:57:42.672 11453 11743 I global  :  RENO - ObjectDetection.sleeveColorDetect(ObjectDetection.java:151): Sleeve position: RIGHT
02-07 11:57:42.701 11453 11743 I global  :  RENO - ObjectDetection.sleeveColorDetect(ObjectDetection.java:125): Start Opcv process to detect sleeve color.
02-07 11:57:42.703 11453 11743 I global  :  RENO - ObjectDetection.sleeveColorDetect(ObjectDetection.java:132): Sleeve max color = 99842.00, 183938.00, 265554.00
02-07 11:57:42.704 11453 11743 I global  :  RENO - ObjectDetection.sleeveColorDetect(ObjectDetection.java:151): Sleeve position: RIGHT
02-07 11:57:42.737 11453 11743 I global  :  RENO - ObjectDetection.sleeveColorDetect(ObjectDetection.java:125): Start Opcv process to detect sleeve color.
02-07 11:57:42.739 11453 11743 I global  :  RENO - ObjectDetection.sleeveColorDetect(ObjectDetection.java:132): Sleeve max color = 100092.00, 183820.00, 265440.00
02-07 11:57:42.740 11453 11743 I global  :  RENO - ObjectDetection.sleeveColorDetect(ObjectDetection.java:151): Sleeve position: RIGHT
02-07 11:57:42.770 11453 11743 I global  :  RENO - ObjectDetection.sleeveColorDetect(ObjectDetection.java:125): Start Opcv process to detect sleeve color.
02-07 11:57:42.774 11453 11743 I global  :  RENO - ObjectDetection.sleeveColorDetect(ObjectDetection.java:132): Sleeve max color = 99968.00, 183910.00, 265344.00
02-07 11:57:42.775 11453 11743 I global  :  RENO - ObjectDetection.sleeveColorDetect(ObjectDetection.java:151): Sleeve position: RIGHT
02-07 11:57:42.803 11453 11743 I global  :  RENO - ObjectDetection.sleeveColorDetect(ObjectDetection.java:125): Start Opcv process to detect sleeve color.
02-07 11:57:42.805 11453 11743 I global  :  RENO - ObjectDetection.sleeveColorDetect(ObjectDetection.java:132): Sleeve max color = 99878.00, 183914.00, 265364.00
02-07 11:57:42.807 11453 11743 I global  :  RENO - ObjectDetection.sleeveColorDetect(ObjectDetection.java:151): Sleeve position: RIGHT
02-07 11:57:42.837 11453 11743 I global  :  RENO - ObjectDetection.sleeveColorDetect(ObjectDetection.java:125): Start Opcv process to detect sleeve color.
02-07 11:57:42.838 11453 11743 I global  :  RENO - ObjectDetection.sleeveColorDetect(ObjectDetection.java:132): Sleeve max color = 100083.00, 183846.00, 265284.00
02-07 11:57:42.839 11453 11743 I global  :  RENO - ObjectDetection.sleeveColorDetect(ObjectDetection.java:151): Sleeve position: RIGHT
02-07 11:57:42.866 11453 11599 V Robocol : received command: CMD_RUN_OP_MODE(10397) Auto RR right
02-07 11:57:42.870 11453 11743 I global  :  RENO - ObjectDetection.sleeveColorDetect(ObjectDetection.java:125): Start Opcv process to detect sleeve color.
02-07 11:57:42.871 11453 11743 I global  :  RENO - ObjectDetection.sleeveColorDetect(ObjectDetection.java:132): Sleeve max color = 99876.00, 183880.00, 265447.00
02-07 11:57:42.872 11453 11743 I global  :  RENO - ObjectDetection.sleeveColorDetect(ObjectDetection.java:151): Sleeve position: RIGHT
02-07 11:57:42.901 11453 11743 I global  :  RENO - ObjectDetection.sleeveColorDetect(ObjectDetection.java:125): Start Opcv process to detect sleeve color.
02-07 11:57:42.902 11453 11743 I global  :  RENO - ObjectDetection.sleeveColorDetect(ObjectDetection.java:132): Sleeve max color = 99924.00, 183800.00, 265384.00
02-07 11:57:42.903 11453 11743 I global  :  RENO - ObjectDetection.sleeveColorDetect(ObjectDetection.java:151): Sleeve position: RIGHT
02-07 11:57:42.907 11453 11602 V Robocol : sending CMD_NOTIFY_RUN_OP_MODE(453), attempt: 0
02-07 11:57:42.937 11453 11743 I global  :  RENO - ObjectDetection.sleeveColorDetect(ObjectDetection.java:125): Start Opcv process to detect sleeve color.
02-07 11:57:42.938 11453 11743 I global  :  RENO - ObjectDetection.sleeveColorDetect(ObjectDetection.java:132): Sleeve max color = 99822.00, 183835.00, 265347.00
02-07 11:57:42.940 11453 11743 I global  :  RENO - ObjectDetection.sleeveColorDetect(ObjectDetection.java:151): Sleeve position: RIGHT
02-07 11:57:42.969 11453 11743 I global  :  RENO - ObjectDetection.sleeveColorDetect(ObjectDetection.java:125): Start Opcv process to detect sleeve color.
02-07 11:57:42.970 11453 11743 I global  :  RENO - ObjectDetection.sleeveColorDetect(ObjectDetection.java:132): Sleeve max color = 99954.00, 183794.00, 265386.00
02-07 11:57:42.971 11453 11743 I global  :  RENO - ObjectDetection.sleeveColorDetect(ObjectDetection.java:151): Sleeve position: RIGHT
02-07 11:57:43.001 11453 11743 I global  :  RENO - ObjectDetection.sleeveColorDetect(ObjectDetection.java:125): Start Opcv process to detect sleeve color.
02-07 11:57:43.002 11453 11743 I global  :  RENO - ObjectDetection.sleeveColorDetect(ObjectDetection.java:132): Sleeve max color = 99998.00, 183819.00, 265349.00
02-07 11:57:43.003 11453 11743 I global  :  RENO - ObjectDetection.sleeveColorDetect(ObjectDetection.java:151): Sleeve position: RIGHT
02-07 11:57:43.037 11453 11743 I global  :  RENO - ObjectDetection.sleeveColorDetect(ObjectDetection.java:125): Start Opcv process to detect sleeve color.
02-07 11:57:43.039 11453 11743 I global  :  RENO - ObjectDetection.sleeveColorDetect(ObjectDetection.java:132): Sleeve max color = 99926.00, 183722.00, 265354.00
02-07 11:57:43.040 11453 11743 I global  :  RENO - ObjectDetection.sleeveColorDetect(ObjectDetection.java:151): Sleeve position: RIGHT
02-07 11:57:43.070 11453 11743 I global  :  RENO - ObjectDetection.sleeveColorDetect(ObjectDetection.java:125): Start Opcv process to detect sleeve color.
02-07 11:57:43.071 11453 11743 I global  :  RENO - ObjectDetection.sleeveColorDetect(ObjectDetection.java:132): Sleeve max color = 99993.00, 183789.00, 265375.00
02-07 11:57:43.072 11453 11743 I global  :  RENO - ObjectDetection.sleeveColorDetect(ObjectDetection.java:151): Sleeve position: RIGHT
02-07 11:57:43.101 11453 11743 I global  :  RENO - ObjectDetection.sleeveColorDetect(ObjectDetection.java:125): Start Opcv process to detect sleeve color.
02-07 11:57:43.103 11453 11743 I global  :  RENO - ObjectDetection.sleeveColorDetect(ObjectDetection.java:132): Sleeve max color = 99782.00, 183793.00, 265400.00
02-07 11:57:43.103 11453 11743 I global  :  RENO - ObjectDetection.sleeveColorDetect(ObjectDetection.java:151): Sleeve position: RIGHT
02-07 11:57:43.137 11453 11743 I global  :  RENO - ObjectDetection.sleeveColorDetect(ObjectDetection.java:125): Start Opcv process to detect sleeve color.
02-07 11:57:43.138 11453 11743 I global  :  RENO - ObjectDetection.sleeveColorDetect(ObjectDetection.java:132): Sleeve max color = 99958.00, 183749.00, 265310.00
02-07 11:57:43.140 11453 11743 I global  :  RENO - ObjectDetection.sleeveColorDetect(ObjectDetection.java:151): Sleeve position: RIGHT
02-07 11:57:43.169 11453 11743 I global  :  RENO - ObjectDetection.sleeveColorDetect(ObjectDetection.java:125): Start Opcv process to detect sleeve color.
02-07 11:57:43.170 11453 11743 I global  :  RENO - ObjectDetection.sleeveColorDetect(ObjectDetection.java:132): Sleeve max color = 99912.00, 183792.00, 265231.00
02-07 11:57:43.171 11453 11743 I global  :  RENO - ObjectDetection.sleeveColorDetect(ObjectDetection.java:151): Sleeve position: RIGHT
02-07 11:57:43.206 11453 11743 I global  :  RENO - ObjectDetection.sleeveColorDetect(ObjectDetection.java:125): Start Opcv process to detect sleeve color.
02-07 11:57:43.208 11453 11743 I global  :  RENO - ObjectDetection.sleeveColorDetect(ObjectDetection.java:132): Sleeve max color = 99933.00, 183755.00, 265325.00
02-07 11:57:43.210 11453 11743 I global  :  RENO - ObjectDetection.sleeveColorDetect(ObjectDetection.java:151): Sleeve position: RIGHT
02-07 11:57:43.237 11453 11743 I global  :  RENO - ObjectDetection.sleeveColorDetect(ObjectDetection.java:125): Start Opcv process to detect sleeve color.
02-07 11:57:43.238 11453 11743 I global  :  RENO - ObjectDetection.sleeveColorDetect(ObjectDetection.java:132): Sleeve max color = 99957.00, 183812.00, 265295.00
02-07 11:57:43.239 11453 11743 I global  :  RENO - ObjectDetection.sleeveColorDetect(ObjectDetection.java:151): Sleeve position: RIGHT
02-07 11:57:43.269 11453 11743 I global  :  RENO - ObjectDetection.sleeveColorDetect(ObjectDetection.java:125): Start Opcv process to detect sleeve color.
02-07 11:57:43.271 11453 11743 I global  :  RENO - ObjectDetection.sleeveColorDetect(ObjectDetection.java:132): Sleeve max color = 99998.00, 183658.00, 265301.00
02-07 11:57:43.272 11453 11743 I global  :  RENO - ObjectDetection.sleeveColorDetect(ObjectDetection.java:151): Sleeve position: RIGHT
02-07 11:57:43.305 11453 11743 I global  :  RENO - ObjectDetection.sleeveColorDetect(ObjectDetection.java:125): Start Opcv process to detect sleeve color.
02-07 11:57:43.306 11453 11743 I global  :  RENO - ObjectDetection.sleeveColorDetect(ObjectDetection.java:132): Sleeve max color = 99799.00, 183796.00, 265319.00
02-07 11:57:43.307 11453 11743 I global  :  RENO - ObjectDetection.sleeveColorDetect(ObjectDetection.java:151): Sleeve position: RIGHT
02-07 11:57:43.337 11453 11743 I global  :  RENO - ObjectDetection.sleeveColorDetect(ObjectDetection.java:125): Start Opcv process to detect sleeve color.
02-07 11:57:43.338 11453 11743 I global  :  RENO - ObjectDetection.sleeveColorDetect(ObjectDetection.java:132): Sleeve max color = 99783.00, 183791.00, 265127.00
02-07 11:57:43.339 11453 11743 I global  :  RENO - ObjectDetection.sleeveColorDetect(ObjectDetection.java:151): Sleeve position: RIGHT
02-07 11:57:43.362 11453 11715 I System.out: stopRecordingPipeline()
02-07 11:57:43.362 11453 11715 I System.out: ...stopRecordingPipeline()
02-07 11:57:43.363 11453 11715 D UsbResiliantWebcam|DelCaptureSession: stopCapture()...
02-07 11:57:43.363 11453 11715 D UsbResiliantWebcam|DelCaptureSequence: undoStreaming()...
02-07 11:57:43.363 11453 11715 D UvcApiCaptureSession: stopCapture()...
02-07 11:57:43.363 11453 11715 D Uvc     : [jni_streamhandle.cpp:184] Java_org_firstinspires_ftc_robotcore_internal_camera_libuvc_nativeobject_UvcStreamHandle_nativeStopStreaming()...
02-07 11:57:43.363 11453 11715 V Uvc     : API: Java_org_firstinspires_ftc_robotcore_internal_camera_libuvc_nativeobject_UvcStreamHandle_nativeStopStreaming: enter...
02-07 11:57:43.363 11453 11715 D Uvc     : [stream.cpp:1514] uvc_stream_stop()...
02-07 11:57:43.363 11453 11715 D UvcStream: [stream.cpp:1542] cancelling extant transfers
02-07 11:57:43.365 11453 11715 D Uvc     : [stream.cpp:1471] (waitForAllTransfers(waiting for cancelled transfers))...
02-07 11:57:43.365 11453 11715 D UvcStream: [stream.cpp:1485] no extant active transfers: continuing
02-07 11:57:43.365 11453 11715 D Uvc     : [stream.cpp:1471] ...()
02-07 11:57:43.365 11453 11715 D Uvc     : [stream.cpp:1189] uvc_stream_handle::stopIsochronousStreaming()...
02-07 11:57:43.365 11453 11715 D Uvc     : [libuvc/libuvc_internal.h:825] uvc_device_handle::setInterfaceAltSetting(setInterfaceAltSetting(intf=1 alt=0))...
02-07 11:57:43.366 11453 11453 D OpenCvViewport: surfaceDestroyed()
02-07 11:57:43.366 11453 11715 D UvcDevice: setInterfaceAltSetting(1,0)
02-07 11:57:43.366 11453 11453 D OpenCvViewport: CheckState(): lifecycle mandates deactivation regardless of user
02-07 11:57:43.366 11453 11453 D OpenCvViewport: CheckState(): deactivating viewport
02-07 11:57:43.367 11453 11733 W System.err: java.lang.InterruptedException
02-07 11:57:43.367 11453 11733 W System.err: 	at java.lang.Object.wait(Native Method)
02-07 11:57:43.367 11453 11733 W System.err: 	at org.firstinspires.ftc.robotcore.internal.collections.EvictingBlockingQueue.take(EvictingBlockingQueue.java:143)
02-07 11:57:43.367 11453 11733 W System.err: 	at org.openftc.easyopencv.OpenCvViewport$RenderThread.run(OpenCvViewport.java:554)
02-07 11:57:43.367 11453 11733 D OpenCvViewportRenderThread: About to exit
02-07 11:57:43.368 11453 11453 D OpenCvViewport: ...surfaceDestroyed()
02-07 11:57:43.589 11453 11715 D UvcDevice: setInterfaceAltSetting(1,0) succeeded
02-07 11:57:43.589 11453 11715 D Uvc     : [libuvc/libuvc_internal.h:825] ...uvc_device_handle::setInterfaceAltSetting() rc=0
02-07 11:57:43.589 11453 11715 D Uvc     : [stream.cpp:1189] ...uvc_stream_handle::stopIsochronousStreaming() rc=0
02-07 11:57:43.589 11453 11715 D UvcStream: [stream.cpp:1558] awakening user thread
02-07 11:57:43.589 11453 11715 D UvcStream: [stream.cpp:1567] waiting for user callback thread to finish
02-07 11:57:43.589 11453 11743 D UvcStream: [stream.cpp:1329] user callback thread stopped
02-07 11:57:43.589 11453 11715 D Uvc     : [stream.cpp:1514] ...uvc_stream_stop() rc=0
02-07 11:57:43.589 11453 11715 V Uvc     : API: Java_org_firstinspires_ftc_robotcore_internal_camera_libuvc_nativeobject_UvcStreamHandle_nativeStopStreaming: ...exit
02-07 11:57:43.589 11453 11715 D Uvc     : [jni_streamhandle.cpp:184] ...Java_org_firstinspires_ftc_robotcore_internal_camera_libuvc_nativeobject_UvcStreamHandle_nativeStopStreaming()
02-07 11:57:43.590 11453 11715 V UvcFrameCallback: destroy(hash=0x0fc99553)
02-07 11:57:43.591 11453 11715 V UvcFrameCallbackData: destroy(pointer=0xc44116e0)
02-07 11:57:43.595 11453 11715 V Uvc     : API: Java_org_firstinspires_ftc_robotcore_internal_camera_libuvc_nativeobject_UvcFrameCallback_nativeReleaseCallbackState: enter...
02-07 11:57:43.596 11453 11715 V Uvc     : API: Java_org_firstinspires_ftc_robotcore_internal_camera_libuvc_nativeobject_UvcFrameCallback_nativeReleaseCallbackState: ...exit
02-07 11:57:43.597 11453 11715 V UvcStreamHandle: destroy(pointer=0xcb9a3b40)
02-07 11:57:43.597 11453 11715 D Uvc     : [jni_streamhandle.cpp:184] Java_org_firstinspires_ftc_robotcore_internal_camera_libuvc_nativeobject_UvcStreamHandle_nativeStopStreaming()...
02-07 11:57:43.597 11453 11715 V Uvc     : API: Java_org_firstinspires_ftc_robotcore_internal_camera_libuvc_nativeobject_UvcStreamHandle_nativeStopStreaming: enter...
02-07 11:57:43.597 11453 11715 D Uvc     : [stream.cpp:1514] uvc_stream_stop()...
02-07 11:57:43.597 11453 11715 D Uvc     : [stream.cpp:1514] ...uvc_stream_stop() rc=0
02-07 11:57:43.597 11453 11715 V Uvc     : API: Java_org_firstinspires_ftc_robotcore_internal_camera_libuvc_nativeobject_UvcStreamHandle_nativeStopStreaming: ...exit
02-07 11:57:43.597 11453 11715 D Uvc     : [jni_streamhandle.cpp:184] ...Java_org_firstinspires_ftc_robotcore_internal_camera_libuvc_nativeobject_UvcStreamHandle_nativeStopStreaming()
02-07 11:57:43.599 11453 11715 D Uvc     : [jni_streamhandle.cpp:200] Java_org_firstinspires_ftc_robotcore_internal_camera_libuvc_nativeobject_UvcStreamHandle_nativeCloseStreamHandle()...
02-07 11:57:43.599 11453 11715 V Uvc     : API: Java_org_firstinspires_ftc_robotcore_internal_camera_libuvc_nativeobject_UvcStreamHandle_nativeCloseStreamHandle: enter...
02-07 11:57:43.599 11453 11715 D Uvc     : [stream.cpp:1584] uvc_stream_close()...
02-07 11:57:43.599 11453 11715 D Uvc     : [streamhandle.cpp:45] uvc_stream_handle::~uvc_stream_handle()...
02-07 11:57:43.600 11453 11715 D Uvc     : [streamhandle.cpp:66] uvc_stream_handle::releaseInterface()...
02-07 11:57:43.600 11453 11715 D Uvc     : [libuvc/libuvc_internal.h:793] uvc_device_handle::releaseInterface()...
02-07 11:57:43.600 11453 11715 D UvcDevice: releaseInterface(1)
02-07 11:57:43.601 11453 11715 D UvcDevice: releaseInterface(1) succeeded
02-07 11:57:43.601 11453 11715 D Uvc     : [libuvc/libuvc_internal.h:793] ...uvc_device_handle::releaseInterface() rc=0
02-07 11:57:43.601 11453 11715 D Uvc     : [streamhandle.cpp:66] ...uvc_stream_handle::releaseInterface()
02-07 11:57:43.602 11453 11715 D Uvc     : [streamhandle.cpp:45] ...uvc_stream_handle::~uvc_stream_handle()
02-07 11:57:43.602 11453 11715 D Uvc     : [stream.cpp:1584] ...uvc_stream_close()
02-07 11:57:43.602 11453 11715 V Uvc     : API: Java_org_firstinspires_ftc_robotcore_internal_camera_libuvc_nativeobject_UvcStreamHandle_nativeCloseStreamHandle: ...exit
02-07 11:57:43.602 11453 11715 D Uvc     : [jni_streamhandle.cpp:200] ...Java_org_firstinspires_ftc_robotcore_internal_camera_libuvc_nativeobject_UvcStreamHandle_nativeCloseStreamHandle()
02-07 11:57:43.603 11453 11715 V UvcApiCameraCaptureSequence: destroy(hash=0x04fe7b8d)
02-07 11:57:43.603 11453 11715 D UvcApiCaptureSession: ...stopCapture()
02-07 11:57:43.604 11453 11734 D RobotCore: capture sequence DelegatingCaptureSequenceId(1) reports completed: lastFrame=531
02-07 11:57:43.604 11453 11715 D UvcApiCaptureSession: doClose()...
02-07 11:57:43.604 11453 11715 D UvcApiCaptureSession: ...doClose()
02-07 11:57:43.605 11453 11715 D UsbResiliantWebcam|DelCaptureSequence: ...undoStreaming()
02-07 11:57:43.605 11453 11623 D UsbResiliantWebcam|DelCaptureSession: camera session is closed: Webcam(2D25B27F)
02-07 11:57:43.606 11453 11623 V UvcApiCaptureSession: destroy(hash=0x0f2dd424)
02-07 11:57:43.606 11453 11715 V UsbResiliantWebcam|DelCaptureSequence: destroy(hash=0x014d64b7)
02-07 11:57:43.606 11453 11715 D UsbResiliantWebcam|DelCaptureSession: ...stopCapture()
02-07 11:57:43.606 11453 11734 D RobotCore: capture sequence DelegatingCaptureSequenceId(1) reports completed: lastFrame=531
02-07 11:57:43.606 11453 11623 D UvcApiCaptureSession: destructor...
02-07 11:57:43.606 11453 11715 D UsbResiliantWebcam|DelCaptureSession: doClose()...
02-07 11:57:43.606 11453 11623 D UvcApiCaptureSession: ...destructor
02-07 11:57:43.607 11453 11715 D UsbResiliantWebcam|DelCaptureSession: ...doClose()
02-07 11:57:43.608 11453 11715 V UsbResiliantWebcam|DelCaptureSession: destroy(hash=0x039e7b51)
02-07 11:57:43.608 11453 11715 D UsbResiliantWebcam|DelCaptureSession: destructor()...
02-07 11:57:43.609 11453 11715 D UsbResiliantWebcam|DelCaptureSession: ...destructor()
02-07 11:57:43.610 11453 11715 V CameraImpl: destroy(hash=0x0d7a45db)
02-07 11:57:43.610 11453 11715 D UsbResiliantWebcam: CameraImpl.destructor()...
02-07 11:57:43.610 11453 11715 D UsbResiliantWebcam: externalDestructor()...
02-07 11:57:43.611 11453 11715 V CameraImpl: destroy(hash=0x0fc0d7e1)
02-07 11:57:43.611 11453 11623 D CameraManager: camera reports closed: CameraImpl(UsbResiliantWebcam(Webcam(2D25B27F)))
02-07 11:57:43.611 11453 11715 D UvcDeviceHandle: CameraImpl.destructor()...
02-07 11:57:43.611 11453 11715 D UvcDeviceHandle: externalDestructor()...
02-07 11:57:43.614 11453 11715 D UsbResiliantWebcam: changeDelegatedCamera(CameraImpl(UvcDeviceHandle(pointer=0xc4471ba0|UvcDevice(/dev/bus/usb/001/002)))->null)...
02-07 11:57:43.615 11453 11715 D CachingExposureControl: onCameraChanged(CameraImpl(UvcDeviceHandle(pointer=0xc4471ba0|UvcDevice(/dev/bus/usb/001/002)))->null)...
02-07 11:57:43.615 11453 11715 D CachingExposureControl: ...onCameraChanged(CameraImpl(UvcDeviceHandle(pointer=0xc4471ba0|UvcDevice(/dev/bus/usb/001/002)))->null)
02-07 11:57:43.616 11453 11715 D UsbResiliantWebcam: ...changeDelegatedCamera(CameraImpl(UvcDeviceHandle(pointer=0xc4471ba0|UvcDevice(/dev/bus/usb/001/002)))->null)
02-07 11:57:43.616 11453 11715 D UvcDeviceHandle: ...externalDestructor()
02-07 11:57:43.616 11453 11715 V UvcDeviceHandle: destroy(pointer=0xc4471ba0)
02-07 11:57:43.617 11453 11715 D UvcDeviceHandle: destructor...
02-07 11:57:43.618 11453 11715 D Uvc     : [jni_devicehandle.cpp:87] Java_org_firstinspires_ftc_robotcore_internal_camera_libuvc_nativeobject_UvcDeviceHandle_nativeReleaseRefDeviceHandle()...
02-07 11:57:43.618 11453 11715 V Uvc     : API: Java_org_firstinspires_ftc_robotcore_internal_camera_libuvc_nativeobject_UvcDeviceHandle_nativeReleaseRefDeviceHandle: enter...
02-07 11:57:43.618 11453 11715 D Uvc     : [libuvc/libuvc_internal.h:872] uvc_device_handle::~uvc_device_handle()...
02-07 11:57:43.618 11453 11715 D Uvc     : [libuvc/libuvc_internal.h:840] uvc_device_handle::deconstruct()...
02-07 11:57:43.618 11453 11715 D Uvc     : [libuvc/libuvc_internal.h:751] uvc_device_handle::stop()...
02-07 11:57:43.618 11453 11715 D Uvc     : [libuvc/libuvc_internal.h:751] ...uvc_device_handle::stop()
02-07 11:57:43.618 11453 11715 D Uvc     : [libuvc/libuvc_internal.h:865] uvc_device_handle::close()...
02-07 11:57:43.618 11453 11715 E libusb  : [25.733941] [00002dc3] libusb: error [do_close] Device handle closed while transfer was still being processed, but the device is still connected as far as we know
02-07 11:57:43.618 11453 11715 E libusb  : [25.734030] [00002dc3] libusb: error [do_close] A cancellation hasn't even been scheduled on the transfer for which the device is closing
02-07 11:57:43.618 11453 11715 D Uvc     : [libuvc/libuvc_internal.h:865] ...uvc_device_handle::close()
02-07 11:57:43.619 11453 11715 D Uvc     : [libuvc/libuvc_internal.h:840] ...uvc_device_handle::deconstruct()
02-07 11:57:43.619 11453 11715 D Uvc     : [device.cpp:433] uvc_free_device_info()...
02-07 11:57:43.619 11453 11715 D Uvc     : [device.cpp:433] ...uvc_free_device_info()
02-07 11:57:43.619 11453 11715 D Uvc     : [libuvc/libuvc_internal.h:872] ...uvc_device_handle::~uvc_device_handle()
02-07 11:57:43.619 11453 11715 V Uvc     : API: Java_org_firstinspires_ftc_robotcore_internal_camera_libuvc_nativeobject_UvcDeviceHandle_nativeReleaseRefDeviceHandle: ...exit
02-07 11:57:43.619 11453 11715 D Uvc     : [jni_devicehandle.cpp:87] ...Java_org_firstinspires_ftc_robotcore_internal_camera_libuvc_nativeobject_UvcDeviceHandle_nativeReleaseRefDeviceHandle()
02-07 11:57:43.619 11453 11715 V UvcDevice: destroy(pointer=0xc8a0e1f0|/dev/bus/usb/001/002)
02-07 11:57:43.620 11453 11715 D UsbDeviceConnectionJNI: close
02-07 11:57:43.620 11453 11715 D Uvc     : [jni_device.cpp:126] Java_org_firstinspires_ftc_robotcore_internal_camera_libuvc_nativeobject_UvcDevice_nativeReleaseRefDevice()...
02-07 11:57:43.620 11453 11715 V Uvc     : API: Java_org_firstinspires_ftc_robotcore_internal_camera_libuvc_nativeobject_UvcDevice_nativeReleaseRefDevice: enter...
02-07 11:57:43.620 11453 11715 D Uvc     : [device.cpp:882] uvc_unref_device()...
02-07 11:57:43.620 11453 11715 D Uvc     : [device.cpp:882] ...uvc_unref_device()
02-07 11:57:43.620 11453 11715 V Uvc     : API: Java_org_firstinspires_ftc_robotcore_internal_camera_libuvc_nativeobject_UvcDevice_nativeReleaseRefDevice: ...exit
02-07 11:57:43.620 11453 11715 D Uvc     : [jni_device.cpp:126] ...Java_org_firstinspires_ftc_robotcore_internal_camera_libuvc_nativeobject_UvcDevice_nativeReleaseRefDevice()
02-07 11:57:43.620 11453 11715 V LibUsbDevice: destroy(pointer=0xcb9b3100)
02-07 11:57:43.620 11453 11715 D Uvc     : [jni_libusb_device.cpp:64] Java_org_firstinspires_ftc_robotcore_internal_camera_libuvc_nativeobject_LibUsbDevice_nativeReleaseRefDevice()...
02-07 11:57:43.620 11453 11715 D Uvc     : [jni_libusb_device.cpp:64] ...Java_org_firstinspires_ftc_robotcore_internal_camera_libuvc_nativeobject_LibUsbDevice_nativeReleaseRefDevice()
02-07 11:57:43.621 11453 11715 D UvcDeviceHandle: ...destructor
02-07 11:57:43.621 11453 11715 D UvcDeviceHandle: ...CameraImpl.destructor()
02-07 11:57:43.621 11453 11715 D UsbResiliantWebcam: ...externalDestructor()
02-07 11:57:43.621 11453 11715 V UsbResiliantWebcam: destroy(hash=0x033a8beb)
02-07 11:57:43.622 11453 11715 D UsbResiliantWebcam: destructor()...
02-07 11:57:43.622 11453 11715 D UsbResiliantWebcam: ...destructor()
02-07 11:57:43.622 11453 11715 D UsbResiliantWebcam: ...CameraImpl.destructor()
02-07 11:57:46.465 11453 11715 I global  :  RENO - SlidersWith2Motors.waitRunningComplete(SlidersWith2Motors.java:147): Slider waiting time = 0.27 sec
02-07 11:57:46.567 11453 11715 I global  :  RENO - AutoRoadRunner.rrUnloadCone(AutoRoadRunner.java:423): Wait before unloading claw open.
02-07 11:57:46.630 11453 11715 I global  :  RENO - AutoRoadRunner.rrUnloadCone(AutoRoadRunner.java:427): Auto unload - Cone has been unloaded.
02-07 11:57:48.842 11453 11715 I global  :  RENO - AutoRoadRunner.rrLoadCone(AutoRoadRunner.java:404): Wait before claw close.
02-07 11:57:48.861 11453 11715 I global  :  RENO - SlidersWith2Motors.waitRunningComplete(SlidersWith2Motors.java:147): Slider waiting time = 0.02 sec
02-07 11:57:49.030 11453 11715 I global  :  RENO - AutoRoadRunner.rrLoadCone(AutoRoadRunner.java:410): Wait before moving out cone stack.
02-07 11:57:51.049 11453 11715 I global  :  RENO - SlidersWith2Motors.waitRunningComplete(SlidersWith2Motors.java:147): Slider waiting time = 0.14 sec
02-07 11:57:51.151 11453 11715 I global  :  RENO - AutoRoadRunner.rrUnloadCone(AutoRoadRunner.java:423): Wait before unloading claw open.
02-07 11:57:51.212 11453 11715 I global  :  RENO - AutoRoadRunner.rrUnloadCone(AutoRoadRunner.java:427): Auto unload - Cone has been unloaded.
02-07 11:57:53.366 11453 11715 I global  :  RENO - AutoRoadRunner.rrLoadCone(AutoRoadRunner.java:404): Wait before claw close.
02-07 11:57:53.374 11453 11715 I global  :  RENO - SlidersWith2Motors.waitRunningComplete(SlidersWith2Motors.java:147): Slider waiting time = 0.01 sec
02-07 11:57:53.543 11453 11715 I global  :  RENO - AutoRoadRunner.rrLoadCone(AutoRoadRunner.java:410): Wait before moving out cone stack.
02-07 11:57:55.521 11453 11715 I global  :  RENO - SlidersWith2Motors.waitRunningComplete(SlidersWith2Motors.java:147): Slider waiting time = 0.12 sec
02-07 11:57:55.623 11453 11715 I global  :  RENO - AutoRoadRunner.rrUnloadCone(AutoRoadRunner.java:423): Wait before unloading claw open.
02-07 11:57:55.688 11453 11715 I global  :  RENO - AutoRoadRunner.rrUnloadCone(AutoRoadRunner.java:427): Auto unload - Cone has been unloaded.
02-07 11:57:57.842 11453 11715 I global  :  RENO - AutoRoadRunner.rrLoadCone(AutoRoadRunner.java:404): Wait before claw close.
02-07 11:57:57.894 11453 11715 I global  :  RENO - SlidersWith2Motors.waitRunningComplete(SlidersWith2Motors.java:147): Slider waiting time = 0.05 sec
02-07 11:57:58.061 11453 11715 I global  :  RENO - AutoRoadRunner.rrLoadCone(AutoRoadRunner.java:410): Wait before moving out cone stack.
02-07 11:58:00.026 11453 11715 I global  :  RENO - SlidersWith2Motors.waitRunningComplete(SlidersWith2Motors.java:147): Slider waiting time = 0.13 sec
02-07 11:58:00.128 11453 11715 I global  :  RENO - AutoRoadRunner.rrUnloadCone(AutoRoadRunner.java:423): Wait before unloading claw open.
02-07 11:58:00.190 11453 11715 I global  :  RENO - AutoRoadRunner.rrUnloadCone(AutoRoadRunner.java:427): Auto unload - Cone has been unloaded.
02-07 11:58:02.335 11453 11715 I global  :  RENO - AutoRoadRunner.rrLoadCone(AutoRoadRunner.java:404): Wait before claw close.
02-07 11:58:02.444 11453 11715 I global  :  RENO - SlidersWith2Motors.waitRunningComplete(SlidersWith2Motors.java:147): Slider waiting time = 0.11 sec
02-07 11:58:02.611 11453 11715 I global  :  RENO - AutoRoadRunner.rrLoadCone(AutoRoadRunner.java:410): Wait before moving out cone stack.
02-07 11:58:04.567 11453 11715 I global  :  RENO - SlidersWith2Motors.waitRunningComplete(SlidersWith2Motors.java:147): Slider waiting time = 0.12 sec
02-07 11:58:04.669 11453 11715 I global  :  RENO - AutoRoadRunner.rrUnloadCone(AutoRoadRunner.java:423): Wait before unloading claw open.
02-07 11:58:04.729 11453 11715 I global  :  RENO - AutoRoadRunner.rrUnloadCone(AutoRoadRunner.java:427): Auto unload - Cone has been unloaded.
02-07 11:58:06.864 11453 11715 I global  :  RENO - AutoRoadRunner.rrLoadCone(AutoRoadRunner.java:404): Wait before claw close.
02-07 11:58:07.021 11453 11715 I global  :  RENO - SlidersWith2Motors.waitRunningComplete(SlidersWith2Motors.java:147): Slider waiting time = 0.16 sec
02-07 11:58:07.190 11453 11715 I global  :  RENO - AutoRoadRunner.rrLoadCone(AutoRoadRunner.java:410): Wait before moving out cone stack.
02-07 11:58:09.532 11453 11715 I global  :  RENO - SlidersWith2Motors.waitRunningComplete(SlidersWith2Motors.java:147): Slider waiting time = 0.52 sec
02-07 11:58:09.634 11453 11715 I global  :  RENO - AutoRoadRunner.rrUnloadCone(AutoRoadRunner.java:423): Wait before unloading claw open.
02-07 11:58:09.697 11453 11715 I global  :  RENO - AutoRoadRunner.rrUnloadCone(AutoRoadRunner.java:427): Auto unload - Cone has been unloaded.
02-07 11:58:12.947 11453 11599 V Robocol : received command: CMD_INIT_OP_MODE(10690) $Stop$Robot$
02-07 11:58:12.957 11453 11600 I RobotCore: ******************** STOP - OPMODE /storage/emulated/0/FIRST/matchlogs/Match-0-Auto_RR_right.txt ********************
02-07 11:58:12.966 11453 11973 I RobotCore: saving match logcat to /storage/emulated/0/FIRST/matchlogs/Match-0-Auto_RR_right.txt
02-07 11:58:12.966 11453 11973 I RobotCore: logging command line: exec logcat -d -T '2-7 11:57:22.000' -f '/storage/emulated/0/FIRST/matchlogs/Match-0-Auto_RR_right.txt' -n4 -v threadtime UsbRequestJNI:S UsbRequest:S art:W ThreadPool:W System:W ExtendedExtractor:W OMXClient:W MediaPlayer:W dalvikvm:W  *:V
02-07 11:58:12.968 11453 11715 E LynxI2cDeviceSynch: placeholder: readStatusQuery
02-07 11:58:12.968 11453 11715 W BNO055IMU (new): getRobotOrientationAsQuaternion(): Failed to retrieve valid quaternion from IMU. Returning the identity quaternion.
02-07 11:58:12.970 11453 11715 E LynxI2cDeviceSynch: placeholder: readTimestamped
02-07 11:58:12.977 11453 11715 I global  :  RENO - AutoRoadRunner.autonomousCore(AutoRoadRunner.java:385): traj1 end x = -33.00,  y = -61.00, angle = 90.00
02-07 11:58:12.979 11453 11715 I global  :  RENO - AutoRoadRunner.autonomousCore(AutoRoadRunner.java:387): estimate end x = -32.82,  y = -59.90, angle = 269.27
02-07 11:58:12.984 11453 11715 I global  :  RENO - AutoRoadRunner.runOpMode(AutoRoadRunner.java:305): Autonomous - total Run Time: 29.6210 seconds
02-07 11:58:12.987 11453 11715 D RobotCore: User runOpModeMethod exited
02-07 11:58:12.988 11453 11715 V RobotCore: thread: ...terminating 'OpModeThread'
02-07 11:58:12.983 11974 11974 I sh      : type=1400 audit(0.0:554): avc: denied { read } for name="/" dev="rootfs" ino=1 scontext=u:r:untrusted_app:s0:c512,c768 tcontext=u:object_r:rootfs:s0 tclass=dir permissive=1
02-07 11:58:12.983 11974 11974 I sh      : type=1400 audit(0.0:555): avc: denied { open } for path="/" dev="rootfs" ino=1 scontext=u:r:untrusted_app:s0:c512,c768 tcontext=u:object_r:rootfs:s0 tclass=dir permissive=1
02-07 11:58:12.994 11453 11662 I RobotCore: Attempting to switch to op mode $Stop$Robot$
02-07 11:58:12.994 11453 11662 D HardwareMap: Clearing which device instances have been retrieved
02-07 11:58:12.995 11453 11662 D HardwareMap: Clearing which device instances have been retrieved
02-07 11:58:12.997 11453 11978 V RobotCore: thread: 'OpModeThread' starting...
02-07 11:58:13.027 11453 11602 V Robocol : sending CMD_STREAM_CHANGE(749), attempt: 0
02-07 11:58:13.027 11453 11602 V Robocol : sending CMD_NOTIFY_INIT_OP_MODE(754), attempt: 0
02-07 11:58:13.068 11453 11599 V Robocol : received command: CMD_RUN_OP_MODE(10698) $Stop$Robot$
02-07 11:58:13.102 11453 11973 I RobotCore: Done running exec logcat -d -T '2-7 11:57:22.000' -f '/storage/emulated/0/FIRST/matchlogs/Match-0-Auto_RR_right.txt' -n4 -v threadtime UsbRequestJNI:S UsbRequest:S art:W ThreadPool:W System:W ExtendedExtractor:W OMXClient:W MediaPlayer:W dalvikvm:W  *:V
02-07 11:58:13.102 11453 11973 I RobotCore: exiting match logcat for /storage/emulated/0/FIRST/matchlogs/Match-0-Auto_RR_right.txt
02-07 11:58:13.107 11453 11602 V Robocol : sending CMD_NOTIFY_RUN_OP_MODE(761), attempt: 0
02-07 11:59:48.431 11453 11599 V Robocol : received command: CMD_SET_MATCH_NUMBER(11987) 0
02-07 11:59:48.432 11453 11599 V Robocol : received command: CMD_INIT_OP_MODE(11988) Auto RR right
02-07 11:59:48.459 11453 11600 I RobotCore: ******************** START - OPMODE Auto RR right ********************
02-07 11:59:48.463 11453 11978 V RobotCore: thread: ...terminating 'OpModeThread'
02-07 11:59:48.468 11453 11662 I RobotCore: Attempting to switch to op mode Auto RR right
02-07 11:59:48.680 11453 11662 D HardwareMap: Clearing which device instances have been retrieved
02-07 11:59:48.681 11453 11662 D HardwareMap: Clearing which device instances have been retrieved
02-07 11:59:48.685 11453 12420 V RobotCore: thread: 'OpModeThread' starting...
02-07 11:59:48.688 11453 12420 I global  :  RENO - AutoRoadRunner.runOpMode(AutoRoadRunner.java:196): Status - Initialized
02-07 11:59:48.700 11453 12420 I I2C     : Automatically initializing I2C device LynxEmbeddedBNO055IMUNew (USB (embedded); module 2; bus 0; addr7=0x28)
02-07 11:59:48.700 11453 12420 V BNO055  : Suppressing I2C warnings while we check for a BNO055 IMU
02-07 11:59:48.705 11453 12420 V BNO055  : Found BNO055 IMU
02-07 11:59:48.707 11453 11602 V Robocol : sending CMD_NOTIFY_INIT_OP_MODE(2065), attempt: 0
02-07 11:59:48.799 11453 12420 V BNO055  : Suppressing I2C warnings while we check for a BNO055 IMU
02-07 11:59:48.804 11453 12420 V BNO055  : Found BNO055 IMU
02-07 11:59:49.040 11453 12420 I System.out: OpenCvCameraBase ctor: EasyOpenCV version 1.5.2
02-07 11:59:49.045 11453 12421 D CameraManager: doOpenCamera()...
02-07 11:59:49.045 11453 12421 D CameraManager: requesting permission for camera: Webcam(2D25B27F)
02-07 11:59:49.054 11453 12420 V BNO055  : Suppressing I2C warnings while we check for a BNO055 IMU
02-07 11:59:49.060 11453 12420 V BNO055  : Found BNO055 IMU
02-07 11:59:49.067 11453 11602 V Robocol : sending CMD_STREAM_CHANGE(2071), attempt: 0
02-07 11:59:49.072 11453 12421 D WebcamNameImpl: requesting permission for /dev/bus/usb/001/002
02-07 11:59:49.072 11453 12421 V WebcamNameImpl: asyncRequestUsbPermission()...
02-07 11:59:49.074 11453 11453 D OpenCvViewport: surfaceCreated()
02-07 11:59:49.074 11453 11453 D OpenCvViewport: ...surfaceCreated()
02-07 11:59:49.074 11453 11453 D OpenCvViewport: surfaceChanged()
02-07 11:59:49.074 11453 11453 D OpenCvViewport: CheckState(): user requested that we deactivate
02-07 11:59:49.074 11453 11453 D OpenCvViewport: CheckState(): already deactivated
02-07 11:59:49.074 11453 11453 D OpenCvViewport: ...surfaceChanged()
02-07 11:59:49.078 11453 12421 D WebcamNameImpl: permission already available for /dev/bus/usb/001/002
02-07 11:59:49.081 11453 12421 V WebcamNameImpl: ...asyncRequestUsbPermission()
02-07 11:59:49.081 11453 12421 D ContinuationSynchronizer: awaiting(camera open)...
02-07 11:59:49.083 11453 12422 D WebcamNameImpl: permission for /dev/bus/usb/001/002=true
02-07 11:59:49.083 11453 12422 D CameraManager: permission granted for camera: Webcam(2D25B27F)
02-07 11:59:49.084 11453 12422 D CameraManager: asyncOpenCamera(Webcam(2D25B27F))...
02-07 11:59:49.084 11453 12422 D CameraManager: asyncOpenWebcam(Webcam(2D25B27F))...
02-07 11:59:49.085 11453 12422 V UsbResiliantWebcam: construct(0x094e3484)
02-07 11:59:49.086 11453 12422 D UsbResiliantWebcam: openAssumingPermission()...
02-07 11:59:49.097 11453 12422 D UvcContext: found webcam: usbPath=/dev/bus/usb/003/004 vid=0x46D pid=0x825 serial=D5386480 product=C270 HD WEBCAM
02-07 11:59:49.097 11453 12422 D Uvc     : [jni_context.cpp:120] Java_org_firstinspires_ftc_robotcore_internal_camera_libuvc_nativeobject_UvcContext_nativeCreateUvcDevice()...
02-07 11:59:49.097 11453 12422 V Uvc     : API: Java_org_firstinspires_ftc_robotcore_internal_camera_libuvc_nativeobject_UvcContext_nativeCreateUvcDevice: enter...
02-07 11:59:49.099 11453 12422 D libusb  : [151.214534] [00003086] libusb: debug [op_create] op_create: szUsbPath=/dev/bus/usb/003/004 szSysfsDir=3-1.4
02-07 11:59:49.099 11453 12422 D libusb  : [151.214957] [00003086] libusb: debug [initialize_device] initialize_device(szUsbPath=/dev/bus/usb/003/004 szSysfsDir=3-1.4)
02-07 11:59:49.100 11453 12422 D libusb  : [151.215688] [00003086] libusb: debug [initialize_device] initialize_device(szUsbPath=(null) szSysfsDir=3-1)
02-07 11:59:49.100 11453 12422 E libusb  : [151.216088] [00003086] libusb: error [initialize_device] unable to open serial number sysfs; error ignored
02-07 11:59:49.101 11453 12422 D libusb  : [151.216329] [00003086] libusb: debug [initialize_device] initialize_device(szUsbPath=(null) szSysfsDir=usb3)
02-07 11:59:49.101 11453 12422 D Uvc     : [device.cpp:613] uvc_create_uvc_device()...
02-07 11:59:49.101 11453 12422 D Uvc     : [libuvc/libuvc_internal.h:346] uvc_device::uvc_device()...
02-07 11:59:49.101 11453 12422 D Uvc     : [libuvc/libuvc_internal.h:375] acquired vid=1133 & pid=2085
02-07 11:59:49.101 11453 12422 D Uvc     : [libuvc/libuvc_internal.h:346] ...uvc_device::uvc_device()
02-07 11:59:49.101 11453 12422 D Uvc     : [device.cpp:613] ...uvc_create_uvc_device() rc=0
02-07 11:59:49.101 11453 12422 V Uvc     : API: Java_org_firstinspires_ftc_robotcore_internal_camera_libuvc_nativeobject_UvcContext_nativeCreateUvcDevice: ...exit
02-07 11:59:49.101 11453 12422 D Uvc     : [jni_context.cpp:120] ...Java_org_firstinspires_ftc_robotcore_internal_camera_libuvc_nativeobject_UvcContext_nativeCreateUvcDevice()
02-07 11:59:49.102 11453 12422 V UvcDevice: construct(pointer=0xc8a0da20|null)
02-07 11:59:49.102 11453 12422 D Uvc     : [jni_device.cpp:108] Java_org_firstinspires_ftc_robotcore_internal_camera_libuvc_nativeobject_UvcDevice_nativeGetLibUsbDevice()...
02-07 11:59:49.102 11453 12422 D Uvc     : [jni_device.cpp:108] ...Java_org_firstinspires_ftc_robotcore_internal_camera_libuvc_nativeobject_UvcDevice_nativeGetLibUsbDevice()
02-07 11:59:49.102 11453 12422 V LibUsbDevice: construct(pointer=0xcb9b2da0)
02-07 11:59:49.103 11453 12422 D UvcContext: usb device is *not* UVC compatible, /dev/bus/usb/003/003
02-07 11:59:49.103 11453 12422 D UvcContext: found webcam: usbPath=/dev/bus/usb/001/002 vid=0x46D pid=0x8E5 serial=2D25B27F product=HD Pro Webcam C920
02-07 11:59:49.103 11453 12422 D Uvc     : [jni_context.cpp:120] Java_org_firstinspires_ftc_robotcore_internal_camera_libuvc_nativeobject_UvcContext_nativeCreateUvcDevice()...
02-07 11:59:49.103 11453 12422 V Uvc     : API: Java_org_firstinspires_ftc_robotcore_internal_camera_libuvc_nativeobject_UvcContext_nativeCreateUvcDevice: enter...
02-07 11:59:49.104 11453 12422 D libusb  : [151.219194] [00003086] libusb: debug [op_create] op_create: szUsbPath=/dev/bus/usb/001/002 szSysfsDir=1-1
02-07 11:59:49.104 11453 12422 D Uvc     : [device.cpp:613] uvc_create_uvc_device()...
02-07 11:59:49.104 11453 12422 D Uvc     : [libuvc/libuvc_internal.h:346] uvc_device::uvc_device()...
02-07 11:59:49.104 11453 12422 D Uvc     : [libuvc/libuvc_internal.h:375] acquired vid=1133 & pid=2277
02-07 11:59:49.104 11453 12422 D Uvc     : [libuvc/libuvc_internal.h:346] ...uvc_device::uvc_device()
02-07 11:59:49.104 11453 12422 D Uvc     : [device.cpp:613] ...uvc_create_uvc_device() rc=0
02-07 11:59:49.104 11453 12422 V Uvc     : API: Java_org_firstinspires_ftc_robotcore_internal_camera_libuvc_nativeobject_UvcContext_nativeCreateUvcDevice: ...exit
02-07 11:59:49.104 11453 12422 D Uvc     : [jni_context.cpp:120] ...Java_org_firstinspires_ftc_robotcore_internal_camera_libuvc_nativeobject_UvcContext_nativeCreateUvcDevice()
