01-31 10:30:47.988  2464  2656 D HardwareMap: Clearing which device instances have been retrieved
01-31 10:30:47.991  2464  6330 V RobotCore: thread: 'OpModeThread' starting...
01-31 10:30:48.012  2464  2633 V Robocol : sending CMD_NOTIFY_INIT_OP_MODE(17559), attempt: 0
01-31 10:30:48.016  2464  6326 I RobotCore: Done running exec logcat -d -T '1-31 10:30:36.000' -f '/storage/emulated/0/FIRST/matchlogs/Match-0-StrafeTest.txt' -n4 -v threadtime UsbRequestJNI:S UsbRequest:S art:W ThreadPool:W System:W ExtendedExtractor:W OMXClient:W MediaPlayer:W dalvikvm:W  *:V
01-31 10:30:48.016  2464  6326 I RobotCore: exiting match logcat for /storage/emulated/0/FIRST/matchlogs/Match-0-StrafeTest.txt
01-31 10:30:48.049  2464  2627 V Robocol : received command: CMD_RUN_OP_MODE(27337) $Stop$Robot$
01-31 10:30:48.092  2464  2633 V Robocol : sending CMD_NOTIFY_RUN_OP_MODE(17565), attempt: 0
01-31 10:30:56.317  2464  2827 I RobotCore: ******************** START - OPMODE StrafeTest ********************
01-31 10:30:56.321  2464  6330 V RobotCore: thread: ...terminating 'OpModeThread'
01-31 10:30:56.332  2464  2656 I RobotCore: Attempting to switch to op mode StrafeTest
01-31 10:30:56.512  2464  2656 D HardwareMap: Clearing which device instances have been retrieved
01-31 10:30:56.512  2464  2656 D HardwareMap: Clearing which device instances have been retrieved
01-31 10:30:56.516  2464  6354 V RobotCore: thread: 'OpModeThread' starting...
01-31 10:30:56.528  2464  6354 I I2C     : Automatically initializing I2C device BHI260IMU (BHI260 IMU on USB (embedded); module 173; bus 0; addr7=0x28)
01-31 10:30:56.532  2464  2633 V Robocol : sending CMD_NOTIFY_INIT_OP_MODE(17687), attempt: 0
01-31 10:30:56.533  2464  6354 V BHI260IMU: Suppressing I2C warnings while we check for a BHI260AP IMU
01-31 10:30:56.538  2464  6354 V BHI260IMU: Found BHI260AP IMU
01-31 10:30:56.556  2464  6354 D BHI260IMU: Firmware version: 20
01-31 10:30:56.576  2464  6354 V BHI260IMU: Suppressing I2C warnings while we check for a BHI260AP IMU
01-31 10:30:56.579  2464  6354 V BHI260IMU: Found BHI260AP IMU
01-31 10:30:56.595  2464  6354 D BHI260IMU: Firmware version: 20
01-31 10:30:58.972  2464  2633 V Robocol : sending CMD_NOTIFY_RUN_OP_MODE(17712), attempt: 0
01-31 10:31:02.788  2464  2656 I FtcEventLoop: auto-stopping OpMode 'StrafeTest'
01-31 10:31:02.788  2464  6354 D RobotCore: User runOpModeMethod exited
01-31 10:31:02.788  2464  6354 V RobotCore: thread: ...terminating 'OpModeThread'
01-31 10:31:02.799  2464  2656 I RobotCore: ******************** STOP - OPMODE /storage/emulated/0/FIRST/matchlogs/Match-0-StrafeTest.txt ********************
01-31 10:31:02.804  2464  6370 I RobotCore: saving match logcat to /storage/emulated/0/FIRST/matchlogs/Match-0-StrafeTest.txt
01-31 10:31:02.804  2464  6370 I RobotCore: logging command line: exec logcat -d -T '1-31 10:30:56.000' -f '/storage/emulated/0/FIRST/matchlogs/Match-0-StrafeTest.txt' -n4 -v threadtime UsbRequestJNI:S UsbRequest:S art:W ThreadPool:W System:W ExtendedExtractor:W OMXClient:W MediaPlayer:W dalvikvm:W  *:V
01-31 10:31:02.813  2464  2656 I RobotCore: Attempting to switch to op mode $Stop$Robot$
01-31 10:31:02.813  2464  2656 D HardwareMap: Clearing which device instances have been retrieved
01-31 10:31:02.813  2464  2656 D HardwareMap: Clearing which device instances have been retrieved
01-31 10:31:02.815  2464  6373 V RobotCore: thread: 'OpModeThread' starting...
01-31 10:31:02.843  2464  6370 I RobotCore: Done running exec logcat -d -T '1-31 10:30:56.000' -f '/storage/emulated/0/FIRST/matchlogs/Match-0-StrafeTest.txt' -n4 -v threadtime UsbRequestJNI:S UsbRequest:S art:W ThreadPool:W System:W ExtendedExtractor:W OMXClient:W MediaPlayer:W dalvikvm:W  *:V
01-31 10:31:02.844  2464  6370 I RobotCore: exiting match logcat for /storage/emulated/0/FIRST/matchlogs/Match-0-StrafeTest.txt
01-31 10:31:02.852  2464  2633 V Robocol : sending CMD_NOTIFY_INIT_OP_MODE(17759), attempt: 0
01-31 10:31:02.889  2464  2627 V Robocol : received command: CMD_RUN_OP_MODE(27522) $Stop$Robot$
01-31 10:31:02.932  2464  2633 V Robocol : sending CMD_NOTIFY_RUN_OP_MODE(17764), attempt: 0
01-31 10:31:49.821  2464  2827 I RobotCore: ******************** START - OPMODE StrafeTest ********************
01-31 10:31:49.831  2464  6373 V RobotCore: thread: ...terminating 'OpModeThread'
01-31 10:31:49.852  2464  2656 I RobotCore: Attempting to switch to op mode StrafeTest
01-31 10:31:50.028  2464  2656 D HardwareMap: Clearing which device instances have been retrieved
01-31 10:31:50.028  2464  2656 D HardwareMap: Clearing which device instances have been retrieved
01-31 10:31:50.033  2464  6486 V RobotCore: thread: 'OpModeThread' starting...
01-31 10:31:50.043  2464  6486 I I2C     : Automatically initializing I2C device BHI260IMU (BHI260 IMU on USB (embedded); module 173; bus 0; addr7=0x28)
01-31 10:31:50.046  2464  6486 V BHI260IMU: Suppressing I2C warnings while we check for a BHI260AP IMU
01-31 10:31:50.051  2464  6486 V BHI260IMU: Found BHI260AP IMU
01-31 10:31:50.052  2464  2633 V Robocol : sending CMD_NOTIFY_INIT_OP_MODE(18409), attempt: 0
01-31 10:31:50.070  2464  6486 D BHI260IMU: Firmware version: 20
01-31 10:31:50.086  2464  6486 V BHI260IMU: Suppressing I2C warnings while we check for a BHI260AP IMU
01-31 10:31:50.090  2464  6486 V BHI260IMU: Found BHI260AP IMU
01-31 10:31:50.105  2464  6486 D BHI260IMU: Firmware version: 20
01-31 10:31:52.852  2464  2633 V Robocol : sending CMD_NOTIFY_RUN_OP_MODE(18437), attempt: 0
01-31 10:32:22.890  2464  2627 V Robocol : received command: CMD_INIT_OP_MODE(28481) $Stop$Robot$
01-31 10:32:22.896  2464  2628 I RobotCore: ******************** STOP - OPMODE /storage/emulated/0/FIRST/matchlogs/Match-0-StrafeTest.txt ********************
01-31 10:32:22.899  2464  6553 I RobotCore: saving match logcat to /storage/emulated/0/FIRST/matchlogs/Match-0-StrafeTest.txt
01-31 10:32:22.899  2464  6553 I RobotCore: logging command line: exec logcat -d -T '1-31 10:31:49.000' -f '/storage/emulated/0/FIRST/matchlogs/Match-0-StrafeTest.txt' -n4 -v threadtime UsbRequestJNI:S UsbRequest:S art:W ThreadPool:W System:W ExtendedExtractor:W OMXClient:W MediaPlayer:W dalvikvm:W  *:V
01-31 10:32:22.900  2464  6486 D RobotCore: User runOpModeMethod exited
01-31 10:32:22.900  2464  6486 V RobotCore: thread: ...terminating 'OpModeThread'
01-31 10:32:22.912  2464  2656 I RobotCore: Attempting to switch to op mode $Stop$Robot$
01-31 10:32:22.913  2464  2656 D HardwareMap: Clearing which device instances have been retrieved
01-31 10:32:22.913  2464  2656 D HardwareMap: Clearing which device instances have been retrieved
01-31 10:32:22.917  2464  6557 V RobotCore: thread: 'OpModeThread' starting...
01-31 10:32:22.932  2464  2633 V Robocol : sending CMD_NOTIFY_INIT_OP_MODE(18737), attempt: 0
01-31 10:32:22.945  2464  6553 I RobotCore: Done running exec logcat -d -T '1-31 10:31:49.000' -f '/storage/emulated/0/FIRST/matchlogs/Match-0-StrafeTest.txt' -n4 -v threadtime UsbRequestJNI:S UsbRequest:S art:W ThreadPool:W System:W ExtendedExtractor:W OMXClient:W MediaPlayer:W dalvikvm:W  *:V
01-31 10:32:22.945  2464  6553 I RobotCore: exiting match logcat for /storage/emulated/0/FIRST/matchlogs/Match-0-StrafeTest.txt
01-31 10:32:22.970  2464  2627 V Robocol : received command: CMD_RUN_OP_MODE(28486) $Stop$Robot$
01-31 10:32:23.012  2464  2633 V Robocol : sending CMD_NOTIFY_RUN_OP_MODE(18743), attempt: 0
01-31 10:33:25.566  2464  6681 I RobotCore: ******************** START - OPMODE StrafeTest ********************
01-31 10:33:25.572  2464  6557 V RobotCore: thread: ...terminating 'OpModeThread'
01-31 10:33:25.586  2464  2656 I RobotCore: Attempting to switch to op mode StrafeTest
01-31 10:33:25.763  2464  2656 D HardwareMap: Clearing which device instances have been retrieved
01-31 10:33:25.764  2464  2656 D HardwareMap: Clearing which device instances have been retrieved
01-31 10:33:25.768  2464  6728 V RobotCore: thread: 'OpModeThread' starting...
01-31 10:33:25.772  2464  2633 V Robocol : sending CMD_NOTIFY_INIT_OP_MODE(19599), attempt: 0
01-31 10:33:25.783  2464  6728 I I2C     : Automatically initializing I2C device BHI260IMU (BHI260 IMU on USB (embedded); module 173; bus 0; addr7=0x28)
01-31 10:33:25.788  2464  6728 V BHI260IMU: Suppressing I2C warnings while we check for a BHI260AP IMU
01-31 10:33:25.792  2464  6728 V BHI260IMU: Found BHI260AP IMU
01-31 10:33:25.810  2464  6728 D BHI260IMU: Firmware version: 20
01-31 10:33:25.825  2464  6728 V BHI260IMU: Suppressing I2C warnings while we check for a BHI260AP IMU
01-31 10:33:25.829  2464  6728 V BHI260IMU: Found BHI260AP IMU
01-31 10:33:25.845  2464  6728 D BHI260IMU: Firmware version: 20
01-31 10:33:28.972  2464  2633 V Robocol : sending CMD_NOTIFY_RUN_OP_MODE(19630), attempt: 0
01-31 10:33:59.011  2464  2627 V Robocol : received command: CMD_INIT_OP_MODE(29659) $Stop$Robot$
01-31 10:33:59.017  2464  2628 I RobotCore: ******************** STOP - OPMODE /storage/emulated/0/FIRST/matchlogs/Match-0-StrafeTest.txt ********************
01-31 10:33:59.020  2464  6809 I RobotCore: saving match logcat to /storage/emulated/0/FIRST/matchlogs/Match-0-StrafeTest.txt
01-31 10:33:59.020  2464  6809 I RobotCore: logging command line: exec logcat -d -T '1-31 10:33:25.000' -f '/storage/emulated/0/FIRST/matchlogs/Match-0-StrafeTest.txt' -n4 -v threadtime UsbRequestJNI:S UsbRequest:S art:W ThreadPool:W System:W ExtendedExtractor:W OMXClient:W MediaPlayer:W dalvikvm:W  *:V
01-31 10:33:59.020  2464  6728 D RobotCore: User runOpModeMethod exited
01-31 10:33:59.021  2464  6728 V RobotCore: thread: ...terminating 'OpModeThread'
01-31 10:33:59.032  2464  2656 I RobotCore: Attempting to switch to op mode $Stop$Robot$
01-31 10:33:59.033  2464  2656 D HardwareMap: Clearing which device instances have been retrieved
01-31 10:33:59.033  2464  2656 D HardwareMap: Clearing which device instances have been retrieved
01-31 10:33:59.035  2464  6813 V RobotCore: thread: 'OpModeThread' starting...
01-31 10:33:59.052  2464  2633 V Robocol : sending CMD_NOTIFY_INIT_OP_MODE(19929), attempt: 0
01-31 10:33:59.055  2464  6809 I RobotCore: Done running exec logcat -d -T '1-31 10:33:25.000' -f '/storage/emulated/0/FIRST/matchlogs/Match-0-StrafeTest.txt' -n4 -v threadtime UsbRequestJNI:S UsbRequest:S art:W ThreadPool:W System:W ExtendedExtractor:W OMXClient:W MediaPlayer:W dalvikvm:W  *:V
01-31 10:33:59.055  2464  6809 I RobotCore: exiting match logcat for /storage/emulated/0/FIRST/matchlogs/Match-0-StrafeTest.txt
01-31 10:33:59.093  2464  2627 V Robocol : received command: CMD_RUN_OP_MODE(29664) $Stop$Robot$
01-31 10:33:59.132  2464  2633 V Robocol : sending CMD_NOTIFY_RUN_OP_MODE(19935), attempt: 0
01-31 10:35:34.123  2464  6681 I RobotCore: ******************** START - OPMODE StrafeTest ********************
01-31 10:35:34.129  2464  6813 V RobotCore: thread: ...terminating 'OpModeThread'
01-31 10:35:34.148  2464  2656 I RobotCore: Attempting to switch to op mode StrafeTest
01-31 10:35:34.335  2464  2656 D HardwareMap: Clearing which device instances have been retrieved
01-31 10:35:34.335  2464  2656 D HardwareMap: Clearing which device instances have been retrieved
01-31 10:35:34.340  2464  7070 V RobotCore: thread: 'OpModeThread' starting...
01-31 10:35:34.355  2464  7070 I I2C     : Automatically initializing I2C device BHI260IMU (BHI260 IMU on USB (embedded); module 173; bus 0; addr7=0x28)
01-31 10:35:34.358  2464  7070 V BHI260IMU: Suppressing I2C warnings while we check for a BHI260AP IMU
01-31 10:35:34.361  2464  7070 V BHI260IMU: Found BHI260AP IMU
01-31 10:35:34.372  2464  2633 V Robocol : sending CMD_NOTIFY_INIT_OP_MODE(21228), attempt: 0
01-31 10:35:34.380  2464  7070 D BHI260IMU: Firmware version: 20
01-31 10:35:34.394  2464  7070 V BHI260IMU: Suppressing I2C warnings while we check for a BHI260AP IMU
01-31 10:35:34.397  2464  7070 V BHI260IMU: Found BHI260AP IMU
01-31 10:35:34.413  2464  7070 D BHI260IMU: Firmware version: 20
01-31 10:35:37.252  2464  2633 V Robocol : sending CMD_NOTIFY_RUN_OP_MODE(21258), attempt: 0
01-31 10:36:07.293  2464  2627 V Robocol : received command: CMD_INIT_OP_MODE(31273) $Stop$Robot$
01-31 10:36:07.299  2464  2628 I RobotCore: ******************** STOP - OPMODE /storage/emulated/0/FIRST/matchlogs/Match-0-StrafeTest.txt ********************
01-31 10:36:07.302  2464  7172 I RobotCore: saving match logcat to /storage/emulated/0/FIRST/matchlogs/Match-0-StrafeTest.txt
01-31 10:36:07.302  2464  7172 I RobotCore: logging command line: exec logcat -d -T '1-31 10:35:34.000' -f '/storage/emulated/0/FIRST/matchlogs/Match-0-StrafeTest.txt' -n4 -v threadtime UsbRequestJNI:S UsbRequest:S art:W ThreadPool:W System:W ExtendedExtractor:W OMXClient:W MediaPlayer:W dalvikvm:W  *:V
01-31 10:36:07.303  2464  7070 D RobotCore: User runOpModeMethod exited
01-31 10:36:07.303  2464  7070 V RobotCore: thread: ...terminating 'OpModeThread'
01-31 10:36:07.314  2464  2656 I RobotCore: Attempting to switch to op mode $Stop$Robot$
01-31 10:36:07.315  2464  2656 D HardwareMap: Clearing which device instances have been retrieved
01-31 10:36:07.315  2464  2656 D HardwareMap: Clearing which device instances have been retrieved
01-31 10:36:07.317  2464  7176 V RobotCore: thread: 'OpModeThread' starting...
01-31 10:36:07.332  2464  2633 V Robocol : sending CMD_NOTIFY_INIT_OP_MODE(21557), attempt: 0
01-31 10:36:07.347  2464  7172 I RobotCore: Done running exec logcat -d -T '1-31 10:35:34.000' -f '/storage/emulated/0/FIRST/matchlogs/Match-0-StrafeTest.txt' -n4 -v threadtime UsbRequestJNI:S UsbRequest:S art:W ThreadPool:W System:W ExtendedExtractor:W OMXClient:W MediaPlayer:W dalvikvm:W  *:V
01-31 10:36:07.347  2464  7172 I RobotCore: exiting match logcat for /storage/emulated/0/FIRST/matchlogs/Match-0-StrafeTest.txt
01-31 10:36:07.374  2464  2627 V Robocol : received command: CMD_RUN_OP_MODE(31278) $Stop$Robot$
01-31 10:36:07.412  2464  2633 V Robocol : sending CMD_NOTIFY_RUN_OP_MODE(21563), attempt: 0
01-31 10:36:57.034  2464  6681 I RobotCore: ******************** START - OPMODE StrafeTest ********************
01-31 10:36:57.044  2464  7176 V RobotCore: thread: ...terminating 'OpModeThread'
01-31 10:36:57.063  2464  2656 I RobotCore: Attempting to switch to op mode StrafeTest
01-31 10:36:57.242  2464  2656 D HardwareMap: Clearing which device instances have been retrieved
01-31 10:36:57.243  2464  2656 D HardwareMap: Clearing which device instances have been retrieved
01-31 10:36:57.246  2464  7311 V RobotCore: thread: 'OpModeThread' starting...
01-31 10:36:57.252  2464  2633 V Robocol : sending CMD_NOTIFY_INIT_OP_MODE(22244), attempt: 0
01-31 10:36:57.260  2464  7311 I I2C     : Automatically initializing I2C device BHI260IMU (BHI260 IMU on USB (embedded); module 173; bus 0; addr7=0x28)
01-31 10:36:57.263  2464  7311 V BHI260IMU: Suppressing I2C warnings while we check for a BHI260AP IMU
01-31 10:36:57.267  2464  7311 V BHI260IMU: Found BHI260AP IMU
01-31 10:36:57.289  2464  7311 D BHI260IMU: Firmware version: 20
01-31 10:36:57.306  2464  7311 V BHI260IMU: Suppressing I2C warnings while we check for a BHI260AP IMU
01-31 10:36:57.309  2464  7311 V BHI260IMU: Found BHI260AP IMU
01-31 10:36:57.325  2464  7311 D BHI260IMU: Firmware version: 20
01-31 10:36:59.453  2464  2633 V Robocol : sending CMD_NOTIFY_RUN_OP_MODE(22266), attempt: 0
01-31 10:37:29.494  2464  2627 V Robocol : received command: CMD_INIT_OP_MODE(32267) $Stop$Robot$
01-31 10:37:29.500  2464  2628 I RobotCore: ******************** STOP - OPMODE /storage/emulated/0/FIRST/matchlogs/Match-0-StrafeTest.txt ********************
01-31 10:37:29.503  2464  7390 I RobotCore: saving match logcat to /storage/emulated/0/FIRST/matchlogs/Match-0-StrafeTest.txt
01-31 10:37:29.504  2464  7390 I RobotCore: logging command line: exec logcat -d -T '1-31 10:36:57.000' -f '/storage/emulated/0/FIRST/matchlogs/Match-0-StrafeTest.txt' -n4 -v threadtime UsbRequestJNI:S UsbRequest:S art:W ThreadPool:W System:W ExtendedExtractor:W OMXClient:W MediaPlayer:W dalvikvm:W  *:V
01-31 10:37:29.504  2464  7311 D RobotCore: User runOpModeMethod exited
01-31 10:37:29.504  2464  7311 V RobotCore: thread: ...terminating 'OpModeThread'
01-31 10:37:29.515  2464  2656 I RobotCore: Attempting to switch to op mode $Stop$Robot$
01-31 10:37:29.516  2464  2656 D HardwareMap: Clearing which device instances have been retrieved
01-31 10:37:29.516  2464  2656 D HardwareMap: Clearing which device instances have been retrieved
01-31 10:37:29.518  2464  7394 V RobotCore: thread: 'OpModeThread' starting...
01-31 10:37:29.532  2464  2633 V Robocol : sending CMD_NOTIFY_INIT_OP_MODE(22565), attempt: 0
01-31 10:37:29.541  2464  7390 I RobotCore: Done running exec logcat -d -T '1-31 10:36:57.000' -f '/storage/emulated/0/FIRST/matchlogs/Match-0-StrafeTest.txt' -n4 -v threadtime UsbRequestJNI:S UsbRequest:S art:W ThreadPool:W System:W ExtendedExtractor:W OMXClient:W MediaPlayer:W dalvikvm:W  *:V
01-31 10:37:29.541  2464  7390 I RobotCore: exiting match logcat for /storage/emulated/0/FIRST/matchlogs/Match-0-StrafeTest.txt
01-31 10:37:29.575  2464  2627 V Robocol : received command: CMD_RUN_OP_MODE(32272) $Stop$Robot$
01-31 10:37:29.612  2464  2633 V Robocol : sending CMD_NOTIFY_RUN_OP_MODE(22571), attempt: 0
01-31 10:37:43.783  2464  6681 I RobotCore: ******************** START - OPMODE StrafeTest ********************
01-31 10:37:43.792  2464  7394 V RobotCore: thread: ...terminating 'OpModeThread'
01-31 10:37:43.810  2464  2656 I RobotCore: Attempting to switch to op mode StrafeTest
01-31 10:37:43.996  2464  2656 D HardwareMap: Clearing which device instances have been retrieved
01-31 10:37:43.996  2464  2656 D HardwareMap: Clearing which device instances have been retrieved
01-31 10:37:43.998  2464  7446 V RobotCore: thread: 'OpModeThread' starting...
01-31 10:37:44.007  2464  7446 I I2C     : Automatically initializing I2C device BHI260IMU (BHI260 IMU on USB (embedded); module 173; bus 0; addr7=0x28)
01-31 10:37:44.011  2464  7446 V BHI260IMU: Suppressing I2C warnings while we check for a BHI260AP IMU
01-31 10:37:44.012  2464  2633 V Robocol : sending CMD_NOTIFY_INIT_OP_MODE(22775), attempt: 0
01-31 10:37:44.016  2464  7446 V BHI260IMU: Found BHI260AP IMU
01-31 10:37:44.031  2464  7446 D BHI260IMU: Firmware version: 20
01-31 10:37:44.047  2464  7446 V BHI260IMU: Suppressing I2C warnings while we check for a BHI260AP IMU
01-31 10:37:44.050  2464  7446 V BHI260IMU: Found BHI260AP IMU
01-31 10:37:44.065  2464  7446 D BHI260IMU: Firmware version: 20
01-31 10:37:46.492  2464  2633 V Robocol : sending CMD_NOTIFY_RUN_OP_MODE(22800), attempt: 0
01-31 10:38:06.604  2464  2656 I FtcEventLoop: auto-stopping OpMode 'StrafeTest'
01-31 10:38:06.604  2464  7446 D RobotCore: User runOpModeMethod exited
01-31 10:38:06.604  2464  7446 V RobotCore: thread: ...terminating 'OpModeThread'
01-31 10:38:06.615  2464  2656 I RobotCore: ******************** STOP - OPMODE /storage/emulated/0/FIRST/matchlogs/Match-0-StrafeTest.txt ********************
01-31 10:38:06.619  2464  7488 I RobotCore: saving match logcat to /storage/emulated/0/FIRST/matchlogs/Match-0-StrafeTest.txt
01-31 10:38:06.619  2464  7488 I RobotCore: logging command line: exec logcat -d -T '1-31 10:37:43.000' -f '/storage/emulated/0/FIRST/matchlogs/Match-0-StrafeTest.txt' -n4 -v threadtime UsbRequestJNI:S UsbRequest:S art:W ThreadPool:W System:W ExtendedExtractor:W OMXClient:W MediaPlayer:W dalvikvm:W  *:V
01-31 10:38:06.632  2464  2656 I RobotCore: Attempting to switch to op mode $Stop$Robot$
01-31 10:38:06.632  2464  2656 D HardwareMap: Clearing which device instances have been retrieved
01-31 10:38:06.632  2464  2656 D HardwareMap: Clearing which device instances have been retrieved
01-31 10:38:06.634  2464  7491 V RobotCore: thread: 'OpModeThread' starting...
01-31 10:38:06.652  2464  2633 V Robocol : sending CMD_NOTIFY_INIT_OP_MODE(23002), attempt: 0
01-31 10:38:06.658  2464  7488 I RobotCore: Done running exec logcat -d -T '1-31 10:37:43.000' -f '/storage/emulated/0/FIRST/matchlogs/Match-0-StrafeTest.txt' -n4 -v threadtime UsbRequestJNI:S UsbRequest:S art:W ThreadPool:W System:W ExtendedExtractor:W OMXClient:W MediaPlayer:W dalvikvm:W  *:V
01-31 10:38:06.658  2464  7488 I RobotCore: exiting match logcat for /storage/emulated/0/FIRST/matchlogs/Match-0-StrafeTest.txt
01-31 10:38:06.696  2464  2627 V Robocol : received command: CMD_RUN_OP_MODE(32695) $Stop$Robot$
01-31 10:38:06.733  2464  2633 V Robocol : sending CMD_NOTIFY_RUN_OP_MODE(23008), attempt: 0
01-31 10:38:22.139  2464  6681 I RobotCore: ******************** START - OPMODE StrafeTest ********************
01-31 10:38:22.144  2464  7491 V RobotCore: thread: ...terminating 'OpModeThread'
01-31 10:38:22.164  2464  2656 I RobotCore: Attempting to switch to op mode StrafeTest
01-31 10:38:22.349  2464  2656 D HardwareMap: Clearing which device instances have been retrieved
01-31 10:38:22.349  2464  2656 D HardwareMap: Clearing which device instances have been retrieved
01-31 10:38:22.352  2464  7527 V RobotCore: thread: 'OpModeThread' starting...
01-31 10:38:22.367  2464  7527 I I2C     : Automatically initializing I2C device BHI260IMU (BHI260 IMU on USB (embedded); module 173; bus 0; addr7=0x28)
01-31 10:38:22.372  2464  2633 V Robocol : sending CMD_NOTIFY_INIT_OP_MODE(23228), attempt: 0
01-31 10:38:22.373  2464  7527 V BHI260IMU: Suppressing I2C warnings while we check for a BHI260AP IMU
01-31 10:38:22.378  2464  7527 V BHI260IMU: Found BHI260AP IMU
01-31 10:38:22.396  2464  7527 D BHI260IMU: Firmware version: 20
01-31 10:38:22.411  2464  7527 V BHI260IMU: Suppressing I2C warnings while we check for a BHI260AP IMU
01-31 10:38:22.414  2464  7527 V BHI260IMU: Found BHI260AP IMU
01-31 10:38:22.430  2464  7527 D BHI260IMU: Firmware version: 20
01-31 10:38:29.452  2464  2633 V Robocol : sending CMD_NOTIFY_RUN_OP_MODE(23297), attempt: 0
01-31 10:38:59.496  2464  2627 V Robocol : received command: CMD_INIT_OP_MODE(33269) $Stop$Robot$
01-31 10:38:59.502  2464  2628 I RobotCore: ******************** STOP - OPMODE /storage/emulated/0/FIRST/matchlogs/Match-0-StrafeTest.txt ********************
01-31 10:38:59.505  2464  7527 D RobotCore: User runOpModeMethod exited
01-31 10:38:59.506  2464  7615 I RobotCore: saving match logcat to /storage/emulated/0/FIRST/matchlogs/Match-0-StrafeTest.txt
01-31 10:38:59.506  2464  7615 I RobotCore: logging command line: exec logcat -d -T '1-31 10:38:22.000' -f '/storage/emulated/0/FIRST/matchlogs/Match-0-StrafeTest.txt' -n4 -v threadtime UsbRequestJNI:S UsbRequest:S art:W ThreadPool:W System:W ExtendedExtractor:W OMXClient:W MediaPlayer:W dalvikvm:W  *:V
01-31 10:38:59.506  2464  7527 V RobotCore: thread: ...terminating 'OpModeThread'
01-31 10:38:59.517  2464  2656 I RobotCore: Attempting to switch to op mode $Stop$Robot$
01-31 10:38:59.517  2464  2656 D HardwareMap: Clearing which device instances have been retrieved
01-31 10:38:59.517  2464  2656 D HardwareMap: Clearing which device instances have been retrieved
01-31 10:38:59.520  2464  7618 V RobotCore: thread: 'OpModeThread' starting...
01-31 10:38:59.532  2464  2633 V Robocol : sending CMD_NOTIFY_INIT_OP_MODE(23596), attempt: 0
01-31 10:38:59.542  2464  7615 I RobotCore: Done running exec logcat -d -T '1-31 10:38:22.000' -f '/storage/emulated/0/FIRST/matchlogs/Match-0-StrafeTest.txt' -n4 -v threadtime UsbRequestJNI:S UsbRequest:S art:W ThreadPool:W System:W ExtendedExtractor:W OMXClient:W MediaPlayer:W dalvikvm:W  *:V
01-31 10:38:59.542  2464  7615 I RobotCore: exiting match logcat for /storage/emulated/0/FIRST/matchlogs/Match-0-StrafeTest.txt
01-31 10:38:59.577  2464  2627 V Robocol : received command: CMD_RUN_OP_MODE(33274) $Stop$Robot$
01-31 10:38:59.612  2464  2633 V Robocol : sending CMD_NOTIFY_RUN_OP_MODE(23602), attempt: 0
01-31 10:39:03.070  2464  6681 I RobotCore: ******************** START - OPMODE StrafeTest ********************
01-31 10:39:03.079  2464  7618 V RobotCore: thread: ...terminating 'OpModeThread'
01-31 10:39:03.098  2464  2656 I RobotCore: Attempting to switch to op mode StrafeTest
01-31 10:39:03.291  2464  2656 D HardwareMap: Clearing which device instances have been retrieved
01-31 10:39:03.292  2464  2656 D HardwareMap: Clearing which device instances have been retrieved
01-31 10:39:03.296  2464  7628 V RobotCore: thread: 'OpModeThread' starting...
01-31 10:39:03.306  2464  7628 I I2C     : Automatically initializing I2C device BHI260IMU (BHI260 IMU on USB (embedded); module 173; bus 0; addr7=0x28)
01-31 10:39:03.310  2464  7628 V BHI260IMU: Suppressing I2C warnings while we check for a BHI260AP IMU
01-31 10:39:03.314  2464  7628 V BHI260IMU: Found BHI260AP IMU
01-31 10:39:03.332  2464  2633 V Robocol : sending CMD_NOTIFY_INIT_OP_MODE(23660), attempt: 0
01-31 10:39:03.334  2464  7628 D BHI260IMU: Firmware version: 20
01-31 10:39:03.347  2464  7628 V BHI260IMU: Suppressing I2C warnings while we check for a BHI260AP IMU
01-31 10:39:03.350  2464  7628 V BHI260IMU: Found BHI260AP IMU
01-31 10:39:03.366  2464  7628 D BHI260IMU: Firmware version: 20
01-31 10:39:05.732  2464  2633 V Robocol : sending CMD_NOTIFY_RUN_OP_MODE(23687), attempt: 0
01-31 10:39:35.776  2464  2627 V Robocol : received command: CMD_INIT_OP_MODE(33644) $Stop$Robot$
01-31 10:39:35.783  2464  2628 I RobotCore: ******************** STOP - OPMODE /storage/emulated/0/FIRST/matchlogs/Match-0-StrafeTest.txt ********************
01-31 10:39:35.787  2464  7691 I RobotCore: saving match logcat to /storage/emulated/0/FIRST/matchlogs/Match-0-StrafeTest.txt
01-31 10:39:35.787  2464  7628 D RobotCore: User runOpModeMethod exited
01-31 10:39:35.787  2464  7691 I RobotCore: logging command line: exec logcat -d -T '1-31 10:39:3.000' -f '/storage/emulated/0/FIRST/matchlogs/Match-0-StrafeTest.txt' -n4 -v threadtime UsbRequestJNI:S UsbRequest:S art:W ThreadPool:W System:W ExtendedExtractor:W OMXClient:W MediaPlayer:W dalvikvm:W  *:V
01-31 10:39:35.787  2464  7628 V RobotCore: thread: ...terminating 'OpModeThread'
01-31 10:39:35.798  2464  2656 I RobotCore: Attempting to switch to op mode $Stop$Robot$
01-31 10:39:35.798  2464  2656 D HardwareMap: Clearing which device instances have been retrieved
01-31 10:39:35.798  2464  2656 D HardwareMap: Clearing which device instances have been retrieved
01-31 10:39:35.801  2464  7694 V RobotCore: thread: 'OpModeThread' starting...
01-31 10:39:35.812  2464  2633 V Robocol : sending CMD_NOTIFY_INIT_OP_MODE(23985), attempt: 0
01-31 10:39:35.822  2464  7691 I RobotCore: Done running exec logcat -d -T '1-31 10:39:3.000' -f '/storage/emulated/0/FIRST/matchlogs/Match-0-StrafeTest.txt' -n4 -v threadtime UsbRequestJNI:S UsbRequest:S art:W ThreadPool:W System:W ExtendedExtractor:W OMXClient:W MediaPlayer:W dalvikvm:W  *:V
01-31 10:39:35.822  2464  7691 I RobotCore: exiting match logcat for /storage/emulated/0/FIRST/matchlogs/Match-0-StrafeTest.txt
01-31 10:39:35.857  2464  2627 V Robocol : received command: CMD_RUN_OP_MODE(33650) $Stop$Robot$
01-31 10:39:35.893  2464  2633 V Robocol : sending CMD_NOTIFY_RUN_OP_MODE(23991), attempt: 0
01-31 10:39:43.846  2464  6681 I RobotCore: ******************** START - OPMODE StraightTest ********************
01-31 10:39:43.854  2464  7694 V RobotCore: thread: ...terminating 'OpModeThread'
01-31 10:39:43.875  2464  2656 I RobotCore: Attempting to switch to op mode StraightTest
01-31 10:39:44.070  2464  2656 D HardwareMap: Clearing which device instances have been retrieved
01-31 10:39:44.071  2464  2656 D HardwareMap: Clearing which device instances have been retrieved
01-31 10:39:44.075  2464  7724 V RobotCore: thread: 'OpModeThread' starting...
01-31 10:39:44.085  2464  7724 I I2C     : Automatically initializing I2C device BHI260IMU (BHI260 IMU on USB (embedded); module 173; bus 0; addr7=0x28)
01-31 10:39:44.088  2464  7724 V BHI260IMU: Suppressing I2C warnings while we check for a BHI260AP IMU
01-31 10:39:44.091  2464  7724 V BHI260IMU: Found BHI260AP IMU
01-31 10:39:44.092  2464  2633 V Robocol : sending CMD_NOTIFY_INIT_OP_MODE(24109), attempt: 0
01-31 10:39:44.112  2464  7724 D BHI260IMU: Firmware version: 20
01-31 10:39:44.126  2464  7724 V BHI260IMU: Suppressing I2C warnings while we check for a BHI260AP IMU
01-31 10:39:44.129  2464  7724 V BHI260IMU: Found BHI260AP IMU
01-31 10:39:44.145  2464  7724 D BHI260IMU: Firmware version: 20
01-31 10:39:46.212  2464  2633 V Robocol : sending CMD_NOTIFY_RUN_OP_MODE(24132), attempt: 0
01-31 10:40:16.258  2464  2627 V Robocol : received command: CMD_INIT_OP_MODE(34075) $Stop$Robot$
01-31 10:40:16.264  2464  2628 I RobotCore: ******************** STOP - OPMODE /storage/emulated/0/FIRST/matchlogs/Match-0-StraightTest.txt ********************
01-31 10:40:16.267  2464  7797 I RobotCore: saving match logcat to /storage/emulated/0/FIRST/matchlogs/Match-0-StraightTest.txt
01-31 10:40:16.267  2464  7797 I RobotCore: logging command line: exec logcat -d -T '1-31 10:39:43.000' -f '/storage/emulated/0/FIRST/matchlogs/Match-0-StraightTest.txt' -n4 -v threadtime UsbRequestJNI:S UsbRequest:S art:W ThreadPool:W System:W ExtendedExtractor:W OMXClient:W MediaPlayer:W dalvikvm:W  *:V
01-31 10:40:16.267  2464  7724 D RobotCore: User runOpModeMethod exited
01-31 10:40:16.268  2464  7724 V RobotCore: thread: ...terminating 'OpModeThread'
01-31 10:40:16.279  2464  2656 I RobotCore: Attempting to switch to op mode $Stop$Robot$
01-31 10:40:16.279  2464  2656 D HardwareMap: Clearing which device instances have been retrieved
01-31 10:40:16.279  2464  2656 D HardwareMap: Clearing which device instances have been retrieved
01-31 10:40:16.281  2464  7800 V RobotCore: thread: 'OpModeThread' starting...
01-31 10:40:16.292  2464  2633 V Robocol : sending CMD_NOTIFY_INIT_OP_MODE(24431), attempt: 0
01-31 10:40:16.306  2464  7797 I RobotCore: Done running exec logcat -d -T '1-31 10:39:43.000' -f '/storage/emulated/0/FIRST/matchlogs/Match-0-StraightTest.txt' -n4 -v threadtime UsbRequestJNI:S UsbRequest:S art:W ThreadPool:W System:W ExtendedExtractor:W OMXClient:W MediaPlayer:W dalvikvm:W  *:V
01-31 10:40:16.306  2464  7797 I RobotCore: exiting match logcat for /storage/emulated/0/FIRST/matchlogs/Match-0-StraightTest.txt
01-31 10:40:16.337  2464  2627 V Robocol : received command: CMD_RUN_OP_MODE(34081) $Stop$Robot$
01-31 10:40:16.373  2464  2633 V Robocol : sending CMD_NOTIFY_RUN_OP_MODE(24436), attempt: 0
01-31 10:40:56.450  2464  6681 I RobotCore: ******************** START - OPMODE StraightTest ********************
01-31 10:40:56.455  2464  7800 V RobotCore: thread: ...terminating 'OpModeThread'
01-31 10:40:56.474  2464  2656 I RobotCore: Attempting to switch to op mode StraightTest
01-31 10:40:56.672  2464  2656 D HardwareMap: Clearing which device instances have been retrieved
01-31 10:40:56.672  2464  2656 D HardwareMap: Clearing which device instances have been retrieved
01-31 10:40:56.676  2464  7875 V RobotCore: thread: 'OpModeThread' starting...
01-31 10:40:56.688  2464  7875 I I2C     : Automatically initializing I2C device BHI260IMU (BHI260 IMU on USB (embedded); module 173; bus 0; addr7=0x28)
01-31 10:40:56.693  2464  2633 V Robocol : sending CMD_NOTIFY_INIT_OP_MODE(24989), attempt: 0
01-31 10:40:56.693  2464  7875 V BHI260IMU: Suppressing I2C warnings while we check for a BHI260AP IMU
01-31 10:40:56.699  2464  7875 V BHI260IMU: Found BHI260AP IMU
01-31 10:40:56.717  2464  7875 D BHI260IMU: Firmware version: 20
01-31 10:40:56.732  2464  7875 V BHI260IMU: Suppressing I2C warnings while we check for a BHI260AP IMU
01-31 10:40:56.736  2464  7875 V BHI260IMU: Found BHI260AP IMU
01-31 10:40:56.753  2464  7875 D BHI260IMU: Firmware version: 20
01-31 10:40:58.252  2464  2633 V Robocol : sending CMD_NOTIFY_RUN_OP_MODE(25005), attempt: 0
01-31 10:41:27.304  2464  2656 I FtcEventLoop: auto-stopping OpMode 'StraightTest'
01-31 10:41:27.304  2464  7875 D RobotCore: User runOpModeMethod exited
01-31 10:41:27.304  2464  7875 V RobotCore: thread: ...terminating 'OpModeThread'
01-31 10:41:27.316  2464  2656 I RobotCore: ******************** STOP - OPMODE /storage/emulated/0/FIRST/matchlogs/Match-0-StraightTest.txt ********************
01-31 10:41:27.320  2464  7938 I RobotCore: saving match logcat to /storage/emulated/0/FIRST/matchlogs/Match-0-StraightTest.txt
01-31 10:41:27.320  2464  7938 I RobotCore: logging command line: exec logcat -d -T '1-31 10:40:56.000' -f '/storage/emulated/0/FIRST/matchlogs/Match-0-StraightTest.txt' -n4 -v threadtime UsbRequestJNI:S UsbRequest:S art:W ThreadPool:W System:W ExtendedExtractor:W OMXClient:W MediaPlayer:W dalvikvm:W  *:V
01-31 10:41:27.329  2464  2656 I RobotCore: Attempting to switch to op mode $Stop$Robot$
01-31 10:41:27.330  2464  2656 D HardwareMap: Clearing which device instances have been retrieved
01-31 10:41:27.330  2464  2656 D HardwareMap: Clearing which device instances have been retrieved
01-31 10:41:27.333  2464  7942 V RobotCore: thread: 'OpModeThread' starting...
01-31 10:41:27.356  2464  7938 I RobotCore: Done running exec logcat -d -T '1-31 10:40:56.000' -f '/storage/emulated/0/FIRST/matchlogs/Match-0-StraightTest.txt' -n4 -v threadtime UsbRequestJNI:S UsbRequest:S art:W ThreadPool:W System:W ExtendedExtractor:W OMXClient:W MediaPlayer:W dalvikvm:W  *:V
01-31 10:41:27.356  2464  7938 I RobotCore: exiting match logcat for /storage/emulated/0/FIRST/matchlogs/Match-0-StraightTest.txt
01-31 10:41:27.372  2464  2633 V Robocol : sending CMD_NOTIFY_INIT_OP_MODE(25293), attempt: 0
01-31 10:41:27.419  2464  2627 V Robocol : received command: CMD_RUN_OP_MODE(34928) $Stop$Robot$
01-31 10:41:27.453  2464  2633 V Robocol : sending CMD_NOTIFY_RUN_OP_MODE(25299), attempt: 0
01-31 10:41:29.248  2464  6681 I RobotCore: ******************** START - OPMODE StraightTest ********************
01-31 10:41:29.255  2464  7942 V RobotCore: thread: ...terminating 'OpModeThread'
01-31 10:41:29.275  2464  2656 I RobotCore: Attempting to switch to op mode StraightTest
01-31 10:41:29.453  2464  2656 D HardwareMap: Clearing which device instances have been retrieved
01-31 10:41:29.453  2464  2656 D HardwareMap: Clearing which device instances have been retrieved
01-31 10:41:29.457  2464  7949 V RobotCore: thread: 'OpModeThread' starting...
01-31 10:41:29.469  2464  7949 I I2C     : Automatically initializing I2C device BHI260IMU (BHI260 IMU on USB (embedded); module 173; bus 0; addr7=0x28)
01-31 10:41:29.474  2464  7949 V BHI260IMU: Suppressing I2C warnings while we check for a BHI260AP IMU
01-31 10:41:29.478  2464  7949 V BHI260IMU: Found BHI260AP IMU
01-31 10:41:29.492  2464  2633 V Robocol : sending CMD_NOTIFY_INIT_OP_MODE(25334), attempt: 0
01-31 10:41:29.496  2464  7949 D BHI260IMU: Firmware version: 20
01-31 10:41:29.513  2464  7949 V BHI260IMU: Suppressing I2C warnings while we check for a BHI260AP IMU
01-31 10:41:29.517  2464  7949 V BHI260IMU: Found BHI260AP IMU
01-31 10:41:29.533  2464  7949 D BHI260IMU: Firmware version: 20
01-31 10:41:31.172  2464  2633 V Robocol : sending CMD_NOTIFY_RUN_OP_MODE(25354), attempt: 0
01-31 10:42:01.219  2464  2627 V Robocol : received command: CMD_INIT_OP_MODE(35268) $Stop$Robot$
01-31 10:42:01.225  2464  2628 I RobotCore: ******************** STOP - OPMODE /storage/emulated/0/FIRST/matchlogs/Match-0-StraightTest.txt ********************
01-31 10:42:01.229  2464  7949 D RobotCore: User runOpModeMethod exited
01-31 10:42:01.229  2464  7949 V RobotCore: thread: ...terminating 'OpModeThread'
01-31 10:42:01.229  2464  8014 I RobotCore: saving match logcat to /storage/emulated/0/FIRST/matchlogs/Match-0-StraightTest.txt
01-31 10:42:01.229  2464  8014 I RobotCore: logging command line: exec logcat -d -T '1-31 10:41:29.000' -f '/storage/emulated/0/FIRST/matchlogs/Match-0-StraightTest.txt' -n4 -v threadtime UsbRequestJNI:S UsbRequest:S art:W ThreadPool:W System:W ExtendedExtractor:W OMXClient:W MediaPlayer:W dalvikvm:W  *:V
01-31 10:42:01.240  2464  2656 I RobotCore: Attempting to switch to op mode $Stop$Robot$
01-31 10:42:01.241  2464  2656 D HardwareMap: Clearing which device instances have been retrieved
01-31 10:42:01.241  2464  2656 D HardwareMap: Clearing which device instances have been retrieved
01-31 10:42:01.243  2464  8017 V RobotCore: thread: 'OpModeThread' starting...
01-31 10:42:01.252  2464  2633 V Robocol : sending CMD_NOTIFY_INIT_OP_MODE(25652), attempt: 0
01-31 10:42:01.263  2464  2627 V Robocol : received command: CMD_RUN_OP_MODE(35274) $Stop$Robot$
01-31 10:42:01.271  2464  8014 I RobotCore: Done running exec logcat -d -T '1-31 10:41:29.000' -f '/storage/emulated/0/FIRST/matchlogs/Match-0-StraightTest.txt' -n4 -v threadtime UsbRequestJNI:S UsbRequest:S art:W ThreadPool:W System:W ExtendedExtractor:W OMXClient:W MediaPlayer:W dalvikvm:W  *:V
01-31 10:42:01.271  2464  8014 I RobotCore: exiting match logcat for /storage/emulated/0/FIRST/matchlogs/Match-0-StraightTest.txt
01-31 10:42:01.292  2464  2633 V Robocol : sending CMD_NOTIFY_RUN_OP_MODE(25658), attempt: 0
01-31 10:42:02.934  2464  6681 I RobotCore: ******************** START - OPMODE StraightTest ********************
01-31 10:42:02.945  2464  8017 V RobotCore: thread: ...terminating 'OpModeThread'
01-31 10:42:02.963  2464  2656 I RobotCore: Attempting to switch to op mode StraightTest
01-31 10:42:03.136  2464  2656 D HardwareMap: Clearing which device instances have been retrieved
01-31 10:42:03.136  2464  2656 D HardwareMap: Clearing which device instances have been retrieved
01-31 10:42:03.140  2464  8024 V RobotCore: thread: 'OpModeThread' starting...
01-31 10:42:03.152  2464  8024 I I2C     : Automatically initializing I2C device BHI260IMU (BHI260 IMU on USB (embedded); module 173; bus 0; addr7=0x28)
01-31 10:42:03.156  2464  8024 V BHI260IMU: Suppressing I2C warnings while we check for a BHI260AP IMU
01-31 10:42:03.159  2464  8024 V BHI260IMU: Found BHI260AP IMU
01-31 10:42:03.172  2464  2633 V Robocol : sending CMD_NOTIFY_INIT_OP_MODE(25691), attempt: 0
01-31 10:42:03.179  2464  8024 D BHI260IMU: Firmware version: 20
01-31 10:42:03.197  2464  8024 V BHI260IMU: Suppressing I2C warnings while we check for a BHI260AP IMU
01-31 10:42:03.200  2464  8024 V BHI260IMU: Found BHI260AP IMU
01-31 10:42:03.217  2464  8024 D BHI260IMU: Firmware version: 20
01-31 10:42:04.932  2464  2633 V Robocol : sending CMD_NOTIFY_RUN_OP_MODE(25710), attempt: 0
01-31 10:42:34.981  2464  2627 V Robocol : received command: CMD_INIT_OP_MODE(35610) $Stop$Robot$
01-31 10:42:34.986  2464  2628 I RobotCore: ******************** STOP - OPMODE /storage/emulated/0/FIRST/matchlogs/Match-0-StraightTest.txt ********************
01-31 10:42:34.990  2464  8082 I RobotCore: saving match logcat to /storage/emulated/0/FIRST/matchlogs/Match-0-StraightTest.txt
01-31 10:42:34.990  2464  8082 I RobotCore: logging command line: exec logcat -d -T '1-31 10:42:2.000' -f '/storage/emulated/0/FIRST/matchlogs/Match-0-StraightTest.txt' -n4 -v threadtime UsbRequestJNI:S UsbRequest:S art:W ThreadPool:W System:W ExtendedExtractor:W OMXClient:W MediaPlayer:W dalvikvm:W  *:V
01-31 10:42:34.990  2464  8024 D RobotCore: User runOpModeMethod exited
01-31 10:42:34.990  2464  8024 V RobotCore: thread: ...terminating 'OpModeThread'
01-31 10:42:35.001  2464  2656 I RobotCore: Attempting to switch to op mode $Stop$Robot$
01-31 10:42:35.001  2464  2656 D HardwareMap: Clearing which device instances have been retrieved
01-31 10:42:35.001  2464  2656 D HardwareMap: Clearing which device instances have been retrieved
01-31 10:42:35.003  2464  8085 V RobotCore: thread: 'OpModeThread' starting...
01-31 10:42:35.012  2464  2633 V Robocol : sending CMD_NOTIFY_INIT_OP_MODE(26009), attempt: 0
01-31 10:42:35.034  2464  8082 I RobotCore: Done running exec logcat -d -T '1-31 10:42:2.000' -f '/storage/emulated/0/FIRST/matchlogs/Match-0-StraightTest.txt' -n4 -v threadtime UsbRequestJNI:S UsbRequest:S art:W ThreadPool:W System:W ExtendedExtractor:W OMXClient:W MediaPlayer:W dalvikvm:W  *:V
01-31 10:42:35.034  2464  8082 I RobotCore: exiting match logcat for /storage/emulated/0/FIRST/matchlogs/Match-0-StraightTest.txt
01-31 10:42:35.059  2464  2627 V Robocol : received command: CMD_RUN_OP_MODE(35616) $Stop$Robot$
01-31 10:42:35.092  2464  2633 V Robocol : sending CMD_NOTIFY_RUN_OP_MODE(26014), attempt: 0
01-31 10:42:45.466  2464  6681 I RobotCore: ******************** START - OPMODE StraightTest ********************
01-31 10:42:45.472  2464  8085 V RobotCore: thread: ...terminating 'OpModeThread'
01-31 10:42:45.489  2464  2656 I RobotCore: Attempting to switch to op mode StraightTest
01-31 10:42:45.678  2464  2656 D HardwareMap: Clearing which device instances have been retrieved
01-31 10:42:45.678  2464  2656 D HardwareMap: Clearing which device instances have been retrieved
01-31 10:42:45.681  2464  8107 V RobotCore: thread: 'OpModeThread' starting...
01-31 10:42:45.691  2464  8107 I I2C     : Automatically initializing I2C device BHI260IMU (BHI260 IMU on USB (embedded); module 173; bus 0; addr7=0x28)
01-31 10:42:45.692  2464  2633 V Robocol : sending CMD_NOTIFY_INIT_OP_MODE(26168), attempt: 0
01-31 10:42:45.695  2464  8107 V BHI260IMU: Suppressing I2C warnings while we check for a BHI260AP IMU
01-31 10:42:45.698  2464  8107 V BHI260IMU: Found BHI260AP IMU
01-31 10:42:45.716  2464  8107 D BHI260IMU: Firmware version: 20
01-31 10:42:45.730  2464  8107 V BHI260IMU: Suppressing I2C warnings while we check for a BHI260AP IMU
01-31 10:42:45.733  2464  8107 V BHI260IMU: Found BHI260AP IMU
01-31 10:42:45.751  2464  8107 D BHI260IMU: Firmware version: 20
01-31 10:42:48.172  2464  2633 V Robocol : sending CMD_NOTIFY_RUN_OP_MODE(26192), attempt: 0
01-31 10:43:18.220  2464  2627 V Robocol : received command: CMD_INIT_OP_MODE(36079) $Stop$Robot$
01-31 10:43:18.226  2464  2628 I RobotCore: ******************** STOP - OPMODE /storage/emulated/0/FIRST/matchlogs/Match-0-StraightTest.txt ********************
01-31 10:43:18.229  2464  8107 D RobotCore: User runOpModeMethod exited
01-31 10:43:18.230  2464  8169 I RobotCore: saving match logcat to /storage/emulated/0/FIRST/matchlogs/Match-0-StraightTest.txt
01-31 10:43:18.230  2464  8169 I RobotCore: logging command line: exec logcat -d -T '1-31 10:42:45.000' -f '/storage/emulated/0/FIRST/matchlogs/Match-0-StraightTest.txt' -n4 -v threadtime UsbRequestJNI:S UsbRequest:S art:W ThreadPool:W System:W ExtendedExtractor:W OMXClient:W MediaPlayer:W dalvikvm:W  *:V
01-31 10:43:18.230  2464  8107 V RobotCore: thread: ...terminating 'OpModeThread'
01-31 10:43:18.241  2464  2656 I RobotCore: Attempting to switch to op mode $Stop$Robot$
01-31 10:43:18.241  2464  2656 D HardwareMap: Clearing which device instances have been retrieved
01-31 10:43:18.242  2464  2656 D HardwareMap: Clearing which device instances have been retrieved
01-31 10:43:18.244  2464  8172 V RobotCore: thread: 'OpModeThread' starting...
01-31 10:43:18.252  2464  2633 V Robocol : sending CMD_NOTIFY_INIT_OP_MODE(26491), attempt: 0
01-31 10:43:18.269  2464  8169 I RobotCore: Done running exec logcat -d -T '1-31 10:42:45.000' -f '/storage/emulated/0/FIRST/matchlogs/Match-0-StraightTest.txt' -n4 -v threadtime UsbRequestJNI:S UsbRequest:S art:W ThreadPool:W System:W ExtendedExtractor:W OMXClient:W MediaPlayer:W dalvikvm:W  *:V
01-31 10:43:18.269  2464  8169 I RobotCore: exiting match logcat for /storage/emulated/0/FIRST/matchlogs/Match-0-StraightTest.txt
01-31 10:43:18.301  2464  2627 V Robocol : received command: CMD_RUN_OP_MODE(36084) $Stop$Robot$
01-31 10:43:18.332  2464  2633 V Robocol : sending CMD_NOTIFY_RUN_OP_MODE(26497), attempt: 0
01-31 10:43:27.477  2464  6681 I RobotCore: ******************** START - OPMODE StraightTest ********************
01-31 10:43:27.484  2464  8172 V RobotCore: thread: ...terminating 'OpModeThread'
01-31 10:43:27.503  2464  2656 I RobotCore: Attempting to switch to op mode StraightTest
01-31 10:43:27.682  2464  2656 D HardwareMap: Clearing which device instances have been retrieved
01-31 10:43:27.683  2464  2656 D HardwareMap: Clearing which device instances have been retrieved
01-31 10:43:27.685  2464  8190 V RobotCore: thread: 'OpModeThread' starting...
01-31 10:43:27.692  2464  2633 V Robocol : sending CMD_NOTIFY_INIT_OP_MODE(26633), attempt: 0
01-31 10:43:27.695  2464  8190 I I2C     : Automatically initializing I2C device BHI260IMU (BHI260 IMU on USB (embedded); module 173; bus 0; addr7=0x28)
01-31 10:43:27.698  2464  8190 V BHI260IMU: Suppressing I2C warnings while we check for a BHI260AP IMU
01-31 10:43:27.701  2464  8190 V BHI260IMU: Found BHI260AP IMU
01-31 10:43:27.717  2464  8190 D BHI260IMU: Firmware version: 20
01-31 10:43:27.732  2464  8190 V BHI260IMU: Suppressing I2C warnings while we check for a BHI260AP IMU
01-31 10:43:27.735  2464  8190 V BHI260IMU: Found BHI260AP IMU
01-31 10:43:27.749  2464  8190 D BHI260IMU: Firmware version: 20
01-31 10:43:31.052  2464  2633 V Robocol : sending CMD_NOTIFY_RUN_OP_MODE(26666), attempt: 0
01-31 10:44:01.101  2464  2627 V Robocol : received command: CMD_INIT_OP_MODE(36539) $Stop$Robot$
01-31 10:44:01.107  2464  2628 I RobotCore: ******************** STOP - OPMODE /storage/emulated/0/FIRST/matchlogs/Match-0-StraightTest.txt ********************
01-31 10:44:01.110  2464  8190 D RobotCore: User runOpModeMethod exited
01-31 10:44:01.110  2464  8190 V RobotCore: thread: ...terminating 'OpModeThread'
01-31 10:44:01.112  2464  8264 I RobotCore: saving match logcat to /storage/emulated/0/FIRST/matchlogs/Match-0-StraightTest.txt
01-31 10:44:01.112  2464  8264 I RobotCore: logging command line: exec logcat -d -T '1-31 10:43:27.000' -f '/storage/emulated/0/FIRST/matchlogs/Match-0-StraightTest.txt' -n4 -v threadtime UsbRequestJNI:S UsbRequest:S art:W ThreadPool:W System:W ExtendedExtractor:W OMXClient:W MediaPlayer:W dalvikvm:W  *:V
01-31 10:44:01.121  2464  2656 I RobotCore: Attempting to switch to op mode $Stop$Robot$
01-31 10:44:01.122  2464  2656 D HardwareMap: Clearing which device instances have been retrieved
01-31 10:44:01.122  2464  2656 D HardwareMap: Clearing which device instances have been retrieved
01-31 10:44:01.123  2464  8267 V RobotCore: thread: 'OpModeThread' starting...
01-31 10:44:01.133  2464  2633 V Robocol : sending CMD_NOTIFY_INIT_OP_MODE(26965), attempt: 0
01-31 10:44:01.155  2464  8264 I RobotCore: Done running exec logcat -d -T '1-31 10:43:27.000' -f '/storage/emulated/0/FIRST/matchlogs/Match-0-StraightTest.txt' -n4 -v threadtime UsbRequestJNI:S UsbRequest:S art:W ThreadPool:W System:W ExtendedExtractor:W OMXClient:W MediaPlayer:W dalvikvm:W  *:V
01-31 10:44:01.155  2464  8264 I RobotCore: exiting match logcat for /storage/emulated/0/FIRST/matchlogs/Match-0-StraightTest.txt
01-31 10:44:01.180  2464  2627 V Robocol : received command: CMD_RUN_OP_MODE(36545) $Stop$Robot$
01-31 10:44:01.212  2464  2633 V Robocol : sending CMD_NOTIFY_RUN_OP_MODE(26971), attempt: 0
01-31 10:44:46.214  2464  6681 I RobotCore: ******************** START - OPMODE StraightTest ********************
01-31 10:44:46.220  2464  8267 V RobotCore: thread: ...terminating 'OpModeThread'
01-31 10:44:46.239  2464  2656 I RobotCore: Attempting to switch to op mode StraightTest
01-31 10:44:46.417  2464  2656 D HardwareMap: Clearing which device instances have been retrieved
01-31 10:44:46.417  2464  2656 D HardwareMap: Clearing which device instances have been retrieved
01-31 10:44:46.421  2464  8358 V RobotCore: thread: 'OpModeThread' starting...
01-31 10:44:46.433  2464  8358 I I2C     : Automatically initializing I2C device BHI260IMU (BHI260 IMU on USB (embedded); module 173; bus 0; addr7=0x28)
01-31 10:44:46.437  2464  8358 V BHI260IMU: Suppressing I2C warnings while we check for a BHI260AP IMU
01-31 10:44:46.441  2464  8358 V BHI260IMU: Found BHI260AP IMU
01-31 10:44:46.452  2464  2633 V Robocol : sending CMD_NOTIFY_INIT_OP_MODE(27591), attempt: 0
01-31 10:44:46.463  2464  8358 D BHI260IMU: Firmware version: 20
01-31 10:44:46.477  2464  8358 V BHI260IMU: Suppressing I2C warnings while we check for a BHI260AP IMU
01-31 10:44:46.482  2464  8358 V BHI260IMU: Found BHI260AP IMU
01-31 10:44:46.497  2464  8358 D BHI260IMU: Firmware version: 20
01-31 10:44:48.012  2464  2633 V Robocol : sending CMD_NOTIFY_RUN_OP_MODE(27608), attempt: 0
01-31 10:45:18.063  2464  2627 V Robocol : received command: CMD_INIT_OP_MODE(37466) $Stop$Robot$
01-31 10:45:18.070  2464  2628 I RobotCore: ******************** STOP - OPMODE /storage/emulated/0/FIRST/matchlogs/Match-0-StraightTest.txt ********************
01-31 10:45:18.074  2464  8423 I RobotCore: saving match logcat to /storage/emulated/0/FIRST/matchlogs/Match-0-StraightTest.txt
01-31 10:45:18.074  2464  8423 I RobotCore: logging command line: exec logcat -d -T '1-31 10:44:46.000' -f '/storage/emulated/0/FIRST/matchlogs/Match-0-StraightTest.txt' -n4 -v threadtime UsbRequestJNI:S UsbRequest:S art:W ThreadPool:W System:W ExtendedExtractor:W OMXClient:W MediaPlayer:W dalvikvm:W  *:V
01-31 10:45:18.075  2464  8358 D RobotCore: User runOpModeMethod exited
01-31 10:45:18.075  2464  8358 V RobotCore: thread: ...terminating 'OpModeThread'
01-31 10:45:18.086  2464  2656 I RobotCore: Attempting to switch to op mode $Stop$Robot$
01-31 10:45:18.087  2464  2656 D HardwareMap: Clearing which device instances have been retrieved
01-31 10:45:18.087  2464  2656 D HardwareMap: Clearing which device instances have been retrieved
01-31 10:45:18.089  2464  8427 V RobotCore: thread: 'OpModeThread' starting...
01-31 10:45:18.092  2464  2633 V Robocol : sending CMD_NOTIFY_INIT_OP_MODE(27907), attempt: 0
01-31 10:45:18.103  2464  2627 V Robocol : received command: CMD_RUN_OP_MODE(37472) $Stop$Robot$
01-31 10:45:18.112  2464  8423 I RobotCore: Done running exec logcat -d -T '1-31 10:44:46.000' -f '/storage/emulated/0/FIRST/matchlogs/Match-0-StraightTest.txt' -n4 -v threadtime UsbRequestJNI:S UsbRequest:S art:W ThreadPool:W System:W ExtendedExtractor:W OMXClient:W MediaPlayer:W dalvikvm:W  *:V
01-31 10:45:18.112  2464  8423 I RobotCore: exiting match logcat for /storage/emulated/0/FIRST/matchlogs/Match-0-StraightTest.txt
