02-03 09:38:40.451  2048  7051 I global  :  RENO - ObjectDetection.sleeveColorDetect(ObjectDetection.java:132): Sleeve max color = 0.00, 0.00, 0.00
02-03 09:38:40.452  2048  7051 I global  :  RENO - ObjectDetection.sleeveColorDetect(ObjectDetection.java:151): Sleeve position: UNKNOWN
02-03 09:38:40.483  2048  7051 I global  :  RENO - ObjectDetection.sleeveColorDetect(ObjectDetection.java:125): Start Opcv process to detect sleeve color.
02-03 09:38:40.484  2048  7051 I global  :  RENO - ObjectDetection.sleeveColorDetect(ObjectDetection.java:132): Sleeve max color = 0.00, 0.00, 0.00
02-03 09:38:40.485  2048  7051 I global  :  RENO - ObjectDetection.sleeveColorDetect(ObjectDetection.java:151): Sleeve position: UNKNOWN
02-03 09:38:40.515  2048  7051 I global  :  RENO - ObjectDetection.sleeveColorDetect(ObjectDetection.java:125): Start Opcv process to detect sleeve color.
02-03 09:38:40.517  2048  7051 I global  :  RENO - ObjectDetection.sleeveColorDetect(ObjectDetection.java:132): Sleeve max color = 0.00, 0.00, 0.00
02-03 09:38:40.518  2048  7051 I global  :  RENO - ObjectDetection.sleeveColorDetect(ObjectDetection.java:151): Sleeve position: UNKNOWN
02-03 09:38:40.549  2048  7051 I global  :  RENO - ObjectDetection.sleeveColorDetect(ObjectDetection.java:125): Start Opcv process to detect sleeve color.
02-03 09:38:40.550  2048  7051 I global  :  RENO - ObjectDetection.sleeveColorDetect(ObjectDetection.java:132): Sleeve max color = 0.00, 0.00, 0.00
02-03 09:38:40.551  2048  7051 I global  :  RENO - ObjectDetection.sleeveColorDetect(ObjectDetection.java:151): Sleeve position: UNKNOWN
02-03 09:38:40.581  2048  7051 I global  :  RENO - ObjectDetection.sleeveColorDetect(ObjectDetection.java:125): Start Opcv process to detect sleeve color.
02-03 09:38:40.582  2048  7051 I global  :  RENO - ObjectDetection.sleeveColorDetect(ObjectDetection.java:132): Sleeve max color = 0.00, 0.00, 0.00
02-03 09:38:40.582  2048  7051 I global  :  RENO - ObjectDetection.sleeveColorDetect(ObjectDetection.java:151): Sleeve position: UNKNOWN
02-03 09:38:40.613  2048  7051 I global  :  RENO - ObjectDetection.sleeveColorDetect(ObjectDetection.java:125): Start Opcv process to detect sleeve color.
02-03 09:38:40.614  2048  7051 I global  :  RENO - ObjectDetection.sleeveColorDetect(ObjectDetection.java:132): Sleeve max color = 0.00, 0.00, 0.00
02-03 09:38:40.614  2048  7051 I global  :  RENO - ObjectDetection.sleeveColorDetect(ObjectDetection.java:151): Sleeve position: UNKNOWN
02-03 09:38:40.649  2048  7051 I global  :  RENO - ObjectDetection.sleeveColorDetect(ObjectDetection.java:125): Start Opcv process to detect sleeve color.
02-03 09:38:40.650  2048  7051 I global  :  RENO - ObjectDetection.sleeveColorDetect(ObjectDetection.java:132): Sleeve max color = 0.00, 0.00, 0.00
02-03 09:38:40.651  2048  7051 I global  :  RENO - ObjectDetection.sleeveColorDetect(ObjectDetection.java:151): Sleeve position: UNKNOWN
02-03 09:38:40.681  2048  7051 I global  :  RENO - ObjectDetection.sleeveColorDetect(ObjectDetection.java:125): Start Opcv process to detect sleeve color.
02-03 09:38:40.682  2048  7051 I global  :  RENO - ObjectDetection.sleeveColorDetect(ObjectDetection.java:132): Sleeve max color = 0.00, 0.00, 0.00
02-03 09:38:40.683  2048  7051 I global  :  RENO - ObjectDetection.sleeveColorDetect(ObjectDetection.java:151): Sleeve position: UNKNOWN
02-03 09:38:40.713  2048  7051 I global  :  RENO - ObjectDetection.sleeveColorDetect(ObjectDetection.java:125): Start Opcv process to detect sleeve color.
02-03 09:38:40.714  2048  7051 I global  :  RENO - ObjectDetection.sleeveColorDetect(ObjectDetection.java:132): Sleeve max color = 0.00, 0.00, 0.00
02-03 09:38:40.715  2048  7051 I global  :  RENO - ObjectDetection.sleeveColorDetect(ObjectDetection.java:151): Sleeve position: UNKNOWN
02-03 09:38:40.749  2048  7051 I global  :  RENO - ObjectDetection.sleeveColorDetect(ObjectDetection.java:125): Start Opcv process to detect sleeve color.
02-03 09:38:40.750  2048  7051 I global  :  RENO - ObjectDetection.sleeveColorDetect(ObjectDetection.java:132): Sleeve max color = 0.00, 0.00, 0.00
02-03 09:38:40.750  2048  7051 I global  :  RENO - ObjectDetection.sleeveColorDetect(ObjectDetection.java:151): Sleeve position: UNKNOWN
02-03 09:38:40.781  2048  7051 I global  :  RENO - ObjectDetection.sleeveColorDetect(ObjectDetection.java:125): Start Opcv process to detect sleeve color.
02-03 09:38:40.785  2048  7051 I global  :  RENO - ObjectDetection.sleeveColorDetect(ObjectDetection.java:132): Sleeve max color = 0.00, 0.00, 0.00
02-03 09:38:40.786  2048  7051 I global  :  RENO - ObjectDetection.sleeveColorDetect(ObjectDetection.java:151): Sleeve position: UNKNOWN
02-03 09:38:40.813  2048  7051 I global  :  RENO - ObjectDetection.sleeveColorDetect(ObjectDetection.java:125): Start Opcv process to detect sleeve color.
02-03 09:38:40.814  2048  7051 I global  :  RENO - ObjectDetection.sleeveColorDetect(ObjectDetection.java:132): Sleeve max color = 0.00, 0.00, 0.00
02-03 09:38:40.814  2048  7051 I global  :  RENO - ObjectDetection.sleeveColorDetect(ObjectDetection.java:151): Sleeve position: UNKNOWN
02-03 09:38:40.849  2048  7051 I global  :  RENO - ObjectDetection.sleeveColorDetect(ObjectDetection.java:125): Start Opcv process to detect sleeve color.
02-03 09:38:40.850  2048  7051 I global  :  RENO - ObjectDetection.sleeveColorDetect(ObjectDetection.java:132): Sleeve max color = 0.00, 0.00, 0.00
02-03 09:38:40.851  2048  7051 I global  :  RENO - ObjectDetection.sleeveColorDetect(ObjectDetection.java:151): Sleeve position: UNKNOWN
02-03 09:38:40.881  2048  7051 I global  :  RENO - ObjectDetection.sleeveColorDetect(ObjectDetection.java:125): Start Opcv process to detect sleeve color.
02-03 09:38:40.882  2048  7051 I global  :  RENO - ObjectDetection.sleeveColorDetect(ObjectDetection.java:132): Sleeve max color = 0.00, 0.00, 0.00
02-03 09:38:40.883  2048  7051 I global  :  RENO - ObjectDetection.sleeveColorDetect(ObjectDetection.java:151): Sleeve position: UNKNOWN
02-03 09:38:40.913  2048  7051 I global  :  RENO - ObjectDetection.sleeveColorDetect(ObjectDetection.java:125): Start Opcv process to detect sleeve color.
02-03 09:38:40.917  2048  7051 I global  :  RENO - ObjectDetection.sleeveColorDetect(ObjectDetection.java:132): Sleeve max color = 0.00, 0.00, 0.00
02-03 09:38:40.918  2048  7051 I global  :  RENO - ObjectDetection.sleeveColorDetect(ObjectDetection.java:151): Sleeve position: UNKNOWN
02-03 09:38:40.949  2048  7051 I global  :  RENO - ObjectDetection.sleeveColorDetect(ObjectDetection.java:125): Start Opcv process to detect sleeve color.
02-03 09:38:40.950  2048  7051 I global  :  RENO - ObjectDetection.sleeveColorDetect(ObjectDetection.java:132): Sleeve max color = 0.00, 0.00, 0.00
02-03 09:38:40.951  2048  7051 I global  :  RENO - ObjectDetection.sleeveColorDetect(ObjectDetection.java:151): Sleeve position: UNKNOWN
02-03 09:38:40.980  2048  7051 I global  :  RENO - ObjectDetection.sleeveColorDetect(ObjectDetection.java:125): Start Opcv process to detect sleeve color.
02-03 09:38:40.982  2048  7051 I global  :  RENO - ObjectDetection.sleeveColorDetect(ObjectDetection.java:132): Sleeve max color = 317296.00, 310321.00, 315742.00
02-03 09:38:40.982  2048  7043 I global  :  RENO - AutoRoadRunner.runOpMode(AutoRoadRunner.java:243): Parking Lot position: LEFT
02-03 09:38:40.982  2048  7051 I global  :  RENO - ObjectDetection.sleeveColorDetect(ObjectDetection.java:151): Sleeve position: LEFT
02-03 09:38:41.013  2048  7051 I global  :  RENO - ObjectDetection.sleeveColorDetect(ObjectDetection.java:125): Start Opcv process to detect sleeve color.
02-03 09:38:41.014  2048  7051 I global  :  RENO - ObjectDetection.sleeveColorDetect(ObjectDetection.java:132): Sleeve max color = 314654.00, 310967.00, 316068.00
02-03 09:38:41.015  2048  7051 I global  :  RENO - ObjectDetection.sleeveColorDetect(ObjectDetection.java:151): Sleeve position: RIGHT
02-03 09:38:41.048  2048  7051 I global  :  RENO - ObjectDetection.sleeveColorDetect(ObjectDetection.java:125): Start Opcv process to detect sleeve color.
02-03 09:38:41.050  2048  7051 I global  :  RENO - ObjectDetection.sleeveColorDetect(ObjectDetection.java:132): Sleeve max color = 314583.00, 310943.00, 316338.00
02-03 09:38:41.050  2048  7051 I global  :  RENO - ObjectDetection.sleeveColorDetect(ObjectDetection.java:151): Sleeve position: RIGHT
02-03 09:38:41.080  2048  7051 I global  :  RENO - ObjectDetection.sleeveColorDetect(ObjectDetection.java:125): Start Opcv process to detect sleeve color.
02-03 09:38:41.082  2048  7051 I global  :  RENO - ObjectDetection.sleeveColorDetect(ObjectDetection.java:132): Sleeve max color = 314711.00, 310980.00, 315925.00
02-03 09:38:41.082  2048  7051 I global  :  RENO - ObjectDetection.sleeveColorDetect(ObjectDetection.java:151): Sleeve position: RIGHT
02-03 09:38:41.112  2048  7051 I global  :  RENO - ObjectDetection.sleeveColorDetect(ObjectDetection.java:125): Start Opcv process to detect sleeve color.
02-03 09:38:41.113  2048  7051 I global  :  RENO - ObjectDetection.sleeveColorDetect(ObjectDetection.java:132): Sleeve max color = 312882.00, 311132.00, 316673.00
02-03 09:38:41.114  2048  7051 I global  :  RENO - ObjectDetection.sleeveColorDetect(ObjectDetection.java:151): Sleeve position: RIGHT
02-03 09:38:41.149  2048  7051 I global  :  RENO - ObjectDetection.sleeveColorDetect(ObjectDetection.java:125): Start Opcv process to detect sleeve color.
02-03 09:38:41.150  2048  7051 I global  :  RENO - ObjectDetection.sleeveColorDetect(ObjectDetection.java:132): Sleeve max color = 312988.00, 311169.00, 316336.00
02-03 09:38:41.151  2048  7051 I global  :  RENO - ObjectDetection.sleeveColorDetect(ObjectDetection.java:151): Sleeve position: RIGHT
02-03 09:38:41.180  2048  7051 I global  :  RENO - ObjectDetection.sleeveColorDetect(ObjectDetection.java:125): Start Opcv process to detect sleeve color.
02-03 09:38:41.182  2048  7051 I global  :  RENO - ObjectDetection.sleeveColorDetect(ObjectDetection.java:132): Sleeve max color = 313067.00, 311109.00, 316202.00
02-03 09:38:41.184  2048  7051 I global  :  RENO - ObjectDetection.sleeveColorDetect(ObjectDetection.java:151): Sleeve position: RIGHT
02-03 09:38:41.213  2048  7051 I global  :  RENO - ObjectDetection.sleeveColorDetect(ObjectDetection.java:125): Start Opcv process to detect sleeve color.
02-03 09:38:41.214  2048  7051 I global  :  RENO - ObjectDetection.sleeveColorDetect(ObjectDetection.java:132): Sleeve max color = 312973.00, 311144.00, 316423.00
02-03 09:38:41.215  2048  7051 I global  :  RENO - ObjectDetection.sleeveColorDetect(ObjectDetection.java:151): Sleeve position: RIGHT
02-03 09:38:41.249  2048  7051 I global  :  RENO - ObjectDetection.sleeveColorDetect(ObjectDetection.java:125): Start Opcv process to detect sleeve color.
02-03 09:38:41.250  2048  7051 I global  :  RENO - ObjectDetection.sleeveColorDetect(ObjectDetection.java:132): Sleeve max color = 313205.00, 311121.00, 316463.00
02-03 09:38:41.252  2048  7051 I global  :  RENO - ObjectDetection.sleeveColorDetect(ObjectDetection.java:151): Sleeve position: RIGHT
02-03 09:38:41.281  2048  7051 I global  :  RENO - ObjectDetection.sleeveColorDetect(ObjectDetection.java:125): Start Opcv process to detect sleeve color.
02-03 09:38:41.282  2048  7051 I global  :  RENO - ObjectDetection.sleeveColorDetect(ObjectDetection.java:132): Sleeve max color = 312883.00, 311242.00, 316192.00
02-03 09:38:41.283  2048  7051 I global  :  RENO - ObjectDetection.sleeveColorDetect(ObjectDetection.java:151): Sleeve position: RIGHT
02-03 09:38:41.313  2048  7051 I global  :  RENO - ObjectDetection.sleeveColorDetect(ObjectDetection.java:125): Start Opcv process to detect sleeve color.
02-03 09:38:41.314  2048  7051 I global  :  RENO - ObjectDetection.sleeveColorDetect(ObjectDetection.java:132): Sleeve max color = 312846.00, 311182.00, 316153.00
02-03 09:38:41.316  2048  7051 I global  :  RENO - ObjectDetection.sleeveColorDetect(ObjectDetection.java:151): Sleeve position: RIGHT
02-03 09:38:41.349  2048  7051 I global  :  RENO - ObjectDetection.sleeveColorDetect(ObjectDetection.java:125): Start Opcv process to detect sleeve color.
02-03 09:38:41.350  2048  7051 I global  :  RENO - ObjectDetection.sleeveColorDetect(ObjectDetection.java:132): Sleeve max color = 312954.00, 311032.00, 316773.00
02-03 09:38:41.351  2048  7051 I global  :  RENO - ObjectDetection.sleeveColorDetect(ObjectDetection.java:151): Sleeve position: RIGHT
02-03 09:38:41.381  2048  7051 I global  :  RENO - ObjectDetection.sleeveColorDetect(ObjectDetection.java:125): Start Opcv process to detect sleeve color.
02-03 09:38:41.382  2048  7051 I global  :  RENO - ObjectDetection.sleeveColorDetect(ObjectDetection.java:132): Sleeve max color = 312963.00, 311116.00, 316353.00
02-03 09:38:41.383  2048  7051 I global  :  RENO - ObjectDetection.sleeveColorDetect(ObjectDetection.java:151): Sleeve position: RIGHT
02-03 09:38:41.413  2048  7051 I global  :  RENO - ObjectDetection.sleeveColorDetect(ObjectDetection.java:125): Start Opcv process to detect sleeve color.
02-03 09:38:41.414  2048  7051 I global  :  RENO - ObjectDetection.sleeveColorDetect(ObjectDetection.java:132): Sleeve max color = 313069.00, 311233.00, 315738.00
02-03 09:38:41.416  2048  7051 I global  :  RENO - ObjectDetection.sleeveColorDetect(ObjectDetection.java:151): Sleeve position: RIGHT
02-03 09:38:41.449  2048  7051 I global  :  RENO - ObjectDetection.sleeveColorDetect(ObjectDetection.java:125): Start Opcv process to detect sleeve color.
02-03 09:38:41.450  2048  7051 I global  :  RENO - ObjectDetection.sleeveColorDetect(ObjectDetection.java:132): Sleeve max color = 312885.00, 311120.00, 316175.00
02-03 09:38:41.451  2048  7051 I global  :  RENO - ObjectDetection.sleeveColorDetect(ObjectDetection.java:151): Sleeve position: RIGHT
02-03 09:38:41.481  2048  7051 I global  :  RENO - ObjectDetection.sleeveColorDetect(ObjectDetection.java:125): Start Opcv process to detect sleeve color.
02-03 09:38:41.482  2048  7051 I global  :  RENO - ObjectDetection.sleeveColorDetect(ObjectDetection.java:132): Sleeve max color = 312972.00, 311110.00, 316620.00
02-03 09:38:41.483  2048  7051 I global  :  RENO - ObjectDetection.sleeveColorDetect(ObjectDetection.java:151): Sleeve position: RIGHT
02-03 09:38:41.513  2048  7051 I global  :  RENO - ObjectDetection.sleeveColorDetect(ObjectDetection.java:125): Start Opcv process to detect sleeve color.
02-03 09:38:41.514  2048  7051 I global  :  RENO - ObjectDetection.sleeveColorDetect(ObjectDetection.java:132): Sleeve max color = 312921.00, 311089.00, 316629.00
02-03 09:38:41.515  2048  7051 I global  :  RENO - ObjectDetection.sleeveColorDetect(ObjectDetection.java:151): Sleeve position: RIGHT
02-03 09:38:41.549  2048  7051 I global  :  RENO - ObjectDetection.sleeveColorDetect(ObjectDetection.java:125): Start Opcv process to detect sleeve color.
02-03 09:38:41.550  2048  7051 I global  :  RENO - ObjectDetection.sleeveColorDetect(ObjectDetection.java:132): Sleeve max color = 313213.00, 311075.00, 316604.00
02-03 09:38:41.551  2048  7051 I global  :  RENO - ObjectDetection.sleeveColorDetect(ObjectDetection.java:151): Sleeve position: RIGHT
02-03 09:38:41.580  2048  7051 I global  :  RENO - ObjectDetection.sleeveColorDetect(ObjectDetection.java:125): Start Opcv process to detect sleeve color.
02-03 09:38:41.581  2048  7051 I global  :  RENO - ObjectDetection.sleeveColorDetect(ObjectDetection.java:132): Sleeve max color = 312873.00, 311220.00, 316130.00
02-03 09:38:41.582  2048  7051 I global  :  RENO - ObjectDetection.sleeveColorDetect(ObjectDetection.java:151): Sleeve position: RIGHT
02-03 09:38:41.612  2048  7051 I global  :  RENO - ObjectDetection.sleeveColorDetect(ObjectDetection.java:125): Start Opcv process to detect sleeve color.
02-03 09:38:41.613  2048  7051 I global  :  RENO - ObjectDetection.sleeveColorDetect(ObjectDetection.java:132): Sleeve max color = 312850.00, 310907.00, 315862.00
02-03 09:38:41.614  2048  7051 I global  :  RENO - ObjectDetection.sleeveColorDetect(ObjectDetection.java:151): Sleeve position: RIGHT
02-03 09:38:41.649  2048  7051 I global  :  RENO - ObjectDetection.sleeveColorDetect(ObjectDetection.java:125): Start Opcv process to detect sleeve color.
02-03 09:38:41.651  2048  7051 I global  :  RENO - ObjectDetection.sleeveColorDetect(ObjectDetection.java:132): Sleeve max color = 314173.00, 312146.00, 317421.00
02-03 09:38:41.651  2048  7051 I global  :  RENO - ObjectDetection.sleeveColorDetect(ObjectDetection.java:151): Sleeve position: RIGHT
02-03 09:38:41.684  2048  7051 I global  :  RENO - ObjectDetection.sleeveColorDetect(ObjectDetection.java:125): Start Opcv process to detect sleeve color.
02-03 09:38:41.685  2048  7051 I global  :  RENO - ObjectDetection.sleeveColorDetect(ObjectDetection.java:132): Sleeve max color = 314274.00, 312377.00, 316923.00
02-03 09:38:41.686  2048  7051 I global  :  RENO - ObjectDetection.sleeveColorDetect(ObjectDetection.java:151): Sleeve position: RIGHT
02-03 09:38:41.713  2048  7051 I global  :  RENO - ObjectDetection.sleeveColorDetect(ObjectDetection.java:125): Start Opcv process to detect sleeve color.
02-03 09:38:41.714  2048  7051 I global  :  RENO - ObjectDetection.sleeveColorDetect(ObjectDetection.java:132): Sleeve max color = 314054.00, 311679.00, 315575.00
02-03 09:38:41.715  2048  7051 I global  :  RENO - ObjectDetection.sleeveColorDetect(ObjectDetection.java:151): Sleeve position: RIGHT
02-03 09:38:41.749  2048  7051 I global  :  RENO - ObjectDetection.sleeveColorDetect(ObjectDetection.java:125): Start Opcv process to detect sleeve color.
02-03 09:38:41.750  2048  7051 I global  :  RENO - ObjectDetection.sleeveColorDetect(ObjectDetection.java:132): Sleeve max color = 314426.00, 312103.00, 315714.00
02-03 09:38:41.751  2048  7051 I global  :  RENO - ObjectDetection.sleeveColorDetect(ObjectDetection.java:151): Sleeve position: RIGHT
02-03 09:38:41.781  2048  7051 I global  :  RENO - ObjectDetection.sleeveColorDetect(ObjectDetection.java:125): Start Opcv process to detect sleeve color.
02-03 09:38:41.783  2048  7051 I global  :  RENO - ObjectDetection.sleeveColorDetect(ObjectDetection.java:132): Sleeve max color = 314990.00, 312460.00, 315948.00
02-03 09:38:41.784  2048  7051 I global  :  RENO - ObjectDetection.sleeveColorDetect(ObjectDetection.java:151): Sleeve position: RIGHT
02-03 09:38:41.813  2048  7051 I global  :  RENO - ObjectDetection.sleeveColorDetect(ObjectDetection.java:125): Start Opcv process to detect sleeve color.
02-03 09:38:41.814  2048  7051 I global  :  RENO - ObjectDetection.sleeveColorDetect(ObjectDetection.java:132): Sleeve max color = 314133.00, 311633.00, 315367.00
02-03 09:38:41.815  2048  7051 I global  :  RENO - ObjectDetection.sleeveColorDetect(ObjectDetection.java:151): Sleeve position: RIGHT
02-03 09:38:41.849  2048  7051 I global  :  RENO - ObjectDetection.sleeveColorDetect(ObjectDetection.java:125): Start Opcv process to detect sleeve color.
02-03 09:38:41.850  2048  7051 I global  :  RENO - ObjectDetection.sleeveColorDetect(ObjectDetection.java:132): Sleeve max color = 314270.00, 312231.00, 315160.00
02-03 09:38:41.851  2048  7051 I global  :  RENO - ObjectDetection.sleeveColorDetect(ObjectDetection.java:151): Sleeve position: RIGHT
02-03 09:38:41.881  2048  7051 I global  :  RENO - ObjectDetection.sleeveColorDetect(ObjectDetection.java:125): Start Opcv process to detect sleeve color.
02-03 09:38:41.882  2048  7051 I global  :  RENO - ObjectDetection.sleeveColorDetect(ObjectDetection.java:132): Sleeve max color = 314141.00, 311691.00, 315006.00
02-03 09:38:41.883  2048  7051 I global  :  RENO - ObjectDetection.sleeveColorDetect(ObjectDetection.java:151): Sleeve position: RIGHT
02-03 09:38:41.913  2048  7051 I global  :  RENO - ObjectDetection.sleeveColorDetect(ObjectDetection.java:125): Start Opcv process to detect sleeve color.
02-03 09:38:41.914  2048  7051 I global  :  RENO - ObjectDetection.sleeveColorDetect(ObjectDetection.java:132): Sleeve max color = 314202.00, 311572.00, 313799.00
02-03 09:38:41.915  2048  7051 I global  :  RENO - ObjectDetection.sleeveColorDetect(ObjectDetection.java:151): Sleeve position: LEFT
02-03 09:38:41.949  2048  7051 I global  :  RENO - ObjectDetection.sleeveColorDetect(ObjectDetection.java:125): Start Opcv process to detect sleeve color.
02-03 09:38:41.950  2048  7051 I global  :  RENO - ObjectDetection.sleeveColorDetect(ObjectDetection.java:132): Sleeve max color = 313230.00, 310345.00, 313415.00
02-03 09:38:41.951  2048  7051 I global  :  RENO - ObjectDetection.sleeveColorDetect(ObjectDetection.java:151): Sleeve position: RIGHT
02-03 09:38:41.981  2048  7051 I global  :  RENO - ObjectDetection.sleeveColorDetect(ObjectDetection.java:125): Start Opcv process to detect sleeve color.
02-03 09:38:41.982  2048  7051 I global  :  RENO - ObjectDetection.sleeveColorDetect(ObjectDetection.java:132): Sleeve max color = 313052.00, 310419.00, 313311.00
02-03 09:38:41.983  2048  7051 I global  :  RENO - ObjectDetection.sleeveColorDetect(ObjectDetection.java:151): Sleeve position: RIGHT
02-03 09:38:42.013  2048  7051 I global  :  RENO - ObjectDetection.sleeveColorDetect(ObjectDetection.java:125): Start Opcv process to detect sleeve color.
02-03 09:38:42.014  2048  7051 I global  :  RENO - ObjectDetection.sleeveColorDetect(ObjectDetection.java:132): Sleeve max color = 313213.00, 310399.00, 313715.00
02-03 09:38:42.014  2048  7051 I global  :  RENO - ObjectDetection.sleeveColorDetect(ObjectDetection.java:151): Sleeve position: RIGHT
02-03 09:38:42.049  2048  7051 I global  :  RENO - ObjectDetection.sleeveColorDetect(ObjectDetection.java:125): Start Opcv process to detect sleeve color.
02-03 09:38:42.050  2048  7051 I global  :  RENO - ObjectDetection.sleeveColorDetect(ObjectDetection.java:132): Sleeve max color = 313105.00, 310727.00, 313265.00
02-03 09:38:42.050  2048  7051 I global  :  RENO - ObjectDetection.sleeveColorDetect(ObjectDetection.java:151): Sleeve position: RIGHT
02-03 09:38:42.081  2048  7051 I global  :  RENO - ObjectDetection.sleeveColorDetect(ObjectDetection.java:125): Start Opcv process to detect sleeve color.
02-03 09:38:42.082  2048  7051 I global  :  RENO - ObjectDetection.sleeveColorDetect(ObjectDetection.java:132): Sleeve max color = 313381.00, 310708.00, 313755.00
02-03 09:38:42.083  2048  7051 I global  :  RENO - ObjectDetection.sleeveColorDetect(ObjectDetection.java:151): Sleeve position: RIGHT
02-03 09:38:42.113  2048  7051 I global  :  RENO - ObjectDetection.sleeveColorDetect(ObjectDetection.java:125): Start Opcv process to detect sleeve color.
02-03 09:38:42.114  2048  7051 I global  :  RENO - ObjectDetection.sleeveColorDetect(ObjectDetection.java:132): Sleeve max color = 313400.00, 310705.00, 313614.00
02-03 09:38:42.114  2048  7051 I global  :  RENO - ObjectDetection.sleeveColorDetect(ObjectDetection.java:151): Sleeve position: RIGHT
02-03 09:38:42.149  2048  7051 I global  :  RENO - ObjectDetection.sleeveColorDetect(ObjectDetection.java:125): Start Opcv process to detect sleeve color.
02-03 09:38:42.151  2048  7051 I global  :  RENO - ObjectDetection.sleeveColorDetect(ObjectDetection.java:132): Sleeve max color = 313101.00, 310658.00, 313717.00
02-03 09:38:42.152  2048  7051 I global  :  RENO - ObjectDetection.sleeveColorDetect(ObjectDetection.java:151): Sleeve position: RIGHT
02-03 09:38:42.183  2048  7051 I global  :  RENO - ObjectDetection.sleeveColorDetect(ObjectDetection.java:125): Start Opcv process to detect sleeve color.
02-03 09:38:42.184  2048  7051 I global  :  RENO - ObjectDetection.sleeveColorDetect(ObjectDetection.java:132): Sleeve max color = 313173.00, 310451.00, 313090.00
02-03 09:38:42.185  2048  7051 I global  :  RENO - ObjectDetection.sleeveColorDetect(ObjectDetection.java:151): Sleeve position: LEFT
02-03 09:38:42.213  2048  7051 I global  :  RENO - ObjectDetection.sleeveColorDetect(ObjectDetection.java:125): Start Opcv process to detect sleeve color.
02-03 09:38:42.214  2048  7051 I global  :  RENO - ObjectDetection.sleeveColorDetect(ObjectDetection.java:132): Sleeve max color = 312984.00, 310345.00, 313457.00
02-03 09:38:42.215  2048  7051 I global  :  RENO - ObjectDetection.sleeveColorDetect(ObjectDetection.java:151): Sleeve position: RIGHT
02-03 09:38:42.249  2048  7051 I global  :  RENO - ObjectDetection.sleeveColorDetect(ObjectDetection.java:125): Start Opcv process to detect sleeve color.
02-03 09:38:42.250  2048  7051 I global  :  RENO - ObjectDetection.sleeveColorDetect(ObjectDetection.java:132): Sleeve max color = 313123.00, 310363.00, 313151.00
02-03 09:38:42.250  2048  7051 I global  :  RENO - ObjectDetection.sleeveColorDetect(ObjectDetection.java:151): Sleeve position: RIGHT
02-03 09:38:42.281  2048  7051 I global  :  RENO - ObjectDetection.sleeveColorDetect(ObjectDetection.java:125): Start Opcv process to detect sleeve color.
02-03 09:38:42.282  2048  7051 I global  :  RENO - ObjectDetection.sleeveColorDetect(ObjectDetection.java:132): Sleeve max color = 313025.00, 310562.00, 313127.00
02-03 09:38:42.283  2048  7051 I global  :  RENO - ObjectDetection.sleeveColorDetect(ObjectDetection.java:151): Sleeve position: RIGHT
02-03 09:38:42.313  2048  7051 I global  :  RENO - ObjectDetection.sleeveColorDetect(ObjectDetection.java:125): Start Opcv process to detect sleeve color.
02-03 09:38:42.314  2048  7051 I global  :  RENO - ObjectDetection.sleeveColorDetect(ObjectDetection.java:132): Sleeve max color = 312994.00, 310622.00, 313217.00
02-03 09:38:42.315  2048  7051 I global  :  RENO - ObjectDetection.sleeveColorDetect(ObjectDetection.java:151): Sleeve position: RIGHT
02-03 09:38:42.349  2048  7051 I global  :  RENO - ObjectDetection.sleeveColorDetect(ObjectDetection.java:125): Start Opcv process to detect sleeve color.
02-03 09:38:42.350  2048  7051 I global  :  RENO - ObjectDetection.sleeveColorDetect(ObjectDetection.java:132): Sleeve max color = 312999.00, 310417.00, 313042.00
02-03 09:38:42.351  2048  7051 I global  :  RENO - ObjectDetection.sleeveColorDetect(ObjectDetection.java:151): Sleeve position: RIGHT
02-03 09:38:42.381  2048  7051 I global  :  RENO - ObjectDetection.sleeveColorDetect(ObjectDetection.java:125): Start Opcv process to detect sleeve color.
02-03 09:38:42.382  2048  7051 I global  :  RENO - ObjectDetection.sleeveColorDetect(ObjectDetection.java:132): Sleeve max color = 313089.00, 310488.00, 313451.00
02-03 09:38:42.383  2048  7051 I global  :  RENO - ObjectDetection.sleeveColorDetect(ObjectDetection.java:151): Sleeve position: RIGHT
02-03 09:38:42.414  2048  7051 I global  :  RENO - ObjectDetection.sleeveColorDetect(ObjectDetection.java:125): Start Opcv process to detect sleeve color.
02-03 09:38:42.415  2048  7051 I global  :  RENO - ObjectDetection.sleeveColorDetect(ObjectDetection.java:132): Sleeve max color = 313056.00, 310411.00, 313274.00
02-03 09:38:42.416  2048  7051 I global  :  RENO - ObjectDetection.sleeveColorDetect(ObjectDetection.java:151): Sleeve position: RIGHT
02-03 09:38:42.448  2048  7051 I global  :  RENO - ObjectDetection.sleeveColorDetect(ObjectDetection.java:125): Start Opcv process to detect sleeve color.
02-03 09:38:42.450  2048  7051 I global  :  RENO - ObjectDetection.sleeveColorDetect(ObjectDetection.java:132): Sleeve max color = 312968.00, 310458.00, 313120.00
02-03 09:38:42.450  2048  7051 I global  :  RENO - ObjectDetection.sleeveColorDetect(ObjectDetection.java:151): Sleeve position: RIGHT
02-03 09:38:42.481  2048  7051 I global  :  RENO - ObjectDetection.sleeveColorDetect(ObjectDetection.java:125): Start Opcv process to detect sleeve color.
02-03 09:38:42.482  2048  7051 I global  :  RENO - ObjectDetection.sleeveColorDetect(ObjectDetection.java:132): Sleeve max color = 313281.00, 310315.00, 313481.00
02-03 09:38:42.483  2048  7051 I global  :  RENO - ObjectDetection.sleeveColorDetect(ObjectDetection.java:151): Sleeve position: RIGHT
02-03 09:38:42.513  2048  7051 I global  :  RENO - ObjectDetection.sleeveColorDetect(ObjectDetection.java:125): Start Opcv process to detect sleeve color.
02-03 09:38:42.514  2048  7051 I global  :  RENO - ObjectDetection.sleeveColorDetect(ObjectDetection.java:132): Sleeve max color = 313055.00, 310507.00, 312886.00
02-03 09:38:42.514  2048  7051 I global  :  RENO - ObjectDetection.sleeveColorDetect(ObjectDetection.java:151): Sleeve position: LEFT
02-03 09:38:42.549  2048  7051 I global  :  RENO - ObjectDetection.sleeveColorDetect(ObjectDetection.java:125): Start Opcv process to detect sleeve color.
02-03 09:38:42.550  2048  7051 I global  :  RENO - ObjectDetection.sleeveColorDetect(ObjectDetection.java:132): Sleeve max color = 313237.00, 310360.00, 313129.00
02-03 09:38:42.551  2048  7051 I global  :  RENO - ObjectDetection.sleeveColorDetect(ObjectDetection.java:151): Sleeve position: LEFT
02-03 09:38:42.581  2048  7051 I global  :  RENO - ObjectDetection.sleeveColorDetect(ObjectDetection.java:125): Start Opcv process to detect sleeve color.
02-03 09:38:42.582  2048  7051 I global  :  RENO - ObjectDetection.sleeveColorDetect(ObjectDetection.java:132): Sleeve max color = 313213.00, 310200.00, 313346.00
02-03 09:38:42.582  2048  7051 I global  :  RENO - ObjectDetection.sleeveColorDetect(ObjectDetection.java:151): Sleeve position: RIGHT
02-03 09:38:42.613  2048  7051 I global  :  RENO - ObjectDetection.sleeveColorDetect(ObjectDetection.java:125): Start Opcv process to detect sleeve color.
02-03 09:38:42.614  2048  7051 I global  :  RENO - ObjectDetection.sleeveColorDetect(ObjectDetection.java:132): Sleeve max color = 312951.00, 310425.00, 313204.00
02-03 09:38:42.614  2048  7051 I global  :  RENO - ObjectDetection.sleeveColorDetect(ObjectDetection.java:151): Sleeve position: RIGHT
02-03 09:38:42.649  2048  7051 I global  :  RENO - ObjectDetection.sleeveColorDetect(ObjectDetection.java:125): Start Opcv process to detect sleeve color.
02-03 09:38:42.650  2048  7051 I global  :  RENO - ObjectDetection.sleeveColorDetect(ObjectDetection.java:132): Sleeve max color = 313139.00, 310436.00, 312706.00
02-03 09:38:42.651  2048  7051 I global  :  RENO - ObjectDetection.sleeveColorDetect(ObjectDetection.java:151): Sleeve position: LEFT
02-03 09:38:42.681  2048  7051 I global  :  RENO - ObjectDetection.sleeveColorDetect(ObjectDetection.java:125): Start Opcv process to detect sleeve color.
02-03 09:38:42.682  2048  7051 I global  :  RENO - ObjectDetection.sleeveColorDetect(ObjectDetection.java:132): Sleeve max color = 312788.00, 310487.00, 313257.00
02-03 09:38:42.683  2048  7051 I global  :  RENO - ObjectDetection.sleeveColorDetect(ObjectDetection.java:151): Sleeve position: RIGHT
02-03 09:38:42.713  2048  7051 I global  :  RENO - ObjectDetection.sleeveColorDetect(ObjectDetection.java:125): Start Opcv process to detect sleeve color.
02-03 09:38:42.714  2048  7051 I global  :  RENO - ObjectDetection.sleeveColorDetect(ObjectDetection.java:132): Sleeve max color = 312848.00, 310413.00, 313211.00
02-03 09:38:42.714  2048  7051 I global  :  RENO - ObjectDetection.sleeveColorDetect(ObjectDetection.java:151): Sleeve position: RIGHT
02-03 09:38:42.749  2048  7051 I global  :  RENO - ObjectDetection.sleeveColorDetect(ObjectDetection.java:125): Start Opcv process to detect sleeve color.
02-03 09:38:42.750  2048  7051 I global  :  RENO - ObjectDetection.sleeveColorDetect(ObjectDetection.java:132): Sleeve max color = 312771.00, 310544.00, 313377.00
02-03 09:38:42.750  2048  7051 I global  :  RENO - ObjectDetection.sleeveColorDetect(ObjectDetection.java:151): Sleeve position: RIGHT
02-03 09:38:42.781  2048  7051 I global  :  RENO - ObjectDetection.sleeveColorDetect(ObjectDetection.java:125): Start Opcv process to detect sleeve color.
02-03 09:38:42.782  2048  7051 I global  :  RENO - ObjectDetection.sleeveColorDetect(ObjectDetection.java:132): Sleeve max color = 312770.00, 310528.00, 312852.00
02-03 09:38:42.783  2048  7051 I global  :  RENO - ObjectDetection.sleeveColorDetect(ObjectDetection.java:151): Sleeve position: RIGHT
02-03 09:38:42.813  2048  7051 I global  :  RENO - ObjectDetection.sleeveColorDetect(ObjectDetection.java:125): Start Opcv process to detect sleeve color.
02-03 09:38:42.814  2048  7051 I global  :  RENO - ObjectDetection.sleeveColorDetect(ObjectDetection.java:132): Sleeve max color = 312887.00, 310525.00, 313021.00
02-03 09:38:42.814  2048  7051 I global  :  RENO - ObjectDetection.sleeveColorDetect(ObjectDetection.java:151): Sleeve position: RIGHT
02-03 09:38:42.848  2048  7051 I global  :  RENO - ObjectDetection.sleeveColorDetect(ObjectDetection.java:125): Start Opcv process to detect sleeve color.
02-03 09:38:42.850  2048  7051 I global  :  RENO - ObjectDetection.sleeveColorDetect(ObjectDetection.java:132): Sleeve max color = 312779.00, 310563.00, 313100.00
02-03 09:38:42.850  2048  7051 I global  :  RENO - ObjectDetection.sleeveColorDetect(ObjectDetection.java:151): Sleeve position: RIGHT
02-03 09:38:42.881  2048  7051 I global  :  RENO - ObjectDetection.sleeveColorDetect(ObjectDetection.java:125): Start Opcv process to detect sleeve color.
02-03 09:38:42.882  2048  7051 I global  :  RENO - ObjectDetection.sleeveColorDetect(ObjectDetection.java:132): Sleeve max color = 312968.00, 310398.00, 313224.00
02-03 09:38:42.883  2048  7051 I global  :  RENO - ObjectDetection.sleeveColorDetect(ObjectDetection.java:151): Sleeve position: RIGHT
02-03 09:38:42.913  2048  7051 I global  :  RENO - ObjectDetection.sleeveColorDetect(ObjectDetection.java:125): Start Opcv process to detect sleeve color.
02-03 09:38:42.914  2048  7051 I global  :  RENO - ObjectDetection.sleeveColorDetect(ObjectDetection.java:132): Sleeve max color = 312732.00, 310647.00, 312816.00
02-03 09:38:42.914  2048  7051 I global  :  RENO - ObjectDetection.sleeveColorDetect(ObjectDetection.java:151): Sleeve position: RIGHT
02-03 09:38:42.949  2048  7051 I global  :  RENO - ObjectDetection.sleeveColorDetect(ObjectDetection.java:125): Start Opcv process to detect sleeve color.
02-03 09:38:42.950  2048  7051 I global  :  RENO - ObjectDetection.sleeveColorDetect(ObjectDetection.java:132): Sleeve max color = 312955.00, 310469.00, 313384.00
02-03 09:38:42.951  2048  7051 I global  :  RENO - ObjectDetection.sleeveColorDetect(ObjectDetection.java:151): Sleeve position: RIGHT
02-03 09:38:42.981  2048  7051 I global  :  RENO - ObjectDetection.sleeveColorDetect(ObjectDetection.java:125): Start Opcv process to detect sleeve color.
02-03 09:38:42.982  2048  7051 I global  :  RENO - ObjectDetection.sleeveColorDetect(ObjectDetection.java:132): Sleeve max color = 312948.00, 310685.00, 313156.00
02-03 09:38:42.983  2048  7051 I global  :  RENO - ObjectDetection.sleeveColorDetect(ObjectDetection.java:151): Sleeve position: RIGHT
02-03 09:38:43.013  2048  7051 I global  :  RENO - ObjectDetection.sleeveColorDetect(ObjectDetection.java:125): Start Opcv process to detect sleeve color.
02-03 09:38:43.014  2048  7051 I global  :  RENO - ObjectDetection.sleeveColorDetect(ObjectDetection.java:132): Sleeve max color = 312736.00, 310660.00, 312899.00
02-03 09:38:43.015  2048  7051 I global  :  RENO - ObjectDetection.sleeveColorDetect(ObjectDetection.java:151): Sleeve position: RIGHT
02-03 09:38:43.049  2048  7051 I global  :  RENO - ObjectDetection.sleeveColorDetect(ObjectDetection.java:125): Start Opcv process to detect sleeve color.
02-03 09:38:43.050  2048  7051 I global  :  RENO - ObjectDetection.sleeveColorDetect(ObjectDetection.java:132): Sleeve max color = 313233.00, 310407.00, 313024.00
02-03 09:38:43.051  2048  7051 I global  :  RENO - ObjectDetection.sleeveColorDetect(ObjectDetection.java:151): Sleeve position: LEFT
02-03 09:38:43.081  2048  7051 I global  :  RENO - ObjectDetection.sleeveColorDetect(ObjectDetection.java:125): Start Opcv process to detect sleeve color.
02-03 09:38:43.082  2048  7051 I global  :  RENO - ObjectDetection.sleeveColorDetect(ObjectDetection.java:132): Sleeve max color = 313335.00, 310421.00, 313184.00
02-03 09:38:43.083  2048  7051 I global  :  RENO - ObjectDetection.sleeveColorDetect(ObjectDetection.java:151): Sleeve position: LEFT
02-03 09:38:43.113  2048  7051 I global  :  RENO - ObjectDetection.sleeveColorDetect(ObjectDetection.java:125): Start Opcv process to detect sleeve color.
02-03 09:38:43.114  2048  7051 I global  :  RENO - ObjectDetection.sleeveColorDetect(ObjectDetection.java:132): Sleeve max color = 313236.00, 310446.00, 312989.00
02-03 09:38:43.115  2048  7051 I global  :  RENO - ObjectDetection.sleeveColorDetect(ObjectDetection.java:151): Sleeve position: LEFT
02-03 09:38:43.149  2048  7051 I global  :  RENO - ObjectDetection.sleeveColorDetect(ObjectDetection.java:125): Start Opcv process to detect sleeve color.
02-03 09:38:43.150  2048  7051 I global  :  RENO - ObjectDetection.sleeveColorDetect(ObjectDetection.java:132): Sleeve max color = 313143.00, 310465.00, 313308.00
02-03 09:38:43.151  2048  7051 I global  :  RENO - ObjectDetection.sleeveColorDetect(ObjectDetection.java:151): Sleeve position: RIGHT
02-03 09:38:43.181  2048  7051 I global  :  RENO - ObjectDetection.sleeveColorDetect(ObjectDetection.java:125): Start Opcv process to detect sleeve color.
02-03 09:38:43.182  2048  7051 I global  :  RENO - ObjectDetection.sleeveColorDetect(ObjectDetection.java:132): Sleeve max color = 313091.00, 310608.00, 312927.00
02-03 09:38:43.183  2048  7051 I global  :  RENO - ObjectDetection.sleeveColorDetect(ObjectDetection.java:151): Sleeve position: LEFT
02-03 09:38:43.213  2048  7051 I global  :  RENO - ObjectDetection.sleeveColorDetect(ObjectDetection.java:125): Start Opcv process to detect sleeve color.
02-03 09:38:43.214  2048  7051 I global  :  RENO - ObjectDetection.sleeveColorDetect(ObjectDetection.java:132): Sleeve max color = 313263.00, 310457.00, 313299.00
02-03 09:38:43.215  2048  7051 I global  :  RENO - ObjectDetection.sleeveColorDetect(ObjectDetection.java:151): Sleeve position: RIGHT
02-03 09:38:43.249  2048  7051 I global  :  RENO - ObjectDetection.sleeveColorDetect(ObjectDetection.java:125): Start Opcv process to detect sleeve color.
02-03 09:38:43.250  2048  7051 I global  :  RENO - ObjectDetection.sleeveColorDetect(ObjectDetection.java:132): Sleeve max color = 312806.00, 310792.00, 312835.00
02-03 09:38:43.251  2048  7051 I global  :  RENO - ObjectDetection.sleeveColorDetect(ObjectDetection.java:151): Sleeve position: RIGHT
02-03 09:38:43.281  2048  7051 I global  :  RENO - ObjectDetection.sleeveColorDetect(ObjectDetection.java:125): Start Opcv process to detect sleeve color.
02-03 09:38:43.282  2048  7051 I global  :  RENO - ObjectDetection.sleeveColorDetect(ObjectDetection.java:132): Sleeve max color = 312939.00, 310445.00, 313416.00
02-03 09:38:43.283  2048  7051 I global  :  RENO - ObjectDetection.sleeveColorDetect(ObjectDetection.java:151): Sleeve position: RIGHT
02-03 09:38:43.313  2048  7051 I global  :  RENO - ObjectDetection.sleeveColorDetect(ObjectDetection.java:125): Start Opcv process to detect sleeve color.
02-03 09:38:43.314  2048  7051 I global  :  RENO - ObjectDetection.sleeveColorDetect(ObjectDetection.java:132): Sleeve max color = 313248.00, 310446.00, 313204.00
02-03 09:38:43.315  2048  7051 I global  :  RENO - ObjectDetection.sleeveColorDetect(ObjectDetection.java:151): Sleeve position: LEFT
02-03 09:38:43.349  2048  7051 I global  :  RENO - ObjectDetection.sleeveColorDetect(ObjectDetection.java:125): Start Opcv process to detect sleeve color.
02-03 09:38:43.350  2048  7051 I global  :  RENO - ObjectDetection.sleeveColorDetect(ObjectDetection.java:132): Sleeve max color = 312745.00, 310736.00, 312935.00
02-03 09:38:43.351  2048  7051 I global  :  RENO - ObjectDetection.sleeveColorDetect(ObjectDetection.java:151): Sleeve position: RIGHT
02-03 09:38:43.381  2048  7051 I global  :  RENO - ObjectDetection.sleeveColorDetect(ObjectDetection.java:125): Start Opcv process to detect sleeve color.
02-03 09:38:43.382  2048  7051 I global  :  RENO - ObjectDetection.sleeveColorDetect(ObjectDetection.java:132): Sleeve max color = 312867.00, 310575.00, 313262.00
02-03 09:38:43.382  2048  7051 I global  :  RENO - ObjectDetection.sleeveColorDetect(ObjectDetection.java:151): Sleeve position: RIGHT
02-03 09:38:43.396  2048  2183 V Robocol : received command: CMD_RUN_OP_MODE(22882) auto RR right
02-03 09:38:43.413  2048  7051 I global  :  RENO - ObjectDetection.sleeveColorDetect(ObjectDetection.java:125): Start Opcv process to detect sleeve color.
02-03 09:38:43.414  2048  7051 I global  :  RENO - ObjectDetection.sleeveColorDetect(ObjectDetection.java:132): Sleeve max color = 312869.00, 310629.00, 312958.00
02-03 09:38:43.415  2048  7051 I global  :  RENO - ObjectDetection.sleeveColorDetect(ObjectDetection.java:151): Sleeve position: RIGHT
02-03 09:38:43.427  2048  2186 V Robocol : sending CMD_NOTIFY_RUN_OP_MODE(12999), attempt: 0
02-03 09:38:43.443  2048  7043 I System.out: stopRecordingPipeline()
02-03 09:38:43.443  2048  7043 I System.out: ...stopRecordingPipeline()
02-03 09:38:43.446  2048  7043 D UsbResiliantWebcam|DelCaptureSession: stopCapture()...
02-03 09:38:43.446  2048  7043 D UsbResiliantWebcam|DelCaptureSequence: undoStreaming()...
02-03 09:38:43.447  2048  2048 D OpenCvViewport: surfaceDestroyed()
02-03 09:38:43.447  2048  2048 D OpenCvViewport: CheckState(): lifecycle mandates deactivation regardless of user
02-03 09:38:43.447  2048  2048 D OpenCvViewport: CheckState(): deactivating viewport
02-03 09:38:43.447  2048  7043 D UvcApiCaptureSession: stopCapture()...
02-03 09:38:43.447  2048  7043 D Uvc     : [jni_streamhandle.cpp:184] Java_org_firstinspires_ftc_robotcore_internal_camera_libuvc_nativeobject_UvcStreamHandle_nativeStopStreaming()...
02-03 09:38:43.447  2048  7043 V Uvc     : API: Java_org_firstinspires_ftc_robotcore_internal_camera_libuvc_nativeobject_UvcStreamHandle_nativeStopStreaming: enter...
02-03 09:38:43.447  2048  7043 D Uvc     : [stream.cpp:1514] uvc_stream_stop()...
02-03 09:38:43.447  2048  7043 D UvcStream: [stream.cpp:1542] cancelling extant transfers
02-03 09:38:43.447  2048  7050 W System.err: java.lang.InterruptedException
02-03 09:38:43.447  2048  7050 W System.err: 	at java.lang.Object.wait(Native Method)
02-03 09:38:43.447  2048  7050 W System.err: 	at org.firstinspires.ftc.robotcore.internal.collections.EvictingBlockingQueue.take(EvictingBlockingQueue.java:143)
02-03 09:38:43.447  2048  7050 W System.err: 	at org.openftc.easyopencv.OpenCvViewport$RenderThread.run(OpenCvViewport.java:554)
02-03 09:38:43.448  2048  7050 D OpenCvViewportRenderThread: About to exit
02-03 09:38:43.448  2048  2048 D OpenCvViewport: ...surfaceDestroyed()
02-03 09:38:43.487  2048  7043 D Uvc     : [stream.cpp:1471] (waitForAllTransfers(waiting for cancelled transfers))...
02-03 09:38:43.488  2048  7051 D UvcStream: [stream.cpp:1329] user callback thread stopped
02-03 09:38:43.488  2048  7043 D UvcStream: [stream.cpp:1485] no extant active transfers: continuing
02-03 09:38:43.488  2048  7043 D Uvc     : [stream.cpp:1471] ...()
02-03 09:38:43.488  2048  7043 D Uvc     : [stream.cpp:1189] uvc_stream_handle::stopIsochronousStreaming()...
02-03 09:38:43.488  2048  7043 D Uvc     : [libuvc/libuvc_internal.h:825] uvc_device_handle::setInterfaceAltSetting(setInterfaceAltSetting(intf=1 alt=0))...
02-03 09:38:43.489  2048  7043 D UvcDevice: setInterfaceAltSetting(1,0)
02-03 09:38:43.489  2048  7043 D UvcDevice: setInterfaceAltSetting(1,0) succeeded
02-03 09:38:43.489  2048  7043 D Uvc     : [libuvc/libuvc_internal.h:825] ...uvc_device_handle::setInterfaceAltSetting() rc=0
02-03 09:38:43.489  2048  7043 D Uvc     : [stream.cpp:1189] ...uvc_stream_handle::stopIsochronousStreaming() rc=0
02-03 09:38:43.489  2048  7043 D UvcStream: [stream.cpp:1558] awakening user thread
02-03 09:38:43.489  2048  7043 D UvcStream: [stream.cpp:1567] waiting for user callback thread to finish
02-03 09:38:43.489  2048  7043 D Uvc     : [stream.cpp:1514] ...uvc_stream_stop() rc=0
02-03 09:38:43.489  2048  7043 V Uvc     : API: Java_org_firstinspires_ftc_robotcore_internal_camera_libuvc_nativeobject_UvcStreamHandle_nativeStopStreaming: ...exit
02-03 09:38:43.489  2048  7043 D Uvc     : [jni_streamhandle.cpp:184] ...Java_org_firstinspires_ftc_robotcore_internal_camera_libuvc_nativeobject_UvcStreamHandle_nativeStopStreaming()
02-03 09:38:43.490  2048  7043 V UvcFrameCallback: destroy(hash=0x0ac7057d)
02-03 09:38:43.490  2048  7043 V UvcFrameCallbackData: destroy(pointer=0xced24c60)
02-03 09:38:43.490  2048  7043 V Uvc     : API: Java_org_firstinspires_ftc_robotcore_internal_camera_libuvc_nativeobject_UvcFrameCallback_nativeReleaseCallbackState: enter...
02-03 09:38:43.490  2048  7043 V Uvc     : API: Java_org_firstinspires_ftc_robotcore_internal_camera_libuvc_nativeobject_UvcFrameCallback_nativeReleaseCallbackState: ...exit
02-03 09:38:43.490  2048  7043 V UvcStreamHandle: destroy(pointer=0xd3d26580)
02-03 09:38:43.490  2048  7043 D Uvc     : [jni_streamhandle.cpp:184] Java_org_firstinspires_ftc_robotcore_internal_camera_libuvc_nativeobject_UvcStreamHandle_nativeStopStreaming()...
02-03 09:38:43.490  2048  7043 V Uvc     : API: Java_org_firstinspires_ftc_robotcore_internal_camera_libuvc_nativeobject_UvcStreamHandle_nativeStopStreaming: enter...
02-03 09:38:43.490  2048  7043 D Uvc     : [stream.cpp:1514] uvc_stream_stop()...
02-03 09:38:43.490  2048  7043 D Uvc     : [stream.cpp:1514] ...uvc_stream_stop() rc=0
02-03 09:38:43.490  2048  7043 V Uvc     : API: Java_org_firstinspires_ftc_robotcore_internal_camera_libuvc_nativeobject_UvcStreamHandle_nativeStopStreaming: ...exit
02-03 09:38:43.490  2048  7043 D Uvc     : [jni_streamhandle.cpp:184] ...Java_org_firstinspires_ftc_robotcore_internal_camera_libuvc_nativeobject_UvcStreamHandle_nativeStopStreaming()
02-03 09:38:43.490  2048  7043 D Uvc     : [jni_streamhandle.cpp:200] Java_org_firstinspires_ftc_robotcore_internal_camera_libuvc_nativeobject_UvcStreamHandle_nativeCloseStreamHandle()...
02-03 09:38:43.490  2048  7043 V Uvc     : API: Java_org_firstinspires_ftc_robotcore_internal_camera_libuvc_nativeobject_UvcStreamHandle_nativeCloseStreamHandle: enter...
02-03 09:38:43.490  2048  7043 D Uvc     : [stream.cpp:1584] uvc_stream_close()...
02-03 09:38:43.490  2048  7043 D Uvc     : [streamhandle.cpp:45] uvc_stream_handle::~uvc_stream_handle()...
02-03 09:38:43.491  2048  7043 D Uvc     : [streamhandle.cpp:66] uvc_stream_handle::releaseInterface()...
02-03 09:38:43.491  2048  7043 D Uvc     : [libuvc/libuvc_internal.h:793] uvc_device_handle::releaseInterface()...
02-03 09:38:43.491  2048  7043 D UvcDevice: releaseInterface(1)
02-03 09:38:43.491  2048  7043 D UvcDevice: releaseInterface(1) succeeded
02-03 09:38:43.491  2048  7043 D Uvc     : [libuvc/libuvc_internal.h:793] ...uvc_device_handle::releaseInterface() rc=0
02-03 09:38:43.491  2048  7043 D Uvc     : [streamhandle.cpp:66] ...uvc_stream_handle::releaseInterface()
02-03 09:38:43.491  2048  7043 D Uvc     : [streamhandle.cpp:45] ...uvc_stream_handle::~uvc_stream_handle()
02-03 09:38:43.491  2048  7043 D Uvc     : [stream.cpp:1584] ...uvc_stream_close()
02-03 09:38:43.491  2048  7043 V Uvc     : API: Java_org_firstinspires_ftc_robotcore_internal_camera_libuvc_nativeobject_UvcStreamHandle_nativeCloseStreamHandle: ...exit
02-03 09:38:43.491  2048  7043 D Uvc     : [jni_streamhandle.cpp:200] ...Java_org_firstinspires_ftc_robotcore_internal_camera_libuvc_nativeobject_UvcStreamHandle_nativeCloseStreamHandle()
02-03 09:38:43.492  2048  7043 V UvcApiCameraCaptureSequence: destroy(hash=0x01d30127)
02-03 09:38:43.492  2048  2483 D RobotCore: capture sequence DelegatingCaptureSequenceId(1) reports completed: lastFrame=1096
02-03 09:38:43.492  2048  7043 D UvcApiCaptureSession: ...stopCapture()
02-03 09:38:43.492  2048  7043 D UvcApiCaptureSession: doClose()...
02-03 09:38:43.492  2048  7043 D UvcApiCaptureSession: ...doClose()
02-03 09:38:43.492  2048  7043 D UsbResiliantWebcam|DelCaptureSequence: ...undoStreaming()
02-03 09:38:43.492  2048  7049 D UsbResiliantWebcam|DelCaptureSession: camera session is closed: Webcam(D5386480)
02-03 09:38:43.492  2048  7043 V UsbResiliantWebcam|DelCaptureSequence: destroy(hash=0x082d4641)
02-03 09:38:43.492  2048  7049 V UvcApiCaptureSession: destroy(hash=0x0df4e7e6)
02-03 09:38:43.493  2048  7049 D UvcApiCaptureSession: destructor...
02-03 09:38:43.493  2048  7043 D UsbResiliantWebcam|DelCaptureSession: ...stopCapture()
02-03 09:38:43.493  2048  7049 D UvcApiCaptureSession: ...destructor
02-03 09:38:43.493  2048  7043 D UsbResiliantWebcam|DelCaptureSession: doClose()...
02-03 09:38:43.493  2048  7043 D UsbResiliantWebcam|DelCaptureSession: ...doClose()
02-03 09:38:43.493  2048  7043 V CameraImpl: destroy(hash=0x05a642c5)
02-03 09:38:43.493  2048  7043 D UsbResiliantWebcam: CameraImpl.destructor()...
02-03 09:38:43.493  2048  2483 D RobotCore: capture sequence DelegatingCaptureSequenceId(1) reports completed: lastFrame=1096
02-03 09:38:43.493  2048  7043 D UsbResiliantWebcam: externalDestructor()...
02-03 09:38:43.494  2048  2483 V UsbResiliantWebcam|DelCaptureSession: destroy(hash=0x08cb0928)
02-03 09:38:43.494  2048  2483 D UsbResiliantWebcam|DelCaptureSession: destructor()...
02-03 09:38:43.494  2048  2483 D UsbResiliantWebcam|DelCaptureSession: ...destructor()
02-03 09:38:43.494  2048  7043 V CameraImpl: destroy(hash=0x06a9bf09)
02-03 09:38:43.495  2048  7049 D CameraManager: camera reports closed: CameraImpl(UsbResiliantWebcam(Webcam(D5386480)))
02-03 09:38:43.495  2048  7043 D UvcDeviceHandle: CameraImpl.destructor()...
02-03 09:38:43.495  2048  7043 D UvcDeviceHandle: externalDestructor()...
02-03 09:38:43.495  2048  7043 D UsbResiliantWebcam: changeDelegatedCamera(CameraImpl(UvcDeviceHandle(pointer=0xd0251ba0|UvcDevice(/dev/bus/usb/003/004)))->null)...
02-03 09:38:43.496  2048  7043 D CachingExposureControl: onCameraChanged(CameraImpl(UvcDeviceHandle(pointer=0xd0251ba0|UvcDevice(/dev/bus/usb/003/004)))->null)...
02-03 09:38:43.496  2048  7043 D CachingExposureControl: ...onCameraChanged(CameraImpl(UvcDeviceHandle(pointer=0xd0251ba0|UvcDevice(/dev/bus/usb/003/004)))->null)
