02-07 11:59:55.352 11453 12420 V Uvc     : API: Java_org_firstinspires_ftc_robotcore_internal_camera_libuvc_nativeobject_UvcStreamHandle_nativeStopStreaming: ...exit
02-07 11:59:55.352 11453 12420 D Uvc     : [jni_streamhandle.cpp:184] ...Java_org_firstinspires_ftc_robotcore_internal_camera_libuvc_nativeobject_UvcStreamHandle_nativeStopStreaming()
02-07 11:59:55.353 11453 12420 D Uvc     : [jni_streamhandle.cpp:200] Java_org_firstinspires_ftc_robotcore_internal_camera_libuvc_nativeobject_UvcStreamHandle_nativeCloseStreamHandle()...
02-07 11:59:55.353 11453 12420 V Uvc     : API: Java_org_firstinspires_ftc_robotcore_internal_camera_libuvc_nativeobject_UvcStreamHandle_nativeCloseStreamHandle: enter...
02-07 11:59:55.353 11453 12420 D Uvc     : [stream.cpp:1584] uvc_stream_close()...
02-07 11:59:55.353 11453 12420 D Uvc     : [streamhandle.cpp:45] uvc_stream_handle::~uvc_stream_handle()...
02-07 11:59:55.353 11453 12420 D Uvc     : [streamhandle.cpp:66] uvc_stream_handle::releaseInterface()...
02-07 11:59:55.353 11453 12420 D Uvc     : [libuvc/libuvc_internal.h:793] uvc_device_handle::releaseInterface()...
02-07 11:59:55.354 11453 12420 D UvcDevice: releaseInterface(1)
02-07 11:59:55.355 11453 12420 D UvcDevice: releaseInterface(1) succeeded
02-07 11:59:55.355 11453 12420 D Uvc     : [libuvc/libuvc_internal.h:793] ...uvc_device_handle::releaseInterface() rc=0
02-07 11:59:55.355 11453 12420 D Uvc     : [streamhandle.cpp:66] ...uvc_stream_handle::releaseInterface()
02-07 11:59:55.355 11453 12420 D Uvc     : [streamhandle.cpp:45] ...uvc_stream_handle::~uvc_stream_handle()
02-07 11:59:55.355 11453 12420 D Uvc     : [stream.cpp:1584] ...uvc_stream_close()
02-07 11:59:55.356 11453 12420 V Uvc     : API: Java_org_firstinspires_ftc_robotcore_internal_camera_libuvc_nativeobject_UvcStreamHandle_nativeCloseStreamHandle: ...exit
02-07 11:59:55.356 11453 12420 D Uvc     : [jni_streamhandle.cpp:200] ...Java_org_firstinspires_ftc_robotcore_internal_camera_libuvc_nativeobject_UvcStreamHandle_nativeCloseStreamHandle()
02-07 11:59:55.358 11453 11734 D RobotCore: capture sequence DelegatingCaptureSequenceId(1) reports completed: lastFrame=651
02-07 11:59:55.359 11453 12420 V UvcApiCameraCaptureSequence: destroy(hash=0x01c99208)
02-07 11:59:55.359 11453 12420 D UvcApiCaptureSession: ...stopCapture()
02-07 11:59:55.360 11453 12420 D UvcApiCaptureSession: doClose()...
02-07 11:59:55.361 11453 12433 D UsbResiliantWebcam|DelCaptureSession: camera session is closed: Webcam(2D25B27F)
02-07 11:59:55.362 11453 12420 D UvcApiCaptureSession: ...doClose()
02-07 11:59:55.363 11453 12420 V UvcApiCaptureSession: destroy(hash=0x01d39bab)
02-07 11:59:55.363 11453 12420 D UvcApiCaptureSession: destructor...
02-07 11:59:55.364 11453 12420 D UvcApiCaptureSession: ...destructor
02-07 11:59:55.364 11453 12420 D UsbResiliantWebcam|DelCaptureSequence: ...undoStreaming()
02-07 11:59:55.365 11453 12420 V UsbResiliantWebcam|DelCaptureSequence: destroy(hash=0x0d6d09fa)
02-07 11:59:55.365 11453 11734 D RobotCore: capture sequence DelegatingCaptureSequenceId(1) reports completed: lastFrame=651
02-07 11:59:55.365 11453 12420 D UsbResiliantWebcam|DelCaptureSession: ...stopCapture()
02-07 11:59:55.365 11453 12420 D UsbResiliantWebcam|DelCaptureSession: doClose()...
02-07 11:59:55.366 11453 12420 D UsbResiliantWebcam|DelCaptureSession: ...doClose()
02-07 11:59:55.367 11453 12420 V UsbResiliantWebcam|DelCaptureSession: destroy(hash=0x024f1425)
02-07 11:59:55.367 11453 12420 D UsbResiliantWebcam|DelCaptureSession: destructor()...
02-07 11:59:55.367 11453 12420 D UsbResiliantWebcam|DelCaptureSession: ...destructor()
02-07 11:59:55.368 11453 12420 V CameraImpl: destroy(hash=0x00790cee)
02-07 11:59:55.368 11453 12420 D UsbResiliantWebcam: CameraImpl.destructor()...
02-07 11:59:55.369 11453 12420 D UsbResiliantWebcam: externalDestructor()...
02-07 11:59:55.370 11453 12420 V CameraImpl: destroy(hash=0x040f08a2)
02-07 11:59:55.370 11453 12433 D CameraManager: camera reports closed: CameraImpl(UsbResiliantWebcam(Webcam(2D25B27F)))
02-07 11:59:55.370 11453 12420 D UvcDeviceHandle: CameraImpl.destructor()...
02-07 11:59:55.370 11453 12420 D UvcDeviceHandle: externalDestructor()...
02-07 11:59:55.372 11453 12420 D UsbResiliantWebcam: changeDelegatedCamera(CameraImpl(UvcDeviceHandle(pointer=0xc05e70d0|UvcDevice(/dev/bus/usb/001/002)))->null)...
02-07 11:59:55.373 11453 12420 D CachingExposureControl: onCameraChanged(CameraImpl(UvcDeviceHandle(pointer=0xc05e70d0|UvcDevice(/dev/bus/usb/001/002)))->null)...
02-07 11:59:55.374 11453 12420 D CachingExposureControl: ...onCameraChanged(CameraImpl(UvcDeviceHandle(pointer=0xc05e70d0|UvcDevice(/dev/bus/usb/001/002)))->null)
02-07 11:59:55.374 11453 12420 D UsbResiliantWebcam: ...changeDelegatedCamera(CameraImpl(UvcDeviceHandle(pointer=0xc05e70d0|UvcDevice(/dev/bus/usb/001/002)))->null)
02-07 11:59:55.374 11453 12420 D UvcDeviceHandle: ...externalDestructor()
02-07 11:59:55.375 11453 12420 V UvcDeviceHandle: destroy(pointer=0xc05e70d0)
02-07 11:59:55.375 11453 12420 D UvcDeviceHandle: destructor...
02-07 11:59:55.375 11453 12420 D Uvc     : [jni_devicehandle.cpp:87] Java_org_firstinspires_ftc_robotcore_internal_camera_libuvc_nativeobject_UvcDeviceHandle_nativeReleaseRefDeviceHandle()...
02-07 11:59:55.375 11453 12420 V Uvc     : API: Java_org_firstinspires_ftc_robotcore_internal_camera_libuvc_nativeobject_UvcDeviceHandle_nativeReleaseRefDeviceHandle: enter...
02-07 11:59:55.375 11453 12420 D Uvc     : [libuvc/libuvc_internal.h:872] uvc_device_handle::~uvc_device_handle()...
02-07 11:59:55.375 11453 12420 D Uvc     : [libuvc/libuvc_internal.h:840] uvc_device_handle::deconstruct()...
02-07 11:59:55.375 11453 12420 D Uvc     : [libuvc/libuvc_internal.h:751] uvc_device_handle::stop()...
02-07 11:59:55.375 11453 12420 D Uvc     : [libuvc/libuvc_internal.h:751] ...uvc_device_handle::stop()
02-07 11:59:55.375 11453 12420 D Uvc     : [libuvc/libuvc_internal.h:865] uvc_device_handle::close()...
02-07 11:59:55.376 11453 12420 E libusb  : [157.491168] [00003084] libusb: error [do_close] Device handle closed while transfer was still being processed, but the device is still connected as far as we know
02-07 11:59:55.376 11453 12420 E libusb  : [157.491333] [00003084] libusb: error [do_close] A cancellation hasn't even been scheduled on the transfer for which the device is closing
02-07 11:59:55.376 11453 12420 D Uvc     : [libuvc/libuvc_internal.h:865] ...uvc_device_handle::close()
02-07 11:59:55.376 11453 12420 D Uvc     : [libuvc/libuvc_internal.h:840] ...uvc_device_handle::deconstruct()
02-07 11:59:55.376 11453 12420 D Uvc     : [device.cpp:433] uvc_free_device_info()...
02-07 11:59:55.376 11453 12420 D Uvc     : [device.cpp:433] ...uvc_free_device_info()
02-07 11:59:55.376 11453 12420 D Uvc     : [libuvc/libuvc_internal.h:872] ...uvc_device_handle::~uvc_device_handle()
02-07 11:59:55.376 11453 12420 V Uvc     : API: Java_org_firstinspires_ftc_robotcore_internal_camera_libuvc_nativeobject_UvcDeviceHandle_nativeReleaseRefDeviceHandle: ...exit
02-07 11:59:55.376 11453 12420 D Uvc     : [jni_devicehandle.cpp:87] ...Java_org_firstinspires_ftc_robotcore_internal_camera_libuvc_nativeobject_UvcDeviceHandle_nativeReleaseRefDeviceHandle()
02-07 11:59:55.377 11453 12420 V UvcDevice: destroy(pointer=0xc8a0dac0|/dev/bus/usb/001/002)
02-07 11:59:55.377 11453 12420 D UsbDeviceConnectionJNI: close
02-07 11:59:55.377 11453 12420 D Uvc     : [jni_device.cpp:126] Java_org_firstinspires_ftc_robotcore_internal_camera_libuvc_nativeobject_UvcDevice_nativeReleaseRefDevice()...
02-07 11:59:55.377 11453 12420 V Uvc     : API: Java_org_firstinspires_ftc_robotcore_internal_camera_libuvc_nativeobject_UvcDevice_nativeReleaseRefDevice: enter...
02-07 11:59:55.377 11453 12420 D Uvc     : [device.cpp:882] uvc_unref_device()...
02-07 11:59:55.377 11453 12420 D Uvc     : [device.cpp:882] ...uvc_unref_device()
02-07 11:59:55.378 11453 12420 V Uvc     : API: Java_org_firstinspires_ftc_robotcore_internal_camera_libuvc_nativeobject_UvcDevice_nativeReleaseRefDevice: ...exit
02-07 11:59:55.378 11453 12420 D Uvc     : [jni_device.cpp:126] ...Java_org_firstinspires_ftc_robotcore_internal_camera_libuvc_nativeobject_UvcDevice_nativeReleaseRefDevice()
02-07 11:59:55.378 11453 12420 V LibUsbDevice: destroy(pointer=0xcb9b3100)
02-07 11:59:55.378 11453 12420 D Uvc     : [jni_libusb_device.cpp:64] Java_org_firstinspires_ftc_robotcore_internal_camera_libuvc_nativeobject_LibUsbDevice_nativeReleaseRefDevice()...
02-07 11:59:55.378 11453 12420 D Uvc     : [jni_libusb_device.cpp:64] ...Java_org_firstinspires_ftc_robotcore_internal_camera_libuvc_nativeobject_LibUsbDevice_nativeReleaseRefDevice()
02-07 11:59:55.379 11453 12420 D UvcDeviceHandle: ...destructor
02-07 11:59:55.379 11453 12420 D UvcDeviceHandle: ...CameraImpl.destructor()
02-07 11:59:55.380 11453 12420 D UsbResiliantWebcam: ...externalDestructor()
02-07 11:59:55.380 11453 12420 V UsbResiliantWebcam: destroy(hash=0x094e3484)
02-07 11:59:55.381 11453 12420 D UsbResiliantWebcam: destructor()...
02-07 11:59:55.381 11453 12420 D UsbResiliantWebcam: ...destructor()
02-07 11:59:55.381 11453 12420 D UsbResiliantWebcam: ...CameraImpl.destructor()
02-07 11:59:58.106 11453 12420 I global  :  RENO - SlidersWith2Motors.waitRunningComplete(SlidersWith2Motors.java:147): Slider waiting time = 0.29 sec
02-07 11:59:58.208 11453 12420 I global  :  RENO - AutoRoadRunner.rrUnloadCone(AutoRoadRunner.java:423): Wait before unloading claw open.
02-07 11:59:58.268 11453 12420 I global  :  RENO - AutoRoadRunner.rrUnloadCone(AutoRoadRunner.java:427): Auto unload - Cone has been unloaded.
02-07 12:00:00.407 11453 12420 I global  :  RENO - AutoRoadRunner.rrLoadCone(AutoRoadRunner.java:404): Wait before claw close.
02-07 12:00:00.435 11453 12420 I global  :  RENO - SlidersWith2Motors.waitRunningComplete(SlidersWith2Motors.java:147): Slider waiting time = 0.03 sec
02-07 12:00:00.604 11453 12420 I global  :  RENO - AutoRoadRunner.rrLoadCone(AutoRoadRunner.java:410): Wait before moving out cone stack.
02-07 12:00:02.601 11453 12420 I global  :  RENO - SlidersWith2Motors.waitRunningComplete(SlidersWith2Motors.java:147): Slider waiting time = 0.16 sec
02-07 12:00:02.703 11453 12420 I global  :  RENO - AutoRoadRunner.rrUnloadCone(AutoRoadRunner.java:423): Wait before unloading claw open.
02-07 12:00:02.765 11453 12420 I global  :  RENO - AutoRoadRunner.rrUnloadCone(AutoRoadRunner.java:427): Auto unload - Cone has been unloaded.
02-07 12:00:04.916 11453 12420 I global  :  RENO - AutoRoadRunner.rrLoadCone(AutoRoadRunner.java:404): Wait before claw close.
02-07 12:00:04.972 11453 12420 I global  :  RENO - SlidersWith2Motors.waitRunningComplete(SlidersWith2Motors.java:147): Slider waiting time = 0.05 sec
02-07 12:00:05.146 11453 12420 I global  :  RENO - AutoRoadRunner.rrLoadCone(AutoRoadRunner.java:410): Wait before moving out cone stack.
02-07 12:00:07.164 11453 12420 I global  :  RENO - SlidersWith2Motors.waitRunningComplete(SlidersWith2Motors.java:147): Slider waiting time = 0.15 sec
02-07 12:00:07.266 11453 12420 I global  :  RENO - AutoRoadRunner.rrUnloadCone(AutoRoadRunner.java:423): Wait before unloading claw open.
02-07 12:00:07.328 11453 12420 I global  :  RENO - AutoRoadRunner.rrUnloadCone(AutoRoadRunner.java:427): Auto unload - Cone has been unloaded.
02-07 12:00:09.447 11453 12420 I global  :  RENO - AutoRoadRunner.rrLoadCone(AutoRoadRunner.java:404): Wait before claw close.
02-07 12:00:09.585 11453 12420 I global  :  RENO - SlidersWith2Motors.waitRunningComplete(SlidersWith2Motors.java:147): Slider waiting time = 0.14 sec
02-07 12:00:09.753 11453 12420 I global  :  RENO - AutoRoadRunner.rrLoadCone(AutoRoadRunner.java:410): Wait before moving out cone stack.
02-07 12:00:11.749 11453 12420 I global  :  RENO - SlidersWith2Motors.waitRunningComplete(SlidersWith2Motors.java:147): Slider waiting time = 0.16 sec
02-07 12:00:11.851 11453 12420 I global  :  RENO - AutoRoadRunner.rrUnloadCone(AutoRoadRunner.java:423): Wait before unloading claw open.
02-07 12:00:11.911 11453 12420 I global  :  RENO - AutoRoadRunner.rrUnloadCone(AutoRoadRunner.java:427): Auto unload - Cone has been unloaded.
02-07 12:00:14.053 11453 12420 I global  :  RENO - AutoRoadRunner.rrLoadCone(AutoRoadRunner.java:404): Wait before claw close.
02-07 12:00:14.195 11453 12420 I global  :  RENO - SlidersWith2Motors.waitRunningComplete(SlidersWith2Motors.java:147): Slider waiting time = 0.14 sec
02-07 12:00:14.365 11453 12420 I global  :  RENO - AutoRoadRunner.rrLoadCone(AutoRoadRunner.java:410): Wait before moving out cone stack.
02-07 12:00:16.408 11453 12420 I global  :  RENO - SlidersWith2Motors.waitRunningComplete(SlidersWith2Motors.java:147): Slider waiting time = 0.21 sec
02-07 12:00:16.511 11453 12420 I global  :  RENO - AutoRoadRunner.rrUnloadCone(AutoRoadRunner.java:423): Wait before unloading claw open.
02-07 12:00:16.571 11453 12420 I global  :  RENO - AutoRoadRunner.rrUnloadCone(AutoRoadRunner.java:427): Auto unload - Cone has been unloaded.
02-07 12:00:18.719 11453 12420 I global  :  RENO - AutoRoadRunner.rrLoadCone(AutoRoadRunner.java:404): Wait before claw close.
02-07 12:00:18.905 11453 12420 I global  :  RENO - SlidersWith2Motors.waitRunningComplete(SlidersWith2Motors.java:147): Slider waiting time = 0.18 sec
02-07 12:00:19.075 11453 12420 I global  :  RENO - AutoRoadRunner.rrLoadCone(AutoRoadRunner.java:410): Wait before moving out cone stack.
02-07 12:00:21.305 11453 12420 I global  :  RENO - SlidersWith2Motors.waitRunningComplete(SlidersWith2Motors.java:147): Slider waiting time = 0.41 sec
02-07 12:00:21.407 11453 12420 I global  :  RENO - AutoRoadRunner.rrUnloadCone(AutoRoadRunner.java:423): Wait before unloading claw open.
02-07 12:00:21.471 11453 12420 I global  :  RENO - AutoRoadRunner.rrUnloadCone(AutoRoadRunner.java:427): Auto unload - Cone has been unloaded.
02-07 12:00:25.022 11453 12420 I global  :  RENO - AutoRoadRunner.autonomousCore(AutoRoadRunner.java:385): traj1 end x = -33.00,  y = -13.00, angle = 90.00
02-07 12:00:25.024 11453 12420 I global  :  RENO - AutoRoadRunner.autonomousCore(AutoRoadRunner.java:387): estimate end x = -33.04,  y = -12.65, angle = 89.94
02-07 12:00:25.032 11453 12420 I global  :  RENO - AutoRoadRunner.runOpMode(AutoRoadRunner.java:305): Autonomous - total Run Time: 29.8966 seconds
02-07 12:00:25.045 11453 12420 D RobotCore: User runOpModeMethod exited
02-07 12:00:25.046 11453 12420 V RobotCore: thread: ...terminating 'OpModeThread'
02-07 12:00:25.048 11453 11662 I FtcEventLoop: auto-stopping OpMode 'Auto RR right'
02-07 12:00:25.050 11453 11662 I RobotCore: ******************** STOP - OPMODE /storage/emulated/0/FIRST/matchlogs/Match-0-Auto_RR_right.txt ********************
02-07 12:00:25.058 11453 12600 I RobotCore: saving match logcat to /storage/emulated/0/FIRST/matchlogs/Match-0-Auto_RR_right.txt
02-07 12:00:25.058 11453 12600 I RobotCore: logging command line: exec logcat -d -T '2-7 11:59:48.000' -f '/storage/emulated/0/FIRST/matchlogs/Match-0-Auto_RR_right.txt' -n4 -v threadtime UsbRequestJNI:S UsbRequest:S art:W ThreadPool:W System:W ExtendedExtractor:W OMXClient:W MediaPlayer:W dalvikvm:W  *:V
02-07 12:00:25.060 11453 11662 I RobotCore: Attempting to switch to op mode $Stop$Robot$
02-07 12:00:25.060 11453 11662 D HardwareMap: Clearing which device instances have been retrieved
02-07 12:00:25.061 11453 11662 D HardwareMap: Clearing which device instances have been retrieved
02-07 12:00:25.064 11453 12602 V RobotCore: thread: 'OpModeThread' starting...
02-07 12:00:25.067 11453 11602 V Robocol : sending CMD_STREAM_CHANGE(2441), attempt: 0
02-07 12:00:25.068 11453 11602 V Robocol : sending CMD_NOTIFY_INIT_OP_MODE(2448), attempt: 0
02-07 12:00:25.110 11453 11599 V Robocol : received command: CMD_RUN_OP_MODE(12377) $Stop$Robot$
02-07 12:00:25.147 11453 11602 V Robocol : sending CMD_NOTIFY_RUN_OP_MODE(2454), attempt: 0
02-07 12:00:25.202 11453 12600 I RobotCore: Done running exec logcat -d -T '2-7 11:59:48.000' -f '/storage/emulated/0/FIRST/matchlogs/Match-0-Auto_RR_right.txt' -n4 -v threadtime UsbRequestJNI:S UsbRequest:S art:W ThreadPool:W System:W ExtendedExtractor:W OMXClient:W MediaPlayer:W dalvikvm:W  *:V
02-07 12:00:25.202 11453 12600 I RobotCore: exiting match logcat for /storage/emulated/0/FIRST/matchlogs/Match-0-Auto_RR_right.txt
--------- beginning of main
12-31 18:00:14.137   982   982 I PermissionValidatorActivity: Lifecycle onStart : 6a70b24
12-31 18:00:14.138   982   982 I PermissionValidator: Checking permission for android.permission.WRITE_EXTERNAL_STORAGE
12-31 18:00:14.142   982   982 I PermissionValidator:     Granted: android.permission.WRITE_EXTERNAL_STORAGE
12-31 18:00:14.142   982   982 I PermissionValidator: Checking permission for android.permission.READ_EXTERNAL_STORAGE
12-31 18:00:14.143   982   982 I PermissionValidator:     Granted: android.permission.READ_EXTERNAL_STORAGE
12-31 18:00:14.143   982   982 I PermissionValidator: Checking permission for android.permission.CAMERA
12-31 18:00:14.144   982   982 I PermissionValidator:     Granted: android.permission.CAMERA
12-31 18:00:14.144   982   982 I PermissionValidator: Checking permission for android.permission.ACCESS_COARSE_LOCATION
12-31 18:00:14.145   982   982 I PermissionValidator:     Granted: android.permission.ACCESS_COARSE_LOCATION
12-31 18:00:14.145   982   982 I PermissionValidator: Checking permission for android.permission.ACCESS_FINE_LOCATION
12-31 18:00:14.147   982   982 I PermissionValidator:     Granted: android.permission.ACCESS_FINE_LOCATION
12-31 18:00:14.147   982   982 I PermissionValidator: Checking permission for android.permission.READ_PHONE_STATE
12-31 18:00:14.147   982   982 I PermissionValidator:     Granted: android.permission.READ_PHONE_STATE
12-31 18:00:14.151   982   982 V ServiceStarter: attempting to start service MediaTransferProtocolMonitorService
12-31 18:00:14.154   982   982 V ServiceStarter: started service MediaTransferProtocolMonitorService
12-31 18:00:14.154   982   982 V ServiceStarter: attempting to start service OnBotJavaService
12-31 18:00:14.157   982   982 V ServiceStarter: started service OnBotJavaService
12-31 18:00:14.157   982   982 I PermissionValidatorActivity: All permissions validated.  Starting RobotController
12-31 18:00:14.169   982   982 V MTPMonitorService: onCreate()
12-31 18:00:14.169   982   982 V MTPMonitorService: onStartCommand() intent=Intent { cmp=com.qualcomm.ftcrobotcontroller/org.firstinspires.ftc.robotcore.internal.files.MediaTransferProtocolMonitorService } flags=0x0 startId=1
12-31 18:00:14.172   982   982 V MTPMonitor: observing: /storage/emulated/0
12-31 18:00:14.223   982   982 V OnBotJavaService: onCreate()
12-31 18:00:14.224   982   982 V OnBotJavaService: onStartCommand() intent=Intent { cmp=com.qualcomm.ftcrobotcontroller/org.firstinspires.ftc.onbotjava.OnBotJavaService } flags=0x0 startId=1
12-31 18:00:14.225   982   982 V OnBotJava: OnBotJavaManager::static
12-31 18:00:14.998   982   982 V OnBotJava: ctor()...
12-31 18:00:15.000   982   982 V OnBotJava: ...ctor()
12-31 18:00:15.005   982   982 V RCActivity: Permissions validated already
12-31 18:00:15.005   982   982 V RCActivity: onCreate()
12-31 18:00:15.007   982   982 V RCActivity: rootActivity is of class PermissionValidatorWrapper
12-31 18:00:15.007   982   982 V RCActivity: launchActivity is of class class org.firstinspires.ftc.robotcontroller.internal.PermissionValidatorWrapper
12-31 18:00:15.015   982  1100 V CallbackLooper: thread=30
12-31 18:00:15.021   982   982 V NetDiscover_wifiDirectAgent: doStart()...
12-31 18:00:15.027   982   982 V NetDiscover_wifiDirectAgent: ...doStart()
12-31 18:00:15.028   982   982 V NetDiscover_prefremrc: ----- all preferences -----
12-31 18:00:15.028   982   982 V NetDiscover_prefremrc: name='android.permission.READ_PHONE_STATE' value=false
12-31 18:00:15.029   982   982 V NetDiscover_prefremrc: name='pref_app_version' value=unavailable
12-31 18:00:15.029   982   982 V NetDiscover_prefremrc: name='pref_autostarted_robot_controller' value=true
12-31 18:00:15.029   982   982 V NetDiscover_prefremrc: name='pref_warn_about_obsolete_software' value=true
12-31 18:00:15.030   982   982 V NetDiscover_prefremrc: name='pref_network_protocol_version' value=unavailable
12-31 18:00:15.030   982   982 V NetDiscover_prefremrc: name='pref_has_independent_phone_battery' value=false
12-31 18:00:15.030   982   982 V NetDiscover_prefremrc: name='android.permission.CAMERA' value=false
12-31 18:00:15.030   982   982 V NetDiscover_prefremrc: name='pref_wifip2p_remote_channel_change_works' value=false
12-31 18:00:15.030   982   982 V NetDiscover_prefremrc: name='pref_hardware_config_filename' value={"isDirty":false,"location":"LOCAL_STORAGE","name":"ftc6motorExIMU2C","resourceId":0}
12-31 18:00:15.030   982   982 V NetDiscover_prefremrc: name='pref_build_time' value=unavailable
12-31 18:00:15.030   982   982 V NetDiscover_prefremrc: name='pref_sound_on_off' value=false
12-31 18:00:15.031   982   982 V NetDiscover_prefremrc: name='pref_warn_about_mismatched_app_versions' value=true
12-31 18:00:15.031   982   982 V NetDiscover_prefremrc: name='pref_ftc_season_year_of_current_rc_new' value=2022
12-31 18:00:15.031   982   982 V NetDiscover_prefremrc: name='App Restrictions' value=AAAAAA==
12-31 18:00:15.031   982   982 V NetDiscover_prefremrc:     
12-31 18:00:15.031   982   982 V NetDiscover_prefremrc: name='pref_warn_about_incorrect_clocks' value=true
12-31 18:00:15.031   982   982 V NetDiscover_prefremrc: name='pref_has_speaker' value=false
12-31 18:00:15.031   982   982 V NetDiscover_prefremrc: name='android.permission.ACCESS_COARSE_LOCATION' value=false
12-31 18:00:15.032   982   982 V NetDiscover_prefremrc: name='android.permission.WRITE_EXTERNAL_STORAGE' value=false
12-31 18:00:15.032   982   982 V NetDiscover_prefremrc: name='pref_connection_owner_password' value=ftc21180
12-31 18:00:15.032   982   982 V NetDiscover_prefremrc: name='pref_pairing_kind' value=RCWIRELESSAP
12-31 18:00:15.032   982   982 V NetDiscover_prefremrc: name='pref_device_name_internal' value=21180-RC
12-31 18:00:15.032   982   982 V NetDiscover_prefremrc: name='pref_app_theme' value=red
12-31 18:00:15.032   982   982 V NetDiscover_prefremrc: name='android.permission.ACCESS_FINE_LOCATION' value=false
12-31 18:00:15.032   982   982 V NetDiscover_prefremrc: name='pref_device_name' value=21180-RC
12-31 18:00:15.032   982   982 V NetDiscover_prefremrc: name='pref_network_connection_info' value=unavailable
12-31 18:00:15.032   982   982 V NetDiscover_prefremrc: name='pref_warn_about_2_4_ghz_band' value=true
12-31 18:00:15.033   982   982 V NetDiscover_prefremrc: name='pref_device_name_tracking' value=WIFIAP
12-31 18:00:15.033   982   982 V NetDiscover_prefremrc: name='android.permission.READ_EXTERNAL_STORAGE' value=false
12-31 18:00:15.033   982   982 V NetDiscover_prefremrc: name='pref_rc_connected' value=true
12-31 18:00:15.033   982   982 V NetDiscover_prefremrc: name='pref_lib_version' value=unavailable
12-31 18:00:15.047   982   982 V Robocol : SendOnceRunnable created
12-31 18:00:15.049   982   982 V NetDiscover_prefremrc: doStart()...
12-31 18:00:15.049   982   982 V NetDiscover_prefremrc: ...doStart()
12-31 18:00:15.093   982   982 W System  : ClassLoader referenced unknown path: /system/app/webview/lib/arm
12-31 18:00:15.094   982   982 D ApplicationLoaders: ignored Vulkan layer search path /system/app/webview/lib/arm:/system/app/webview/webview.apk!/lib/armeabi-v7a:/system/lib:/vendor/lib for namespace 0xf3239090
12-31 18:00:15.098   982   982 I WebViewFactory: Loading com.android.webview version 52.0.2743.100 (code 275610050)
12-31 18:00:15.212   982   982 I cr_LibraryLoader: Time to load native libraries: 83 ms (timestamps 5128-5211)
12-31 18:00:15.212   982   982 I cr_LibraryLoader: Expected native library version number "52.0.2743.100", actual native library version number "52.0.2743.100"
12-31 18:00:15.231   982   982 V WebViewChromiumFactoryProvider: Binding Chromium to main looper Looper (main, tid 1) {f793b68}
12-31 18:00:15.231   982   982 I cr_LibraryLoader: Expected native library version number "52.0.2743.100", actual native library version number "52.0.2743.100"
12-31 18:00:15.256   982   982 I chromium: [INFO:library_loader_hooks.cc(143)] Chromium logging enabled: level = 0, default verbosity = 0
12-31 18:00:15.277   982   982 I cr_BrowserStartup: Initializing chromium process, singleProcess=true
12-31 18:00:15.326   982   982 I mali_so : [File] : hardware/rockchip/driver/./src/base/arch/arch_011_udd/base_arch_main.c; [Line] : 565; [Func] : deal_with_version_affairs_rk_ext;
12-31 18:00:15.326   982   982 I mali_so : arm_release_ver of this mali_so is 'r7p0-00rel1', rk_so_ver is '1@2' for 3328h_android_7.1, built at '15:47:49', on 'Jun 28 2017'.
12-31 18:00:15.326   982   982 I mali_so : [File] : hardware/rockchip/driver/./src/base/arch/arch_011_udd/base_arch_main.c; [Line] : 578; [Func] : deal_with_version_affairs_rk_ext;
12-31 18:00:15.326   982   982 I mali_so : mali_ver_property has been set to 'r7p0-00rel1-5-1@2', to return.
12-31 18:00:15.424   982   982 I cr_DRP  : No DRP key due to exception:java.lang.ClassNotFoundException: com.android.webview.chromium.Drp
12-31 18:00:15.481   982   982 W cr_AwContents: onDetachedFromWindow called when already detached. Ignoring
12-31 18:00:15.852   982   982 V OnBotJava: getCurrentOutputDir() unavailable
12-31 18:00:15.852   982   982 V OnBotJava: getCurrentOutputDir() unavailable
12-31 18:00:15.852   982   982 W System  : ClassLoader referenced unknown path: 
12-31 18:00:19.769   982   982 V UpdateUI: Network: inactive, disconnected
12-31 18:00:19.770   982   982 V ServiceStarter: attempting to start service FtcRobotControllerWatchdogService
12-31 18:00:19.772   982   982 V ServiceStarter: started service FtcRobotControllerWatchdogService
12-31 18:00:19.798   982   982 I RobotCore: App info: version=8.1.1 appId=com.qualcomm.ftcrobotcontroller
12-31 18:00:19.798   982   982 I RobotCore: Android Device: maker=REV Robotics model=Control Hub v1.0 sdk=25 serial=e909a8e5cde7beec
12-31 18:00:19.798   982   982 V AndroidBoard: REV Control Hub contains REV3328
12-31 18:00:19.798   982   982 V AndroidBoard: Communicating with embedded REV hub via /dev/ttyS1
12-31 18:00:21.032   982   982 V RCActivity: onStart()
12-31 18:00:21.036   982   982 V RCActivity: onResume()
12-31 18:00:21.066   982   982 V NetDiscover_prefremrc: onSharedPreferenceChanged(name=App Restrictions, value=AAAAAA==
12-31 18:00:21.066   982   982 V NetDiscover_prefremrc: )
12-31 18:00:21.085   982   982 V FtcRobotControllerWatchdogService: onCreate()
12-31 18:00:21.086   982   982 V FtcRobotControllerWatchdogService: onStartCommand() intent=Intent { cmp=com.qualcomm.ftcrobotcontroller/org.firstinspires.ftc.ftccommon.internal.FtcRobotControllerWatchdogService } flags=0x0 startId=1
12-31 18:00:21.087   982   982 V FtcRobotControllerWatchdogService: shouldAutoLauchRobotController() result=true
12-31 18:00:21.088   982   982 V FTCService: onCreate()
12-31 18:00:21.127   982   982 W art     : Before Android 4.1, method double java.util.concurrent.ThreadLocalRandom.internalNextDouble(double, double) would have incorrectly overridden the package-private method in java.util.Random
12-31 18:00:21.127   982   982 W art     : Before Android 4.1, method int java.util.concurrent.ThreadLocalRandom.internalNextInt(int, int) would have incorrectly overridden the package-private method in java.util.Random
12-31 18:00:21.127   982   982 W art     : Before Android 4.1, method long java.util.concurrent.ThreadLocalRandom.internalNextLong(long, long) would have incorrectly overridden the package-private method in java.util.Random
12-31 18:00:21.165   982   982 V FTCService: onBind()
12-31 18:00:21.194   982   982 V CoreRobotWebServer: creating NanoHTTPD(8080)
12-31 18:00:21.196   982   982 V WebSocketManager: Registered broadcast-only namespace progress
12-31 18:00:21.203   982   982 V WebSocketManager: Registered handler for namespace ControlHubUpdater
12-31 18:00:21.205   982   982 V RobotCore: Getting network assistant of type: RCWIRELESSAP
12-31 18:00:21.206   982   982 I RobotControllerAccessPointAssistant: Enabling network services
12-31 18:00:21.209   982   982 I RobotControllerAccessPointAssistant: Sending SSID and password to AP service
12-31 18:00:21.210   982   982 I RobotCore: ftc21180
12-31 18:00:21.210   982   982 D RobotControllerAccessPointAssistant: setNetworkProperties(deviceName=21180-RC, password=ftc21180, ApChannel=null) sendSettingsIndividually=false
12-31 18:00:21.210   982   982 I NetDiscover_ControlHubNameManager: Robot controller name: 21180-RC
12-31 18:00:21.211   982   982 I ControlHubPasswordManager: Robot controller password: ftc21180
12-31 18:00:21.211   982   982 D RobotControllerAccessPointAssistant: Sending bulk settings broadcast intent
12-31 18:00:21.287   982  1141 I OpenGLRenderer: Initialized EGL, version 1.4
12-31 18:00:21.287   982  1141 D OpenGLRenderer: Swap behavior 1
12-31 18:00:21.298   982   982 I RobotControllerAccessPointAssistant: Wi-Fi state change:, wifiApState: 13
12-31 18:00:21.299   982   982 I FTCService: onNetworkConnectionEvent: CONNECTION_INFO_AVAILABLE
12-31 18:00:21.299   982   982 I RobotCore: ftc21180
12-31 18:00:21.299   982   982 I FTCService: Network Connection Passphrase: ftc21180
12-31 18:00:21.299   982   982 V CoreRobotWebServer: starting port=8080
12-31 18:00:21.311   982   982 V RobotCore: Getting network assistant of type: RCWIRELESSAP
12-31 18:00:21.313   982   982 V CoreRobotWebServer: started port=8080
12-31 18:00:21.313   982   982 V FTCService: RCActivity.controllerService=bound
12-31 18:00:21.314   982   982 V UpdateUI: Network: active, disconnected
12-31 18:00:21.315   982   982 V RobotCore: Robot Status: stopped
12-31 18:00:21.321   982  1146 V TooTallWebSocketServer: Started WebSocket server on port 8081
12-31 18:00:21.325   982  1149 V RobotCore: thread: 'RobotSetupRunnable.run()' starting...
12-31 18:00:21.325   982  1149 V FTCService: Processing robot setup
12-31 18:00:21.325   982  1149 V RobotCore: Robot Status: stopped, scanning for USB devices
12-31 18:00:21.325   982  1149 I AppAliveNotifier: Telling the OS to set the RC alive notification timeout to 10 seconds
12-31 18:00:21.349   982   982 V WebSocketManager: Registered handler for namespace ONBOTJAVA
12-31 18:00:21.401   982  1141 I [Gralloc]:  ion device open success! fd = 91
12-31 18:00:21.459   982   982 V AppUtil : rootActivity=PermissionValidatorWrapper destroyed
12-31 18:00:21.459   982   982 V AppUtil : rootActivity=FtcRobotControllerActivity
12-31 18:00:21.459   982   982 I PermissionValidatorActivity: Lifecycle onDestroy : 6a70b24
12-31 18:00:26.333   982  1149 V RobotCore: EventLoopManager state is NOT_STARTED
12-31 18:00:26.334   982  1149 V FTCService: Waiting for a connection to a Wi-Fi service
12-31 18:00:26.334   982  1149 V RobotCore: Robot Status: stopped, waiting for network to become active
12-31 18:00:26.336   982  1149 I RobotControllerAccessPointAssistant: Wi-Fi AP is enabled
12-31 18:00:26.336   982  1149 V CoreRobotWebServer: Asked an already running WebServer to start
12-31 18:00:26.337   982  1149 V RobotCore: Robot Status: stopped, starting robot
12-31 18:00:26.337   982  1149 V Robocol : EventLoopManager.start()
12-31 18:00:26.337   982  1149 V RobotCore: Getting network assistant of type: RCWIRELESSAP
12-31 18:00:26.338   982  1149 I RobotControllerAccessPointAssistant: Wi-Fi AP is enabled
12-31 18:00:26.338   982  1149 V Robocol : Spoofing a Network Connection event...
12-31 18:00:26.338   982  1149 I EventLoopManager: onNetworkConnectionEvent: CONNECTION_INFO_AVAILABLE
12-31 18:00:26.338   982  1149 I Robocol : Received network connection event
12-31 18:00:26.339   982  1149 I RobotControllerAccessPointAssistant: Wi-Fi AP is enabled
12-31 18:00:26.339   982  1149 I NetworkConnectionHandler: Handling new network connection infomation, connected: true setup needed: true
12-31 18:00:26.340   982  1149 I RobotControllerAccessPointAssistant: Wi-Fi AP is enabled
12-31 18:00:29.170   982  1217 V SessionCookie: added SessionCookie: cookie=74bff94d-6b53-4176-942e-08ea96ca2aaa uri='/js/rcInfo.json'
12-31 18:00:29.172   982  1217 I RobotCore: ftc21180
12-31 18:00:29.199   982  1219 V SessionCookie: added SessionCookie: cookie=036efc2a-6698-4d15-8202-898479a496f4 uri='/revHubsAvailableForUpdate'
12-31 18:00:29.261   982  1148 V FtcWebSocket: Opening websocket (ip=192.168.43.107/192.168.43.107 port=8081)
12-31 18:00:29.267   982  1148 V WebSocketManager: Subscribed websocket (ip=192.168.43.107/192.168.43.107 port=8081) to namespace (progress)
12-31 18:00:29.268   982  1148 V WebSocketManager: Subscribed websocket (ip=192.168.43.107/192.168.43.107 port=8081) to namespace (ControlHubUpdater)
12-31 18:00:29.350   982  1227 V RobotCore: thread: 'SetupRunnable.run()' starting...
12-31 18:00:29.350   982  1149 V RobotCore: EventLoopManager state is STOPPED
12-31 18:00:29.351   982  1149 V Robocol : eventLoop=FtcEventLoop
12-31 18:00:29.351   982  1149 V RobotCore: EventLoopManager state is INIT
12-31 18:00:29.352   982  1149 V RobotCore: Robot Status: initializing, starting robot
12-31 18:00:29.352   982  1149 I FtcEventLoop: ======= INIT START =======
12-31 18:00:29.353   982  1149 V OpmodeRegistration: registered {DefaultOpMode} as {$Stop$Robot$}
12-31 18:00:29.356   982  1149 V OpmodeRegistration: registered instance as {Enable/Disable Dashboard}
12-31 18:00:29.356   982  1149 D OpmodeRegistration: registered instance {com.acmerobotics.dashboard.FtcDashboard$9@fed382c} as {Enable/Disable Dashboard}
12-31 18:00:29.356   982  1227 D Robocol : RobocolDatagramSocket listening addr=/192.168.43.1:20884 cbRec=65520 cbSend=106496 msRecTO=300
12-31 18:00:29.357   982  1227 V Robocol : RecvLoopRunnable created
12-31 18:00:29.358   982  1228 V Robocol : PacketProcessor started
12-31 18:00:29.359   982  1229 V Robocol : CommandProcessor started
12-31 18:00:29.361   982  1230 V RobotCore: thread: 'RecvLoopRunnable.run()' starting...
12-31 18:00:29.362   982  1227 V PeerDiscovery: Starting peer discovery remote: /192.168.43.1 local: /192.168.43.1
12-31 18:00:29.362   982  1227 V PeerDiscovery: No need for initiating peer discovery, we are the Robot Controller
12-31 18:00:29.362   982  1227 V RobotCore: Setup complete
12-31 18:00:29.362   982  1227 V RobotCore: thread: ...terminating 'SetupRunnable.run()'
12-31 18:00:29.553   982  1149 V MD5     : Calculated digest: 9d9a9ed11665dc92c91c475aad54ef94
12-31 18:00:29.553   982  1149 V MD5     : Provided digest: 9d9a9ed11665dc92c91c475aad54ef94
12-31 18:00:29.673   982  1230 E Robocol : exception SocketTimeoutException(Receive timed out): no packet received [java.net.PlainDatagramSocketImpl.receive0(Native Method)]
12-31 18:00:30.012   982  1228 D RobotCore: system telemetry: key=$System$None$ msg=""
12-31 18:00:30.013   982  1228 V PeerDiscovery: new remote peer discovered: 192.168.43.230
12-31 18:00:30.013   982  1228 V NetworkConnectionHandler: starting sending loop
12-31 18:00:30.034   982  1256 V Robocol : sending CMD_NOTIFY_ROBOT_STATE(9), attempt: 0
12-31 18:00:30.054   982  1256 V Robocol : sending CMD_NOTIFY_ROBOT_STATE(10), attempt: 0
12-31 18:00:30.056   982  1256 V Robocol : sending CMD_NOTIFY_ROBOT_STATE(11), attempt: 0
12-31 18:00:30.083   982  1228 V UpdateUI: Network: active, connected
12-31 18:00:30.083   982  1228 D FTCService: Sending user device types and preferences to driver station
12-31 18:00:30.162   982  1228 V NetDiscover_prefremrc: sendAllPreferences()
12-31 18:00:30.162   982  1228 V NetDiscover_prefremrc: sending RC pref name=pref_wifip2p_remote_channel_change_works value=false
12-31 18:00:30.167   982  1228 V NetDiscover_prefremrc: sending RC pref name=pref_device_name value=21180-RC
12-31 18:00:30.168   982  1228 V NetDiscover_prefremrc: sending RC pref name=pref_warn_about_incorrect_clocks value=true
12-31 18:00:30.169   982  1228 V NetDiscover_prefremrc: sending RC pref name=pref_warn_about_obsolete_software value=true
12-31 18:00:30.169   982  1228 V NetDiscover_prefremrc: sending RC pref name=pref_has_speaker value=false
12-31 18:00:30.170   982  1228 V NetDiscover_prefremrc: sending RC pref name=pref_warn_about_2_4_ghz_band value=true
12-31 18:00:30.170   982  1228 V NetDiscover_prefremrc: sending RC pref name=pref_has_independent_phone_battery value=false
12-31 18:00:30.171   982  1228 V NetDiscover_prefremrc: sending RC pref name=pref_app_theme value=red
12-31 18:00:30.171   982  1228 V NetDiscover_prefremrc: sending RC pref name=pref_warn_about_mismatched_app_versions value=true
12-31 18:00:30.172   982  1228 V NetDiscover_prefremrc: sending RC pref name=pref_sound_on_off value=false
12-31 18:00:30.172   982  1228 V NetworkConnectionHandler: Peer connection established
12-31 18:00:30.177   982  1256 V Robocol : sending CMD_NOTIFY_USER_DEVICE_LIST(19), attempt: 0
12-31 18:00:30.181   982  1230 V EventLoopManager: Setting authoritative wall clock based on connected DS.
12-31 18:00:30.182   982  1230 D Uvc     : [time.cpp:64] Java_org_firstinspires_ftc_robotcore_internal_system_AppUtil_nativeSetCurrentTimeMillis()...
02-07 12:04:36.122   982  1230 I JniTime : [time.cpp:83] settimeofday() succeeded
02-07 12:04:36.122   982  1230 D Uvc     : [time.cpp:64] ...Java_org_firstinspires_ftc_robotcore_internal_system_AppUtil_nativeSetCurrentTimeMillis()
02-07 12:04:36.123   982  1228 V Robocol : packet processing took 161.5ms: type=PEER_DISCOVERY
02-07 12:04:36.128   982  1256 V Robocol : sending CMD_ROBOT_CONTROLLER_PREFERENCE(20), attempt: 0
02-07 12:04:36.130   982  1256 V Robocol : sending CMD_ROBOT_CONTROLLER_PREFERENCE(21), attempt: 0
02-07 12:04:36.130   982  1256 V Robocol : sending CMD_ROBOT_CONTROLLER_PREFERENCE(22), attempt: 0
02-07 12:04:36.133   982  1256 V Robocol : sending CMD_ROBOT_CONTROLLER_PREFERENCE(23), attempt: 0
02-07 12:04:36.135   982  1256 V Robocol : sending CMD_ROBOT_CONTROLLER_PREFERENCE(24), attempt: 0
02-07 12:04:36.136   982  1256 V Robocol : sending CMD_ROBOT_CONTROLLER_PREFERENCE(25), attempt: 0
02-07 12:04:36.137   982  1256 V Robocol : sending CMD_ROBOT_CONTROLLER_PREFERENCE(26), attempt: 0
02-07 12:04:36.138   982  1256 V Robocol : sending CMD_ROBOT_CONTROLLER_PREFERENCE(27), attempt: 0
02-07 12:04:36.139   982  1256 V Robocol : sending CMD_ROBOT_CONTROLLER_PREFERENCE(28), attempt: 0
02-07 12:04:36.140   982  1256 V Robocol : sending CMD_ROBOT_CONTROLLER_PREFERENCE(29), attempt: 0
02-07 12:04:36.163   982  1230 V AppUtil : attempted to set timezone: before=America/Chicago after=America/Chicago
02-07 12:04:36.169   982  1228 V Robocol : received command: CMD_REQUEST_ACTIVE_CONFIG(10000) 
02-07 12:04:36.170   982  1228 V Robocol : received command: CMD_REQUEST_USER_DEVICE_TYPES(10001) 
02-07 12:04:36.171   982  1228 V Robocol : received command: CMD_REQUEST_OP_MODE_LIST(10002) 
02-07 12:04:36.172   982  1228 V Robocol : received command: CMD_REQUEST_ACTIVE_CONFIG(10006) 
02-07 12:04:36.172   982  1228 V Robocol : received command: CMD_REQUEST_USER_DEVICE_TYPES(10007) 
02-07 12:04:36.173   982  1228 V Robocol : received command: CMD_REQUEST_OP_MODE_LIST(10008) 
02-07 12:04:36.174   982  1228 V Robocol : received command: CMD_ROBOT_CONTROLLER_PREFERENCE(10009) {"booleanValue":true,"prefName":"pref_ds_supports_5_ghz"}
02-07 12:04:36.174   982  1228 V Robocol : received command: CMD_ROBOT_CONTROLLER_PREFERENCE(10010) {"intValue":21,"prefName":"pref_dh_os_version_code"}
02-07 12:04:36.222   982  1149 V OpmodeRegistration: registered {AutoRRTest_PreCone} as {RR test 1 - precone}
02-07 12:04:36.223   982  1149 V OpmodeRegistration: registered {TurnTest} as {TurnTest}
02-07 12:04:36.224   982  1149 V OpmodeRegistration: registered {TrackingWheelForwardOffsetTuner} as {TrackingWheelForwardOffsetTuner}
02-07 12:04:36.224   982  1149 V OpmodeRegistration: registered {ManualFeedforwardTuner} as {ManualFeedforwardTuner}
02-07 12:04:36.225   982  1149 V OpmodeRegistration: registered {SplineTest} as {SplineTest}
02-07 12:04:36.225   982  1149 V OpmodeRegistration: registered {TrackingWheelLateralDistanceTuner} as {TrackingWheelLateralDistanceTuner}
02-07 12:04:36.226   982  1149 V OpmodeRegistration: registered {StrafeTest} as {StrafeTest}
02-07 12:04:36.226   982  1149 V OpmodeRegistration: registered {AutoRRTest_PickCone} as {RR test 2 - pickCone}
02-07 12:04:36.227   982  1149 V OpmodeRegistration: registered {FollowerPIDTuner} as {FollowerPIDTuner}
02-07 12:04:36.227   982  1149 V OpmodeRegistration: registered {MaxVelocityTuner} as {MaxVelocityTuner}
02-07 12:04:36.228   982  1149 V OpmodeRegistration: registered {TeleopRR} as {Teleop RR}
02-07 12:04:36.228   982  1149 V OpmodeRegistration: registered {BackAndForth} as {BackAndForth}
02-07 12:04:36.229   982  1149 V OpmodeRegistration: registered {LocalizationTest} as {LocalizationTest}
02-07 12:04:36.230   982  1149 V OpmodeRegistration: registered {MaxAngularVeloTuner} as {MaxAngularVeloTuner}
02-07 12:04:36.230   982  1149 V OpmodeRegistration: registered {DriveVelocityPIDTuner} as {DriveVelocityPIDTuner}
02-07 12:04:36.231   982  1149 V OpmodeRegistration: registered {StraightTest} as {StraightTest}
02-07 12:04:36.231   982  1264 V SoundInfo: construct(0x0ec46d1c)
02-07 12:04:36.231   982  1149 V OpmodeRegistration: registered {AutoRRLeft} as {Auto RR Left}
02-07 12:04:36.232   982  1149 V OpmodeRegistration: registered {TrackWidthTuner} as {TrackWidthTuner}
02-07 12:04:36.233   982  1149 V OpmodeRegistration: registered {AutomaticFeedforwardTuner} as {AutomaticFeedforwardTuner}
02-07 12:04:36.233   982  1256 V Robocol : sending CMD_NOTIFY_ROBOT_STATE(9), attempt: 1
02-07 12:04:36.234   982  1149 V OpmodeRegistration: registered {AutoRoadRunner} as {Auto RR right}
02-07 12:04:36.234   982  1256 V Robocol : sending CMD_NOTIFY_ROBOT_STATE(10), attempt: 1
02-07 12:04:36.235   982  1256 V Robocol : sending CMD_NOTIFY_ROBOT_STATE(11), attempt: 1
02-07 12:04:36.253   982  1263 E WVMExtractor: Failed to open libwvm.so: dlopen failed: library "libwvm.so" not found
02-07 12:04:36.258   982  1149 V FtcEventLoop: Ensuring that the embedded Control Hub module is set up correctly
02-07 12:04:36.268   982  1149 V RobotCore: Creating REV Robotics USB Expansion Hub Portal [(embedded)]
02-07 12:04:36.272   982  1263 I MediaCodec: callingProcessName:com.qualcomm.ftcrobotcontroller
02-07 12:04:36.273   982  1256 V Robocol : sending CMD_NOTIFY_ACTIVE_CONFIGURATION(50), attempt: 0
02-07 12:04:36.274   982  1256 V Robocol : sending CMD_NOTIFY_USER_DEVICE_LIST(55), attempt: 0
02-07 12:04:36.276   982  1275 I ACodec  : onAllocateComponent:6752 mSoftCodecPref:0 componentName:
02-07 12:04:36.277   982  1256 V Robocol : sending CMD_NOTIFY_OP_MODE_LIST(56), attempt: 0
02-07 12:04:36.278   982  1275 I ACodec  : onAllocateComponent:6783 mSoftCodecPref:0 componentName:OMX.google.raw.decoder
02-07 12:04:36.287   982  1149 V LynxUsb : creating new [(embedded)]: 0x04c7469b
02-07 12:04:36.293   982  1149 V FtDeviceManager: createDeviceInfoList(): 0 USB devices
02-07 12:04:36.293   982  1149 V RobotUsbManagerCombining: FTDI driver failed to open USB device with serial number (embedded) (returned null device)
02-07 12:04:36.295   982  1149 V SerialPortNative: [SerialPort.cpp:150] opened(/dev/ttyS1): fd=108
02-07 12:04:36.292   982   982 I pRunnable.run(): type=1400 audit(0.0:106): avc: denied { read } for name="ttyS1" dev="tmpfs" ino=8216 scontext=u:r:untrusted_app:s0:c512,c768 tcontext=u:object_r:serial_device:s0 tclass=chr_file permissive=1
02-07 12:04:36.292   982   982 I pRunnable.run(): type=1400 audit(0.0:107): avc: denied { write } for name="ttyS1" dev="tmpfs" ino=8216 scontext=u:r:untrusted_app:s0:c512,c768 tcontext=u:object_r:serial_device:s0 tclass=chr_file permissive=1
02-07 12:04:36.292   982   982 I pRunnable.run(): type=1400 audit(0.0:108): avc: denied { open } for path="/dev/ttyS1" dev="tmpfs" ino=8216 scontext=u:r:untrusted_app:s0:c512,c768 tcontext=u:object_r:serial_device:s0 tclass=chr_file permissive=1
02-07 12:04:36.292   982   982 I pRunnable.run(): type=1400 audit(0.0:109): avc: denied { ioctl } for path="/dev/ttyS1" dev="tmpfs" ino=8216 ioctlcmd=5401 scontext=u:r:untrusted_app:s0:c512,c768 tcontext=u:object_r:serial_device:s0 tclass=chr_file permissive=1
02-07 12:04:36.304   982  1149 V RobotUsbDeviceTTY: opening serial=(embedded) file=/dev/ttyS1
02-07 12:04:36.305   982  1149 V LynxUsb : armDevice() serial=(embedded)...
02-07 12:04:36.305   982  1149 V LynxUsb : resetDevice() serial=(embedded)
02-07 12:04:36.302   982   982 I pRunnable.run(): type=1400 audit(0.0:110): avc: denied { read } for name="value" dev="sysfs" ino=13327 scontext=u:r:untrusted_app:s0:c512,c768 tcontext=u:object_r:sysfs:s0 tclass=file permissive=1
02-07 12:04:36.302   982   982 I pRunnable.run(): type=1400 audit(0.0:111): avc: denied { open } for path="/sys/devices/pinctrl.26/gpio/gpio50/value" dev="sysfs" ino=13327 scontext=u:r:untrusted_app:s0:c512,c768 tcontext=u:object_r:sysfs:s0 tclass=file permissive=1
02-07 12:04:36.307   982  1149 V LynxModule: resetting embedded usb device: isPresent: was=true
02-07 12:04:36.302   982   982 I pRunnable.run(): type=1400 audit(0.0:112): avc: denied { getattr } for path="/sys/devices/pinctrl.26/gpio/gpio50/value" dev="sysfs" ino=13327 scontext=u:r:untrusted_app:s0:c512,c768 tcontext=u:object_r:sysfs:s0 tclass=file permissive=1
02-07 12:04:36.305   982   982 I pRunnable.run(): type=1400 audit(0.0:113): avc: denied { write } for name="value" dev="sysfs" ino=16879 scontext=u:r:untrusted_app:s0:c512,c768 tcontext=u:object_r:sysfs:s0 tclass=file permissive=1
02-07 12:04:36.314   982  1100 D SoundPlayer: onLoadComplete(samp=1|ms=757, samp=1)=0
02-07 12:04:36.317   982  1264 W AudioTrack: AUDIO_OUTPUT_FLAG_FAST denied by client; transfer 4, track 48000 Hz, output 44100 Hz
02-07 12:04:36.491   982  1264 D SoundPlayer: playing volume=0.000000 samp=1|ms=757
02-07 12:04:36.514   982  1256 V Robocol : sending CMD_PLAY_SOUND(63), attempt: 0
02-07 12:04:36.666   982  1149 V LynxUsb : ...done armDevice()
02-07 12:04:36.666   982  1279 V RobotCore: thread: 'lynx incoming datagrams' starting...
02-07 12:04:36.667   982  1149 V LynxUsb : 0x0d7d01e4 on 0x04c7469b: new delegate to [(embedded)]
02-07 12:04:36.675   982  1149 V LynxUsb : addConfiguredModule() module#=173
02-07 12:04:36.675   982  1149 V LynxModule: pingAndQueryKnownInterfaces mod=173
02-07 12:04:36.678   982  1279 V LynxUsb : synchronization gained: serial=(embedded)
02-07 12:04:36.699   982  1149 V LynxModule: mod#=173 queryInterface(DEKA)=54 commands starting at 4096
02-07 12:04:36.713   982  1149 V LynxModule: sending LynxFtdiResetControlCommand(true) wasInterrupted=false
02-07 12:04:36.719   982  1149 V LynxModule: sendLEDPatternSteps(): steps=[Step(color=65280, msDuration=1000)]
02-07 12:04:36.724   982  1149 V LynxModule: setAsControlHubEmbeddedModule(mod=173)
02-07 12:04:36.724   982  1149 V EmbeddedControlHubModule: setting embedded module
02-07 12:04:36.724   982  1149 V LynxModule: sending LynxFtdiResetControlCommand(false) wasInterrupted=false
02-07 12:04:36.727   982  1149 V LynxModule: close(#173)
02-07 12:04:36.729   982  1149 V LynxUsb : Verified that the embedded Control Hub module has the correct address
02-07 12:04:36.730   982  1149 V LynxUsb : addConfiguredModule() module#=173
02-07 12:04:36.731   982  1149 V LynxModule: pingAndQueryKnownInterfaces mod=173
02-07 12:04:36.744   982  1149 V LynxModule: mod#=173 queryInterface(DEKA)=54 commands starting at 4096
02-07 12:04:36.752   982  1149 V LynxModule: sending LynxFtdiResetControlCommand(true) wasInterrupted=false
02-07 12:04:36.757   982  1149 V LynxModule: sendLEDPatternSteps(): steps=[Step(color=65280, msDuration=1000)]
02-07 12:04:36.762   982  1149 V LynxModule: setAsControlHubEmbeddedModule(mod=173)
02-07 12:04:36.762   982  1149 V EmbeddedControlHubModule: setting embedded module
02-07 12:04:36.762   982  1149 I RobotCore: LynxFirmwareVersionManager: LynxI2cDeviceSynchV2
02-07 12:04:36.763   982  1149 V LynxI2cDeviceSynch: initializeHardware() mod#=173
02-07 12:04:36.763   982  1149 V BHI260IMU: Suppressing I2C warnings while we check for a BHI260AP IMU
02-07 12:04:36.768   982  1149 V BHI260IMU: Found BHI260AP IMU
02-07 12:04:36.769   982  1149 I RobotCore: LynxFirmwareVersionManager: LynxI2cDeviceSynchV2
02-07 12:04:36.769   982  1149 V LynxI2cDeviceSynch: initializeHardware() mod#=173
02-07 12:04:36.788   982  1149 V BHI260IMU: flashFirmwareIfNecessary() alreadyFlashed=true firmwareVersion=20
02-07 12:04:36.788   982  1149 V LynxModule: sending LynxFtdiResetControlCommand(false) wasInterrupted=false
02-07 12:04:36.791   982  1149 V LynxModule: close(#173)
02-07 12:04:36.793   982  1149 V HardwareFactory: createHardwareMap()
02-07 12:04:36.793   982  1149 V EmbeddedControlHubModule: clearing embedded module
02-07 12:04:36.807   982  1149 V ReadXMLFileHandler: embedded lynx USB device is already present
02-07 12:04:36.808   982  1149 V RobotCore: Creating Webcam [2D25B27F]
02-07 12:04:36.808   982   982 I pRunnable.run(): type=1400 audit(0.0:117): avc: denied { read } for name="devices" dev="sysfs" ino=7258 scontext=u:r:untrusted_app:s0:c512,c768 tcontext=u:object_r:sysfs:s0 tclass=dir permissive=1
02-07 12:04:36.809   982  1149 V CameraManager: construct(hash=0x0c841b70|inst#=0)
02-07 12:04:36.810   982  1149 D libusb  : [ 0.000212] [0000047d] libusb: debug [op_init] sysfs(/sys/bus/usb/devices) available
02-07 12:04:36.810   982  1149 D libusb  : [ 0.000292] [0000047d] libusb: debug [op_init] sysfs can relate devices
02-07 12:04:36.811   982  1149 D libusb  : [ 0.000321] [0000047d] libusb: debug [op_init] sysfs has complete descriptors
02-07 12:04:36.811   982  1149 D libusb  : [ 0.000384] [0000047d] libusb: debug [op_init] sysfs has serial numbers
