01-31 10:02:54.456   985  1182 I RobotCore: Attempting to switch to op mode MaxVelocityTuner
01-31 10:02:54.630   985  1182 D HardwareMap: Clearing which device instances have been retrieved
01-31 10:02:54.630   985  1182 D HardwareMap: Clearing which device instances have been retrieved
01-31 10:02:54.634   985  1417 V RobotCore: thread: 'OpModeThread' starting...
01-31 10:02:54.644   985  1417 I I2C     : Automatically initializing I2C device BHI260IMU (BHI260 IMU on USB (embedded); module 173; bus 0; addr7=0x28)
01-31 10:02:54.647   985  1417 V BHI260IMU: Suppressing I2C warnings while we check for a BHI260AP IMU
01-31 10:02:54.650   985  1417 V BHI260IMU: Found BHI260AP IMU
01-31 10:02:54.659   985  1159 V Robocol : sending CMD_NOTIFY_INIT_OP_MODE(1634), attempt: 0
01-31 10:02:54.673   985  1417 D BHI260IMU: Firmware version: 20
01-31 10:02:54.691   985  1417 V BHI260IMU: Suppressing I2C warnings while we check for a BHI260AP IMU
01-31 10:02:54.694   985  1417 V BHI260IMU: Found BHI260AP IMU
01-31 10:02:54.712   985  1417 D BHI260IMU: Firmware version: 20
01-31 10:03:09.659   985  1159 V Robocol : sending CMD_NOTIFY_RUN_OP_MODE(1780), attempt: 0
01-31 10:03:39.709   985  1156 V Robocol : received command: CMD_INIT_OP_MODE(12009) $Stop$Robot$
01-31 10:03:39.716   985  1157 I RobotCore: ******************** STOP - OPMODE /storage/emulated/0/FIRST/matchlogs/Match-0-MaxVelocityTuner.txt ********************
01-31 10:03:39.719   985  1518 I RobotCore: saving match logcat to /storage/emulated/0/FIRST/matchlogs/Match-0-MaxVelocityTuner.txt
01-31 10:03:39.719   985  1518 I RobotCore: logging command line: exec logcat -d -T '1-31 10:2:54.000' -f '/storage/emulated/0/FIRST/matchlogs/Match-0-MaxVelocityTuner.txt' -n4 -v threadtime UsbRequestJNI:S UsbRequest:S art:W ThreadPool:W System:W ExtendedExtractor:W OMXClient:W MediaPlayer:W dalvikvm:W  *:V
01-31 10:03:39.719   985  1417 D RobotCore: User runOpModeMethod exited
01-31 10:03:39.719   985  1417 V RobotCore: thread: ...terminating 'OpModeThread'
01-31 10:03:39.736   985  1182 I RobotCore: Attempting to switch to op mode $Stop$Robot$
01-31 10:03:39.738   985  1182 D HardwareMap: Clearing which device instances have been retrieved
01-31 10:03:39.738   985  1182 D HardwareMap: Clearing which device instances have been retrieved
01-31 10:03:39.741   985  1522 V RobotCore: thread: 'OpModeThread' starting...
01-31 10:03:39.760   985  1518 I RobotCore: Done running exec logcat -d -T '1-31 10:2:54.000' -f '/storage/emulated/0/FIRST/matchlogs/Match-0-MaxVelocityTuner.txt' -n4 -v threadtime UsbRequestJNI:S UsbRequest:S art:W ThreadPool:W System:W ExtendedExtractor:W OMXClient:W MediaPlayer:W dalvikvm:W  *:V
01-31 10:03:39.760   985  1518 I RobotCore: exiting match logcat for /storage/emulated/0/FIRST/matchlogs/Match-0-MaxVelocityTuner.txt
01-31 10:03:39.778   985  1159 V Robocol : sending CMD_NOTIFY_INIT_OP_MODE(2080), attempt: 0
01-31 10:03:39.788   985  1156 V Robocol : received command: CMD_RUN_OP_MODE(12015) $Stop$Robot$
01-31 10:03:39.819   985  1159 V Robocol : sending CMD_NOTIFY_RUN_OP_MODE(2085), attempt: 0
01-31 10:04:18.070   985  1156 V Robocol : received command: CMD_SET_MATCH_NUMBER(12537) 0
01-31 10:04:18.071   985  1156 V Robocol : received command: CMD_INIT_OP_MODE(12538) MaxVelocityTuner
01-31 10:04:18.093   985  1157 I RobotCore: ******************** START - OPMODE MaxVelocityTuner ********************
01-31 10:04:18.098   985  1522 V RobotCore: thread: ...terminating 'OpModeThread'
01-31 10:04:18.118   985  1182 I RobotCore: Attempting to switch to op mode MaxVelocityTuner
01-31 10:04:18.287   985  1182 D HardwareMap: Clearing which device instances have been retrieved
01-31 10:04:18.287   985  1182 D HardwareMap: Clearing which device instances have been retrieved
01-31 10:04:18.294   985  1634 V RobotCore: thread: 'OpModeThread' starting...
01-31 10:04:18.300   985  1159 V Robocol : sending CMD_NOTIFY_INIT_OP_MODE(2620), attempt: 0
01-31 10:04:18.309   985  1634 I I2C     : Automatically initializing I2C device BHI260IMU (BHI260 IMU on USB (embedded); module 173; bus 0; addr7=0x28)
01-31 10:04:18.312   985  1634 V BHI260IMU: Suppressing I2C warnings while we check for a BHI260AP IMU
01-31 10:04:18.317   985  1634 V BHI260IMU: Found BHI260AP IMU
01-31 10:04:18.334   985  1634 D BHI260IMU: Firmware version: 20
01-31 10:04:18.352   985  1634 V BHI260IMU: Suppressing I2C warnings while we check for a BHI260AP IMU
01-31 10:04:18.356   985  1634 V BHI260IMU: Found BHI260AP IMU
01-31 10:04:18.373   985  1634 D BHI260IMU: Firmware version: 20
01-31 10:04:23.699   985  1159 V Robocol : sending CMD_NOTIFY_RUN_OP_MODE(2675), attempt: 0
01-31 10:06:49.064   985  1955 V SessionCookie: added SessionCookie: cookie=8a26e31a-80d2-417a-acdc-c31b2a60cf0d uri='/js/rcInfo.json'
01-31 10:06:49.065   985  1955 I RobotCore: ftc21180
01-31 10:06:49.086   985  1957 V SessionCookie: added SessionCookie: cookie=8e486a83-c8f9-4367-9742-6d163e639c5b uri='/revHubsAvailableForUpdate'
01-31 10:06:49.088   985  1957 V Robocol : locally injecting CMD_GET_USB_ACCESSIBLE_LYNX_MODULES
01-31 10:06:49.096   985  1959 V FtcEventLoop: getUSBAccessibleLynxDevices(includeModuleAddresses=true)...
01-31 10:06:49.100   985  1960 V FtcConfigTag: scanning USB bus...
01-31 10:06:49.105   985  1960 V FtDeviceManager: createDeviceInfoList(): 0 USB devices
01-31 10:06:49.105   985  1960 V USBScan : device count=1
01-31 10:06:49.107   985  1961 V USBScan : opening (embedded)...
01-31 10:06:49.107   985  1961 V RobotUsbManagerCombining: FTDI driver failed to open USB device with serial number (embedded) (returned null device)
01-31 10:06:49.108   985  1961 V RobotUsbManagerCombining: (embedded) is already open: unable to open second time
01-31 10:06:49.108   985  1961 V USBScan : RobotCoreException(Unable to open USB device (embedded): Combiner unable to open device with serialNumber = (embedded)) exception while opening (embedded)
01-31 10:06:49.108   985  1961 V USBScan : ... done opening (embedded)
01-31 10:06:49.109   985  1960 V USBScan : added extant device (embedded) type=LYNX_USB_DEVICE
01-31 10:06:49.112   985  1960 D UvcContext: found webcam: usbPath=/dev/bus/usb/003/004 vid=0x46D pid=0x825 serial=D5386480 product=C270 HD WEBCAM
01-31 10:06:49.113   985  1960 D Uvc     : [jni_context.cpp:120] Java_org_firstinspires_ftc_robotcore_internal_camera_libuvc_nativeobject_UvcContext_nativeCreateUvcDevice()...
01-31 10:06:49.113   985  1960 V Uvc     : API: Java_org_firstinspires_ftc_robotcore_internal_camera_libuvc_nativeobject_UvcContext_nativeCreateUvcDevice: enter...
01-31 10:06:49.114   985  1960 D libusb  : [344.403138] [000007a8] libusb: debug [op_create] op_create: szUsbPath=/dev/bus/usb/003/004 szSysfsDir=3-1.4
01-31 10:06:49.114   985  1960 D libusb  : [344.403415] [000007a8] libusb: debug [initialize_device] initialize_device(szUsbPath=/dev/bus/usb/003/004 szSysfsDir=3-1.4)
01-31 10:06:49.115   985  1960 D libusb  : [344.403889] [000007a8] libusb: debug [initialize_device] initialize_device(szUsbPath=(null) szSysfsDir=3-1)
01-31 10:06:49.115   985  1960 E libusb  : [344.404291] [000007a8] libusb: error [initialize_device] unable to open serial number sysfs; error ignored
01-31 10:06:49.115   985  1960 D libusb  : [344.404575] [000007a8] libusb: debug [initialize_device] initialize_device(szUsbPath=(null) szSysfsDir=usb3)
01-31 10:06:49.116   985  1960 D Uvc     : [device.cpp:613] uvc_create_uvc_device()...
01-31 10:06:49.116   985  1960 D Uvc     : [libuvc/libuvc_internal.h:346] uvc_device::uvc_device()...
01-31 10:06:49.116   985  1960 D Uvc     : [libuvc/libuvc_internal.h:375] acquired vid=1133 & pid=2085
01-31 10:06:49.116   985  1960 D Uvc     : [libuvc/libuvc_internal.h:346] ...uvc_device::uvc_device()
01-31 10:06:49.116   985  1960 D Uvc     : [device.cpp:613] ...uvc_create_uvc_device() rc=0
01-31 10:06:49.116   985  1960 V Uvc     : API: Java_org_firstinspires_ftc_robotcore_internal_camera_libuvc_nativeobject_UvcContext_nativeCreateUvcDevice: ...exit
01-31 10:06:49.116   985  1960 D Uvc     : [jni_context.cpp:120] ...Java_org_firstinspires_ftc_robotcore_internal_camera_libuvc_nativeobject_UvcContext_nativeCreateUvcDevice()
01-31 10:06:49.116   985  1960 V UvcDevice: construct(pointer=0xcce7a398|null)
01-31 10:06:49.117   985  1960 D Uvc     : [jni_device.cpp:108] Java_org_firstinspires_ftc_robotcore_internal_camera_libuvc_nativeobject_UvcDevice_nativeGetLibUsbDevice()...
01-31 10:06:49.117   985  1960 D Uvc     : [jni_device.cpp:108] ...Java_org_firstinspires_ftc_robotcore_internal_camera_libuvc_nativeobject_UvcDevice_nativeGetLibUsbDevice()
01-31 10:06:49.117   985  1960 V LibUsbDevice: construct(pointer=0xd7e2ec20)
01-31 10:06:49.117   985  1960 D UvcContext: usb device is *not* UVC compatible, /dev/bus/usb/003/003
01-31 10:06:49.118   985  1960 V UvcDevice: destroy(pointer=0xcce7a398|/dev/bus/usb/003/004)
01-31 10:06:49.118   985  1960 D Uvc     : [jni_device.cpp:126] Java_org_firstinspires_ftc_robotcore_internal_camera_libuvc_nativeobject_UvcDevice_nativeReleaseRefDevice()...
01-31 10:06:49.118   985  1960 V Uvc     : API: Java_org_firstinspires_ftc_robotcore_internal_camera_libuvc_nativeobject_UvcDevice_nativeReleaseRefDevice: enter...
01-31 10:06:49.118   985  1960 D Uvc     : [device.cpp:882] uvc_unref_device()...
01-31 10:06:49.118   985  1960 D Uvc     : [device.cpp:882] ...uvc_unref_device()
01-31 10:06:49.118   985  1960 V Uvc     : API: Java_org_firstinspires_ftc_robotcore_internal_camera_libuvc_nativeobject_UvcDevice_nativeReleaseRefDevice: ...exit
01-31 10:06:49.118   985  1960 D Uvc     : [jni_device.cpp:126] ...Java_org_firstinspires_ftc_robotcore_internal_camera_libuvc_nativeobject_UvcDevice_nativeReleaseRefDevice()
01-31 10:06:49.118   985  1960 V LibUsbDevice: destroy(pointer=0xd7e2ec20)
01-31 10:06:49.118   985  1960 D Uvc     : [jni_libusb_device.cpp:64] Java_org_firstinspires_ftc_robotcore_internal_camera_libuvc_nativeobject_LibUsbDevice_nativeReleaseRefDevice()...
01-31 10:06:49.118   985  1960 D Uvc     : [jni_libusb_device.cpp:64] ...Java_org_firstinspires_ftc_robotcore_internal_camera_libuvc_nativeobject_LibUsbDevice_nativeReleaseRefDevice()
01-31 10:06:49.119   985  1960 V HardwareDeviceManager: scanned webcam serial=D5386480
01-31 10:06:49.119   985  1960 V USBScan : scanForUsbDevices() took 18ms count=2
01-31 10:06:49.119   985  1960 V FtcConfigTag: .. scanning complete: [(embedded), D5386480]
01-31 10:06:49.120   985  1959 V FtcEventLoop: getUSBAccessibleLynxDevices: found serial=(embedded)
01-31 10:06:49.120   985  1959 V FtcEventLoop: finding module addresses and current firmware versions
01-31 10:06:49.120   985  1959 V FtcEventLoop: getUSBAccessibleLynxDevices: finding module address for usbModule (embedded)
01-31 10:06:49.121   985  1959 V RobotCore: Creating REV Robotics USB Expansion Hub Portal [(embedded)]
01-31 10:06:49.121   985  1959 V LynxUsb : using existing [(embedded)]: 0x0b79ea12
01-31 10:06:49.123   985  1959 V LynxUsb : 0x01314458 on 0x0b79ea12: new delegate to [(embedded)]
01-31 10:06:49.123   985  1959 V LynxUsb : lynx discovery beginning...transmitting LynxDiscoveryCommand()...
01-31 10:06:49.126   985  1959 V LynxUsb : discovery waiting 1012ms and 0ns
01-31 10:06:49.126   985  1175 V LynxUsb : onLynxDiscoveryResponseReceived()... module#=173 isParent=true
01-31 10:06:49.126   985  1175 V LynxUsb : discovered lynx module#=173 isParent=true
01-31 10:06:49.127   985  1175 V LynxUsb : ...onLynxDiscoveryResponseReceived()
01-31 10:06:49.129   985  1175 V LynxUsb : onLynxDiscoveryResponseReceived()... module#=2 isParent=false
01-31 10:06:49.129   985  1175 V LynxUsb : discovered lynx module#=2 isParent=false
01-31 10:06:49.129   985  1175 V LynxUsb : ...onLynxDiscoveryResponseReceived()
01-31 10:06:50.138   985  1959 V LynxUsb : discovery waiting complete: #modules=2
01-31 10:06:50.139   985  1959 V LynxModule: close(#0)
01-31 10:06:50.140   985  1959 V LynxUsb : ...lynx discovery completed
01-31 10:06:50.140   985  1959 V FtcEventLoop: assessing LynxModuleMeta(#2,false,ImuType.unknown)
01-31 10:06:50.140   985  1959 V FtcEventLoop: assessing LynxModuleMeta(#173,true,ImuType.unknown)
01-31 10:06:50.142   985  1959 V LynxUsb : addConfiguredModule() module#=173
01-31 10:06:50.142   985  1959 V LynxUsb : addConfiguredModule() module#=173: already exists
01-31 10:06:50.145   985  1959 V LynxUsb : 0x01314458 on 0x0b79ea12: releasing delegate to [(embedded)]
01-31 10:06:50.145   985  1959 V FtcEventLoop: getUSBAccessibleLynxDevices(): 1 modules found
01-31 10:06:50.145   985  1959 V FtcEventLoop: ...getUSBAccessibleLynxDevices()
01-31 10:06:50.150   985  1959 V Robocol : locally injecting CMD_GET_USB_ACCESSIBLE_LYNX_MODULES_RESP
01-31 10:06:50.186   985  1148 V FtcWebSocket: Opening websocket (ip=192.168.43.107/192.168.43.107 port=8081)
01-31 10:06:50.189   985  1148 V WebSocketManager: Subscribed websocket (ip=192.168.43.107/192.168.43.107 port=8081) to namespace (progress)
01-31 10:06:50.191   985  1148 V WebSocketManager: Subscribed websocket (ip=192.168.43.107/192.168.43.107 port=8081) to namespace (ControlHubUpdater)
01-31 10:06:50.209   985  1148 V FtcWebSocket: Opening websocket (ip=192.168.43.107/192.168.43.107 port=8081)
01-31 10:06:50.212   985  1148 V WebSocketManager: Subscribed websocket (ip=192.168.43.107/192.168.43.107 port=8081) to namespace (progress)
01-31 10:06:50.604   985  2010 V SessionCookie: added SessionCookie: cookie=c3c523ca-1743-40b7-b20c-9672a69a2435 uri='/js/rcInfo.json'
01-31 10:06:50.604   985  2010 I RobotCore: ftc21180
01-31 10:06:50.626   985  2012 V SessionCookie: added SessionCookie: cookie=32994572-258c-43dc-8c1f-9589269a70b5 uri='/revHubsAvailableForUpdate'
01-31 10:06:50.626   985  2012 V Robocol : locally injecting CMD_GET_USB_ACCESSIBLE_LYNX_MODULES
01-31 10:06:50.634   985  1959 V FtcEventLoop: getUSBAccessibleLynxDevices(includeModuleAddresses=true)...
01-31 10:06:50.634   985  1960 V FtcConfigTag: scanning USB bus...
01-31 10:06:50.637   985  1960 V FtDeviceManager: createDeviceInfoList(): 0 USB devices
01-31 10:06:50.638   985  1960 V USBScan : device count=1
01-31 10:06:50.640   985  2014 V USBScan : opening (embedded)...
01-31 10:06:50.640   985  2014 V RobotUsbManagerCombining: FTDI driver failed to open USB device with serial number (embedded) (returned null device)
01-31 10:06:50.640   985  2014 V RobotUsbManagerCombining: (embedded) is already open: unable to open second time
01-31 10:06:50.641   985  2014 V USBScan : RobotCoreException(Unable to open USB device (embedded): Combiner unable to open device with serialNumber = (embedded)) exception while opening (embedded)
01-31 10:06:50.641   985  2014 V USBScan : ... done opening (embedded)
01-31 10:06:50.641   985  1960 V USBScan : added extant device (embedded) type=LYNX_USB_DEVICE
01-31 10:06:50.645   985  1960 D UvcContext: found webcam: usbPath=/dev/bus/usb/003/004 vid=0x46D pid=0x825 serial=D5386480 product=C270 HD WEBCAM
01-31 10:06:50.645   985  1960 D Uvc     : [jni_context.cpp:120] Java_org_firstinspires_ftc_robotcore_internal_camera_libuvc_nativeobject_UvcContext_nativeCreateUvcDevice()...
01-31 10:06:50.645   985  1960 V Uvc     : API: Java_org_firstinspires_ftc_robotcore_internal_camera_libuvc_nativeobject_UvcContext_nativeCreateUvcDevice: enter...
01-31 10:06:50.646   985  1960 D libusb  : [345.935205] [000007a8] libusb: debug [op_create] op_create: szUsbPath=/dev/bus/usb/003/004 szSysfsDir=3-1.4
01-31 10:06:50.646   985  1960 D libusb  : [345.935410] [000007a8] libusb: debug [initialize_device] initialize_device(szUsbPath=/dev/bus/usb/003/004 szSysfsDir=3-1.4)
01-31 10:06:50.646   985  1960 D libusb  : [345.935749] [000007a8] libusb: debug [initialize_device] initialize_device(szUsbPath=(null) szSysfsDir=3-1)
01-31 10:06:50.647   985  1960 E libusb  : [345.935961] [000007a8] libusb: error [initialize_device] unable to open serial number sysfs; error ignored
01-31 10:06:50.647   985  1960 D libusb  : [345.936160] [000007a8] libusb: debug [initialize_device] initialize_device(szUsbPath=(null) szSysfsDir=usb3)
01-31 10:06:50.647   985  1960 D Uvc     : [device.cpp:613] uvc_create_uvc_device()...
01-31 10:06:50.647   985  1960 D Uvc     : [libuvc/libuvc_internal.h:346] uvc_device::uvc_device()...
01-31 10:06:50.647   985  1960 D Uvc     : [libuvc/libuvc_internal.h:375] acquired vid=1133 & pid=2085
01-31 10:06:50.647   985  1960 D Uvc     : [libuvc/libuvc_internal.h:346] ...uvc_device::uvc_device()
01-31 10:06:50.647   985  1960 D Uvc     : [device.cpp:613] ...uvc_create_uvc_device() rc=0
01-31 10:06:50.647   985  1960 V Uvc     : API: Java_org_firstinspires_ftc_robotcore_internal_camera_libuvc_nativeobject_UvcContext_nativeCreateUvcDevice: ...exit
01-31 10:06:50.647   985  1960 D Uvc     : [jni_context.cpp:120] ...Java_org_firstinspires_ftc_robotcore_internal_camera_libuvc_nativeobject_UvcContext_nativeCreateUvcDevice()
01-31 10:06:50.648   985  1960 V UvcDevice: construct(pointer=0xcce7a988|null)
01-31 10:06:50.648   985  1960 D Uvc     : [jni_device.cpp:108] Java_org_firstinspires_ftc_robotcore_internal_camera_libuvc_nativeobject_UvcDevice_nativeGetLibUsbDevice()...
01-31 10:06:50.648   985  1960 D Uvc     : [jni_device.cpp:108] ...Java_org_firstinspires_ftc_robotcore_internal_camera_libuvc_nativeobject_UvcDevice_nativeGetLibUsbDevice()
01-31 10:06:50.648   985  1960 V LibUsbDevice: construct(pointer=0xd7e2eda0)
01-31 10:06:50.648   985  1960 D UvcContext: usb device is *not* UVC compatible, /dev/bus/usb/003/003
01-31 10:06:50.649   985  1960 V UvcDevice: destroy(pointer=0xcce7a988|/dev/bus/usb/003/004)
01-31 10:06:50.649   985  1960 D Uvc     : [jni_device.cpp:126] Java_org_firstinspires_ftc_robotcore_internal_camera_libuvc_nativeobject_UvcDevice_nativeReleaseRefDevice()...
01-31 10:06:50.649   985  1960 V Uvc     : API: Java_org_firstinspires_ftc_robotcore_internal_camera_libuvc_nativeobject_UvcDevice_nativeReleaseRefDevice: enter...
01-31 10:06:50.649   985  1960 D Uvc     : [device.cpp:882] uvc_unref_device()...
01-31 10:06:50.649   985  1960 D Uvc     : [device.cpp:882] ...uvc_unref_device()
01-31 10:06:50.649   985  1960 V Uvc     : API: Java_org_firstinspires_ftc_robotcore_internal_camera_libuvc_nativeobject_UvcDevice_nativeReleaseRefDevice: ...exit
01-31 10:06:50.649   985  1960 D Uvc     : [jni_device.cpp:126] ...Java_org_firstinspires_ftc_robotcore_internal_camera_libuvc_nativeobject_UvcDevice_nativeReleaseRefDevice()
01-31 10:06:50.649   985  1960 V LibUsbDevice: destroy(pointer=0xd7e2eda0)
01-31 10:06:50.649   985  1960 D Uvc     : [jni_libusb_device.cpp:64] Java_org_firstinspires_ftc_robotcore_internal_camera_libuvc_nativeobject_LibUsbDevice_nativeReleaseRefDevice()...
01-31 10:06:50.649   985  1960 D Uvc     : [jni_libusb_device.cpp:64] ...Java_org_firstinspires_ftc_robotcore_internal_camera_libuvc_nativeobject_LibUsbDevice_nativeReleaseRefDevice()
01-31 10:06:50.649   985  1960 V HardwareDeviceManager: scanned webcam serial=D5386480
01-31 10:06:50.650   985  1960 V USBScan : scanForUsbDevices() took 15ms count=2
01-31 10:06:50.650   985  1960 V FtcConfigTag: .. scanning complete: [(embedded), D5386480]
01-31 10:06:50.650   985  1959 V FtcEventLoop: getUSBAccessibleLynxDevices: found serial=(embedded)
01-31 10:06:50.650   985  1959 V FtcEventLoop: finding module addresses and current firmware versions
01-31 10:06:50.651   985  1959 V FtcEventLoop: getUSBAccessibleLynxDevices: finding module address for usbModule (embedded)
01-31 10:06:50.651   985  1959 V RobotCore: Creating REV Robotics USB Expansion Hub Portal [(embedded)]
01-31 10:06:50.652   985  1959 V LynxUsb : using existing [(embedded)]: 0x0b79ea12
01-31 10:06:50.652   985  1959 V LynxUsb : 0x0f76d121 on 0x0b79ea12: new delegate to [(embedded)]
01-31 10:06:50.652   985  1959 V LynxUsb : lynx discovery beginning...transmitting LynxDiscoveryCommand()...
01-31 10:06:50.654   985  1175 V LynxUsb : onLynxDiscoveryResponseReceived()... module#=173 isParent=true
01-31 10:06:50.655   985  1175 V LynxUsb : discovered lynx module#=173 isParent=true
01-31 10:06:50.655   985  1175 V LynxUsb : ...onLynxDiscoveryResponseReceived()
01-31 10:06:50.655   985  1959 V LynxUsb : discovery waiting 1012ms and 0ns
01-31 10:06:50.659   985  1175 V LynxUsb : onLynxDiscoveryResponseReceived()... module#=2 isParent=false
01-31 10:06:50.659   985  1175 V LynxUsb : discovered lynx module#=2 isParent=false
01-31 10:06:50.659   985  1175 V LynxUsb : ...onLynxDiscoveryResponseReceived()
01-31 10:06:51.668   985  1959 V LynxUsb : discovery waiting complete: #modules=2
01-31 10:06:51.668   985  1959 V LynxModule: close(#0)
01-31 10:06:51.669   985  1959 V LynxUsb : ...lynx discovery completed
01-31 10:06:51.669   985  1959 V FtcEventLoop: assessing LynxModuleMeta(#2,false,ImuType.unknown)
01-31 10:06:51.669   985  1959 V FtcEventLoop: assessing LynxModuleMeta(#173,true,ImuType.unknown)
01-31 10:06:51.671   985  1959 V LynxUsb : addConfiguredModule() module#=173
01-31 10:06:51.671   985  1959 V LynxUsb : addConfiguredModule() module#=173: already exists
01-31 10:06:51.674   985  1959 V LynxUsb : 0x0f76d121 on 0x0b79ea12: releasing delegate to [(embedded)]
01-31 10:06:51.674   985  1959 V FtcEventLoop: getUSBAccessibleLynxDevices(): 1 modules found
01-31 10:06:51.674   985  1959 V FtcEventLoop: ...getUSBAccessibleLynxDevices()
01-31 10:06:51.675   985  1959 V Robocol : locally injecting CMD_GET_USB_ACCESSIBLE_LYNX_MODULES_RESP
01-31 10:06:51.700   985  1148 V FtcWebSocket: Opening websocket (ip=192.168.43.107/192.168.43.107 port=8081)
01-31 10:06:51.705   985  1148 V WebSocketManager: Subscribed websocket (ip=192.168.43.107/192.168.43.107 port=8081) to namespace (progress)
01-31 10:06:51.706   985  1148 V WebSocketManager: Subscribed websocket (ip=192.168.43.107/192.168.43.107 port=8081) to namespace (ControlHubUpdater)
01-31 10:06:51.727   985  1148 V FtcWebSocket: Opening websocket (ip=192.168.43.107/192.168.43.107 port=8081)
01-31 10:06:51.729   985  1148 V WebSocketManager: Subscribed websocket (ip=192.168.43.107/192.168.43.107 port=8081) to namespace (progress)
01-31 10:06:51.750   985  1148 V FtcWebSocket: Opening websocket (ip=192.168.43.107/192.168.43.107 port=8081)
01-31 10:06:51.753   985  1148 V WebSocketManager: Subscribed websocket (ip=192.168.43.107/192.168.43.107 port=8081) to namespace (progress)
01-31 10:06:51.754   985  1148 V WebSocketManager: Subscribed websocket (ip=192.168.43.107/192.168.43.107 port=8081) to namespace (ControlHubUpdater)
01-31 10:06:51.773   985  1148 V FtcWebSocket: Opening websocket (ip=192.168.43.107/192.168.43.107 port=8081)
01-31 10:06:51.775   985  1148 V WebSocketManager: Subscribed websocket (ip=192.168.43.107/192.168.43.107 port=8081) to namespace (progress)
01-31 10:06:53.379  2070  2070 I ps      : type=1400 audit(0.0:128): avc: denied { getattr } for path="/proc/1" dev="proc" ino=4875 scontext=u:r:untrusted_app:s0:c512,c768 tcontext=u:r:init:s0 tclass=dir permissive=1
01-31 10:06:53.379  2070  2070 I ps      : type=1400 audit(0.0:129): avc: denied { search } for name="1" dev="proc" ino=4875 scontext=u:r:untrusted_app:s0:c512,c768 tcontext=u:r:init:s0 tclass=dir permissive=1
01-31 10:06:53.379  2070  2070 I ps      : type=1400 audit(0.0:130): avc: denied { read } for name="cmdline" dev="proc" ino=5610 scontext=u:r:untrusted_app:s0:c512,c768 tcontext=u:r:init:s0 tclass=file permissive=1
01-31 10:06:53.379  2070  2070 I ps      : type=1400 audit(0.0:131): avc: denied { open } for path="/proc/1/cmdline" dev="proc" ino=5610 scontext=u:r:untrusted_app:s0:c512,c768 tcontext=u:r:init:s0 tclass=file permissive=1
01-31 10:06:53.379  2070  2070 I ps      : type=1400 audit(0.0:132): avc: denied { getattr } for path="/proc/2" dev="proc" ino=8995 scontext=u:r:untrusted_app:s0:c512,c768 tcontext=u:r:kernel:s0 tclass=dir permissive=1
01-31 10:06:53.379  2070  2070 I ps      : type=1400 audit(0.0:133): avc: denied { search } for name="2" dev="proc" ino=8995 scontext=u:r:untrusted_app:s0:c512,c768 tcontext=u:r:kernel:s0 tclass=dir permissive=1
01-31 10:06:53.382  2070  2070 I ps      : type=1400 audit(0.0:134): avc: denied { read } for name="cmdline" dev="proc" ino=9094 scontext=u:r:untrusted_app:s0:c512,c768 tcontext=u:r:kernel:s0 tclass=file permissive=1
01-31 10:06:53.382  2070  2070 I ps      : type=1400 audit(0.0:135): avc: denied { open } for path="/proc/2/cmdline" dev="proc" ino=9094 scontext=u:r:untrusted_app:s0:c512,c768 tcontext=u:r:kernel:s0 tclass=file permissive=1
01-31 10:07:02.682   985  2092 I RobotCore: ftc21180
01-31 10:07:02.778   985  2094 V ProgrammingModeManager: serve uri=/css/colors.less
01-31 10:07:03.025   985  2094 I RobotCore: ftc21180
01-31 10:07:03.129   985  2096 V ProgrammingModeManager: serve uri=/css/colors.less
01-31 10:07:04.968   985  2096 I RobotCore: ftc21180
01-31 10:07:11.792   985  1156 V Robocol : received command: CMD_INIT_OP_MODE(14217) $Stop$Robot$
01-31 10:07:11.798   985  1157 I RobotCore: ******************** STOP - OPMODE /storage/emulated/0/FIRST/matchlogs/Match-0-MaxVelocityTuner.txt ********************
01-31 10:07:11.802   985  2126 I RobotCore: saving match logcat to /storage/emulated/0/FIRST/matchlogs/Match-0-MaxVelocityTuner.txt
01-31 10:07:11.802   985  2126 I RobotCore: logging command line: exec logcat -d -T '1-31 10:4:18.000' -f '/storage/emulated/0/FIRST/matchlogs/Match-0-MaxVelocityTuner.txt' -n4 -v threadtime UsbRequestJNI:S UsbRequest:S art:W ThreadPool:W System:W ExtendedExtractor:W OMXClient:W MediaPlayer:W dalvikvm:W  *:V
01-31 10:07:11.802   985  1634 D RobotCore: User runOpModeMethod exited
01-31 10:07:11.803   985  1634 V RobotCore: thread: ...terminating 'OpModeThread'
01-31 10:07:11.819   985  1182 I RobotCore: Attempting to switch to op mode $Stop$Robot$
01-31 10:07:11.819   985  1182 D HardwareMap: Clearing which device instances have been retrieved
01-31 10:07:11.819   985  1182 D HardwareMap: Clearing which device instances have been retrieved
01-31 10:07:11.822   985  2130 V RobotCore: thread: 'OpModeThread' starting...
01-31 10:07:11.857   985  2126 I RobotCore: Done running exec logcat -d -T '1-31 10:4:18.000' -f '/storage/emulated/0/FIRST/matchlogs/Match-0-MaxVelocityTuner.txt' -n4 -v threadtime UsbRequestJNI:S UsbRequest:S art:W ThreadPool:W System:W ExtendedExtractor:W OMXClient:W MediaPlayer:W dalvikvm:W  *:V
01-31 10:07:11.857   985  2126 I RobotCore: exiting match logcat for /storage/emulated/0/FIRST/matchlogs/Match-0-MaxVelocityTuner.txt
01-31 10:07:11.858   985  1159 V Robocol : sending CMD_NOTIFY_INIT_OP_MODE(4304), attempt: 0
01-31 10:07:11.873   985  1156 V Robocol : received command: CMD_RUN_OP_MODE(14222) $Stop$Robot$
01-31 10:07:11.899   985  1159 V Robocol : sending CMD_NOTIFY_RUN_OP_MODE(4310), attempt: 0
--------- beginning of main
01-31 10:07:45.786  2317  2317 I ps      : type=1400 audit(0.0:137): avc: denied { getattr } for path="/proc/1" dev="proc" ino=4875 scontext=u:r:untrusted_app:s0:c512,c768 tcontext=u:r:init:s0 tclass=dir permissive=1
01-31 10:07:45.786  2317  2317 I ps      : type=1400 audit(0.0:138): avc: denied { search } for name="1" dev="proc" ino=4875 scontext=u:r:untrusted_app:s0:c512,c768 tcontext=u:r:init:s0 tclass=dir permissive=1
01-31 10:07:45.786  2317  2317 I ps      : type=1400 audit(0.0:139): avc: denied { read } for name="cmdline" dev="proc" ino=5610 scontext=u:r:untrusted_app:s0:c512,c768 tcontext=u:r:init:s0 tclass=file permissive=1
01-31 10:07:45.786  2317  2317 I ps      : type=1400 audit(0.0:140): avc: denied { open } for path="/proc/1/cmdline" dev="proc" ino=5610 scontext=u:r:untrusted_app:s0:c512,c768 tcontext=u:r:init:s0 tclass=file permissive=1
01-31 10:07:45.786  2317  2317 I ps      : type=1400 audit(0.0:141): avc: denied { getattr } for path="/proc/2" dev="proc" ino=8995 scontext=u:r:untrusted_app:s0:c512,c768 tcontext=u:r:kernel:s0 tclass=dir permissive=1
01-31 10:07:45.786  2317  2317 I ps      : type=1400 audit(0.0:142): avc: denied { search } for name="2" dev="proc" ino=8995 scontext=u:r:untrusted_app:s0:c512,c768 tcontext=u:r:kernel:s0 tclass=dir permissive=1
01-31 10:07:45.786  2317  2317 I ps      : type=1400 audit(0.0:143): avc: denied { read } for name="cmdline" dev="proc" ino=9094 scontext=u:r:untrusted_app:s0:c512,c768 tcontext=u:r:kernel:s0 tclass=file permissive=1
01-31 10:07:45.786  2317  2317 I ps      : type=1400 audit(0.0:144): avc: denied { open } for path="/proc/2/cmdline" dev="proc" ino=9094 scontext=u:r:untrusted_app:s0:c512,c768 tcontext=u:r:kernel:s0 tclass=file permissive=1
01-31 10:07:52.066  2325  2325 D Uvc     : [jni.cpp:72] JNI_OnLoad()...
01-31 10:07:52.066  2325  2325 D Uvc     : [JniEnv.h:32] ScopedJniEnv::onJniLoad()...
01-31 10:07:52.066  2325  2325 D Uvc     : [JniEnv.h:32] ...ScopedJniEnv::onJniLoad()
01-31 10:07:52.066  2325  2325 D Uvc     : [jni.cpp:72] ...JNI_OnLoad()
01-31 10:07:52.128  2325  2325 V AppUtil : initializing: getExternalStorageDirectory()=/storage/emulated/0
01-31 10:07:52.149  2325  2325 I robotcontroller: type=1400 audit(0.0:148): avc: denied { read } for name="direction" dev="sysfs" ino=16602 scontext=u:r:untrusted_app:s0:c512,c768 tcontext=u:object_r:sysfs:s0 tclass=file permissive=1
01-31 10:07:52.149  2325  2325 I robotcontroller: type=1400 audit(0.0:149): avc: denied { open } for path="/sys/devices/pinctrl.26/gpio/gpio50/direction" dev="sysfs" ino=16602 scontext=u:r:untrusted_app:s0:c512,c768 tcontext=u:object_r:sysfs:s0 tclass=file permissive=1
01-31 10:07:52.149  2325  2325 I robotcontroller: type=1400 audit(0.0:150): avc: denied { getattr } for path="/sys/devices/pinctrl.26/gpio/gpio50/direction" dev="sysfs" ino=16602 scontext=u:r:untrusted_app:s0:c512,c768 tcontext=u:object_r:sysfs:s0 tclass=file permissive=1
01-31 10:07:52.149  2325  2325 I robotcontroller: type=1400 audit(0.0:151): avc: denied { write } for name="value" dev="sysfs" ino=13327 scontext=u:r:untrusted_app:s0:c512,c768 tcontext=u:object_r:sysfs:s0 tclass=file permissive=1
01-31 10:07:52.146  2325  2325 I AppUtil : found usbFileSystemRoot: /dev/bus/usb
01-31 10:07:52.159  2325  2325 I AppAliveNotifier: Telling the OS to set the RC alive notification timeout to 20 seconds
01-31 10:07:52.176  2325  2341 V RobotCore: saving logcat to /storage/emulated/0/robotControllerLog.txt
01-31 10:07:52.176  2325  2341 V RobotCore: logging command line: exec logcat -f /storage/emulated/0/robotControllerLog.txt -r4096 -n4 -v threadtime UsbRequestJNI:S UsbRequest:S art:W ThreadPool:W System:W ExtendedExtractor:W OMXClient:W MediaPlayer:W dalvikvm:W  *:V
01-31 10:07:52.204  2325  2325 V AppUtil : rootActivity=PermissionValidatorWrapper
01-31 10:07:52.204  2325  2325 I PermissionValidatorActivity: Lifecycle onCreate : 21fe8bb
01-31 10:07:52.209  2325  2341 I RobotCore: Done running ps
01-31 10:07:52.219  2344  2344 I sh      : type=1400 audit(0.0:152): avc: denied { read } for name="/" dev="rootfs" ino=1 scontext=u:r:untrusted_app:s0:c512,c768 tcontext=u:object_r:rootfs:s0 tclass=dir permissive=1
01-31 10:07:52.222  2344  2344 I sh      : type=1400 audit(0.0:153): avc: denied { open } for path="/" dev="rootfs" ino=1 scontext=u:r:untrusted_app:s0:c512,c768 tcontext=u:object_r:rootfs:s0 tclass=dir permissive=1
01-31 10:07:52.366  2325  2325 I PermissionValidatorActivity: Lifecycle onStart : 21fe8bb
01-31 10:07:52.368  2325  2325 I PermissionValidator: Checking permission for android.permission.WRITE_EXTERNAL_STORAGE
01-31 10:07:52.375  2325  2325 I PermissionValidator:     Granted: android.permission.WRITE_EXTERNAL_STORAGE
01-31 10:07:52.375  2325  2325 I PermissionValidator: Checking permission for android.permission.READ_EXTERNAL_STORAGE
01-31 10:07:52.376  2325  2325 I PermissionValidator:     Granted: android.permission.READ_EXTERNAL_STORAGE
01-31 10:07:52.377  2325  2325 I PermissionValidator: Checking permission for android.permission.CAMERA
01-31 10:07:52.378  2325  2325 I PermissionValidator:     Granted: android.permission.CAMERA
01-31 10:07:52.378  2325  2325 I PermissionValidator: Checking permission for android.permission.ACCESS_COARSE_LOCATION
01-31 10:07:52.379  2325  2325 I PermissionValidator:     Granted: android.permission.ACCESS_COARSE_LOCATION
01-31 10:07:52.379  2325  2325 I PermissionValidator: Checking permission for android.permission.ACCESS_FINE_LOCATION
01-31 10:07:52.381  2325  2325 I PermissionValidator:     Granted: android.permission.ACCESS_FINE_LOCATION
01-31 10:07:52.381  2325  2325 I PermissionValidator: Checking permission for android.permission.READ_PHONE_STATE
01-31 10:07:52.382  2325  2325 I PermissionValidator:     Granted: android.permission.READ_PHONE_STATE
01-31 10:07:52.386  2325  2325 V ServiceStarter: attempting to start service MediaTransferProtocolMonitorService
01-31 10:07:52.390  2325  2325 V ServiceStarter: started service MediaTransferProtocolMonitorService
01-31 10:07:52.390  2325  2325 V ServiceStarter: attempting to start service OnBotJavaService
01-31 10:07:52.393  2325  2325 V ServiceStarter: started service OnBotJavaService
01-31 10:07:52.394  2325  2325 I PermissionValidatorActivity: All permissions validated.  Starting RobotController
01-31 10:07:52.412  2325  2325 V MTPMonitorService: onCreate()
01-31 10:07:52.413  2325  2325 V MTPMonitorService: onStartCommand() intent=Intent { cmp=com.qualcomm.ftcrobotcontroller/org.firstinspires.ftc.robotcore.internal.files.MediaTransferProtocolMonitorService } flags=0x0 startId=1
01-31 10:07:52.419  2325  2325 V MTPMonitor: observing: /storage/emulated/0
01-31 10:07:52.483  2325  2325 V OnBotJavaService: onCreate()
01-31 10:07:52.483  2325  2325 V OnBotJavaService: onStartCommand() intent=Intent { cmp=com.qualcomm.ftcrobotcontroller/org.firstinspires.ftc.onbotjava.OnBotJavaService } flags=0x0 startId=1
01-31 10:07:52.484  2325  2325 V OnBotJava: OnBotJavaManager::static
01-31 10:07:52.772  2353  2353 I ps      : type=1400 audit(0.0:154): avc: denied { getattr } for path="/proc/1" dev="proc" ino=4875 scontext=u:r:untrusted_app:s0:c512,c768 tcontext=u:r:init:s0 tclass=dir permissive=1
01-31 10:07:52.772  2353  2353 I ps      : type=1400 audit(0.0:155): avc: denied { search } for name="1" dev="proc" ino=4875 scontext=u:r:untrusted_app:s0:c512,c768 tcontext=u:r:init:s0 tclass=dir permissive=1
01-31 10:07:52.772  2353  2353 I ps      : type=1400 audit(0.0:156): avc: denied { read } for name="cmdline" dev="proc" ino=5610 scontext=u:r:untrusted_app:s0:c512,c768 tcontext=u:r:init:s0 tclass=file permissive=1
01-31 10:07:52.772  2353  2353 I ps      : type=1400 audit(0.0:157): avc: denied { open } for path="/proc/1/cmdline" dev="proc" ino=5610 scontext=u:r:untrusted_app:s0:c512,c768 tcontext=u:r:init:s0 tclass=file permissive=1
01-31 10:07:53.143  2325  2325 V OnBotJava: ctor()...
01-31 10:07:53.146  2325  2325 V OnBotJava: ...ctor()
01-31 10:07:53.151  2325  2325 V RCActivity: Permissions validated already
01-31 10:07:53.152  2325  2325 V RCActivity: onCreate()
01-31 10:07:53.154  2325  2325 V RCActivity: rootActivity is of class PermissionValidatorWrapper
01-31 10:07:53.157  2325  2325 V RCActivity: launchActivity is of class class org.firstinspires.ftc.robotcontroller.internal.PermissionValidatorWrapper
01-31 10:07:53.152  2325  2325 I robotcontroller: type=1400 audit(0.0:158): avc: denied { read } for name="direction" dev="sysfs" ino=16602 scontext=u:r:untrusted_app:s0:c512,c768 tcontext=u:object_r:sysfs:s0 tclass=file permissive=1
01-31 10:07:53.152  2325  2325 I robotcontroller: type=1400 audit(0.0:159): avc: denied { open } for path="/sys/devices/pinctrl.26/gpio/gpio50/direction" dev="sysfs" ino=16602 scontext=u:r:untrusted_app:s0:c512,c768 tcontext=u:object_r:sysfs:s0 tclass=file permissive=1
01-31 10:07:53.152  2325  2325 I robotcontroller: type=1400 audit(0.0:160): avc: denied { getattr } for path="/sys/devices/pinctrl.26/gpio/gpio50/direction" dev="sysfs" ino=16602 scontext=u:r:untrusted_app:s0:c512,c768 tcontext=u:object_r:sysfs:s0 tclass=file permissive=1
01-31 10:07:53.156  2325  2325 I robotcontroller: type=1400 audit(0.0:161): avc: denied { write } for name="value" dev="sysfs" ino=13327 scontext=u:r:untrusted_app:s0:c512,c768 tcontext=u:object_r:sysfs:s0 tclass=file permissive=1
01-31 10:07:53.166  2325  2360 V CallbackLooper: thread=33
01-31 10:07:53.171  2325  2325 V NetDiscover_wifiDirectAgent: doStart()...
01-31 10:07:53.176  2325  2325 V NetDiscover_wifiDirectAgent: ...doStart()
01-31 10:07:53.176  2325  2325 V NetDiscover_prefremrc: ----- all preferences -----
01-31 10:07:53.177  2325  2325 V NetDiscover_prefremrc: name='android.permission.READ_PHONE_STATE' value=false
01-31 10:07:53.177  2325  2325 V NetDiscover_prefremrc: name='pref_app_version' value=unavailable
01-31 10:07:53.177  2325  2325 V NetDiscover_prefremrc: name='pref_autostarted_robot_controller' value=true
01-31 10:07:53.177  2325  2325 V NetDiscover_prefremrc: name='pref_warn_about_obsolete_software' value=true
01-31 10:07:53.177  2325  2325 V NetDiscover_prefremrc: name='pref_network_protocol_version' value=unavailable
01-31 10:07:53.177  2325  2325 V NetDiscover_prefremrc: name='pref_has_independent_phone_battery' value=false
01-31 10:07:53.177  2325  2325 V NetDiscover_prefremrc: name='android.permission.CAMERA' value=false
01-31 10:07:53.178  2325  2325 V NetDiscover_prefremrc: name='pref_wifip2p_remote_channel_change_works' value=false
01-31 10:07:53.178  2325  2325 V NetDiscover_prefremrc: name='pref_hardware_config_filename' value={"isDirty":false,"location":"LOCAL_STORAGE","name":"ftc6motor","resourceId":0}
01-31 10:07:53.178  2325  2325 V NetDiscover_prefremrc: name='pref_build_time' value=unavailable
01-31 10:07:53.178  2325  2325 V NetDiscover_prefremrc: name='pref_sound_on_off' value=false
01-31 10:07:53.178  2325  2325 V NetDiscover_prefremrc: name='pref_warn_about_mismatched_app_versions' value=true
01-31 10:07:53.178  2325  2325 V NetDiscover_prefremrc: name='pref_ftc_season_year_of_current_rc_new' value=2022
01-31 10:07:53.178  2325  2325 V NetDiscover_prefremrc: name='App Restrictions' value=AAAAAA==
01-31 10:07:53.178  2325  2325 V NetDiscover_prefremrc:     
01-31 10:07:53.178  2325  2325 V NetDiscover_prefremrc: name='pref_warn_about_incorrect_clocks' value=true
01-31 10:07:53.179  2325  2325 V NetDiscover_prefremrc: name='pref_has_speaker' value=false
01-31 10:07:53.179  2325  2325 V NetDiscover_prefremrc: name='android.permission.ACCESS_COARSE_LOCATION' value=false
01-31 10:07:53.179  2325  2325 V NetDiscover_prefremrc: name='android.permission.WRITE_EXTERNAL_STORAGE' value=false
01-31 10:07:53.179  2325  2325 V NetDiscover_prefremrc: name='pref_connection_owner_password' value=ftc21180
01-31 10:07:53.179  2325  2325 V NetDiscover_prefremrc: name='pref_pairing_kind' value=RCWIRELESSAP
01-31 10:07:53.179  2325  2325 V NetDiscover_prefremrc: name='pref_device_name_internal' value=21180-RC
01-31 10:07:53.180  2325  2325 V NetDiscover_prefremrc: name='pref_app_theme' value=red
01-31 10:07:53.180  2325  2325 V NetDiscover_prefremrc: name='android.permission.ACCESS_FINE_LOCATION' value=false
01-31 10:07:53.180  2325  2325 V NetDiscover_prefremrc: name='pref_device_name' value=21180-RC
01-31 10:07:53.180  2325  2325 V NetDiscover_prefremrc: name='pref_network_connection_info' value=unavailable
01-31 10:07:53.180  2325  2325 V NetDiscover_prefremrc: name='pref_warn_about_2_4_ghz_band' value=true
01-31 10:07:53.180  2325  2325 V NetDiscover_prefremrc: name='pref_device_name_tracking' value=WIFIAP
01-31 10:07:53.180  2325  2325 V NetDiscover_prefremrc: name='android.permission.READ_EXTERNAL_STORAGE' value=false
01-31 10:07:53.181  2325  2325 V NetDiscover_prefremrc: name='pref_rc_connected' value=true
01-31 10:07:53.181  2325  2325 V NetDiscover_prefremrc: name='pref_lib_version' value=unavailable
01-31 10:07:53.186  2325  2325 V Robocol : SendOnceRunnable created
01-31 10:07:53.189  2325  2325 V NetDiscover_prefremrc: doStart()...
01-31 10:07:53.189  2325  2325 V NetDiscover_prefremrc: ...doStart()
01-31 10:07:53.219  2325  2325 W System  : ClassLoader referenced unknown path: /system/app/webview/lib/arm
01-31 10:07:53.220  2325  2325 D ApplicationLoaders: ignored Vulkan layer search path /system/app/webview/lib/arm:/system/app/webview/webview.apk!/lib/armeabi-v7a:/system/lib:/vendor/lib for namespace 0xf7052090
01-31 10:07:53.223  2325  2325 I WebViewFactory: Loading com.android.webview version 52.0.2743.100 (code 275610050)
01-31 10:07:53.350  2325  2325 I cr_LibraryLoader: Time to load native libraries: 64 ms (timestamps 8716-8780)
01-31 10:07:53.350  2325  2325 I cr_LibraryLoader: Expected native library version number "52.0.2743.100", actual native library version number "52.0.2743.100"
01-31 10:07:53.366  2325  2325 V WebViewChromiumFactoryProvider: Binding Chromium to main looper Looper (main, tid 1) {97cb44f}
01-31 10:07:53.367  2325  2325 I cr_LibraryLoader: Expected native library version number "52.0.2743.100", actual native library version number "52.0.2743.100"
01-31 10:07:53.465  2325  2325 I chromium: [INFO:library_loader_hooks.cc(143)] Chromium logging enabled: level = 0, default verbosity = 0
01-31 10:07:53.498  2325  2325 I cr_BrowserStartup: Initializing chromium process, singleProcess=true
01-31 10:07:53.558  2325  2325 I mali_so : [File] : hardware/rockchip/driver/./src/base/arch/arch_011_udd/base_arch_main.c; [Line] : 565; [Func] : deal_with_version_affairs_rk_ext;
01-31 10:07:53.558  2325  2325 I mali_so : arm_release_ver of this mali_so is 'r7p0-00rel1', rk_so_ver is '1@2' for 3328h_android_7.1, built at '15:47:49', on 'Jun 28 2017'.
01-31 10:07:53.559  2325  2325 I mali_so : [File] : hardware/rockchip/driver/./src/base/arch/arch_011_udd/base_arch_main.c; [Line] : 578; [Func] : deal_with_version_affairs_rk_ext;
01-31 10:07:53.559  2325  2325 I mali_so : mali_ver_property has been set to 'r7p0-00rel1-5-1@2', to return.
01-31 10:07:53.649  2325  2325 I cr_DRP  : No DRP key due to exception:java.lang.ClassNotFoundException: com.android.webview.chromium.Drp
01-31 10:07:53.702  2325  2325 W cr_AwContents: onDetachedFromWindow called when already detached. Ignoring
01-31 10:07:54.018  2325  2325 V OnBotJava: getCurrentOutputDir() unavailable
01-31 10:07:54.019  2325  2325 V OnBotJava: getCurrentOutputDir() unavailable
01-31 10:07:54.019  2325  2325 W System  : ClassLoader referenced unknown path: 
01-31 10:07:55.792  2421  2421 I ps      : type=1400 audit(0.0:162): avc: denied { getattr } for path="/proc/2" dev="proc" ino=8995 scontext=u:r:untrusted_app:s0:c512,c768 tcontext=u:r:kernel:s0 tclass=dir permissive=1
01-31 10:07:55.792  2421  2421 I ps      : type=1400 audit(0.0:163): avc: denied { search } for name="2" dev="proc" ino=8995 scontext=u:r:untrusted_app:s0:c512,c768 tcontext=u:r:kernel:s0 tclass=dir permissive=1
01-31 10:07:55.792  2421  2421 I ps      : type=1400 audit(0.0:164): avc: denied { read } for name="cmdline" dev="proc" ino=9094 scontext=u:r:untrusted_app:s0:c512,c768 tcontext=u:r:kernel:s0 tclass=file permissive=1
01-31 10:07:55.792  2421  2421 I ps      : type=1400 audit(0.0:165): avc: denied { open } for path="/proc/2/cmdline" dev="proc" ino=9094 scontext=u:r:untrusted_app:s0:c512,c768 tcontext=u:r:kernel:s0 tclass=file permissive=1
--------- beginning of main
01-31 10:07:56.766  2464  2464 D Uvc     : [jni.cpp:72] JNI_OnLoad()...
01-31 10:07:56.766  2464  2464 D Uvc     : [JniEnv.h:32] ScopedJniEnv::onJniLoad()...
01-31 10:07:56.766  2464  2464 D Uvc     : [JniEnv.h:32] ...ScopedJniEnv::onJniLoad()
01-31 10:07:56.766  2464  2464 D Uvc     : [jni.cpp:72] ...JNI_OnLoad()
01-31 10:07:56.781  2464  2464 V AppUtil : initializing: getExternalStorageDirectory()=/storage/emulated/0
01-31 10:07:56.787  2464  2464 I AppUtil : found usbFileSystemRoot: /dev/bus/usb
01-31 10:07:56.786  2486  2486 I ps      : type=1400 audit(0.0:166): avc: denied { getattr } for path="/proc/1" dev="proc" ino=4875 scontext=u:r:untrusted_app:s0:c512,c768 tcontext=u:r:init:s0 tclass=dir permissive=1
01-31 10:07:56.786  2486  2486 I ps      : type=1400 audit(0.0:167): avc: denied { search } for name="1" dev="proc" ino=4875 scontext=u:r:untrusted_app:s0:c512,c768 tcontext=u:r:init:s0 tclass=dir permissive=1
01-31 10:07:56.786  2486  2486 I ps      : type=1400 audit(0.0:168): avc: denied { read } for name="cmdline" dev="proc" ino=5610 scontext=u:r:untrusted_app:s0:c512,c768 tcontext=u:r:init:s0 tclass=file permissive=1
01-31 10:07:56.786  2486  2486 I ps      : type=1400 audit(0.0:169): avc: denied { open } for path="/proc/1/cmdline" dev="proc" ino=5610 scontext=u:r:untrusted_app:s0:c512,c768 tcontext=u:r:init:s0 tclass=file permissive=1
01-31 10:07:56.799  2464  2464 I robotcontroller: type=1400 audit(0.0:170): avc: denied { getattr } for path="/sys/devices/pinctrl.26/gpio/gpio87/direction" dev="sysfs" ino=16647 scontext=u:r:untrusted_app:s0:c512,c768 tcontext=u:object_r:sysfs:s0 tclass=file permissive=1
01-31 10:07:56.802  2464  2464 I robotcontroller: type=1400 audit(0.0:171): avc: denied { write } for name="value" dev="sysfs" ino=16645 scontext=u:r:untrusted_app:s0:c512,c768 tcontext=u:object_r:sysfs:s0 tclass=file permissive=1
01-31 10:07:56.808  2464  2464 I AppAliveNotifier: Telling the OS to set the RC alive notification timeout to 20 seconds
01-31 10:07:56.802  2464  2464 I robotcontroller: type=1400 audit(0.0:172): avc: denied { open } for path="/sys/devices/pinctrl.26/gpio/gpio87/value" dev="sysfs" ino=16645 scontext=u:r:untrusted_app:s0:c512,c768 tcontext=u:object_r:sysfs:s0 tclass=file permissive=1
01-31 10:07:56.831  2464  2491 V RobotCore: saving logcat to /storage/emulated/0/robotControllerLog.txt
01-31 10:07:56.831  2464  2491 V RobotCore: logging command line: exec logcat -f /storage/emulated/0/robotControllerLog.txt -r4096 -n4 -v threadtime UsbRequestJNI:S UsbRequest:S art:W ThreadPool:W System:W ExtendedExtractor:W OMXClient:W MediaPlayer:W dalvikvm:W  *:V
01-31 10:07:56.870  2464  2491 I RobotCore: Done running ps
01-31 10:07:56.879  2495  2495 I sh      : type=1400 audit(0.0:173): avc: denied { read } for name="/" dev="rootfs" ino=1 scontext=u:r:untrusted_app:s0:c512,c768 tcontext=u:object_r:rootfs:s0 tclass=dir permissive=1
01-31 10:07:56.879  2495  2495 I sh      : type=1400 audit(0.0:174): avc: denied { open } for path="/" dev="rootfs" ino=1 scontext=u:r:untrusted_app:s0:c512,c768 tcontext=u:object_r:rootfs:s0 tclass=dir permissive=1
01-31 10:07:57.493  2464  2464 V AppUtil : rootActivity=PermissionValidatorWrapper
01-31 10:07:57.493  2464  2464 I PermissionValidatorActivity: Lifecycle onCreate : 21fe8bb
01-31 10:07:57.600  2464  2464 I PermissionValidatorActivity: Lifecycle onStart : 21fe8bb
01-31 10:07:57.602  2464  2464 I PermissionValidator: Checking permission for android.permission.WRITE_EXTERNAL_STORAGE
01-31 10:07:57.606  2464  2464 I PermissionValidator:     Granted: android.permission.WRITE_EXTERNAL_STORAGE
01-31 10:07:57.606  2464  2464 I PermissionValidator: Checking permission for android.permission.READ_EXTERNAL_STORAGE
01-31 10:07:57.607  2464  2464 I PermissionValidator:     Granted: android.permission.READ_EXTERNAL_STORAGE
01-31 10:07:57.607  2464  2464 I PermissionValidator: Checking permission for android.permission.CAMERA
01-31 10:07:57.608  2464  2464 I PermissionValidator:     Granted: android.permission.CAMERA
01-31 10:07:57.608  2464  2464 I PermissionValidator: Checking permission for android.permission.ACCESS_COARSE_LOCATION
01-31 10:07:57.609  2464  2464 I PermissionValidator:     Granted: android.permission.ACCESS_COARSE_LOCATION
01-31 10:07:57.609  2464  2464 I PermissionValidator: Checking permission for android.permission.ACCESS_FINE_LOCATION
01-31 10:07:57.610  2464  2464 I PermissionValidator:     Granted: android.permission.ACCESS_FINE_LOCATION
01-31 10:07:57.610  2464  2464 I PermissionValidator: Checking permission for android.permission.READ_PHONE_STATE
01-31 10:07:57.611  2464  2464 I PermissionValidator:     Granted: android.permission.READ_PHONE_STATE
01-31 10:07:57.614  2464  2464 V ServiceStarter: attempting to start service MediaTransferProtocolMonitorService
01-31 10:07:57.617  2464  2464 V ServiceStarter: started service MediaTransferProtocolMonitorService
01-31 10:07:57.618  2464  2464 V ServiceStarter: attempting to start service OnBotJavaService
01-31 10:07:57.620  2464  2464 V ServiceStarter: started service OnBotJavaService
01-31 10:07:57.620  2464  2464 I PermissionValidatorActivity: All permissions validated.  Starting RobotController
01-31 10:07:57.632  2464  2464 V MTPMonitorService: onCreate()
01-31 10:07:57.633  2464  2464 V MTPMonitorService: onStartCommand() intent=Intent { cmp=com.qualcomm.ftcrobotcontroller/org.firstinspires.ftc.robotcore.internal.files.MediaTransferProtocolMonitorService } flags=0x0 startId=1
01-31 10:07:57.637  2464  2464 V MTPMonitor: observing: /storage/emulated/0
01-31 10:07:57.670  2464  2464 V OnBotJavaService: onCreate()
01-31 10:07:57.671  2464  2464 V OnBotJavaService: onStartCommand() intent=Intent { cmp=com.qualcomm.ftcrobotcontroller/org.firstinspires.ftc.onbotjava.OnBotJavaService } flags=0x0 startId=1
01-31 10:07:57.672  2464  2464 V OnBotJava: OnBotJavaManager::static
01-31 10:07:58.229  2464  2464 V OnBotJava: ctor()...
01-31 10:07:58.231  2464  2464 V OnBotJava: ...ctor()
01-31 10:07:58.237  2464  2464 V RCActivity: Permissions validated already
01-31 10:07:58.237  2464  2464 V RCActivity: onCreate()
01-31 10:07:58.239  2464  2464 V RCActivity: rootActivity is of class PermissionValidatorWrapper
01-31 10:07:58.243  2464  2464 V RCActivity: launchActivity is of class class org.firstinspires.ftc.robotcontroller.internal.PermissionValidatorWrapper
01-31 10:07:58.239  2464  2464 I robotcontroller: type=1400 audit(0.0:178): avc: denied { read } for name="direction" dev="sysfs" ino=16602 scontext=u:r:untrusted_app:s0:c512,c768 tcontext=u:object_r:sysfs:s0 tclass=file permissive=1
01-31 10:07:58.251  2464  2528 V CallbackLooper: thread=36
01-31 10:07:58.256  2464  2464 V NetDiscover_wifiDirectAgent: doStart()...
