01-24 11:19:35.819 11326 11326 I cr_LibraryLoader: Expected native library version number "52.0.2743.100", actual native library version number "52.0.2743.100"
01-24 11:19:35.832 11326 11326 V WebViewChromiumFactoryProvider: Binding Chromium to main looper Looper (main, tid 1) {e8dc9b9}
01-24 11:19:35.833 11326 11326 I cr_LibraryLoader: Expected native library version number "52.0.2743.100", actual native library version number "52.0.2743.100"
01-24 11:19:35.833 11326 11326 I chromium: [INFO:library_loader_hooks.cc(143)] Chromium logging enabled: level = 0, default verbosity = 0
01-24 11:19:35.851 11326 11326 I cr_BrowserStartup: Initializing chromium process, singleProcess=true
01-24 11:19:35.875 11326 11326 I mali_so : [File] : hardware/rockchip/driver/./src/base/arch/arch_011_udd/base_arch_main.c; [Line] : 565; [Func] : deal_with_version_affairs_rk_ext;
01-24 11:19:35.875 11326 11326 I mali_so : arm_release_ver of this mali_so is 'r7p0-00rel1', rk_so_ver is '1@2' for 3328h_android_7.1, built at '15:47:49', on 'Jun 28 2017'.
01-24 11:19:35.875 11326 11326 I mali_so : [File] : hardware/rockchip/driver/./src/base/arch/arch_011_udd/base_arch_main.c; [Line] : 578; [Func] : deal_with_version_affairs_rk_ext;
01-24 11:19:35.875 11326 11326 I mali_so : mali_ver_property has been set to 'r7p0-00rel1-5-1@2', to return.
01-24 11:19:35.937 11326 11326 I cr_DRP  : No DRP key due to exception:java.lang.ClassNotFoundException: com.android.webview.chromium.Drp
01-24 11:19:35.983 11326 11326 W cr_AwContents: onDetachedFromWindow called when already detached. Ignoring
01-24 11:19:36.294 11326 11326 W System  : ClassLoader referenced unknown path: 
01-24 11:19:39.672 11326 11326 V UpdateUI: Network: inactive, disconnected
01-24 11:19:39.672 11326 11326 V ServiceStarter: attempting to start service FtcRobotControllerWatchdogService
01-24 11:19:39.674 11326 11326 V ServiceStarter: started service FtcRobotControllerWatchdogService
01-24 11:19:39.695 11326 11326 I RobotCore: App info: version=8.1.1 appId=com.qualcomm.ftcrobotcontroller
01-24 11:19:39.696 11326 11326 I RobotCore: Android Device: maker=REV Robotics model=Control Hub v1.0 sdk=25 serial=caade241cd00a884
01-24 11:19:39.696 11326 11326 V AndroidBoard: REV Control Hub contains REV3328
01-24 11:19:39.696 11326 11326 V AndroidBoard: Communicating with embedded REV hub via /dev/ttyS1
01-24 11:19:40.842 11326 11326 V RCActivity: onStart()
01-24 11:19:40.847 11326 11326 V RCActivity: onResume()
01-24 11:19:40.868 11326 11326 V NetDiscover_prefremrc: onSharedPreferenceChanged(name=App Restrictions, value=AAAAAA==
01-24 11:19:40.868 11326 11326 V NetDiscover_prefremrc: )
01-24 11:19:40.881 11326 11326 V FtcRobotControllerWatchdogService: onCreate()
01-24 11:19:40.882 11326 11326 V FtcRobotControllerWatchdogService: onStartCommand() intent=Intent { cmp=com.qualcomm.ftcrobotcontroller/org.firstinspires.ftc.ftccommon.internal.FtcRobotControllerWatchdogService } flags=0x0 startId=1
01-24 11:19:40.883 11326 11326 V FtcRobotControllerWatchdogService: shouldAutoLauchRobotController() result=true
01-24 11:19:40.885 11326 11326 V FTCService: onCreate()
01-24 11:19:40.925 11326 11326 W art     : Before Android 4.1, method double java.util.concurrent.ThreadLocalRandom.internalNextDouble(double, double) would have incorrectly overridden the package-private method in java.util.Random
01-24 11:19:40.925 11326 11326 W art     : Before Android 4.1, method int java.util.concurrent.ThreadLocalRandom.internalNextInt(int, int) would have incorrectly overridden the package-private method in java.util.Random
01-24 11:19:40.925 11326 11326 W art     : Before Android 4.1, method long java.util.concurrent.ThreadLocalRandom.internalNextLong(long, long) would have incorrectly overridden the package-private method in java.util.Random
01-24 11:19:40.969 11326 11326 V FTCService: onBind()
01-24 11:19:40.994 11326 11326 V CoreRobotWebServer: creating NanoHTTPD(8080)
01-24 11:19:40.996 11326 11326 V WebSocketManager: Registered broadcast-only namespace progress
01-24 11:19:41.002 11326 11326 V WebSocketManager: Registered handler for namespace ControlHubUpdater
01-24 11:19:41.003 11326 11326 V RobotCore: Getting network assistant of type: RCWIRELESSAP
01-24 11:19:41.004 11326 11326 I RobotControllerAccessPointAssistant: Enabling network services
01-24 11:19:41.006 11326 11326 I RobotControllerAccessPointAssistant: Sending SSID and password to AP service
01-24 11:19:41.007 11326 11326 I RobotCore: ftc21180
01-24 11:19:41.008 11326 11326 D RobotControllerAccessPointAssistant: setNetworkProperties(deviceName=21180-RC, password=ftc21180, ApChannel=null) sendSettingsIndividually=false
01-24 11:19:41.008 11326 11326 I NetDiscover_ControlHubNameManager: Robot controller name: 21180-RC
01-24 11:19:41.008 11326 11326 I ControlHubPasswordManager: Robot controller password: ftc21180
01-24 11:19:41.008 11326 11326 D RobotControllerAccessPointAssistant: Sending bulk settings broadcast intent
01-24 11:19:41.072 11326 11403 I OpenGLRenderer: Initialized EGL, version 1.4
01-24 11:19:41.072 11326 11403 D OpenGLRenderer: Swap behavior 1
01-24 11:19:41.079 11326 11326 I RobotControllerAccessPointAssistant: Wi-Fi state change:, wifiApState: 13
01-24 11:19:41.079 11326 11326 I FTCService: onNetworkConnectionEvent: CONNECTION_INFO_AVAILABLE
01-24 11:19:41.079 11326 11326 I RobotCore: ftc21180
01-24 11:19:41.079 11326 11326 I FTCService: Network Connection Passphrase: ftc21180
01-24 11:19:41.080 11326 11326 V CoreRobotWebServer: starting port=8080
01-24 11:19:41.091 11326 11326 V RobotCore: Getting network assistant of type: RCWIRELESSAP
01-24 11:19:41.092 11326 11326 V CoreRobotWebServer: started port=8080
01-24 11:19:41.092 11326 11326 V FTCService: RCActivity.controllerService=bound
01-24 11:19:41.092 11326 11326 V UpdateUI: Network: active, disconnected
01-24 11:19:41.093 11326 11326 V RobotCore: Robot Status: stopped
01-24 11:19:41.100 11326 11408 V TooTallWebSocketServer: Started WebSocket server on port 8081
01-24 11:19:41.103 11326 11411 V RobotCore: thread: 'RobotSetupRunnable.run()' starting...
01-24 11:19:41.103 11326 11411 V FTCService: Processing robot setup
01-24 11:19:41.104 11326 11411 V RobotCore: Robot Status: stopped, scanning for USB devices
01-24 11:19:41.104 11326 11411 I AppAliveNotifier: Telling the OS to set the RC alive notification timeout to 10 seconds
01-24 11:19:41.131 11326 11326 V WebSocketManager: Registered handler for namespace ONBOTJAVA
01-24 11:19:41.175 11326 11403 I [Gralloc]:  ion device open success! fd = 92
01-24 11:19:41.247 11326 11326 V AppUtil : rootActivity=PermissionValidatorWrapper destroyed
01-24 11:19:41.247 11326 11326 V AppUtil : rootActivity=FtcRobotControllerActivity
01-24 11:19:41.247 11326 11326 I PermissionValidatorActivity: Lifecycle onDestroy : 6a70b24
01-24 11:19:41.616 11326 11410 V FtcWebSocket: Opening websocket (ip=192.168.43.107/192.168.43.107 port=8081)
01-24 11:19:41.621 11326 11410 V WebSocketManager: Subscribed websocket (ip=192.168.43.107/192.168.43.107 port=8081) to namespace (progress)
01-24 11:19:41.622 11326 11410 V WebSocketManager: Subscribed websocket (ip=192.168.43.107/192.168.43.107 port=8081) to namespace (ControlHubUpdater)
01-24 11:19:41.637 11326 11410 V FtcWebSocket: Opening websocket (ip=192.168.43.107/192.168.43.107 port=8081)
01-24 11:19:41.642 11326 11410 V WebSocketManager: Subscribed websocket (ip=192.168.43.107/192.168.43.107 port=8081) to namespace (progress)
01-24 11:19:41.643 11326 11410 V WebSocketManager: Subscribed websocket (ip=192.168.43.107/192.168.43.107 port=8081) to namespace (ControlHubUpdater)
01-24 11:19:41.659 11326 11410 V FtcWebSocket: Opening websocket (ip=192.168.43.107/192.168.43.107 port=8081)
01-24 11:19:41.666 11326 11410 V WebSocketManager: Subscribed websocket (ip=192.168.43.107/192.168.43.107 port=8081) to namespace (progress)
01-24 11:19:41.667 11326 11410 V WebSocketManager: Subscribed websocket (ip=192.168.43.107/192.168.43.107 port=8081) to namespace (ControlHubUpdater)
01-24 11:19:42.000 11326 11426 I RobotCore: ftc21180
01-24 11:19:42.046 11326 11428 V ProgrammingModeManager: serve uri=/css/colors.less
01-24 11:19:42.386 11326 11426 I RobotCore: ftc21180
01-24 11:19:42.505 11326 11422 V ProgrammingModeManager: serve uri=/css/colors.less
01-24 11:19:44.846 11326 11422 I RobotCore: ftc21180
01-24 11:19:46.113 11326 11411 V RobotCore: EventLoopManager state is NOT_STARTED
01-24 11:19:46.113 11326 11411 V FTCService: Waiting for a connection to a Wi-Fi service
01-24 11:19:46.114 11326 11411 V RobotCore: Robot Status: stopped, waiting for network to become active
01-24 11:19:46.120 11326 11411 I RobotControllerAccessPointAssistant: Wi-Fi AP is enabled
01-24 11:19:46.120 11326 11411 V CoreRobotWebServer: Asked an already running WebServer to start
01-24 11:19:46.120 11326 11411 V RobotCore: Robot Status: stopped, starting robot
01-24 11:19:46.121 11326 11411 V Robocol : EventLoopManager.start()
01-24 11:19:46.121 11326 11411 V RobotCore: Getting network assistant of type: RCWIRELESSAP
01-24 11:19:46.122 11326 11411 I RobotControllerAccessPointAssistant: Wi-Fi AP is enabled
01-24 11:19:46.122 11326 11411 V Robocol : Spoofing a Network Connection event...
01-24 11:19:46.122 11326 11411 I EventLoopManager: onNetworkConnectionEvent: CONNECTION_INFO_AVAILABLE
01-24 11:19:46.122 11326 11411 I Robocol : Received network connection event
01-24 11:19:46.123 11326 11411 I RobotControllerAccessPointAssistant: Wi-Fi AP is enabled
01-24 11:19:46.123 11326 11411 I NetworkConnectionHandler: Handling new network connection infomation, connected: true setup needed: true
01-24 11:19:46.125 11326 11411 I RobotControllerAccessPointAssistant: Wi-Fi AP is enabled
01-24 11:19:49.171 11326 11443 V RobotCore: thread: 'SetupRunnable.run()' starting...
01-24 11:19:49.171 11326 11411 V RobotCore: EventLoopManager state is STOPPED
01-24 11:19:49.171 11326 11411 V Robocol : eventLoop=FtcEventLoop
01-24 11:19:49.171 11326 11411 V RobotCore: EventLoopManager state is INIT
01-24 11:19:49.172 11326 11411 V RobotCore: Robot Status: initializing, starting robot
01-24 11:19:49.172 11326 11411 I FtcEventLoop: ======= INIT START =======
01-24 11:19:49.173 11326 11411 V OpmodeRegistration: registered {DefaultOpMode} as {$Stop$Robot$}
01-24 11:19:49.176 11326 11411 V OpmodeRegistration: registered instance as {Enable/Disable Dashboard}
01-24 11:19:49.177 11326 11411 D OpmodeRegistration: registered instance {com.acmerobotics.dashboard.FtcDashboard$9@aa1f48d} as {Enable/Disable Dashboard}
01-24 11:19:49.178 11326 11443 D Robocol : RobocolDatagramSocket listening addr=/192.168.43.1:20884 cbRec=65520 cbSend=106496 msRecTO=300
01-24 11:19:49.179 11326 11443 V Robocol : RecvLoopRunnable created
01-24 11:19:49.180 11326 11444 V Robocol : PacketProcessor started
01-24 11:19:49.182 11326 11445 V Robocol : CommandProcessor started
01-24 11:19:49.187 11326 11446 V RobotCore: thread: 'RecvLoopRunnable.run()' starting...
01-24 11:19:49.189 11326 11443 V PeerDiscovery: Starting peer discovery remote: /192.168.43.1 local: /192.168.43.1
01-24 11:19:49.189 11326 11443 V PeerDiscovery: No need for initiating peer discovery, we are the Robot Controller
01-24 11:19:49.190 11326 11443 V RobotCore: Setup complete
01-24 11:19:49.190 11326 11443 V RobotCore: thread: ...terminating 'SetupRunnable.run()'
01-24 11:19:49.370 11326 11411 V MD5     : Calculated digest: 9d9a9ed11665dc92c91c475aad54ef94
01-24 11:19:49.370 11326 11411 V MD5     : Provided digest: 9d9a9ed11665dc92c91c475aad54ef94
01-24 11:19:49.489 11326 11446 E Robocol : exception SocketTimeoutException(Receive timed out): no packet received [java.net.PlainDatagramSocketImpl.receive0(Native Method)]
01-24 11:19:49.850 11326 11444 D RobotCore: system telemetry: key=$System$None$ msg=""
01-24 11:19:49.851 11326 11444 V PeerDiscovery: new remote peer discovered: 192.168.43.230
01-24 11:19:49.851 11326 11444 V NetworkConnectionHandler: starting sending loop
01-24 11:19:49.852 11326 11447 V Robocol : sending CMD_NOTIFY_ROBOT_STATE(9), attempt: 0
01-24 11:19:49.853 11326 11447 V Robocol : sending CMD_NOTIFY_ROBOT_STATE(10), attempt: 0
01-24 11:19:49.854 11326 11447 V Robocol : sending CMD_NOTIFY_ROBOT_STATE(11), attempt: 0
01-24 11:19:49.869 11326 11444 V UpdateUI: Network: active, connected
01-24 11:19:49.871 11326 11444 D FTCService: Sending user device types and preferences to driver station
01-24 11:19:49.939 11326 11450 V SoundInfo: construct(0x0bd3e667)
01-24 11:19:49.958 11326 11449 E WVMExtractor: Failed to open libwvm.so: dlopen failed: library "libwvm.so" not found
01-24 11:19:49.960 11326 11444 V NetDiscover_prefremrc: sendAllPreferences()
01-24 11:19:49.961 11326 11444 V NetDiscover_prefremrc: sending RC pref name=pref_wifip2p_remote_channel_change_works value=false
01-24 11:19:49.964 11326 11444 V NetDiscover_prefremrc: sending RC pref name=pref_device_name value=21180-RC
01-24 11:19:49.965 11326 11444 V NetDiscover_prefremrc: sending RC pref name=pref_warn_about_incorrect_clocks value=true
01-24 11:19:49.965 11326 11444 V NetDiscover_prefremrc: sending RC pref name=pref_warn_about_obsolete_software value=true
01-24 11:19:49.966 11326 11444 V NetDiscover_prefremrc: sending RC pref name=pref_has_speaker value=false
01-24 11:19:49.966 11326 11444 V NetDiscover_prefremrc: sending RC pref name=pref_warn_about_2_4_ghz_band value=true
01-24 11:19:49.967 11326 11444 V NetDiscover_prefremrc: sending RC pref name=pref_has_independent_phone_battery value=false
01-24 11:19:49.967 11326 11444 V NetDiscover_prefremrc: sending RC pref name=pref_app_theme value=red
01-24 11:19:49.968 11326 11444 V NetDiscover_prefremrc: sending RC pref name=pref_warn_about_mismatched_app_versions value=true
01-24 11:19:49.968 11326 11444 V NetDiscover_prefremrc: sending RC pref name=pref_sound_on_off value=false
01-24 11:19:49.969 11326 11444 V NetworkConnectionHandler: Peer connection established
01-24 11:19:49.972 11326 11447 V Robocol : sending CMD_NOTIFY_USER_DEVICE_LIST(19), attempt: 0
01-24 11:19:49.975 11326 11447 V Robocol : sending CMD_ROBOT_CONTROLLER_PREFERENCE(20), attempt: 0
01-24 11:19:49.976 11326 11447 V Robocol : sending CMD_ROBOT_CONTROLLER_PREFERENCE(21), attempt: 0
01-24 11:19:49.977 11326 11447 V Robocol : sending CMD_ROBOT_CONTROLLER_PREFERENCE(22), attempt: 0
01-24 11:19:49.978 11326 11447 V Robocol : sending CMD_ROBOT_CONTROLLER_PREFERENCE(23), attempt: 0
01-24 11:19:49.979 11326 11446 V EventLoopManager: Setting authoritative wall clock based on connected DS.
01-24 11:19:49.979 11326 11446 D Uvc     : [time.cpp:64] Java_org_firstinspires_ftc_robotcore_internal_system_AppUtil_nativeSetCurrentTimeMillis()...
01-24 11:19:49.968 11326 11446 I JniTime : [time.cpp:83] settimeofday() succeeded
01-24 11:19:49.968 11326 11446 D Uvc     : [time.cpp:64] ...Java_org_firstinspires_ftc_robotcore_internal_system_AppUtil_nativeSetCurrentTimeMillis()
01-24 11:19:49.969 11326 11447 V Robocol : sending CMD_ROBOT_CONTROLLER_PREFERENCE(24), attempt: 0
01-24 11:19:49.969 11326 11449 I MediaCodec: callingProcessName:com.qualcomm.ftcrobotcontroller
01-24 11:19:49.969 11326 11447 V Robocol : sending CMD_ROBOT_CONTROLLER_PREFERENCE(25), attempt: 0
01-24 11:19:49.971 11326 11447 V Robocol : sending CMD_ROBOT_CONTROLLER_PREFERENCE(26), attempt: 0
01-24 11:19:49.971 11326 11447 V Robocol : sending CMD_ROBOT_CONTROLLER_PREFERENCE(27), attempt: 0
01-24 11:19:49.972 11326 11447 V Robocol : sending CMD_ROBOT_CONTROLLER_PREFERENCE(28), attempt: 0
01-24 11:19:49.973 11326 11447 V Robocol : sending CMD_ROBOT_CONTROLLER_PREFERENCE(29), attempt: 0
01-24 11:19:49.974 11326 11446 V AppUtil : attempted to set timezone: before=America/Chicago after=America/Chicago
01-24 11:19:49.975 11326 11444 V Robocol : packet processing took 122.9ms: type=PEER_DISCOVERY
01-24 11:19:49.975 11326 11456 I ACodec  : onAllocateComponent:6752 mSoftCodecPref:0 componentName:
01-24 11:19:49.977 11326 11456 I ACodec  : onAllocateComponent:6783 mSoftCodecPref:0 componentName:OMX.google.raw.decoder
01-24 11:19:50.006 11326 11444 V Robocol : received command: CMD_REQUEST_ACTIVE_CONFIG(10002) 
01-24 11:19:50.007 11326 11444 V Robocol : received command: CMD_REQUEST_USER_DEVICE_TYPES(10003) 
01-24 11:19:50.011 11326 11444 V Robocol : received command: CMD_REQUEST_OP_MODE_LIST(10004) 
01-24 11:19:50.013 11326 11444 V Robocol : received command: CMD_ROBOT_CONTROLLER_PREFERENCE(10005) {"booleanValue":true,"prefName":"pref_ds_supports_5_ghz"}
01-24 11:19:50.014 11326 11444 V Robocol : received command: CMD_ROBOT_CONTROLLER_PREFERENCE(10006) {"intValue":21,"prefName":"pref_dh_os_version_code"}
01-24 11:19:50.017 11326 11373 D SoundPlayer: onLoadComplete(samp=1|ms=757, samp=1)=0
01-24 11:19:50.020 11326 11450 W AudioTrack: AUDIO_OUTPUT_FLAG_FAST denied by client; transfer 4, track 48000 Hz, output 44100 Hz
01-24 11:19:50.030 11326 11450 D SoundPlayer: playing volume=0.000000 samp=1|ms=757
01-24 11:19:50.043 11326 11447 V Robocol : sending CMD_PLAY_SOUND(47), attempt: 0
01-24 11:19:50.067 11326 11411 V OpmodeRegistration: registered {TrackingWheelForwardOffsetTuner} as {TrackingWheelForwardOffsetTuner}
01-24 11:19:50.068 11326 11411 V OpmodeRegistration: registered {TrackWidthTuner} as {TrackWidthTuner}
01-24 11:19:50.069 11326 11411 V OpmodeRegistration: registered {StrafeTest} as {StrafeTest}
01-24 11:19:50.069 11326 11411 V OpmodeRegistration: registered {AutomaticFeedforwardTuner} as {AutomaticFeedforwardTuner}
01-24 11:19:50.070 11326 11411 V OpmodeRegistration: registered {AutonomousLeft} as {Autonomous_Left}
01-24 11:19:50.071 11326 11411 V OpmodeRegistration: registered {AutonomousRight} as {Autonomous_Right}
01-24 11:19:50.071 11326 11411 V OpmodeRegistration: registered {BackAndForth} as {BackAndForth}
01-24 11:19:50.072 11326 11411 V OpmodeRegistration: registered {MaxAngularVeloTuner} as {MaxAngularVeloTuner}
01-24 11:19:50.073 11326 11411 V OpmodeRegistration: registered {MaxVelocityTuner} as {MaxVelocityTuner}
01-24 11:19:50.073 11326 11411 V OpmodeRegistration: registered {DriveVelocityPIDTuner} as {DriveVelocityPIDTuner}
01-24 11:19:50.074 11326 11411 V OpmodeRegistration: registered {ManualFeedforwardTuner} as {ManualFeedforwardTuner}
01-24 11:19:50.075 11326 11411 V OpmodeRegistration: registered {TeleopDualDrivers} as {Teleop_DualDrivers}
01-24 11:19:50.076 11326 11411 V OpmodeRegistration: registered {LocalizationTest} as {LocalizationTest}
01-24 11:19:50.076 11326 11411 V OpmodeRegistration: registered {FollowerPIDTuner} as {FollowerPIDTuner}
01-24 11:19:50.077 11326 11411 V OpmodeRegistration: registered {TurnTest} as {TurnTest}
01-24 11:19:50.078 11326 11411 V OpmodeRegistration: registered {TrackingWheelLateralDistanceTuner} as {TrackingWheelLateralDistanceTuner}
01-24 11:19:50.078 11326 11411 V OpmodeRegistration: registered {AutoRoadRunner} as {auto RR right}
01-24 11:19:50.079 11326 11411 V OpmodeRegistration: registered {StraightTest} as {StraightTest}
01-24 11:19:50.080 11326 11411 V OpmodeRegistration: registered {AutoFlipRight} as {Auto Flip Right}
01-24 11:19:50.080 11326 11447 V Robocol : sending CMD_NOTIFY_ROBOT_STATE(9), attempt: 1
01-24 11:19:50.080 11326 11411 V OpmodeRegistration: registered {SplineTest} as {SplineTest}
01-24 11:19:50.080 11326 11447 V Robocol : sending CMD_NOTIFY_ROBOT_STATE(10), attempt: 1
01-24 11:19:50.081 11326 11447 V Robocol : sending CMD_NOTIFY_ROBOT_STATE(11), attempt: 1
01-24 11:19:50.105 11326 11411 V FtcEventLoop: Ensuring that the embedded Control Hub module is set up correctly
01-24 11:19:50.111 11326 11411 V RobotCore: Creating REV Robotics USB Expansion Hub Portal [(embedded)]
01-24 11:19:50.113 11326 11411 V LynxUsb : creating new [(embedded)]: 0x0d0c8129
01-24 11:19:50.114 11326 11326 I pRunnable.run(): type=1400 audit(0.0:1298): avc: denied { read } for name="ttyS1" dev="tmpfs" ino=5250 scontext=u:r:untrusted_app:s0:c512,c768 tcontext=u:object_r:serial_device:s0 tclass=chr_file permissive=1
01-24 11:19:50.114 11326 11326 I pRunnable.run(): type=1400 audit(0.0:1299): avc: denied { write } for name="ttyS1" dev="tmpfs" ino=5250 scontext=u:r:untrusted_app:s0:c512,c768 tcontext=u:object_r:serial_device:s0 tclass=chr_file permissive=1
01-24 11:19:50.114 11326 11326 I pRunnable.run(): type=1400 audit(0.0:1300): avc: denied { open } for path="/dev/ttyS1" dev="tmpfs" ino=5250 scontext=u:r:untrusted_app:s0:c512,c768 tcontext=u:object_r:serial_device:s0 tclass=chr_file permissive=1
01-24 11:19:50.118 11326 11326 I pRunnable.run(): type=1400 audit(0.0:1301): avc: denied { ioctl } for path="/dev/ttyS1" dev="tmpfs" ino=5250 ioctlcmd=5401 scontext=u:r:untrusted_app:s0:c512,c768 tcontext=u:object_r:serial_device:s0 tclass=chr_file permissive=1
01-24 11:19:50.117 11326 11411 V FtDeviceManager: createDeviceInfoList(): 0 USB devices
01-24 11:19:50.117 11326 11411 V RobotUsbManagerCombining: FTDI driver failed to open USB device with serial number (embedded) (returned null device)
01-24 11:19:50.118 11326 11411 V SerialPortNative: [SerialPort.cpp:150] opened(/dev/ttyS1): fd=103
01-24 11:19:50.119 11326 11411 V RobotUsbDeviceTTY: opening serial=(embedded) file=/dev/ttyS1
01-24 11:19:50.120 11326 11411 V LynxUsb : armDevice() serial=(embedded)...
01-24 11:19:50.120 11326 11411 V LynxUsb : resetDevice() serial=(embedded)
01-24 11:19:50.120 11326 11447 V Robocol : sending CMD_NOTIFY_ACTIVE_CONFIGURATION(48), attempt: 0
01-24 11:19:50.121 11326 11447 V Robocol : sending CMD_NOTIFY_USER_DEVICE_LIST(54), attempt: 0
01-24 11:19:50.121 11326 11411 V LynxModule: resetting embedded usb device: isPresent: was=true
01-24 11:19:50.123 11326 11447 V Robocol : sending CMD_NOTIFY_OP_MODE_LIST(55), attempt: 0
01-24 11:19:50.478 11326 11411 V LynxUsb : ...done armDevice()
01-24 11:19:50.479 11326 11463 V RobotCore: thread: 'lynx incoming datagrams' starting...
01-24 11:19:50.479 11326 11411 V LynxUsb : 0x00ba95dc on 0x0d0c8129: new delegate to [(embedded)]
01-24 11:19:50.487 11326 11411 V LynxUsb : addConfiguredModule() module#=173
01-24 11:19:50.488 11326 11411 V LynxModule: pingAndQueryKnownInterfaces mod=173
01-24 11:19:50.493 11326 11463 V LynxUsb : synchronization gained: serial=(embedded)
01-24 11:19:50.516 11326 11411 V LynxModule: mod#=173 queryInterface(DEKA)=54 commands starting at 4096
01-24 11:19:50.529 11326 11411 V LynxModule: sending LynxFtdiResetControlCommand(true) wasInterrupted=false
01-24 11:19:50.535 11326 11411 V LynxModule: sendLEDPatternSteps(): steps=[Step(color=65280, msDuration=1000)]
01-24 11:19:50.541 11326 11411 V LynxModule: setAsControlHubEmbeddedModule(mod=173)
01-24 11:19:50.541 11326 11411 V EmbeddedControlHubModule: setting embedded module
01-24 11:19:50.541 11326 11411 V LynxModule: sending LynxFtdiResetControlCommand(false) wasInterrupted=false
01-24 11:19:50.544 11326 11411 V LynxModule: close(#173)
01-24 11:19:50.546 11326 11411 V LynxUsb : Verified that the embedded Control Hub module has the correct address
01-24 11:19:50.547 11326 11411 V LynxUsb : addConfiguredModule() module#=173
01-24 11:19:50.547 11326 11411 V LynxModule: pingAndQueryKnownInterfaces mod=173
01-24 11:19:50.561 11326 11411 V LynxModule: mod#=173 queryInterface(DEKA)=54 commands starting at 4096
01-24 11:19:50.570 11326 11411 V LynxModule: sending LynxFtdiResetControlCommand(true) wasInterrupted=false
01-24 11:19:50.574 11326 11411 V LynxModule: sendLEDPatternSteps(): steps=[Step(color=65280, msDuration=1000)]
01-24 11:19:50.578 11326 11411 V LynxModule: setAsControlHubEmbeddedModule(mod=173)
01-24 11:19:50.579 11326 11411 V EmbeddedControlHubModule: setting embedded module
01-24 11:19:50.579 11326 11411 I RobotCore: LynxFirmwareVersionManager: LynxI2cDeviceSynchV2
01-24 11:19:50.580 11326 11411 V LynxI2cDeviceSynch: initializeHardware() mod#=173
01-24 11:19:50.580 11326 11411 V BHI260IMU: Suppressing I2C warnings while we check for a BHI260AP IMU
01-24 11:19:50.585 11326 11411 V BHI260IMU: No BHI260AP IMU found
01-24 11:19:50.587 11326 11411 V BNO055  : Suppressing I2C warnings while we check for a BNO055 IMU
01-24 11:19:50.591 11326 11411 V BNO055  : Found BNO055 IMU
01-24 11:19:50.591 11326 11411 V LynxModule: sending LynxFtdiResetControlCommand(false) wasInterrupted=false
01-24 11:19:50.593 11326 11411 V LynxModule: close(#173)
01-24 11:19:50.595 11326 11411 V HardwareFactory: createHardwareMap()
01-24 11:19:50.595 11326 11411 V EmbeddedControlHubModule: clearing embedded module
01-24 11:19:50.608 11326 11411 V ReadXMLFileHandler: embedded lynx USB device is already present
01-24 11:19:50.608 11326 11411 V RobotCore: Creating REV Robotics USB Expansion Hub Portal [(embedded)]
01-24 11:19:50.609 11326 11411 V LynxUsb : using existing [(embedded)]: 0x0d0c8129
01-24 11:19:50.609 11326 11411 V LynxUsb : 0x0dfb5585 on 0x0d0c8129: new delegate to [(embedded)]
01-24 11:19:50.610 11326 11411 V RobotCore: Creating Lynx Module - mod=173 parent=true
01-24 11:19:50.611 11326 11411 V RobotCore: Creating Lynx Module - mod=2 parent=false
01-24 11:19:50.612 11326 11411 V LynxUsb : addConfiguredModule() module#=173
01-24 11:19:50.613 11326 11411 V LynxModule: pingAndQueryKnownInterfaces mod=173
01-24 11:19:50.625 11326 11411 V LynxModule: mod#=173 queryInterface(DEKA)=54 commands starting at 4096
01-24 11:19:50.634 11326 11411 V LynxModule: sending LynxFtdiResetControlCommand(true) wasInterrupted=false
01-24 11:19:50.639 11326 11411 V LynxModule: sendLEDPatternSteps(): steps=[Step(color=65280, msDuration=1000)]
01-24 11:19:50.642 11326 11469 V LynxModule: received status: LynxGetModuleStatusResponse(status=0x02 alerts=0x00: Reset)
01-24 11:19:50.643 11326 11469 W HubPowerCycle: Expansion Hub 173 regained power after a complete power loss. No user Op Mode was running.
01-24 11:19:50.643 11326 11469 V LynxModule: resendCurrentPattern()
01-24 11:19:50.643 11326 11469 V LynxModule: sendLEDPatternSteps(): steps=[Step(color=65280, msDuration=1000)]
01-24 11:19:50.646 11326 11411 V LynxModule: setAsControlHubEmbeddedModule(mod=173)
01-24 11:19:50.646 11326 11411 V EmbeddedControlHubModule: setting embedded module
01-24 11:19:50.646 11326 11411 V LynxUsb : addConfiguredModule() module#=2
01-24 11:19:50.647 11326 11411 V LynxModule: pingAndQueryKnownInterfaces mod=2
01-24 11:19:50.662 11326 11411 V LynxModule: mod#=2 queryInterface(DEKA)=54 commands starting at 4096
01-24 11:19:50.671 11326 11411 V LynxModule: sending LynxFtdiResetControlCommand(true) wasInterrupted=false
01-24 11:19:50.677 11326 11411 V LynxModule: sendLEDPatternSteps(): steps=[Step(color=65280, msDuration=4500), Step(color=0, msDuration=500), Step(color=255, msDuration=500), Step(color=0, msDuration=500), Step(color=255, msDuration=500), Step(color=0, msDuration=500)]
01-24 11:19:50.680 11326 11470 V LynxModule: received status: LynxGetModuleStatusResponse(status=0x05 alerts=0x00: KeepAliveTimeout|FailSafe)
01-24 11:19:50.680 11326 11470 V LynxModule: resendCurrentPattern()
01-24 11:19:50.681 11326 11470 V LynxModule: sendLEDPatternSteps(): steps=[Step(color=65280, msDuration=4500), Step(color=0, msDuration=500), Step(color=255, msDuration=500), Step(color=0, msDuration=500), Step(color=255, msDuration=500), Step(color=0, msDuration=500)]
01-24 11:19:50.689 11326 11411 V LynxMotor: initializeHardware() mod#=173
01-24 11:19:50.733 11326 11411 V RobotCore: DcMotorImpl(type=goBILDA5202SeriesMotor)
01-24 11:19:50.735 11326 11411 V RobotCore: DcMotorImpl(type=goBILDA5202SeriesMotor)
01-24 11:19:50.738 11326 11411 V RobotCore: DcMotorImpl(type=goBILDA5202SeriesMotor)
01-24 11:19:50.738 11326 11411 V RobotCore: DcMotorImpl(type=goBILDA5202SeriesMotor)
01-24 11:19:50.740 11326 11411 V LynxServoController: initializeHardware() mod#=173
01-24 11:19:50.771 11326 11411 V LynxVoltageSensor: initializeHardware() mod#=173
01-24 11:19:50.772 11326 11411 V LynxAnalogInputController: initializeHardware() mod#=173
01-24 11:19:50.773 11326 11411 V LynxDigitalChannelController: initializeHardware() mod#=173
01-24 11:19:50.791 11326 11411 V RobotCore: Creating user sensor REV internal IMU (BNO055) - on Lynx module=173 bus=0
01-24 11:19:50.791 11326 11411 I RobotCore: LynxFirmwareVersionManager: LynxI2cDeviceSynchV2
01-24 11:19:50.791 11326 11411 V LynxI2cDeviceSynch: initializeHardware() mod#=173
01-24 11:19:50.794 11326 11411 V BNO055  : Suppressing I2C warnings while we check for a BNO055 IMU
01-24 11:19:50.798 11326 11411 V BNO055  : Found BNO055 IMU
01-24 11:19:50.798 11326 11411 V BNO055  : Suppressing I2C warnings while we check for a BNO055 IMU
01-24 11:19:50.803 11326 11411 V BNO055  : Found BNO055 IMU
01-24 11:19:50.957 11326 11411 I RobotCore: LynxFirmwareVersionManager: LynxI2cDeviceSynchV2
01-24 11:19:50.957 11326 11411 V LynxI2cDeviceSynch: initializeHardware() mod#=173
01-24 11:19:50.960 11326 11411 V LynxMotor: initializeHardware() mod#=2
01-24 11:19:51.021 11326 11411 V RobotCore: DcMotorImpl(type=goBILDA5202SeriesMotor)
01-24 11:19:51.021 11326 11411 V RobotCore: DcMotorImpl(type=goBILDA5202SeriesMotor)
01-24 11:19:51.022 11326 11411 V LynxServoController: initializeHardware() mod#=2
01-24 11:19:51.060 11326 11411 V LynxVoltageSensor: initializeHardware() mod#=2
01-24 11:19:51.060 11326 11411 V LynxAnalogInputController: initializeHardware() mod#=2
01-24 11:19:51.061 11326 11411 V LynxDigitalChannelController: initializeHardware() mod#=2
01-24 11:19:51.088 11326 11411 V RobotCore: Creating user sensor REV 2M Distance Sensor - on Lynx module=2 bus=1
01-24 11:19:51.089 11326 11411 I RobotCore: LynxFirmwareVersionManager: LynxI2cDeviceSynchV2
01-24 11:19:51.089 11326 11411 V LynxI2cDeviceSynch: initializeHardware() mod#=2
01-24 11:19:51.091 11326 11411 V RobotCore: Creating user sensor REV 2M Distance Sensor - on Lynx module=2 bus=2
01-24 11:19:51.091 11326 11411 I RobotCore: LynxFirmwareVersionManager: LynxI2cDeviceSynchV2
01-24 11:19:51.092 11326 11411 V LynxI2cDeviceSynch: initializeHardware() mod#=2
01-24 11:19:51.096 11326 11411 V RobotCore: Creating Webcam [D5386480]
01-24 11:19:51.097 11326 11411 V CameraManager: construct(hash=0x09515d48|inst#=0)
01-24 11:19:51.098 11326 11326 I pRunnable.run(): type=1400 audit(0.0:1302): avc: denied { read } for name="devices" dev="sysfs" ino=7258 scontext=u:r:untrusted_app:s0:c512,c768 tcontext=u:object_r:sysfs:s0 tclass=dir permissive=1
01-24 11:19:51.100 11326 11411 D libusb  : [ 0.001020] [00002c93] libusb: debug [op_init] sysfs(/sys/bus/usb/devices) available
01-24 11:19:51.100 11326 11411 D libusb  : [ 0.001146] [00002c93] libusb: debug [op_init] sysfs can relate devices
01-24 11:19:51.100 11326 11411 D libusb  : [ 0.001196] [00002c93] libusb: debug [op_init] sysfs has complete descriptors
01-24 11:19:51.100 11326 11411 D libusb  : [ 0.001246] [00002c93] libusb: debug [op_init] sysfs has serial numbers
01-24 11:19:51.101 11326 11411 V UvcContext: construct(pointer=0xcb8c0d20|inst#=0)
01-24 11:19:51.098 11326 11326 I pRunnable.run(): type=1400 audit(0.0:1303): avc: denied { open } for path="/sys/bus/usb/devices" dev="sysfs" ino=7258 scontext=u:r:untrusted_app:s0:c512,c768 tcontext=u:object_r:sysfs:s0 tclass=dir permissive=1
01-24 11:19:51.113 11326 11411 I RobotCore: ========= Device Information ===================================================
01-24 11:19:51.113 11326 11411 I RobotCore: Type                                               Name                           Connection
01-24 11:19:51.114 11326 11411 I RobotCore: Motor                                              RightSlider                    USB (embedded); module 2; port 0
01-24 11:19:51.115 11326 11411 I RobotCore: Motor                                              LeftSlider                     USB (embedded); module 2; port 1
01-24 11:19:51.116 11326 11411 I RobotCore: REV 2M ToF Distance Sensor                         fcds                           USB (embedded); module 2; bus 1; addr7=0x29
01-24 11:19:51.117 11326 11411 I RobotCore: REV 2M ToF Distance Sensor                         bcds                           USB (embedded); module 2; bus 2; addr7=0x29
01-24 11:19:51.117 11326 11411 I RobotCore: REV Robotics USB Expansion Hub Portal              Control Hub Portal             USB (embedded)
01-24 11:19:51.118 11326 11411 I RobotCore: Motor                                              FrontLeft                      USB (embedded); module 173; port 0
01-24 11:19:51.119 11326 11411 I RobotCore: Motor                                              BackRight                      USB (embedded); module 173; port 3
01-24 11:19:51.120 11326 11411 I RobotCore: Expansion Hub DC Motor Controller                  Expansion Hub 2                USB (embedded); module 2
01-24 11:19:51.121 11326 11411 I RobotCore: Expansion Hub Servo Controller                     Expansion Hub 2                USB (embedded); module 2
01-24 11:19:51.122 11326 11411 I RobotCore: Expansion Hub Voltage Sensor                       Expansion Hub 2                USB (embedded); module 2
01-24 11:19:51.122 11326 11411 I RobotCore: Expansion Hub Analog Input Controller              Expansion Hub 2                USB (embedded); module 2
01-24 11:19:51.123 11326 11411 I RobotCore: Expansion Hub Digital Channel Controller           Expansion Hub 2                USB (embedded); module 2
01-24 11:19:51.129 11326 11411 I RobotCore: Expansion Hub (HW: 20, Maj: 1, Min: 8, Eng: 2)     Expansion Hub 2                USB (embedded); module 2
01-24 11:19:51.130 11326 11411 I RobotCore: REV internal IMU (BNO055)                          imu                            USB (embedded); module 173; bus 0; addr7=0x28
01-24 11:19:51.130 11326 11411 I RobotCore: REV internal IMU (BNO055)                          imu                            USB (embedded); module 173; bus 0; addr7=0x28
01-24 11:19:51.140 11326 11411 I RobotCore: Logitech C270 HD WEBCAM                            Webcam 1                       USB (D5386480)
01-24 11:19:51.141 11326 11411 I RobotCore: Expansion Hub DC Motor Controller                  Control Hub                    USB (embedded); module 173
01-24 11:19:51.141 11326 11411 I RobotCore: Expansion Hub Servo Controller                     Control Hub                    USB (embedded); module 173
01-24 11:19:51.142 11326 11411 I RobotCore: Expansion Hub Voltage Sensor                       Control Hub                    USB (embedded); module 173
01-24 11:19:51.143 11326 11411 I RobotCore: Expansion Hub Analog Input Controller              Control Hub                    USB (embedded); module 173
01-24 11:19:51.143 11326 11411 I RobotCore: Expansion Hub Digital Channel Controller           Control Hub                    USB (embedded); module 173
01-24 11:19:51.147 11326 11411 I RobotCore: Expansion Hub (HW: 20, Maj: 1, Min: 8, Eng: 2)     Control Hub                    USB (embedded); module 173
01-24 11:19:51.148 11326 11411 I RobotCore: Servo                                              ClawServo                      USB (embedded); module 173; port 0
01-24 11:19:51.149 11326 11411 I RobotCore: Motor                                              FrontRight                     USB (embedded); module 173; port 1
01-24 11:19:51.150 11326 11411 I RobotCore: Motor                                              BackLeft                       USB (embedded); module 173; port 2
01-24 11:19:51.151 11326 11411 I RobotCore: Servo                                              ArmServo                       USB (embedded); module 173; port 1
01-24 11:19:51.157 11326 11411 I RobotCore: LynxFirmwareVersionManager: LynxI2cDeviceSynchV2
01-24 11:19:51.157 11326 11411 V LynxI2cDeviceSynch: initializeHardware() mod#=2
01-24 11:19:51.157 11326 11411 V BNO055  : Suppressing I2C warnings while we check for a BNO055 IMU
01-24 11:19:51.165 11326 11411 V BNO055  : Found BNO055 IMU
01-24 11:19:51.169 11326 11411 I RobotCore: LynxFirmwareVersionManager: LynxI2cDeviceSynchV2
01-24 11:19:51.170 11326 11411 V LynxI2cDeviceSynch: initializeHardware() mod#=173
01-24 11:19:51.170 11326 11411 V BHI260IMU: Suppressing I2C warnings while we check for a BHI260AP IMU
01-24 11:19:51.175 11326 11411 V BHI260IMU: No BHI260AP IMU found
01-24 11:19:51.176 11326 11411 V BNO055  : Suppressing I2C warnings while we check for a BNO055 IMU
01-24 11:19:51.180 11326 11411 V BNO055  : Found BNO055 IMU
01-24 11:19:51.190 11326 11411 V LynxUsb : 0x00ba95dc on 0x0d0c8129: releasing delegate to [(embedded)]
01-24 11:19:51.190 11326 11411 I FtcEventLoop: ======= INIT FINISH =======
01-24 11:19:51.190 11326 11411 V RobotCore: EventLoopManager state is RUNNING
01-24 11:19:51.190 11326 11445 W art     : Long monitor contention with owner RobotSetupRunnable.run() (11411) at java.lang.String java.lang.Runtime.nativeLoad(java.lang.String, java.lang.ClassLoader, java.lang.String)(Runtime.java:-2) waiters=0 in org.firstinspires.ftc.robotcore.internal.network.CallbackResult com.qualcomm.robotcore.eventloop.EventLoopManager.commandEvent(com.qualcomm.robotcore.robocol.Command) for 1.184s
01-24 11:19:51.194 11326 11411 V RobotCore: Robot Status: running, starting robot
01-24 11:19:51.195 11326 11411 V RobotCore: Robot Status: running
01-24 11:19:51.197 11326 11474 V RobotCore: thread: 'EventLoop' starting...
01-24 11:19:51.199 11326 11411 D FTCService: Detecting Wi-Fi reset
01-24 11:19:51.200 11326 11447 V Robocol : sending CMD_NOTIFY_ROBOT_STATE(71), attempt: 0
01-24 11:19:51.200 11326 11411 D RobotControllerAccessPointAssistant: detectWifiReset button=false
01-24 11:19:51.201 11326 11447 V Robocol : sending CMD_SHOW_TOAST(72), attempt: 0
01-24 11:19:51.201 11326 11411 V RobotCore: thread: ...terminating 'RobotSetupRunnable.run()'
01-24 11:19:51.207 11326 11445 E Robocol : command processing took 1200 ms: command=CMD_REQUEST_ACTIVE_CONFIG
01-24 11:19:51.240 11326 11447 V Robocol : sending CMD_NOTIFY_ACTIVE_CONFIGURATION(74), attempt: 0
01-24 11:19:51.241 11326 11447 V Robocol : sending CMD_NOTIFY_USER_DEVICE_LIST(79), attempt: 0
01-24 11:19:51.280 11326 11447 V Robocol : sending CMD_NOTIFY_OP_MODE_LIST(82), attempt: 0
01-24 11:19:51.305 11326 11450 V SoundInfo: construct(0x0fe346d5)
01-24 11:19:51.363 11326 11449 I MediaCodec: callingProcessName:com.qualcomm.ftcrobotcontroller
01-24 11:19:51.365 11326 11479 I ACodec  : onAllocateComponent:6752 mSoftCodecPref:0 componentName:
01-24 11:19:51.367 11326 11479 I ACodec  : onAllocateComponent:6783 mSoftCodecPref:0 componentName:OMX.google.raw.decoder
01-24 11:19:51.411 11326 11373 D SoundPlayer: onLoadComplete(samp=2|ms=4506, samp=2)=0
01-24 11:19:51.413 11326 11450 W AudioTrack: AUDIO_OUTPUT_FLAG_FAST denied by client; transfer 4, track 48000 Hz, output 44100 Hz
01-24 11:19:51.434 11326 11450 D SoundPlayer: playing volume=0.000000 samp=2|ms=4506
01-24 11:19:51.440 11326 11447 V Robocol : sending CMD_PLAY_SOUND(93), attempt: 0
01-24 11:19:51.708 11326 11474 I RobotCore: Attempting to switch to op mode $Stop$Robot$
01-24 11:19:51.710 11326 11474 D HardwareMap: Clearing which device instances have been retrieved
01-24 11:19:51.710 11326 11474 D HardwareMap: Clearing which device instances have been retrieved
01-24 11:19:51.717 11326 11483 V RobotCore: thread: 'OpModeThread' starting...
01-24 11:19:51.723 11326 11447 V Robocol : sending CMD_NOTIFY_INIT_OP_MODE(103), attempt: 0
01-24 11:19:55.088 11326 11444 V Robocol : received command: CMD_INIT_OP_MODE(10109) $Stop$Robot$
01-24 11:19:55.104 11326 11483 V RobotCore: thread: ...terminating 'OpModeThread'
01-24 11:19:55.108 11326 11474 I RobotCore: Attempting to switch to op mode $Stop$Robot$
01-24 11:19:55.110 11326 11474 D HardwareMap: Clearing which device instances have been retrieved
01-24 11:19:55.110 11326 11474 D HardwareMap: Clearing which device instances have been retrieved
01-24 11:19:55.114 11326 11492 V RobotCore: thread: 'OpModeThread' starting...
01-24 11:19:55.120 11326 11447 V Robocol : sending CMD_NOTIFY_INIT_OP_MODE(161), attempt: 0
01-24 11:19:57.170 11326 11444 V Robocol : received command: CMD_SET_MATCH_NUMBER(10143) 0
01-24 11:19:57.172 11326 11444 V Robocol : received command: CMD_INIT_OP_MODE(10144) auto RR right
01-24 11:19:57.207 11326 11445 I RobotCore: ******************** START - OPMODE auto RR right ********************
01-24 11:19:57.214 11326 11492 V RobotCore: thread: ...terminating 'OpModeThread'
01-24 11:19:57.217 11326 11474 I RobotCore: Attempting to switch to op mode auto RR right
01-24 11:19:57.429 11326 11474 D HardwareMap: Clearing which device instances have been retrieved
01-24 11:19:57.429 11326 11474 D HardwareMap: Clearing which device instances have been retrieved
01-24 11:19:57.432 11326 11497 V RobotCore: thread: 'OpModeThread' starting...
01-24 11:19:57.434 11326 11497 I global  :  RENO - AutoRoadRunner.runOpMode(AutoRoadRunner.java:118): Status - Initialized
01-24 11:19:57.440 11326 11447 V Robocol : sending CMD_NOTIFY_INIT_OP_MODE(208), attempt: 0
01-24 11:19:57.452 11326 11497 I System.out: OpenCvCameraBase ctor: EasyOpenCV version 1.5.2
01-24 11:19:57.458 11326 11498 D CameraManager: doOpenCamera()...
01-24 11:19:57.461 11326 11498 D CameraManager: requesting permission for camera: Webcam(D5386480)
01-24 11:19:57.475 11326 11498 D WebcamNameImpl: requesting permission for /dev/bus/usb/003/004
01-24 11:19:57.475 11326 11498 V WebcamNameImpl: asyncRequestUsbPermission()...
01-24 11:19:57.478 11326 11498 D WebcamNameImpl: permission already available for /dev/bus/usb/003/004
01-24 11:19:57.479 11326 11411 D WebcamNameImpl: permission for /dev/bus/usb/003/004=true
01-24 11:19:57.480 11326 11411 D CameraManager: permission granted for camera: Webcam(D5386480)
01-24 11:19:57.481 11326 11447 V Robocol : sending CMD_STREAM_CHANGE(210), attempt: 0
01-24 11:19:57.482 11326 11411 D CameraManager: asyncOpenCamera(Webcam(D5386480))...
01-24 11:19:57.482 11326 11498 V WebcamNameImpl: ...asyncRequestUsbPermission()
01-24 11:19:57.483 11326 11498 D ContinuationSynchronizer: awaiting(camera open)...
01-24 11:19:57.483 11326 11411 D CameraManager: asyncOpenWebcam(Webcam(D5386480))...
01-24 11:19:57.483 11326 11411 V UsbResiliantWebcam: construct(0x0aa3dac1)
01-24 11:19:57.486 11326 11326 D OpenCvViewport: surfaceCreated()
01-24 11:19:57.486 11326 11326 D OpenCvViewport: ...surfaceCreated()
01-24 11:19:57.486 11326 11326 D OpenCvViewport: surfaceChanged()
01-24 11:19:57.486 11326 11326 D OpenCvViewport: CheckState(): user requested that we deactivate
01-24 11:19:57.486 11326 11326 D OpenCvViewport: CheckState(): already deactivated
01-24 11:19:57.486 11326 11326 D OpenCvViewport: ...surfaceChanged()
01-24 11:19:57.488 11326 11411 D UsbResiliantWebcam: openAssumingPermission()...
01-24 11:19:57.489 11326 11497 I I2C     : Automatically initializing I2C device LynxEmbeddedBNO055IMUNew (USB (embedded); module 173; bus 0; addr7=0x28)
01-24 11:19:57.489 11326 11497 V BNO055  : Suppressing I2C warnings while we check for a BNO055 IMU
01-24 11:19:57.493 11326 11411 D UvcContext: found webcam: usbPath=/dev/bus/usb/003/004 vid=0x46D pid=0x825 serial=D5386480 product=C270 HD WEBCAM
01-24 11:19:57.493 11326 11497 V BNO055  : Found BNO055 IMU
01-24 11:19:57.497 11326 11411 D Uvc     : [jni_context.cpp:120] Java_org_firstinspires_ftc_robotcore_internal_camera_libuvc_nativeobject_UvcContext_nativeCreateUvcDevice()...
01-24 11:19:57.497 11326 11411 V Uvc     : API: Java_org_firstinspires_ftc_robotcore_internal_camera_libuvc_nativeobject_UvcContext_nativeCreateUvcDevice: enter...
01-24 11:19:57.501 11326 11411 D libusb  : [ 6.402292] [00002c93] libusb: debug [op_create] op_create: szUsbPath=/dev/bus/usb/003/004 szSysfsDir=3-1.4
01-24 11:19:57.501 11326 11411 D libusb  : [ 6.402704] [00002c93] libusb: debug [initialize_device] initialize_device(szUsbPath=/dev/bus/usb/003/004 szSysfsDir=3-1.4)
01-24 11:19:57.503 11326 11411 D libusb  : [ 6.403876] [00002c93] libusb: debug [initialize_device] initialize_device(szUsbPath=(null) szSysfsDir=3-1)
01-24 11:19:57.503 11326 11411 E libusb  : [ 6.404302] [00002c93] libusb: error [initialize_device] unable to open serial number sysfs; error ignored
01-24 11:19:57.503 11326 11411 D libusb  : [ 6.404646] [00002c93] libusb: debug [initialize_device] initialize_device(szUsbPath=(null) szSysfsDir=usb3)
01-24 11:19:57.504 11326 11411 D Uvc     : [device.cpp:613] uvc_create_uvc_device()...
01-24 11:19:57.504 11326 11411 D Uvc     : [libuvc/libuvc_internal.h:346] uvc_device::uvc_device()...
01-24 11:19:57.504 11326 11411 D Uvc     : [libuvc/libuvc_internal.h:375] acquired vid=1133 & pid=2085
01-24 11:19:57.504 11326 11411 D Uvc     : [libuvc/libuvc_internal.h:346] ...uvc_device::uvc_device()
01-24 11:19:57.504 11326 11411 D Uvc     : [device.cpp:613] ...uvc_create_uvc_device() rc=0
01-24 11:19:57.504 11326 11411 V Uvc     : API: Java_org_firstinspires_ftc_robotcore_internal_camera_libuvc_nativeobject_UvcContext_nativeCreateUvcDevice: ...exit
01-24 11:19:57.504 11326 11411 D Uvc     : [jni_context.cpp:120] ...Java_org_firstinspires_ftc_robotcore_internal_camera_libuvc_nativeobject_UvcContext_nativeCreateUvcDevice()
01-24 11:19:57.505 11326 11411 V UvcDevice: construct(pointer=0xcc47e250|null)
01-24 11:19:57.506 11326 11411 D Uvc     : [jni_device.cpp:108] Java_org_firstinspires_ftc_robotcore_internal_camera_libuvc_nativeobject_UvcDevice_nativeGetLibUsbDevice()...
01-24 11:19:57.506 11326 11411 D Uvc     : [jni_device.cpp:108] ...Java_org_firstinspires_ftc_robotcore_internal_camera_libuvc_nativeobject_UvcDevice_nativeGetLibUsbDevice()
01-24 11:19:57.507 11326 11411 V LibUsbDevice: construct(pointer=0xcf032800)
01-24 11:19:57.507 11326 11411 D UvcContext: usb device is *not* UVC compatible, /dev/bus/usb/003/003
01-24 11:19:57.512 11326 11411 D UvcDevice: open()...
01-24 11:19:57.570 11326 11411 D Uvc     : [jni_device.cpp:50] Java_org_firstinspires_ftc_robotcore_internal_camera_libuvc_nativeobject_UvcDevice_nativeSetUsbDeviceInfo()...
01-24 11:19:57.571 11326 11411 D Uvc     : [jni_device.cpp:50] ...Java_org_firstinspires_ftc_robotcore_internal_camera_libuvc_nativeobject_UvcDevice_nativeSetUsbDeviceInfo()
01-24 11:19:57.571 11326 11411 D Uvc     : [jni_device.cpp:233] Java_org_firstinspires_ftc_robotcore_internal_camera_libuvc_nativeobject_UvcDevice_nativeOpenDeviceHandle()...
01-24 11:19:57.572 11326 11411 V Uvc     : API: Java_org_firstinspires_ftc_robotcore_internal_camera_libuvc_nativeobject_UvcDevice_nativeOpenDeviceHandle: enter...
01-24 11:19:57.572 11326 11411 D Uvc     : [device.cpp:279] uvc_open()...
01-24 11:19:57.572 11326 11411 D Uvc     : [libuvc/libuvc_internal.h:356] uvc_device::open()...
01-24 11:19:57.572 11326 11411 D libusb  : [ 6.472961] [00002c93] libusb: debug [op_open] op_open: szUsbPath=/dev/bus/usb/003/004
01-24 11:19:57.572 11326 11411 D Uvc     : [libuvc/libuvc_internal.h:356] ...uvc_device::open() rc=0
01-24 11:19:57.572 11326 11411 D Uvc     : [device.cpp:295] calling libusb_reset_device()...
01-24 11:19:57.579 11326 11497 V BNO055  : Suppressing I2C warnings while we check for a BNO055 IMU
01-24 11:19:57.583 11326 11497 V BNO055  : Found BNO055 IMU
01-24 11:19:57.743 11326 11497 I global  :  RENO - SlidersWith2Motors.init(SlidersWith2Motors.java:78): init slider motors.
01-24 11:19:57.744 11326 11497 I global  :  RENO - ArmClawUnit.init(ArmClawUnit.java:90): init servo motors for arm and claw.
01-24 11:19:58.144 11326 11411 D Uvc     : [device.cpp:303] ...libusb_reset_device() called
01-24 11:19:58.144 11326 11411 D Uvc     : [device.cpp:311] libusb_open() = 0
01-24 11:19:58.144 11326 11411 D Uvc     : [libuvc/libuvc_internal.h:732] uvc_device_handle::uvc_device_handle()...
01-24 11:19:58.144 11326 11411 D Uvc     : [libuvc/libuvc_internal.h:732] ...uvc_device_handle::uvc_device_handle()
01-24 11:19:58.144 11326 11411 D Uvc     : [device.cpp:386] uvc_get_device_info()...
01-24 11:19:58.145 11326 11411 D libusb  : [ 7.045761] [00002c93] libusb: debug [op_get_config_descriptor] op_get_config_descriptor: config_index=0
01-24 11:19:58.145 11326 11411 D libusb  : [ 7.045953] [00002c93] libusb: debug [op_get_config_descriptor] op_get_config_descriptor: config_index=0
01-24 11:19:58.145 11326 11411 D Uvc     : [device.cpp:986] uvc_scan_control()...
01-24 11:19:58.145 11326 11411 D Uvc     : [device.cpp:1041] uvc_parse_vc_header()...
01-24 11:19:58.145 11326 11411 D Uvc     : [device.cpp:1284] uvc_scan_streaming()...
01-24 11:19:58.145 11326 11411 D Uvc     : [device.cpp:1340] uvc_parse_vs_input_header()...
01-24 11:19:58.145 11326 11411 D Uvc     : [device.cpp:1340] ...uvc_parse_vs_input_header() rc=0
01-24 11:19:58.145 11326 11411 D Uvc     : [device.cpp:1389] uvc_parse_vs_format_uncompressed()...
01-24 11:19:58.146 11326 11411 D Uvc     : [device.cpp:1389] ...uvc_parse_vs_format_uncompressed() rc=0
01-24 11:19:58.146 11326 11411 V Uvc     : [device.cpp:1630] unsupported descriptor subtype: 13 UVC_VS_COLORFORMAT
01-24 11:19:58.146 11326 11411 D Uvc     : [device.cpp:1449] uvc_parse_vs_format_mjpeg()...
01-24 11:19:58.146 11326 11411 D Uvc     : [device.cpp:1449] ...uvc_parse_vs_format_mjpeg() rc=0
01-24 11:19:58.147 11326 11411 V Uvc     : [device.cpp:1630] unsupported descriptor subtype: 13 UVC_VS_COLORFORMAT
01-24 11:19:58.147 11326 11411 D Uvc     : [device.cpp:1284] ...uvc_scan_streaming() rc=0
01-24 11:19:58.147 11326 11411 D Uvc     : [device.cpp:1041] ...uvc_parse_vc_header() rc=0
01-24 11:19:58.147 11326 11411 D Uvc     : [device.cpp:1083] uvc_parse_vc_input_terminal()...
01-24 11:19:58.147 11326 11411 D Uvc     : [device.cpp:1083] ...uvc_parse_vc_input_terminal() rc=0
01-24 11:19:58.148 11326 11411 D Uvc     : [device.cpp:1156] uvc_parse_vc_processing_unit()...
01-24 11:19:58.148 11326 11411 D Uvc     : [device.cpp:1156] ...uvc_parse_vc_processing_unit() rc=0
01-24 11:19:58.148 11326 11411 D Uvc     : [device.cpp:986] ...uvc_scan_control() rc=0
01-24 11:19:58.148 11326 11411 D Uvc     : [device.cpp:386] ...uvc_get_device_info() rc=0
01-24 11:19:58.148 11326 11411 D Uvc     : [device.cpp:326] claiming control interface 0
