02-01 16:21:36.625  1933  2198 I global  :  RENO - ObjectDetection.sleeveColorDetect(ObjectDetection.java:125): Start Opcv process to detect sleeve color.
02-01 16:21:36.626  1933  2198 I global  :  RENO - ObjectDetection.sleeveColorDetect(ObjectDetection.java:132): Sleeve max color = 359281.00, 268099.00, 258169.00
02-01 16:21:36.627  1933  2198 I global  :  RENO - ObjectDetection.sleeveColorDetect(ObjectDetection.java:151): Sleeve position: LEFT
02-01 16:21:36.693  1933  2198 I global  :  RENO - ObjectDetection.sleeveColorDetect(ObjectDetection.java:125): Start Opcv process to detect sleeve color.
02-01 16:21:36.695  1933  2198 I global  :  RENO - ObjectDetection.sleeveColorDetect(ObjectDetection.java:132): Sleeve max color = 359527.00, 268335.00, 257801.00
02-01 16:21:36.696  1933  2198 I global  :  RENO - ObjectDetection.sleeveColorDetect(ObjectDetection.java:151): Sleeve position: LEFT
02-01 16:21:36.761  1933  2198 I global  :  RENO - ObjectDetection.sleeveColorDetect(ObjectDetection.java:125): Start Opcv process to detect sleeve color.
02-01 16:21:36.762  1933  2198 I global  :  RENO - ObjectDetection.sleeveColorDetect(ObjectDetection.java:132): Sleeve max color = 359564.00, 268195.00, 258087.00
02-01 16:21:36.763  1933  2198 I global  :  RENO - ObjectDetection.sleeveColorDetect(ObjectDetection.java:151): Sleeve position: LEFT
02-01 16:21:36.825  1933  2198 I global  :  RENO - ObjectDetection.sleeveColorDetect(ObjectDetection.java:125): Start Opcv process to detect sleeve color.
02-01 16:21:36.826  1933  2198 I global  :  RENO - ObjectDetection.sleeveColorDetect(ObjectDetection.java:132): Sleeve max color = 359268.00, 268131.00, 257690.00
02-01 16:21:36.827  1933  2198 I global  :  RENO - ObjectDetection.sleeveColorDetect(ObjectDetection.java:151): Sleeve position: LEFT
02-01 16:21:36.893  1933  2198 I global  :  RENO - ObjectDetection.sleeveColorDetect(ObjectDetection.java:125): Start Opcv process to detect sleeve color.
02-01 16:21:36.894  1933  2198 I global  :  RENO - ObjectDetection.sleeveColorDetect(ObjectDetection.java:132): Sleeve max color = 359099.00, 268159.00, 257982.00
02-01 16:21:36.895  1933  2198 I global  :  RENO - ObjectDetection.sleeveColorDetect(ObjectDetection.java:151): Sleeve position: LEFT
02-01 16:21:36.961  1933  2198 I global  :  RENO - ObjectDetection.sleeveColorDetect(ObjectDetection.java:125): Start Opcv process to detect sleeve color.
02-01 16:21:36.962  1933  2198 I global  :  RENO - ObjectDetection.sleeveColorDetect(ObjectDetection.java:132): Sleeve max color = 359206.00, 267983.00, 257089.00
02-01 16:21:36.963  1933  2198 I global  :  RENO - ObjectDetection.sleeveColorDetect(ObjectDetection.java:151): Sleeve position: LEFT
02-01 16:21:37.025  1933  2198 I global  :  RENO - ObjectDetection.sleeveColorDetect(ObjectDetection.java:125): Start Opcv process to detect sleeve color.
02-01 16:21:37.026  1933  2198 I global  :  RENO - ObjectDetection.sleeveColorDetect(ObjectDetection.java:132): Sleeve max color = 359094.00, 267963.00, 257610.00
02-01 16:21:37.027  1933  2198 I global  :  RENO - ObjectDetection.sleeveColorDetect(ObjectDetection.java:151): Sleeve position: LEFT
02-01 16:21:37.093  1933  2198 I global  :  RENO - ObjectDetection.sleeveColorDetect(ObjectDetection.java:125): Start Opcv process to detect sleeve color.
02-01 16:21:37.094  1933  2198 I global  :  RENO - ObjectDetection.sleeveColorDetect(ObjectDetection.java:132): Sleeve max color = 359009.00, 267756.00, 257373.00
02-01 16:21:37.095  1933  2198 I global  :  RENO - ObjectDetection.sleeveColorDetect(ObjectDetection.java:151): Sleeve position: LEFT
02-01 16:21:37.161  1933  2198 I global  :  RENO - ObjectDetection.sleeveColorDetect(ObjectDetection.java:125): Start Opcv process to detect sleeve color.
02-01 16:21:37.162  1933  2198 I global  :  RENO - ObjectDetection.sleeveColorDetect(ObjectDetection.java:132): Sleeve max color = 358886.00, 267883.00, 257241.00
02-01 16:21:37.162  1933  2198 I global  :  RENO - ObjectDetection.sleeveColorDetect(ObjectDetection.java:151): Sleeve position: LEFT
02-01 16:21:37.232  1933  2198 I global  :  RENO - ObjectDetection.sleeveColorDetect(ObjectDetection.java:125): Start Opcv process to detect sleeve color.
02-01 16:21:37.233  1933  2198 I global  :  RENO - ObjectDetection.sleeveColorDetect(ObjectDetection.java:132): Sleeve max color = 358744.00, 267712.00, 257565.00
02-01 16:21:37.233  1933  2198 I global  :  RENO - ObjectDetection.sleeveColorDetect(ObjectDetection.java:151): Sleeve position: LEFT
02-01 16:21:37.294  1933  2198 I global  :  RENO - ObjectDetection.sleeveColorDetect(ObjectDetection.java:125): Start Opcv process to detect sleeve color.
02-01 16:21:37.295  1933  2198 I global  :  RENO - ObjectDetection.sleeveColorDetect(ObjectDetection.java:132): Sleeve max color = 358770.00, 268023.00, 257454.00
02-01 16:21:37.296  1933  2198 I global  :  RENO - ObjectDetection.sleeveColorDetect(ObjectDetection.java:151): Sleeve position: LEFT
02-01 16:21:37.362  1933  2198 I global  :  RENO - ObjectDetection.sleeveColorDetect(ObjectDetection.java:125): Start Opcv process to detect sleeve color.
02-01 16:21:37.363  1933  2198 I global  :  RENO - ObjectDetection.sleeveColorDetect(ObjectDetection.java:132): Sleeve max color = 358900.00, 267824.00, 257422.00
02-01 16:21:37.364  1933  2198 I global  :  RENO - ObjectDetection.sleeveColorDetect(ObjectDetection.java:151): Sleeve position: LEFT
02-01 16:21:37.429  1933  2198 I global  :  RENO - ObjectDetection.sleeveColorDetect(ObjectDetection.java:125): Start Opcv process to detect sleeve color.
02-01 16:21:37.430  1933  2198 I global  :  RENO - ObjectDetection.sleeveColorDetect(ObjectDetection.java:132): Sleeve max color = 358925.00, 267795.00, 257646.00
02-01 16:21:37.431  1933  2198 I global  :  RENO - ObjectDetection.sleeveColorDetect(ObjectDetection.java:151): Sleeve position: LEFT
02-01 16:21:37.497  1933  2198 I global  :  RENO - ObjectDetection.sleeveColorDetect(ObjectDetection.java:125): Start Opcv process to detect sleeve color.
02-01 16:21:37.498  1933  2198 I global  :  RENO - ObjectDetection.sleeveColorDetect(ObjectDetection.java:132): Sleeve max color = 358890.00, 268162.00, 257681.00
02-01 16:21:37.499  1933  2198 I global  :  RENO - ObjectDetection.sleeveColorDetect(ObjectDetection.java:151): Sleeve position: LEFT
02-01 16:21:37.561  1933  2198 I global  :  RENO - ObjectDetection.sleeveColorDetect(ObjectDetection.java:125): Start Opcv process to detect sleeve color.
02-01 16:21:37.562  1933  2198 I global  :  RENO - ObjectDetection.sleeveColorDetect(ObjectDetection.java:132): Sleeve max color = 359038.00, 268431.00, 257706.00
02-01 16:21:37.563  1933  2198 I global  :  RENO - ObjectDetection.sleeveColorDetect(ObjectDetection.java:151): Sleeve position: LEFT
02-01 16:21:37.629  1933  2198 I global  :  RENO - ObjectDetection.sleeveColorDetect(ObjectDetection.java:125): Start Opcv process to detect sleeve color.
02-01 16:21:37.630  1933  2198 I global  :  RENO - ObjectDetection.sleeveColorDetect(ObjectDetection.java:132): Sleeve max color = 359118.00, 268556.00, 257930.00
02-01 16:21:37.631  1933  2198 I global  :  RENO - ObjectDetection.sleeveColorDetect(ObjectDetection.java:151): Sleeve position: LEFT
02-01 16:21:37.697  1933  2198 I global  :  RENO - ObjectDetection.sleeveColorDetect(ObjectDetection.java:125): Start Opcv process to detect sleeve color.
02-01 16:21:37.698  1933  2198 I global  :  RENO - ObjectDetection.sleeveColorDetect(ObjectDetection.java:132): Sleeve max color = 359420.00, 268776.00, 257956.00
02-01 16:21:37.699  1933  2198 I global  :  RENO - ObjectDetection.sleeveColorDetect(ObjectDetection.java:151): Sleeve position: LEFT
02-01 16:21:37.762  1933  2198 I global  :  RENO - ObjectDetection.sleeveColorDetect(ObjectDetection.java:125): Start Opcv process to detect sleeve color.
02-01 16:21:37.763  1933  2198 I global  :  RENO - ObjectDetection.sleeveColorDetect(ObjectDetection.java:132): Sleeve max color = 359454.00, 268905.00, 258868.00
02-01 16:21:37.764  1933  2198 I global  :  RENO - ObjectDetection.sleeveColorDetect(ObjectDetection.java:151): Sleeve position: LEFT
02-01 16:21:37.829  1933  2198 I global  :  RENO - ObjectDetection.sleeveColorDetect(ObjectDetection.java:125): Start Opcv process to detect sleeve color.
02-01 16:21:37.830  1933  2198 I global  :  RENO - ObjectDetection.sleeveColorDetect(ObjectDetection.java:132): Sleeve max color = 359552.00, 268878.00, 259009.00
02-01 16:21:37.831  1933  2198 I global  :  RENO - ObjectDetection.sleeveColorDetect(ObjectDetection.java:151): Sleeve position: LEFT
02-01 16:21:37.897  1933  2198 I global  :  RENO - ObjectDetection.sleeveColorDetect(ObjectDetection.java:125): Start Opcv process to detect sleeve color.
02-01 16:21:37.898  1933  2198 I global  :  RENO - ObjectDetection.sleeveColorDetect(ObjectDetection.java:132): Sleeve max color = 359572.00, 269154.00, 259095.00
02-01 16:21:37.899  1933  2198 I global  :  RENO - ObjectDetection.sleeveColorDetect(ObjectDetection.java:151): Sleeve position: LEFT
02-01 16:21:37.965  1933  2198 I global  :  RENO - ObjectDetection.sleeveColorDetect(ObjectDetection.java:125): Start Opcv process to detect sleeve color.
02-01 16:21:37.966  1933  2198 I global  :  RENO - ObjectDetection.sleeveColorDetect(ObjectDetection.java:132): Sleeve max color = 359890.00, 269124.00, 258875.00
02-01 16:21:37.967  1933  2198 I global  :  RENO - ObjectDetection.sleeveColorDetect(ObjectDetection.java:151): Sleeve position: LEFT
02-01 16:21:38.031  1933  2198 I global  :  RENO - ObjectDetection.sleeveColorDetect(ObjectDetection.java:125): Start Opcv process to detect sleeve color.
02-01 16:21:38.032  1933  2198 I global  :  RENO - ObjectDetection.sleeveColorDetect(ObjectDetection.java:132): Sleeve max color = 359592.00, 269456.00, 259033.00
02-01 16:21:38.033  1933  2198 I global  :  RENO - ObjectDetection.sleeveColorDetect(ObjectDetection.java:151): Sleeve position: LEFT
02-01 16:21:38.098  1933  2198 I global  :  RENO - ObjectDetection.sleeveColorDetect(ObjectDetection.java:125): Start Opcv process to detect sleeve color.
02-01 16:21:38.099  1933  2198 I global  :  RENO - ObjectDetection.sleeveColorDetect(ObjectDetection.java:132): Sleeve max color = 359754.00, 269321.00, 259560.00
02-01 16:21:38.101  1933  2198 I global  :  RENO - ObjectDetection.sleeveColorDetect(ObjectDetection.java:151): Sleeve position: LEFT
02-01 16:21:38.166  1933  2198 I global  :  RENO - ObjectDetection.sleeveColorDetect(ObjectDetection.java:125): Start Opcv process to detect sleeve color.
02-01 16:21:38.167  1933  2198 I global  :  RENO - ObjectDetection.sleeveColorDetect(ObjectDetection.java:132): Sleeve max color = 359880.00, 269296.00, 259481.00
02-01 16:21:38.168  1933  2198 I global  :  RENO - ObjectDetection.sleeveColorDetect(ObjectDetection.java:151): Sleeve position: LEFT
02-01 16:21:38.220  1933  2019 V Robocol : received command: CMD_RUN_OP_MODE(11386) auto RR right
02-01 16:21:38.226  1933  1933 I OpModeThread: type=1400 audit(0.0:206): avc: denied { write } for name="value" dev="sysfs" ino=16705 scontext=u:r:untrusted_app:s0:c512,c768 tcontext=u:object_r:sysfs:s0 tclass=file permissive=1
02-01 16:21:38.231  1933  2198 I global  :  RENO - ObjectDetection.sleeveColorDetect(ObjectDetection.java:125): Start Opcv process to detect sleeve color.
02-01 16:21:38.232  1933  2198 I global  :  RENO - ObjectDetection.sleeveColorDetect(ObjectDetection.java:132): Sleeve max color = 360063.00, 269401.00, 259365.00
02-01 16:21:38.233  1933  2198 I global  :  RENO - ObjectDetection.sleeveColorDetect(ObjectDetection.java:151): Sleeve position: LEFT
02-01 16:21:38.257  1933  2140 V Robocol : sending CMD_NOTIFY_RUN_OP_MODE(1778), attempt: 0
02-01 16:21:38.297  1933  2198 I global  :  RENO - ObjectDetection.sleeveColorDetect(ObjectDetection.java:125): Start Opcv process to detect sleeve color.
02-01 16:21:38.298  1933  2198 I global  :  RENO - ObjectDetection.sleeveColorDetect(ObjectDetection.java:132): Sleeve max color = 359913.00, 269536.00, 259130.00
02-01 16:21:38.299  1933  2198 I global  :  RENO - ObjectDetection.sleeveColorDetect(ObjectDetection.java:151): Sleeve position: LEFT
02-01 16:21:38.365  1933  2198 I global  :  RENO - ObjectDetection.sleeveColorDetect(ObjectDetection.java:125): Start Opcv process to detect sleeve color.
02-01 16:21:38.366  1933  2198 I global  :  RENO - ObjectDetection.sleeveColorDetect(ObjectDetection.java:132): Sleeve max color = 359978.00, 269468.00, 259613.00
02-01 16:21:38.367  1933  2198 I global  :  RENO - ObjectDetection.sleeveColorDetect(ObjectDetection.java:151): Sleeve position: LEFT
02-01 16:21:38.433  1933  2198 I global  :  RENO - ObjectDetection.sleeveColorDetect(ObjectDetection.java:125): Start Opcv process to detect sleeve color.
02-01 16:21:38.434  1933  2198 I global  :  RENO - ObjectDetection.sleeveColorDetect(ObjectDetection.java:132): Sleeve max color = 359970.00, 269568.00, 259573.00
02-01 16:21:38.435  1933  2198 I global  :  RENO - ObjectDetection.sleeveColorDetect(ObjectDetection.java:151): Sleeve position: LEFT
02-01 16:21:38.497  1933  2198 I global  :  RENO - ObjectDetection.sleeveColorDetect(ObjectDetection.java:125): Start Opcv process to detect sleeve color.
02-01 16:21:38.498  1933  2198 I global  :  RENO - ObjectDetection.sleeveColorDetect(ObjectDetection.java:132): Sleeve max color = 359872.00, 269719.00, 259610.00
02-01 16:21:38.499  1933  2198 I global  :  RENO - ObjectDetection.sleeveColorDetect(ObjectDetection.java:151): Sleeve position: LEFT
02-01 16:21:38.565  1933  2198 I global  :  RENO - ObjectDetection.sleeveColorDetect(ObjectDetection.java:125): Start Opcv process to detect sleeve color.
02-01 16:21:38.566  1933  2198 I global  :  RENO - ObjectDetection.sleeveColorDetect(ObjectDetection.java:132): Sleeve max color = 359913.00, 269741.00, 259747.00
02-01 16:21:38.567  1933  2198 I global  :  RENO - ObjectDetection.sleeveColorDetect(ObjectDetection.java:151): Sleeve position: LEFT
02-01 16:21:38.634  1933  2198 I global  :  RENO - ObjectDetection.sleeveColorDetect(ObjectDetection.java:125): Start Opcv process to detect sleeve color.
02-01 16:21:38.635  1933  2198 I global  :  RENO - ObjectDetection.sleeveColorDetect(ObjectDetection.java:132): Sleeve max color = 360253.00, 269515.00, 259540.00
02-01 16:21:38.636  1933  2198 I global  :  RENO - ObjectDetection.sleeveColorDetect(ObjectDetection.java:151): Sleeve position: LEFT
02-01 16:21:38.642  1933  2191 I System.out: stopRecordingPipeline()
02-01 16:21:38.642  1933  2191 I System.out: ...stopRecordingPipeline()
02-01 16:21:38.643  1933  2191 D UsbResiliantWebcam|DelCaptureSession: stopCapture()...
02-01 16:21:38.644  1933  2191 D UsbResiliantWebcam|DelCaptureSequence: undoStreaming()...
02-01 16:21:38.644  1933  2191 D UvcApiCaptureSession: stopCapture()...
02-01 16:21:38.644  1933  2191 D Uvc     : [jni_streamhandle.cpp:184] Java_org_firstinspires_ftc_robotcore_internal_camera_libuvc_nativeobject_UvcStreamHandle_nativeStopStreaming()...
02-01 16:21:38.644  1933  2191 V Uvc     : API: Java_org_firstinspires_ftc_robotcore_internal_camera_libuvc_nativeobject_UvcStreamHandle_nativeStopStreaming: enter...
02-01 16:21:38.644  1933  2191 D Uvc     : [stream.cpp:1514] uvc_stream_stop()...
02-01 16:21:38.644  1933  2191 D UvcStream: [stream.cpp:1542] cancelling extant transfers
02-01 16:21:38.649  1933  1933 D OpenCvViewport: surfaceDestroyed()
02-01 16:21:38.650  1933  1933 D OpenCvViewport: CheckState(): lifecycle mandates deactivation regardless of user
02-01 16:21:38.650  1933  1933 D OpenCvViewport: CheckState(): deactivating viewport
02-01 16:21:38.650  1933  2196 W System.err: java.lang.InterruptedException
02-01 16:21:38.650  1933  2196 W System.err: 	at java.lang.Object.wait(Native Method)
02-01 16:21:38.650  1933  2196 W System.err: 	at org.firstinspires.ftc.robotcore.internal.collections.EvictingBlockingQueue.take(EvictingBlockingQueue.java:143)
02-01 16:21:38.650  1933  2196 W System.err: 	at org.openftc.easyopencv.OpenCvViewport$RenderThread.run(OpenCvViewport.java:554)
02-01 16:21:38.650  1933  2196 D OpenCvViewportRenderThread: About to exit
02-01 16:21:38.651  1933  1933 D OpenCvViewport: ...surfaceDestroyed()
02-01 16:21:38.683  1933  2191 D Uvc     : [stream.cpp:1471] (waitForAllTransfers(waiting for cancelled transfers))...
02-01 16:21:38.684  1933  2191 D UvcStream: [stream.cpp:1485] no extant active transfers: continuing
02-01 16:21:38.684  1933  2191 D Uvc     : [stream.cpp:1471] ...()
02-01 16:21:38.684  1933  2191 D Uvc     : [stream.cpp:1189] uvc_stream_handle::stopIsochronousStreaming()...
02-01 16:21:38.684  1933  2191 D Uvc     : [libuvc/libuvc_internal.h:825] uvc_device_handle::setInterfaceAltSetting(setInterfaceAltSetting(intf=1 alt=0))...
02-01 16:21:38.685  1933  2191 D UvcDevice: setInterfaceAltSetting(1,0)
02-01 16:21:38.685  1933  2191 D UvcDevice: setInterfaceAltSetting(1,0) succeeded
02-01 16:21:38.685  1933  2191 D Uvc     : [libuvc/libuvc_internal.h:825] ...uvc_device_handle::setInterfaceAltSetting() rc=0
02-01 16:21:38.685  1933  2191 D Uvc     : [stream.cpp:1189] ...uvc_stream_handle::stopIsochronousStreaming() rc=0
02-01 16:21:38.685  1933  2191 D UvcStream: [stream.cpp:1558] awakening user thread
02-01 16:21:38.685  1933  2191 D UvcStream: [stream.cpp:1567] waiting for user callback thread to finish
02-01 16:21:38.686  1933  2198 D UvcStream: [stream.cpp:1329] user callback thread stopped
02-01 16:21:38.686  1933  2191 D Uvc     : [stream.cpp:1514] ...uvc_stream_stop() rc=0
02-01 16:21:38.686  1933  2191 V Uvc     : API: Java_org_firstinspires_ftc_robotcore_internal_camera_libuvc_nativeobject_UvcStreamHandle_nativeStopStreaming: ...exit
02-01 16:21:38.686  1933  2191 D Uvc     : [jni_streamhandle.cpp:184] ...Java_org_firstinspires_ftc_robotcore_internal_camera_libuvc_nativeobject_UvcStreamHandle_nativeStopStreaming()
02-01 16:21:38.686  1933  2191 V UvcFrameCallback: destroy(hash=0x0e89b3ab)
02-01 16:21:38.686  1933  2191 V UvcFrameCallbackData: destroy(pointer=0xc5d9e608)
02-01 16:21:38.689  1933  2191 V Uvc     : API: Java_org_firstinspires_ftc_robotcore_internal_camera_libuvc_nativeobject_UvcFrameCallback_nativeReleaseCallbackState: enter...
02-01 16:21:38.689  1933  2191 V Uvc     : API: Java_org_firstinspires_ftc_robotcore_internal_camera_libuvc_nativeobject_UvcFrameCallback_nativeReleaseCallbackState: ...exit
02-01 16:21:38.690  1933  2191 V UvcStreamHandle: destroy(pointer=0xcb725f60)
02-01 16:21:38.690  1933  2191 D Uvc     : [jni_streamhandle.cpp:184] Java_org_firstinspires_ftc_robotcore_internal_camera_libuvc_nativeobject_UvcStreamHandle_nativeStopStreaming()...
02-01 16:21:38.690  1933  2191 V Uvc     : API: Java_org_firstinspires_ftc_robotcore_internal_camera_libuvc_nativeobject_UvcStreamHandle_nativeStopStreaming: enter...
02-01 16:21:38.690  1933  2191 D Uvc     : [stream.cpp:1514] uvc_stream_stop()...
02-01 16:21:38.690  1933  2191 D Uvc     : [stream.cpp:1514] ...uvc_stream_stop() rc=0
02-01 16:21:38.690  1933  2191 V Uvc     : API: Java_org_firstinspires_ftc_robotcore_internal_camera_libuvc_nativeobject_UvcStreamHandle_nativeStopStreaming: ...exit
02-01 16:21:38.690  1933  2191 D Uvc     : [jni_streamhandle.cpp:184] ...Java_org_firstinspires_ftc_robotcore_internal_camera_libuvc_nativeobject_UvcStreamHandle_nativeStopStreaming()
02-01 16:21:38.690  1933  2191 D Uvc     : [jni_streamhandle.cpp:200] Java_org_firstinspires_ftc_robotcore_internal_camera_libuvc_nativeobject_UvcStreamHandle_nativeCloseStreamHandle()...
02-01 16:21:38.690  1933  2191 V Uvc     : API: Java_org_firstinspires_ftc_robotcore_internal_camera_libuvc_nativeobject_UvcStreamHandle_nativeCloseStreamHandle: enter...
02-01 16:21:38.691  1933  2191 D Uvc     : [stream.cpp:1584] uvc_stream_close()...
02-01 16:21:38.691  1933  2191 D Uvc     : [streamhandle.cpp:45] uvc_stream_handle::~uvc_stream_handle()...
02-01 16:21:38.691  1933  2191 D Uvc     : [streamhandle.cpp:66] uvc_stream_handle::releaseInterface()...
02-01 16:21:38.691  1933  2191 D Uvc     : [libuvc/libuvc_internal.h:793] uvc_device_handle::releaseInterface()...
02-01 16:21:38.691  1933  2191 D UvcDevice: releaseInterface(1)
02-01 16:21:38.691  1933  2191 D UvcDevice: releaseInterface(1) succeeded
02-01 16:21:38.691  1933  2191 D Uvc     : [libuvc/libuvc_internal.h:793] ...uvc_device_handle::releaseInterface() rc=0
02-01 16:21:38.691  1933  2191 D Uvc     : [streamhandle.cpp:66] ...uvc_stream_handle::releaseInterface()
02-01 16:21:38.691  1933  2191 D Uvc     : [streamhandle.cpp:45] ...uvc_stream_handle::~uvc_stream_handle()
02-01 16:21:38.691  1933  2191 D Uvc     : [stream.cpp:1584] ...uvc_stream_close()
02-01 16:21:38.691  1933  2191 V Uvc     : API: Java_org_firstinspires_ftc_robotcore_internal_camera_libuvc_nativeobject_UvcStreamHandle_nativeCloseStreamHandle: ...exit
02-01 16:21:38.692  1933  2191 D Uvc     : [jni_streamhandle.cpp:200] ...Java_org_firstinspires_ftc_robotcore_internal_camera_libuvc_nativeobject_UvcStreamHandle_nativeCloseStreamHandle()
02-01 16:21:38.692  1933  2197 D RobotCore: capture sequence DelegatingCaptureSequenceId(1) reports completed: lastFrame=1034
02-01 16:21:38.693  1933  2191 V UvcApiCameraCaptureSequence: destroy(hash=0x04a16c25)
02-01 16:21:38.693  1933  2191 D UvcApiCaptureSession: ...stopCapture()
02-01 16:21:38.693  1933  2191 D UvcApiCaptureSession: doClose()...
02-01 16:21:38.695  1933  2191 D UvcApiCaptureSession: ...doClose()
02-01 16:21:38.695  1933  2191 D UsbResiliantWebcam|DelCaptureSequence: ...undoStreaming()
02-01 16:21:38.695  1933  2264 D UsbResiliantWebcam|DelCaptureSession: camera session is closed: Webcam(D5386480)
02-01 16:21:38.696  1933  2264 V UvcApiCaptureSession: destroy(hash=0x0b2a481c)
02-01 16:21:38.696  1933  2197 D RobotCore: capture sequence DelegatingCaptureSequenceId(1) reports completed: lastFrame=1034
02-01 16:21:38.696  1933  2264 D UvcApiCaptureSession: destructor...
02-01 16:21:38.696  1933  2264 D UvcApiCaptureSession: ...destructor
02-01 16:21:38.696  1933  2191 V UsbResiliantWebcam|DelCaptureSequence: destroy(hash=0x0893cd8f)
02-01 16:21:38.696  1933  2191 D UsbResiliantWebcam|DelCaptureSession: ...stopCapture()
02-01 16:21:38.696  1933  2191 D UsbResiliantWebcam|DelCaptureSession: doClose()...
02-01 16:21:38.697  1933  2191 D UsbResiliantWebcam|DelCaptureSession: ...doClose()
02-01 16:21:38.697  1933  2191 V UsbResiliantWebcam|DelCaptureSession: destroy(hash=0x04731269)
02-01 16:21:38.697  1933  2191 D UsbResiliantWebcam|DelCaptureSession: destructor()...
02-01 16:21:38.698  1933  2191 D UsbResiliantWebcam|DelCaptureSession: ...destructor()
02-01 16:21:38.698  1933  2191 V CameraImpl: destroy(hash=0x065780a2)
02-01 16:21:38.698  1933  2191 D UsbResiliantWebcam: CameraImpl.destructor()...
02-01 16:21:38.699  1933  2191 D UsbResiliantWebcam: externalDestructor()...
02-01 16:21:38.699  1933  2191 V CameraImpl: destroy(hash=0x036d73c0)
02-01 16:21:38.699  1933  2191 D UvcDeviceHandle: CameraImpl.destructor()...
02-01 16:21:38.699  1933  2264 D CameraManager: camera reports closed: CameraImpl(UsbResiliantWebcam(Webcam(D5386480)))
02-01 16:21:38.699  1933  2191 D UvcDeviceHandle: externalDestructor()...
02-01 16:21:38.700  1933  2191 D UsbResiliantWebcam: changeDelegatedCamera(CameraImpl(UvcDeviceHandle(pointer=0xc5e6c350|UvcDevice(/dev/bus/usb/003/004)))->null)...
02-01 16:21:38.700  1933  2191 D CachingExposureControl: onCameraChanged(CameraImpl(UvcDeviceHandle(pointer=0xc5e6c350|UvcDevice(/dev/bus/usb/003/004)))->null)...
02-01 16:21:38.700  1933  2191 D CachingExposureControl: ...onCameraChanged(CameraImpl(UvcDeviceHandle(pointer=0xc5e6c350|UvcDevice(/dev/bus/usb/003/004)))->null)
02-01 16:21:38.701  1933  2191 D UsbResiliantWebcam: ...changeDelegatedCamera(CameraImpl(UvcDeviceHandle(pointer=0xc5e6c350|UvcDevice(/dev/bus/usb/003/004)))->null)
02-01 16:21:38.701  1933  2191 D UvcDeviceHandle: ...externalDestructor()
02-01 16:21:38.701  1933  2191 V UvcDeviceHandle: destroy(pointer=0xc5e6c350)
02-01 16:21:38.701  1933  2191 D UvcDeviceHandle: destructor...
02-01 16:21:38.702  1933  2191 D Uvc     : [jni_devicehandle.cpp:87] Java_org_firstinspires_ftc_robotcore_internal_camera_libuvc_nativeobject_UvcDeviceHandle_nativeReleaseRefDeviceHandle()...
02-01 16:21:38.702  1933  2191 V Uvc     : API: Java_org_firstinspires_ftc_robotcore_internal_camera_libuvc_nativeobject_UvcDeviceHandle_nativeReleaseRefDeviceHandle: enter...
02-01 16:21:38.702  1933  2191 D Uvc     : [libuvc/libuvc_internal.h:872] uvc_device_handle::~uvc_device_handle()...
02-01 16:21:38.702  1933  2191 D Uvc     : [libuvc/libuvc_internal.h:840] uvc_device_handle::deconstruct()...
02-01 16:21:38.702  1933  2191 D Uvc     : [libuvc/libuvc_internal.h:751] uvc_device_handle::stop()...
02-01 16:21:38.702  1933  2191 D Uvc     : [libuvc/libuvc_internal.h:751] ...uvc_device_handle::stop()
02-01 16:21:38.702  1933  2191 D Uvc     : [libuvc/libuvc_internal.h:865] uvc_device_handle::close()...
02-01 16:21:38.702  1933  2191 E libusb  : [172.253864] [0000088f] libusb: error [do_close] Device handle closed while transfer was still being processed, but the device is still connected as far as we know
02-01 16:21:38.702  1933  2191 E libusb  : [172.253926] [0000088f] libusb: error [do_close] A cancellation hasn't even been scheduled on the transfer for which the device is closing
02-01 16:21:38.702  1933  2191 D Uvc     : [libuvc/libuvc_internal.h:865] ...uvc_device_handle::close()
02-01 16:21:38.702  1933  2191 D Uvc     : [libuvc/libuvc_internal.h:840] ...uvc_device_handle::deconstruct()
02-01 16:21:38.702  1933  2191 D Uvc     : [device.cpp:433] uvc_free_device_info()...
02-01 16:21:38.703  1933  2191 D Uvc     : [device.cpp:433] ...uvc_free_device_info()
02-01 16:21:38.703  1933  2191 D Uvc     : [libuvc/libuvc_internal.h:872] ...uvc_device_handle::~uvc_device_handle()
02-01 16:21:38.703  1933  2191 V Uvc     : API: Java_org_firstinspires_ftc_robotcore_internal_camera_libuvc_nativeobject_UvcDeviceHandle_nativeReleaseRefDeviceHandle: ...exit
02-01 16:21:38.703  1933  2191 D Uvc     : [jni_devicehandle.cpp:87] ...Java_org_firstinspires_ftc_robotcore_internal_camera_libuvc_nativeobject_UvcDeviceHandle_nativeReleaseRefDeviceHandle()
02-01 16:21:38.703  1933  2191 V UvcDevice: destroy(pointer=0xc8728498|/dev/bus/usb/003/004)
02-01 16:21:38.703  1933  2191 D UsbDeviceConnectionJNI: close
02-01 16:21:38.703  1933  2191 D Uvc     : [jni_device.cpp:126] Java_org_firstinspires_ftc_robotcore_internal_camera_libuvc_nativeobject_UvcDevice_nativeReleaseRefDevice()...
02-01 16:21:38.703  1933  2191 V Uvc     : API: Java_org_firstinspires_ftc_robotcore_internal_camera_libuvc_nativeobject_UvcDevice_nativeReleaseRefDevice: enter...
02-01 16:21:38.703  1933  2191 D Uvc     : [device.cpp:882] uvc_unref_device()...
02-01 16:21:38.706  1933  2191 D Uvc     : [device.cpp:882] ...uvc_unref_device()
02-01 16:21:38.706  1933  2191 V Uvc     : API: Java_org_firstinspires_ftc_robotcore_internal_camera_libuvc_nativeobject_UvcDevice_nativeReleaseRefDevice: ...exit
02-01 16:21:38.706  1933  2191 D Uvc     : [jni_device.cpp:126] ...Java_org_firstinspires_ftc_robotcore_internal_camera_libuvc_nativeobject_UvcDevice_nativeReleaseRefDevice()
02-01 16:21:38.706  1933  2191 V LibUsbDevice: destroy(pointer=0xcb735680)
02-01 16:21:38.706  1933  2191 D Uvc     : [jni_libusb_device.cpp:64] Java_org_firstinspires_ftc_robotcore_internal_camera_libuvc_nativeobject_LibUsbDevice_nativeReleaseRefDevice()...
02-01 16:21:38.706  1933  2191 D Uvc     : [jni_libusb_device.cpp:64] ...Java_org_firstinspires_ftc_robotcore_internal_camera_libuvc_nativeobject_LibUsbDevice_nativeReleaseRefDevice()
02-01 16:21:38.706  1933  2191 D UvcDeviceHandle: ...destructor
02-01 16:21:38.706  1933  2191 D UvcDeviceHandle: ...CameraImpl.destructor()
02-01 16:21:38.707  1933  2191 D UsbResiliantWebcam: ...externalDestructor()
02-01 16:21:38.707  1933  2191 V UsbResiliantWebcam: destroy(hash=0x0d5776f2)
02-01 16:21:38.707  1933  2191 D UsbResiliantWebcam: destructor()...
02-01 16:21:38.707  1933  2191 D UsbResiliantWebcam: ...destructor()
02-01 16:21:38.707  1933  2191 D UsbResiliantWebcam: ...CameraImpl.destructor()
02-01 16:21:41.637  1933  2191 W BHI260IMU: getRobotOrientationAsQuaternion(): Failed to retrieve valid quaternion from IMU. Returning the identity quaternion.
02-01 16:21:41.654  1933  2191 W BHI260IMU: getRobotOrientationAsQuaternion(): Failed to retrieve valid quaternion from IMU. Returning the identity quaternion.
02-01 16:21:41.666  1933  2191 W BHI260IMU: getRobotOrientationAsQuaternion(): Failed to retrieve valid quaternion from IMU. Returning the identity quaternion.
02-01 16:21:41.779  1933  2191 W BHI260IMU: getRobotOrientationAsQuaternion(): Failed to retrieve valid quaternion from IMU. Returning the identity quaternion.
02-01 16:21:41.782  1933  2191 I global  :  RENO - AutoRoadRunner.rrUnloadCone(AutoRoadRunner.java:336): Wait before unloading claw open.
02-01 16:21:41.843  1933  2191 I global  :  RENO - AutoRoadRunner.rrUnloadCone(AutoRoadRunner.java:340): Auto unload - Cone has been unloaded.
02-01 16:21:41.925  1933  2191 W BHI260IMU: getRobotOrientationAsQuaternion(): Failed to retrieve valid quaternion from IMU. Returning the identity quaternion.
02-01 16:21:41.956  1933  2191 W BHI260IMU: getRobotOrientationAsQuaternion(): Failed to retrieve valid quaternion from IMU. Returning the identity quaternion.
02-01 16:21:41.980  1933  2191 W BHI260IMU: getRobotOrientationAsQuaternion(): Failed to retrieve valid quaternion from IMU. Returning the identity quaternion.
02-01 16:21:42.004  1933  2191 W BHI260IMU: getRobotOrientationAsQuaternion(): Failed to retrieve valid quaternion from IMU. Returning the identity quaternion.
02-01 16:21:42.030  1933  2191 W BHI260IMU: getRobotOrientationAsQuaternion(): Failed to retrieve valid quaternion from IMU. Returning the identity quaternion.
02-01 16:21:42.050  1933  2191 W BHI260IMU: getRobotOrientationAsQuaternion(): Failed to retrieve valid quaternion from IMU. Returning the identity quaternion.
02-01 16:21:42.077  1933  2191 W BHI260IMU: getRobotOrientationAsQuaternion(): Failed to retrieve valid quaternion from IMU. Returning the identity quaternion.
02-01 16:21:42.100  1933  2191 W BHI260IMU: getRobotOrientationAsQuaternion(): Failed to retrieve valid quaternion from IMU. Returning the identity quaternion.
02-01 16:21:42.125  1933  2191 W BHI260IMU: getRobotOrientationAsQuaternion(): Failed to retrieve valid quaternion from IMU. Returning the identity quaternion.
02-01 16:21:42.151  1933  2191 W BHI260IMU: getRobotOrientationAsQuaternion(): Failed to retrieve valid quaternion from IMU. Returning the identity quaternion.
02-01 16:21:42.175  1933  2191 W BHI260IMU: getRobotOrientationAsQuaternion(): Failed to retrieve valid quaternion from IMU. Returning the identity quaternion.
02-01 16:21:42.202  1933  2191 W BHI260IMU: getRobotOrientationAsQuaternion(): Failed to retrieve valid quaternion from IMU. Returning the identity quaternion.
02-01 16:21:42.226  1933  2191 W BHI260IMU: getRobotOrientationAsQuaternion(): Failed to retrieve valid quaternion from IMU. Returning the identity quaternion.
02-01 16:21:42.248  1933  2191 W BHI260IMU: getRobotOrientationAsQuaternion(): Failed to retrieve valid quaternion from IMU. Returning the identity quaternion.
02-01 16:21:42.274  1933  2191 W BHI260IMU: getRobotOrientationAsQuaternion(): Failed to retrieve valid quaternion from IMU. Returning the identity quaternion.
02-01 16:21:42.298  1933  2191 W BHI260IMU: getRobotOrientationAsQuaternion(): Failed to retrieve valid quaternion from IMU. Returning the identity quaternion.
02-01 16:21:42.319  1933  2191 W BHI260IMU: getRobotOrientationAsQuaternion(): Failed to retrieve valid quaternion from IMU. Returning the identity quaternion.
02-01 16:21:42.341  1933  2191 W BHI260IMU: getRobotOrientationAsQuaternion(): Failed to retrieve valid quaternion from IMU. Returning the identity quaternion.
02-01 16:21:42.362  1933  2191 W BHI260IMU: getRobotOrientationAsQuaternion(): Failed to retrieve valid quaternion from IMU. Returning the identity quaternion.
02-01 16:21:42.387  1933  2191 W BHI260IMU: getRobotOrientationAsQuaternion(): Failed to retrieve valid quaternion from IMU. Returning the identity quaternion.
02-01 16:21:42.416  1933  2191 W BHI260IMU: getRobotOrientationAsQuaternion(): Failed to retrieve valid quaternion from IMU. Returning the identity quaternion.
02-01 16:21:42.440  1933  2191 W BHI260IMU: getRobotOrientationAsQuaternion(): Failed to retrieve valid quaternion from IMU. Returning the identity quaternion.
02-01 16:21:42.469  1933  2191 W BHI260IMU: getRobotOrientationAsQuaternion(): Failed to retrieve valid quaternion from IMU. Returning the identity quaternion.
02-01 16:21:42.492  1933  2191 W BHI260IMU: getRobotOrientationAsQuaternion(): Failed to retrieve valid quaternion from IMU. Returning the identity quaternion.
02-01 16:21:42.517  1933  2191 W BHI260IMU: getRobotOrientationAsQuaternion(): Failed to retrieve valid quaternion from IMU. Returning the identity quaternion.
02-01 16:21:42.541  1933  2191 W BHI260IMU: getRobotOrientationAsQuaternion(): Failed to retrieve valid quaternion from IMU. Returning the identity quaternion.
02-01 16:21:42.564  1933  2191 W BHI260IMU: getRobotOrientationAsQuaternion(): Failed to retrieve valid quaternion from IMU. Returning the identity quaternion.
02-01 16:21:42.592  1933  2191 W BHI260IMU: getRobotOrientationAsQuaternion(): Failed to retrieve valid quaternion from IMU. Returning the identity quaternion.
02-01 16:21:42.616  1933  2191 W BHI260IMU: getRobotOrientationAsQuaternion(): Failed to retrieve valid quaternion from IMU. Returning the identity quaternion.
02-01 16:21:42.639  1933  2191 W BHI260IMU: getRobotOrientationAsQuaternion(): Failed to retrieve valid quaternion from IMU. Returning the identity quaternion.
02-01 16:21:42.660  1933  2191 W BHI260IMU: getRobotOrientationAsQuaternion(): Failed to retrieve valid quaternion from IMU. Returning the identity quaternion.
02-01 16:21:42.684  1933  2191 W BHI260IMU: getRobotOrientationAsQuaternion(): Failed to retrieve valid quaternion from IMU. Returning the identity quaternion.
02-01 16:21:42.710  1933  2191 W BHI260IMU: getRobotOrientationAsQuaternion(): Failed to retrieve valid quaternion from IMU. Returning the identity quaternion.
02-01 16:21:42.733  1933  2191 W BHI260IMU: getRobotOrientationAsQuaternion(): Failed to retrieve valid quaternion from IMU. Returning the identity quaternion.
02-01 16:21:42.759  1933  2191 W BHI260IMU: getRobotOrientationAsQuaternion(): Failed to retrieve valid quaternion from IMU. Returning the identity quaternion.
02-01 16:21:42.783  1933  2191 W BHI260IMU: getRobotOrientationAsQuaternion(): Failed to retrieve valid quaternion from IMU. Returning the identity quaternion.
02-01 16:21:42.811  1933  2191 W BHI260IMU: getRobotOrientationAsQuaternion(): Failed to retrieve valid quaternion from IMU. Returning the identity quaternion.
02-01 16:21:42.838  1933  2191 W BHI260IMU: getRobotOrientationAsQuaternion(): Failed to retrieve valid quaternion from IMU. Returning the identity quaternion.
02-01 16:21:42.862  1933  2191 W BHI260IMU: getRobotOrientationAsQuaternion(): Failed to retrieve valid quaternion from IMU. Returning the identity quaternion.
02-01 16:21:42.885  1933  2191 W BHI260IMU: getRobotOrientationAsQuaternion(): Failed to retrieve valid quaternion from IMU. Returning the identity quaternion.
02-01 16:21:42.900  1933  2019 V Robocol : received command: CMD_INIT_OP_MODE(11437) $Stop$Robot$
02-01 16:21:42.908  1933  2191 W BHI260IMU: getRobotOrientationAsQuaternion(): Failed to retrieve valid quaternion from IMU. Returning the identity quaternion.
02-01 16:21:42.909  1933  2020 I RobotCore: ******************** STOP - OPMODE /storage/emulated/0/FIRST/matchlogs/Match-0-auto_RR_right.txt ********************
02-01 16:21:42.916  1933  2271 I RobotCore: saving match logcat to /storage/emulated/0/FIRST/matchlogs/Match-0-auto_RR_right.txt
02-01 16:21:42.916  1933  2271 I RobotCore: logging command line: exec logcat -d -T '2-1 16:20:38.000' -f '/storage/emulated/0/FIRST/matchlogs/Match-0-auto_RR_right.txt' -n4 -v threadtime UsbRequestJNI:S UsbRequest:S art:W ThreadPool:W System:W ExtendedExtractor:W OMXClient:W MediaPlayer:W dalvikvm:W  *:V
02-01 16:21:42.920  1933  2191 I global  :  RENO - AutoRoadRunner.moveFromJunctionToConeStack(AutoRoadRunner.java:353): Arrived cone stack
02-01 16:21:42.921  1933  2191 I global  :  RENO - AutoRoadRunner.moveFromJunctionToConeStack(AutoRoadRunner.java:354): traj1 end x = -11.50,  y = -61.50, angle = 270.00
02-01 16:21:42.922  1933  2191 I global  :  RENO - AutoRoadRunner.moveFromJunctionToConeStack(AutoRoadRunner.java:356): estimate end x = -14.87,  y = -51.33, angle = 267.97
02-01 16:21:42.925  1933  2191 E LynxI2cDeviceSynch: placeholder: readTimestamped
02-01 16:21:42.926  1933  2191 W BHI260IMU: getRobotOrientationAsQuaternion(): Failed to retrieve valid quaternion from IMU. Returning the identity quaternion.
02-01 16:21:42.926  2272  2272 I sh      : type=1400 audit(0.0:207): avc: denied { read } for name="/" dev="rootfs" ino=1 scontext=u:r:untrusted_app:s0:c512,c768 tcontext=u:object_r:rootfs:s0 tclass=dir permissive=1
02-01 16:21:42.926  2272  2272 I sh      : type=1400 audit(0.0:208): avc: denied { open } for path="/" dev="rootfs" ino=1 scontext=u:r:untrusted_app:s0:c512,c768 tcontext=u:object_r:rootfs:s0 tclass=dir permissive=1
02-01 16:21:42.935  1933  2191 I global  :  RENO - AutoRoadRunner.rrLoadCone(AutoRoadRunner.java:317): Wait before claw close.
02-01 16:21:42.937  1933  2191 I global  :  RENO - SlidersWith2Motors.waitRunningComplete(SlidersWith2Motors.java:147): Slider waiting time = 0.00 sec
02-01 16:21:42.940  1933  2191 I global  :  RENO - AutoRoadRunner.rrLoadCone(AutoRoadRunner.java:323): Wait before moving out cone stack.
02-01 16:21:42.975  1933  2191 I global  :  RENO - AutoRoadRunner.moveFromConeStackToJunction(AutoRoadRunner.java:372): Arrived junction
02-01 16:21:42.977  1933  2191 I global  :  RENO - AutoRoadRunner.moveFromConeStackToJunction(AutoRoadRunner.java:373): traj1 end x = -20.35,  y = -30.32, angle = 300.00
02-01 16:21:42.978  1933  2191 I global  :  RENO - AutoRoadRunner.moveFromConeStackToJunction(AutoRoadRunner.java:375): estimate end x = -12.00,  y = -61.50, angle = 267.97
02-01 16:21:42.983  1933  2191 W BHI260IMU: getRobotOrientationAsQuaternion(): Failed to retrieve valid quaternion from IMU. Returning the identity quaternion.
02-01 16:21:42.984  1933  2191 I global  :  RENO - AutoRoadRunner.rrUnloadCone(AutoRoadRunner.java:336): Wait before unloading claw open.
02-01 16:21:42.986  1933  2191 I global  :  RENO - AutoRoadRunner.rrUnloadCone(AutoRoadRunner.java:340): Auto unload - Cone has been unloaded.
02-01 16:21:43.005  1933  2191 I global  :  RENO - AutoRoadRunner.moveFromJunctionToConeStack(AutoRoadRunner.java:353): Arrived cone stack
02-01 16:21:43.006  1933  2191 I global  :  RENO - AutoRoadRunner.moveFromJunctionToConeStack(AutoRoadRunner.java:354): traj1 end x = -11.50,  y = -61.50, angle = 270.00
02-01 16:21:43.007  1933  2191 I global  :  RENO - AutoRoadRunner.moveFromJunctionToConeStack(AutoRoadRunner.java:356): estimate end x = -20.35,  y = -30.32, angle = 267.97
02-01 16:21:43.011  1933  2191 W BHI260IMU: getRobotOrientationAsQuaternion(): Failed to retrieve valid quaternion from IMU. Returning the identity quaternion.
02-01 16:21:43.015  1933  2191 I global  :  RENO - AutoRoadRunner.rrLoadCone(AutoRoadRunner.java:317): Wait before claw close.
02-01 16:21:43.016  1933  2191 I global  :  RENO - SlidersWith2Motors.waitRunningComplete(SlidersWith2Motors.java:147): Slider waiting time = 0.00 sec
02-01 16:21:43.019  1933  2191 I global  :  RENO - AutoRoadRunner.rrLoadCone(AutoRoadRunner.java:323): Wait before moving out cone stack.
02-01 16:21:43.035  1933  2191 I global  :  RENO - AutoRoadRunner.moveFromConeStackToJunction(AutoRoadRunner.java:372): Arrived junction
02-01 16:21:43.036  1933  2191 I global  :  RENO - AutoRoadRunner.moveFromConeStackToJunction(AutoRoadRunner.java:373): traj1 end x = -20.35,  y = -30.32, angle = 300.00
02-01 16:21:43.037  1933  2191 I global  :  RENO - AutoRoadRunner.moveFromConeStackToJunction(AutoRoadRunner.java:375): estimate end x = -12.00,  y = -61.50, angle = 267.97
02-01 16:21:43.041  1933  2191 W BHI260IMU: getRobotOrientationAsQuaternion(): Failed to retrieve valid quaternion from IMU. Returning the identity quaternion.
02-01 16:21:43.042  1933  2191 I global  :  RENO - AutoRoadRunner.rrUnloadCone(AutoRoadRunner.java:336): Wait before unloading claw open.
02-01 16:21:43.043  1933  2191 I global  :  RENO - AutoRoadRunner.rrUnloadCone(AutoRoadRunner.java:340): Auto unload - Cone has been unloaded.
02-01 16:21:43.054  1933  2191 I global  :  RENO - AutoRoadRunner.moveFromJunctionToConeStack(AutoRoadRunner.java:353): Arrived cone stack
02-01 16:21:43.055  1933  2191 I global  :  RENO - AutoRoadRunner.moveFromJunctionToConeStack(AutoRoadRunner.java:354): traj1 end x = -11.50,  y = -61.50, angle = 270.00
02-01 16:21:43.056  1933  2191 I global  :  RENO - AutoRoadRunner.moveFromJunctionToConeStack(AutoRoadRunner.java:356): estimate end x = -20.35,  y = -30.32, angle = 267.97
02-01 16:21:43.060  1933  2191 W BHI260IMU: getRobotOrientationAsQuaternion(): Failed to retrieve valid quaternion from IMU. Returning the identity quaternion.
02-01 16:21:43.063  1933  2191 I global  :  RENO - AutoRoadRunner.rrLoadCone(AutoRoadRunner.java:317): Wait before claw close.
02-01 16:21:43.065  1933  2191 I global  :  RENO - SlidersWith2Motors.waitRunningComplete(SlidersWith2Motors.java:147): Slider waiting time = 0.00 sec
02-01 16:21:43.067  1933  2191 I global  :  RENO - AutoRoadRunner.rrLoadCone(AutoRoadRunner.java:323): Wait before moving out cone stack.
02-01 16:21:43.078  1933  2191 I global  :  RENO - AutoRoadRunner.moveFromConeStackToJunction(AutoRoadRunner.java:372): Arrived junction
02-01 16:21:43.079  1933  2191 I global  :  RENO - AutoRoadRunner.moveFromConeStackToJunction(AutoRoadRunner.java:373): traj1 end x = -20.35,  y = -30.32, angle = 300.00
02-01 16:21:43.080  1933  2191 I global  :  RENO - AutoRoadRunner.moveFromConeStackToJunction(AutoRoadRunner.java:375): estimate end x = -12.00,  y = -61.50, angle = 267.97
02-01 16:21:43.084  1933  2191 W BHI260IMU: getRobotOrientationAsQuaternion(): Failed to retrieve valid quaternion from IMU. Returning the identity quaternion.
02-01 16:21:43.085  1933  2191 I global  :  RENO - AutoRoadRunner.rrUnloadCone(AutoRoadRunner.java:336): Wait before unloading claw open.
02-01 16:21:43.087  1933  2191 I global  :  RENO - AutoRoadRunner.rrUnloadCone(AutoRoadRunner.java:340): Auto unload - Cone has been unloaded.
02-01 16:21:43.096  1933  2191 I global  :  RENO - AutoRoadRunner.moveFromJunctionToConeStack(AutoRoadRunner.java:353): Arrived cone stack
02-01 16:21:43.097  1933  2191 I global  :  RENO - AutoRoadRunner.moveFromJunctionToConeStack(AutoRoadRunner.java:354): traj1 end x = -11.50,  y = -61.50, angle = 270.00
02-01 16:21:43.099  1933  2191 I global  :  RENO - AutoRoadRunner.moveFromJunctionToConeStack(AutoRoadRunner.java:356): estimate end x = -20.35,  y = -30.32, angle = 267.97
02-01 16:21:43.102  1933  2191 W BHI260IMU: getRobotOrientationAsQuaternion(): Failed to retrieve valid quaternion from IMU. Returning the identity quaternion.
02-01 16:21:43.106  1933  2191 I global  :  RENO - AutoRoadRunner.rrLoadCone(AutoRoadRunner.java:317): Wait before claw close.
02-01 16:21:43.107  1933  2191 I global  :  RENO - SlidersWith2Motors.waitRunningComplete(SlidersWith2Motors.java:147): Slider waiting time = 0.00 sec
02-01 16:21:43.110  1933  2191 I global  :  RENO - AutoRoadRunner.rrLoadCone(AutoRoadRunner.java:323): Wait before moving out cone stack.
02-01 16:21:43.120  1933  2191 I global  :  RENO - AutoRoadRunner.moveFromConeStackToJunction(AutoRoadRunner.java:372): Arrived junction
02-01 16:21:43.122  1933  2191 I global  :  RENO - AutoRoadRunner.moveFromConeStackToJunction(AutoRoadRunner.java:373): traj1 end x = -20.35,  y = -30.32, angle = 300.00
02-01 16:21:43.123  1933  2191 I global  :  RENO - AutoRoadRunner.moveFromConeStackToJunction(AutoRoadRunner.java:375): estimate end x = -12.00,  y = -61.50, angle = 267.97
02-01 16:21:43.123  1933  2271 I RobotCore: Done running exec logcat -d -T '2-1 16:20:38.000' -f '/storage/emulated/0/FIRST/matchlogs/Match-0-auto_RR_right.txt' -n4 -v threadtime UsbRequestJNI:S UsbRequest:S art:W ThreadPool:W System:W ExtendedExtractor:W OMXClient:W MediaPlayer:W dalvikvm:W  *:V
02-01 16:21:43.123  1933  2271 I RobotCore: exiting match logcat for /storage/emulated/0/FIRST/matchlogs/Match-0-auto_RR_right.txt
02-01 16:21:43.126  1933  2191 W BHI260IMU: getRobotOrientationAsQuaternion(): Failed to retrieve valid quaternion from IMU. Returning the identity quaternion.
02-01 16:21:43.127  1933  2191 I global  :  RENO - AutoRoadRunner.rrUnloadCone(AutoRoadRunner.java:336): Wait before unloading claw open.
02-01 16:21:43.129  1933  2191 I global  :  RENO - AutoRoadRunner.rrUnloadCone(AutoRoadRunner.java:340): Auto unload - Cone has been unloaded.
02-01 16:21:43.139  1933  2191 I global  :  RENO - AutoRoadRunner.moveFromJunctionToConeStack(AutoRoadRunner.java:353): Arrived cone stack
02-01 16:21:43.140  1933  2191 I global  :  RENO - AutoRoadRunner.moveFromJunctionToConeStack(AutoRoadRunner.java:354): traj1 end x = -11.50,  y = -61.50, angle = 270.00
02-01 16:21:43.140  1933  2191 I global  :  RENO - AutoRoadRunner.moveFromJunctionToConeStack(AutoRoadRunner.java:356): estimate end x = -20.35,  y = -30.32, angle = 267.97
02-01 16:21:43.144  1933  2191 W BHI260IMU: getRobotOrientationAsQuaternion(): Failed to retrieve valid quaternion from IMU. Returning the identity quaternion.
02-01 16:21:43.147  1933  2191 I global  :  RENO - AutoRoadRunner.rrLoadCone(AutoRoadRunner.java:317): Wait before claw close.
02-01 16:21:43.149  1933  2191 I global  :  RENO - SlidersWith2Motors.waitRunningComplete(SlidersWith2Motors.java:147): Slider waiting time = 0.00 sec
02-01 16:21:43.151  1933  2191 I global  :  RENO - AutoRoadRunner.rrLoadCone(AutoRoadRunner.java:323): Wait before moving out cone stack.
02-01 16:21:43.165  1933  2191 I global  :  RENO - AutoRoadRunner.moveFromConeStackToJunction(AutoRoadRunner.java:372): Arrived junction
02-01 16:21:43.167  1933  2191 I global  :  RENO - AutoRoadRunner.moveFromConeStackToJunction(AutoRoadRunner.java:373): traj1 end x = -20.35,  y = -30.32, angle = 300.00
02-01 16:21:43.168  1933  2191 I global  :  RENO - AutoRoadRunner.moveFromConeStackToJunction(AutoRoadRunner.java:375): estimate end x = -12.00,  y = -61.50, angle = 267.97
02-01 16:21:43.172  1933  2191 W BHI260IMU: getRobotOrientationAsQuaternion(): Failed to retrieve valid quaternion from IMU. Returning the identity quaternion.
02-01 16:21:43.173  1933  2191 I global  :  RENO - AutoRoadRunner.rrUnloadCone(AutoRoadRunner.java:336): Wait before unloading claw open.
02-01 16:21:43.175  1933  2191 I global  :  RENO - AutoRoadRunner.rrUnloadCone(AutoRoadRunner.java:340): Auto unload - Cone has been unloaded.
02-01 16:21:43.226  1933  2191 I global  :  RENO - AutoRoadRunner.autonomousCore(AutoRoadRunner.java:295): traj1 end x = -33.00,  y = -12.00, angle = 180.00
02-01 16:21:43.228  1933  2191 I global  :  RENO - AutoRoadRunner.autonomousCore(AutoRoadRunner.java:297): estimate end x = -20.35,  y = -30.32, angle = 267.97
02-01 16:21:43.229  1933  2191 I global  :  RENO - AutoRoadRunner.runOpMode(AutoRoadRunner.java:255): Autonomous - total Run Time: 4.5862 seconds
02-01 16:21:43.230  1933  2191 D RobotCore: User runOpModeMethod exited
02-01 16:21:43.232  1933  2191 V RobotCore: thread: ...terminating 'OpModeThread'
02-01 16:21:43.234  1933  2035 I RobotCore: Attempting to switch to op mode $Stop$Robot$
02-01 16:21:43.234  1933  2035 D HardwareMap: Clearing which device instances have been retrieved
02-01 16:21:43.234  1933  2035 D HardwareMap: Clearing which device instances have been retrieved
02-01 16:21:43.236  1933  2276 V RobotCore: thread: 'OpModeThread' starting...
02-01 16:21:43.257  1933  2140 V Robocol : sending CMD_STREAM_CHANGE(1836), attempt: 0
02-01 16:21:43.258  1933  2140 V Robocol : sending CMD_NOTIFY_INIT_OP_MODE(1841), attempt: 0
02-01 16:21:43.301  1933  2019 V Robocol : received command: CMD_RUN_OP_MODE(11448) $Stop$Robot$
02-01 16:21:43.338  1933  2140 V Robocol : sending CMD_NOTIFY_RUN_OP_MODE(1847), attempt: 0
02-01 16:22:23.982  1933  2019 V Robocol : received command: CMD_SET_MATCH_NUMBER(12002) 0
02-01 16:22:23.986  1933  2019 V Robocol : received command: CMD_INIT_OP_MODE(12003) auto RR right
02-01 16:22:24.009  1933  2020 I RobotCore: ******************** START - OPMODE auto RR right ********************
02-01 16:22:24.014  1933  2276 V RobotCore: thread: ...terminating 'OpModeThread'
02-01 16:22:24.021  1933  2035 I RobotCore: Attempting to switch to op mode auto RR right
02-01 16:22:24.221  1933  2035 D HardwareMap: Clearing which device instances have been retrieved
02-01 16:22:24.221  1933  2035 D HardwareMap: Clearing which device instances have been retrieved
02-01 16:22:24.223  1933  2319 V RobotCore: thread: 'OpModeThread' starting...
02-01 16:22:24.225  1933  2319 I global  :  RENO - AutoRoadRunner.runOpMode(AutoRoadRunner.java:155): Status - Initialized
02-01 16:22:24.227  1933  2319 I System.out: OpenCvCameraBase ctor: EasyOpenCV version 1.5.2
02-01 16:22:24.231  1933  2320 D CameraManager: doOpenCamera()...
02-01 16:22:24.231  1933  2320 D CameraManager: requesting permission for camera: Webcam(D5386480)
02-01 16:22:24.243  1933  2320 D WebcamNameImpl: requesting permission for /dev/bus/usb/003/004
02-01 16:22:24.243  1933  2320 V WebcamNameImpl: asyncRequestUsbPermission()...
02-01 16:22:24.244  1933  2319 I I2C     : Automatically initializing I2C device BHI260IMU (BHI260 IMU on USB (embedded); module 173; bus 0; addr7=0x28)
