01-24 11:14:09.854 10249 10249 I ps      : type=1400 audit(0.0:1160): avc: denied { search } for name="2" dev="proc" ino=9448 scontext=u:r:untrusted_app:s0:c512,c768 tcontext=u:r:kernel:s0 tclass=dir permissive=1
01-24 11:14:09.854 10249 10249 I ps      : type=1400 audit(0.0:1161): avc: denied { read } for name="cmdline" dev="proc" ino=9546 scontext=u:r:untrusted_app:s0:c512,c768 tcontext=u:r:kernel:s0 tclass=file permissive=1
01-24 11:14:09.854 10249 10249 I ps      : type=1400 audit(0.0:1162): avc: denied { open } for path="/proc/2/cmdline" dev="proc" ino=9546 scontext=u:r:untrusted_app:s0:c512,c768 tcontext=u:r:kernel:s0 tclass=file permissive=1
01-24 11:14:09.888 10216 10216 W System  : ClassLoader referenced unknown path: /system/app/webview/lib/arm
01-24 11:14:09.889 10216 10216 D ApplicationLoaders: ignored Vulkan layer search path /system/app/webview/lib/arm:/system/app/webview/webview.apk!/lib/armeabi-v7a:/system/lib:/vendor/lib for namespace 0xeea63090
01-24 11:14:09.894 10216 10216 I WebViewFactory: Loading com.android.webview version 52.0.2743.100 (code 275610050)
01-24 11:14:09.933 10216 10216 I cr_LibraryLoader: Time to load native libraries: 6 ms (timestamps 3781-3787)
01-24 11:14:09.934 10216 10216 I cr_LibraryLoader: Expected native library version number "52.0.2743.100", actual native library version number "52.0.2743.100"
01-24 11:14:09.950 10216 10216 V WebViewChromiumFactoryProvider: Binding Chromium to main looper Looper (main, tid 1) {e8dc9b9}
01-24 11:14:09.951 10216 10216 I cr_LibraryLoader: Expected native library version number "52.0.2743.100", actual native library version number "52.0.2743.100"
01-24 11:14:09.951 10216 10216 I chromium: [INFO:library_loader_hooks.cc(143)] Chromium logging enabled: level = 0, default verbosity = 0
01-24 11:14:10.063 10216 10216 I cr_BrowserStartup: Initializing chromium process, singleProcess=true
01-24 11:14:10.096 10216 10216 I mali_so : [File] : hardware/rockchip/driver/./src/base/arch/arch_011_udd/base_arch_main.c; [Line] : 565; [Func] : deal_with_version_affairs_rk_ext;
01-24 11:14:10.096 10216 10216 I mali_so : arm_release_ver of this mali_so is 'r7p0-00rel1', rk_so_ver is '1@2' for 3328h_android_7.1, built at '15:47:49', on 'Jun 28 2017'.
01-24 11:14:10.096 10216 10216 I mali_so : [File] : hardware/rockchip/driver/./src/base/arch/arch_011_udd/base_arch_main.c; [Line] : 578; [Func] : deal_with_version_affairs_rk_ext;
01-24 11:14:10.096 10216 10216 I mali_so : mali_ver_property has been set to 'r7p0-00rel1-5-1@2', to return.
01-24 11:14:10.179 10216 10216 I cr_DRP  : No DRP key due to exception:java.lang.ClassNotFoundException: com.android.webview.chromium.Drp
01-24 11:14:10.254 10216 10216 W cr_AwContents: onDetachedFromWindow called when already detached. Ignoring
01-24 11:14:10.340 10216 10216 E ClassManager: internal error: this code is unreachable
01-24 11:14:10.347 10216 10216 E ClassManager: java.io.IOException: No original dex files found for dex location /data/app/com.qualcomm.ftcrobotcontroller-1/base.apk
01-24 11:14:10.349 10216 10216 E ClassManager: 	at dalvik.system.DexFile.openDexFileNative(Native Method)
01-24 11:14:10.353 10216 10216 E ClassManager: 	at dalvik.system.DexFile.openDexFile(DexFile.java:367)
01-24 11:14:10.355 10216 10216 E ClassManager: 	at dalvik.system.DexFile.<init>(DexFile.java:112)
01-24 11:14:10.357 10216 10216 E ClassManager: 	at dalvik.system.DexFile.<init>(DexFile.java:98)
01-24 11:14:10.361 10216 10216 E ClassManager: 	at org.firstinspires.ftc.robotcore.internal.opmode.ClassManager.<init>(ClassManager.java:103)
01-24 11:14:10.364 10216 10216 E ClassManager: 	at org.firstinspires.ftc.robotcore.internal.opmode.ClassManager.<init>(ClassManager.java:67)
01-24 11:14:10.368 10216 10216 E ClassManager: 	at org.firstinspires.ftc.robotcore.internal.opmode.ClassManager$InstanceHolder.<clinit>(ClassManager.java:75)
01-24 11:14:10.371 10216 10216 E ClassManager: 	at org.firstinspires.ftc.robotcore.internal.opmode.ClassManager.getInstance(ClassManager.java:79)
01-24 11:14:10.374 10216 10216 E ClassManager: 	at org.firstinspires.ftc.robotcontroller.internal.FtcRobotControllerActivity.onCreate(FtcRobotControllerActivity.java:354)
01-24 11:14:10.376 10216 10216 E ClassManager: 	at android.app.Activity.performCreate(Activity.java:6709)
01-24 11:14:10.379 10216 10216 E ClassManager: 	at android.app.Instrumentation.callActivityOnCreate(Instrumentation.java:1118)
01-24 11:14:10.382 10216 10216 E ClassManager: 	at android.app.ActivityThread.performLaunchActivity(ActivityThread.java:2619)
01-24 11:14:10.387 10216 10216 E ClassManager: 	at android.app.ActivityThread.handleLaunchActivity(ActivityThread.java:2727)
01-24 11:14:10.389 10216 10216 E ClassManager: 	at android.app.ActivityThread.-wrap12(ActivityThread.java)
01-24 11:14:10.391 10216 10216 E ClassManager: 	at android.app.ActivityThread$H.handleMessage(ActivityThread.java:1478)
01-24 11:14:10.392 10216 10216 E ClassManager: 	at android.os.Handler.dispatchMessage(Handler.java:102)
01-24 11:14:10.393 10216 10216 E ClassManager: 	at android.os.Looper.loop(Looper.java:154)
01-24 11:14:10.395 10216 10216 E ClassManager: 	at android.app.ActivityThread.main(ActivityThread.java:6121)
01-24 11:14:10.397 10216 10216 E ClassManager: 	at java.lang.reflect.Method.invoke(Native Method)
01-24 11:14:10.399 10216 10216 E ClassManager: 	at com.android.internal.os.ZygoteInit$MethodAndArgsCaller.run(ZygoteInit.java:905)
01-24 11:14:10.400 10216 10216 E ClassManager: 	at com.android.internal.os.ZygoteInit.main(ZygoteInit.java:795)
01-24 11:14:10.400 10216 10216 V AppUtil : exitApplication(-1) was called. Printing stacktrace.
01-24 11:14:10.401 10216 10216 E AppUtil : java.lang.RuntimeException
01-24 11:14:10.403 10216 10216 E AppUtil : 	at org.firstinspires.ftc.robotcore.internal.system.AppUtil.exitApplication(AppUtil.java:686)
01-24 11:14:10.404 10216 10216 E AppUtil : 	at org.firstinspires.ftc.robotcore.internal.system.AppUtil.failFast(AppUtil.java:1837)
01-24 11:14:10.405 10216 10216 E AppUtil : 	at org.firstinspires.ftc.robotcore.internal.system.AppUtil.unreachable(AppUtil.java:1812)
01-24 11:14:10.405 10216 10216 E AppUtil : 	at org.firstinspires.ftc.robotcore.internal.opmode.ClassManager.<init>(ClassManager.java:109)
01-24 11:14:10.406 10216 10216 E AppUtil : 	at org.firstinspires.ftc.robotcore.internal.opmode.ClassManager.<init>(ClassManager.java:67)
01-24 11:14:10.407 10216 10216 E AppUtil : 	at org.firstinspires.ftc.robotcore.internal.opmode.ClassManager$InstanceHolder.<clinit>(ClassManager.java:75)
01-24 11:14:10.408 10216 10216 E AppUtil : 	at org.firstinspires.ftc.robotcore.internal.opmode.ClassManager.getInstance(ClassManager.java:79)
01-24 11:14:10.409 10216 10216 E AppUtil : 	at org.firstinspires.ftc.robotcontroller.internal.FtcRobotControllerActivity.onCreate(FtcRobotControllerActivity.java:354)
01-24 11:14:10.409 10216 10216 E AppUtil : 	at android.app.Activity.performCreate(Activity.java:6709)
01-24 11:14:10.410 10216 10216 E AppUtil : 	at android.app.Instrumentation.callActivityOnCreate(Instrumentation.java:1118)
01-24 11:14:10.411 10216 10216 E AppUtil : 	at android.app.ActivityThread.performLaunchActivity(ActivityThread.java:2619)
01-24 11:14:10.412 10216 10216 E AppUtil : 	at android.app.ActivityThread.handleLaunchActivity(ActivityThread.java:2727)
01-24 11:14:10.412 10216 10216 E AppUtil : 	at android.app.ActivityThread.-wrap12(ActivityThread.java)
01-24 11:14:10.413 10216 10216 E AppUtil : 	at android.app.ActivityThread$H.handleMessage(ActivityThread.java:1478)
01-24 11:14:10.413 10216 10216 E AppUtil : 	at android.os.Handler.dispatchMessage(Handler.java:102)
01-24 11:14:10.414 10216 10216 E AppUtil : 	at android.os.Looper.loop(Looper.java:154)
01-24 11:14:10.415 10216 10216 E AppUtil : 	at android.app.ActivityThread.main(ActivityThread.java:6121)
01-24 11:14:10.415 10216 10216 E AppUtil : 	at java.lang.reflect.Method.invoke(Native Method)
01-24 11:14:10.416 10216 10216 E AppUtil : 	at com.android.internal.os.ZygoteInit$MethodAndArgsCaller.run(ZygoteInit.java:905)
01-24 11:14:10.416 10216 10216 E AppUtil : 	at com.android.internal.os.ZygoteInit.main(ZygoteInit.java:795)
01-24 11:14:10.418 10216 10216 I AndroidRuntime: VM exiting with result code -1, cleanup skipped.
--------- beginning of main
01-24 11:14:10.597 10317 10317 I robotcontroller: type=1400 audit(0.0:1163): avc: denied { read } for name="direction" dev="sysfs" ino=16602 scontext=u:r:untrusted_app:s0:c512,c768 tcontext=u:object_r:sysfs:s0 tclass=file permissive=1
01-24 11:14:10.597 10317 10317 I robotcontroller: type=1400 audit(0.0:1164): avc: denied { open } for path="/sys/devices/pinctrl.26/gpio/gpio50/direction" dev="sysfs" ino=16602 scontext=u:r:untrusted_app:s0:c512,c768 tcontext=u:object_r:sysfs:s0 tclass=file permissive=1
01-24 11:14:10.597 10317 10317 I robotcontroller: type=1400 audit(0.0:1165): avc: denied { getattr } for path="/sys/devices/pinctrl.26/gpio/gpio50/direction" dev="sysfs" ino=16602 scontext=u:r:untrusted_app:s0:c512,c768 tcontext=u:object_r:sysfs:s0 tclass=file permissive=1
01-24 11:14:10.597 10317 10317 I robotcontroller: type=1400 audit(0.0:1166): avc: denied { write } for name="value" dev="sysfs" ino=13327 scontext=u:r:untrusted_app:s0:c512,c768 tcontext=u:object_r:sysfs:s0 tclass=file permissive=1
01-24 11:14:10.581 10317 10317 D Uvc     : [jni.cpp:72] JNI_OnLoad()...
01-24 11:14:10.581 10317 10317 D Uvc     : [JniEnv.h:32] ScopedJniEnv::onJniLoad()...
01-24 11:14:10.581 10317 10317 D Uvc     : [JniEnv.h:32] ...ScopedJniEnv::onJniLoad()
01-24 11:14:10.581 10317 10317 D Uvc     : [jni.cpp:72] ...JNI_OnLoad()
01-24 11:14:10.588 10317 10317 V AppUtil : initializing: getExternalStorageDirectory()=/storage/emulated/0
01-24 11:14:10.594 10317 10317 I AppUtil : found usbFileSystemRoot: /dev/bus/usb
01-24 11:14:10.610 10317 10317 I AppAliveNotifier: Telling the OS to set the RC alive notification timeout to 20 seconds
01-24 11:14:10.616 10317 10334 V RobotCore: saving logcat to /storage/emulated/0/robotControllerLog.txt
01-24 11:14:10.616 10317 10334 V RobotCore: logging command line: exec logcat -f /storage/emulated/0/robotControllerLog.txt -r4096 -n4 -v threadtime UsbRequestJNI:S UsbRequest:S art:W ThreadPool:W System:W ExtendedExtractor:W OMXClient:W MediaPlayer:W dalvikvm:W  *:V
01-24 11:14:10.628 10317 10317 V AppUtil : rootActivity=FtcRobotControllerActivity
01-24 11:14:10.628 10317 10317 V RCActivity: Redirecting to permission validator
01-24 11:14:10.659 10317 10334 I RobotCore: Done running ps
01-24 11:14:10.674 10317 10317 I PermissionValidatorActivity: Lifecycle onCreate : 30146af
01-24 11:14:10.677 10337 10337 I sh      : type=1400 audit(0.0:1167): avc: denied { read } for name="/" dev="rootfs" ino=1 scontext=u:r:untrusted_app:s0:c512,c768 tcontext=u:object_r:rootfs:s0 tclass=dir permissive=1
01-24 11:14:10.677 10337 10337 I sh      : type=1400 audit(0.0:1168): avc: denied { open } for path="/" dev="rootfs" ino=1 scontext=u:r:untrusted_app:s0:c512,c768 tcontext=u:object_r:rootfs:s0 tclass=dir permissive=1
01-24 11:14:10.797 10317 10317 I PermissionValidatorActivity: Lifecycle onStart : 30146af
01-24 11:14:10.799 10317 10317 I PermissionValidator: Checking permission for android.permission.WRITE_EXTERNAL_STORAGE
01-24 11:14:10.804 10317 10317 I PermissionValidator:     Granted: android.permission.WRITE_EXTERNAL_STORAGE
01-24 11:14:10.804 10317 10317 I PermissionValidator: Checking permission for android.permission.READ_EXTERNAL_STORAGE
01-24 11:14:10.805 10317 10317 I PermissionValidator:     Granted: android.permission.READ_EXTERNAL_STORAGE
01-24 11:14:10.805 10317 10317 I PermissionValidator: Checking permission for android.permission.CAMERA
01-24 11:14:10.806 10317 10317 I PermissionValidator:     Granted: android.permission.CAMERA
01-24 11:14:10.806 10317 10317 I PermissionValidator: Checking permission for android.permission.ACCESS_COARSE_LOCATION
01-24 11:14:10.807 10317 10317 I PermissionValidator:     Granted: android.permission.ACCESS_COARSE_LOCATION
01-24 11:14:10.807 10317 10317 I PermissionValidator: Checking permission for android.permission.ACCESS_FINE_LOCATION
01-24 11:14:10.808 10317 10317 I PermissionValidator:     Granted: android.permission.ACCESS_FINE_LOCATION
01-24 11:14:10.808 10317 10317 I PermissionValidator: Checking permission for android.permission.READ_PHONE_STATE
01-24 11:14:10.809 10317 10317 I PermissionValidator:     Granted: android.permission.READ_PHONE_STATE
01-24 11:14:10.813 10317 10317 V ServiceStarter: attempting to start service MediaTransferProtocolMonitorService
01-24 11:14:10.817 10317 10317 V ServiceStarter: started service MediaTransferProtocolMonitorService
01-24 11:14:10.817 10317 10317 V ServiceStarter: attempting to start service OnBotJavaService
01-24 11:14:10.820 10317 10317 V ServiceStarter: started service OnBotJavaService
01-24 11:14:10.820 10317 10317 I PermissionValidatorActivity: All permissions validated.  Starting RobotController
01-24 11:14:10.832 10317 10317 V MTPMonitorService: onCreate()
01-24 11:14:10.833 10317 10317 V MTPMonitorService: onStartCommand() intent=Intent { cmp=com.qualcomm.ftcrobotcontroller/org.firstinspires.ftc.robotcore.internal.files.MediaTransferProtocolMonitorService } flags=0x0 startId=1
01-24 11:14:10.838 10317 10317 V MTPMonitor: observing: /storage/emulated/0
01-24 11:14:10.917 10317 10317 V OnBotJavaService: onCreate()
01-24 11:14:10.918 10317 10317 V OnBotJavaService: onStartCommand() intent=Intent { cmp=com.qualcomm.ftcrobotcontroller/org.firstinspires.ftc.onbotjava.OnBotJavaService } flags=0x0 startId=1
01-24 11:14:10.919 10317 10317 V OnBotJava: OnBotJavaManager::static
01-24 11:14:10.927 10344 10344 I ps      : type=1400 audit(0.0:1169): avc: denied { read } for name="cmdline" dev="proc" ino=7082 scontext=u:r:untrusted_app:s0:c512,c768 tcontext=u:r:init:s0 tclass=file permissive=1
01-24 11:14:10.927 10344 10344 I ps      : type=1400 audit(0.0:1170): avc: denied { open } for path="/proc/1/cmdline" dev="proc" ino=7082 scontext=u:r:untrusted_app:s0:c512,c768 tcontext=u:r:init:s0 tclass=file permissive=1
01-24 11:14:10.931 10344 10344 I ps      : type=1400 audit(0.0:1171): avc: denied { getattr } for path="/proc/2" dev="proc" ino=9448 scontext=u:r:untrusted_app:s0:c512,c768 tcontext=u:r:kernel:s0 tclass=dir permissive=1
01-24 11:14:10.931 10344 10344 I ps      : type=1400 audit(0.0:1172): avc: denied { search } for name="2" dev="proc" ino=9448 scontext=u:r:untrusted_app:s0:c512,c768 tcontext=u:r:kernel:s0 tclass=dir permissive=1
01-24 11:14:10.931 10344 10344 I ps      : type=1400 audit(0.0:1173): avc: denied { read } for name="cmdline" dev="proc" ino=9546 scontext=u:r:untrusted_app:s0:c512,c768 tcontext=u:r:kernel:s0 tclass=file permissive=1
01-24 11:14:10.931 10344 10344 I ps      : type=1400 audit(0.0:1174): avc: denied { open } for path="/proc/2/cmdline" dev="proc" ino=9546 scontext=u:r:untrusted_app:s0:c512,c768 tcontext=u:r:kernel:s0 tclass=file permissive=1
--------- beginning of main
01-24 11:14:11.628 10361 10361 D Uvc     : [jni.cpp:72] JNI_OnLoad()...
01-24 11:14:11.628 10361 10361 D Uvc     : [JniEnv.h:32] ScopedJniEnv::onJniLoad()...
01-24 11:14:11.628 10361 10361 D Uvc     : [JniEnv.h:32] ...ScopedJniEnv::onJniLoad()
01-24 11:14:11.628 10361 10361 D Uvc     : [jni.cpp:72] ...JNI_OnLoad()
01-24 11:14:11.640 10361 10361 V AppUtil : initializing: getExternalStorageDirectory()=/storage/emulated/0
01-24 11:14:11.646 10361 10361 I AppUtil : found usbFileSystemRoot: /dev/bus/usb
01-24 11:14:11.658 10361 10361 I AppAliveNotifier: Telling the OS to set the RC alive notification timeout to 20 seconds
01-24 11:14:11.668 10361 10380 V RobotCore: saving logcat to /storage/emulated/0/robotControllerLog.txt
01-24 11:14:11.668 10361 10380 V RobotCore: logging command line: exec logcat -f /storage/emulated/0/robotControllerLog.txt -r4096 -n4 -v threadtime UsbRequestJNI:S UsbRequest:S art:W ThreadPool:W System:W ExtendedExtractor:W OMXClient:W MediaPlayer:W dalvikvm:W  *:V
01-24 11:14:11.702 10361 10380 I RobotCore: Done running ps
01-24 11:14:12.445 10361 10361 V AppUtil : rootActivity=PermissionValidatorWrapper
01-24 11:14:12.446 10361 10361 I PermissionValidatorActivity: Lifecycle onCreate : 6a70b24
01-24 11:14:12.553 10361 10361 I PermissionValidatorActivity: Lifecycle onStart : 6a70b24
01-24 11:14:12.554 10361 10361 I PermissionValidator: Checking permission for android.permission.WRITE_EXTERNAL_STORAGE
01-24 11:14:12.559 10361 10361 I PermissionValidator:     Granted: android.permission.WRITE_EXTERNAL_STORAGE
01-24 11:14:12.559 10361 10361 I PermissionValidator: Checking permission for android.permission.READ_EXTERNAL_STORAGE
01-24 11:14:12.560 10361 10361 I PermissionValidator:     Granted: android.permission.READ_EXTERNAL_STORAGE
01-24 11:14:12.560 10361 10361 I PermissionValidator: Checking permission for android.permission.CAMERA
01-24 11:14:12.561 10361 10361 I PermissionValidator:     Granted: android.permission.CAMERA
01-24 11:14:12.561 10361 10361 I PermissionValidator: Checking permission for android.permission.ACCESS_COARSE_LOCATION
01-24 11:14:12.562 10361 10361 I PermissionValidator:     Granted: android.permission.ACCESS_COARSE_LOCATION
01-24 11:14:12.562 10361 10361 I PermissionValidator: Checking permission for android.permission.ACCESS_FINE_LOCATION
01-24 11:14:12.563 10361 10361 I PermissionValidator:     Granted: android.permission.ACCESS_FINE_LOCATION
01-24 11:14:12.563 10361 10361 I PermissionValidator: Checking permission for android.permission.READ_PHONE_STATE
01-24 11:14:12.564 10361 10361 I PermissionValidator:     Granted: android.permission.READ_PHONE_STATE
01-24 11:14:12.567 10361 10361 V ServiceStarter: attempting to start service MediaTransferProtocolMonitorService
01-24 11:14:12.569 10361 10361 V ServiceStarter: started service MediaTransferProtocolMonitorService
01-24 11:14:12.570 10361 10361 V ServiceStarter: attempting to start service OnBotJavaService
01-24 11:14:12.572 10361 10361 V ServiceStarter: started service OnBotJavaService
01-24 11:14:12.572 10361 10361 I PermissionValidatorActivity: All permissions validated.  Starting RobotController
01-24 11:14:12.584 10361 10361 V MTPMonitorService: onCreate()
01-24 11:14:12.585 10361 10361 V MTPMonitorService: onStartCommand() intent=Intent { cmp=com.qualcomm.ftcrobotcontroller/org.firstinspires.ftc.robotcore.internal.files.MediaTransferProtocolMonitorService } flags=0x0 startId=1
01-24 11:14:12.588 10361 10361 V MTPMonitor: observing: /storage/emulated/0
01-24 11:14:12.647 10361 10361 V OnBotJavaService: onCreate()
01-24 11:14:12.648 10361 10361 V OnBotJavaService: onStartCommand() intent=Intent { cmp=com.qualcomm.ftcrobotcontroller/org.firstinspires.ftc.onbotjava.OnBotJavaService } flags=0x0 startId=1
01-24 11:14:12.649 10361 10361 V OnBotJava: OnBotJavaManager::static
01-24 11:14:13.138 10361 10361 V OnBotJava: ctor()...
01-24 11:14:13.140 10361 10361 V OnBotJava: ...ctor()
01-24 11:14:13.145 10361 10361 V RCActivity: Permissions validated already
01-24 11:14:13.145 10361 10361 V RCActivity: onCreate()
01-24 11:14:13.147 10361 10361 V RCActivity: rootActivity is of class PermissionValidatorWrapper
01-24 11:14:13.150 10361 10361 V RCActivity: launchActivity is of class class org.firstinspires.ftc.robotcontroller.internal.PermissionValidatorWrapper
01-24 11:14:13.158 10361 10406 V CallbackLooper: thread=200
01-24 11:14:13.162 10361 10361 V NetDiscover_wifiDirectAgent: doStart()...
01-24 11:14:13.166 10361 10361 V NetDiscover_wifiDirectAgent: ...doStart()
01-24 11:14:13.167 10361 10361 V NetDiscover_prefremrc: ----- all preferences -----
01-24 11:14:13.167 10361 10361 V NetDiscover_prefremrc: name='android.permission.READ_PHONE_STATE' value=false
01-24 11:14:13.167 10361 10361 V NetDiscover_prefremrc: name='pref_autostarted_robot_controller' value=true
01-24 11:14:13.167 10361 10361 V NetDiscover_prefremrc: name='pref_warn_about_obsolete_software' value=true
01-24 11:14:13.168 10361 10361 V NetDiscover_prefremrc: name='pref_has_independent_phone_battery' value=false
01-24 11:14:13.168 10361 10361 V NetDiscover_prefremrc: name='android.permission.CAMERA' value=false
01-24 11:14:13.168 10361 10361 V NetDiscover_prefremrc: name='pref_wifip2p_remote_channel_change_works' value=false
01-24 11:14:13.168 10361 10361 V NetDiscover_prefremrc: name='pref_hardware_config_filename' value={"isDirty":false,"location":"LOCAL_STORAGE","name":"ExCamera2Ds","resourceId":0}
01-24 11:14:13.168 10361 10361 V NetDiscover_prefremrc: name='pref_warn_about_mismatched_app_versions' value=true
01-24 11:14:13.168 10361 10361 V NetDiscover_prefremrc: name='pref_sound_on_off' value=false
01-24 11:14:13.168 10361 10361 V NetDiscover_prefremrc: name='pref_ftc_season_year_of_current_rc_new' value=2022
01-24 11:14:13.168 10361 10361 V NetDiscover_prefremrc: name='App Restrictions' value=AAAAAA==
01-24 11:14:13.168 10361 10361 V NetDiscover_prefremrc:     
01-24 11:14:13.169 10361 10361 V NetDiscover_prefremrc: name='pref_warn_about_incorrect_clocks' value=true
01-24 11:14:13.169 10361 10361 V NetDiscover_prefremrc: name='android.permission.ACCESS_COARSE_LOCATION' value=false
01-24 11:14:13.169 10361 10361 V NetDiscover_prefremrc: name='pref_ftc_season_year_of_current_rc' value=2022
01-24 11:14:13.169 10361 10361 V NetDiscover_prefremrc: name='pref_has_speaker' value=false
01-24 11:14:13.169 10361 10361 V NetDiscover_prefremrc: name='android.permission.WRITE_EXTERNAL_STORAGE' value=false
01-24 11:14:13.169 10361 10361 V NetDiscover_prefremrc: name='pref_connection_owner_password' value=ftc21180
01-24 11:14:13.170 10361 10361 V NetDiscover_prefremrc: name='pref_pairing_kind' value=RCWIRELESSAP
01-24 11:14:13.170 10361 10361 V NetDiscover_prefremrc: name='android.permission.ACCESS_FINE_LOCATION' value=false
01-24 11:14:13.170 10361 10361 V NetDiscover_prefremrc: name='pref_app_theme' value=red
01-24 11:14:13.170 10361 10361 V NetDiscover_prefremrc: name='pref_device_name_internal' value=21180-RC
01-24 11:14:13.170 10361 10361 V NetDiscover_prefremrc: name='pref_device_name' value=21180-RC
01-24 11:14:13.170 10361 10361 V NetDiscover_prefremrc: name='pref_warn_about_2_4_ghz_band' value=true
01-24 11:14:13.171 10361 10361 V NetDiscover_prefremrc: name='android.permission.READ_EXTERNAL_STORAGE' value=false
01-24 11:14:13.171 10361 10361 V NetDiscover_prefremrc: name='pref_device_name_tracking' value=WIFIAP
01-24 11:14:13.171 10361 10361 V NetDiscover_prefremrc: name='pref_rc_connected' value=true
01-24 11:14:13.177 10361 10361 V Robocol : SendOnceRunnable created
01-24 11:14:13.179 10361 10361 V NetDiscover_prefremrc: doStart()...
01-24 11:14:13.179 10361 10361 V NetDiscover_prefremrc: ...doStart()
01-24 11:14:13.208 10361 10361 W System  : ClassLoader referenced unknown path: /system/app/webview/lib/arm
01-24 11:14:13.209 10361 10361 D ApplicationLoaders: ignored Vulkan layer search path /system/app/webview/lib/arm:/system/app/webview/webview.apk!/lib/armeabi-v7a:/system/lib:/vendor/lib for namespace 0xeea63090
01-24 11:14:13.212 10361 10361 I WebViewFactory: Loading com.android.webview version 52.0.2743.100 (code 275610050)
01-24 11:14:13.242 10361 10361 I cr_LibraryLoader: Time to load native libraries: 2 ms (timestamps 7094-7096)
01-24 11:14:13.243 10361 10361 I cr_LibraryLoader: Expected native library version number "52.0.2743.100", actual native library version number "52.0.2743.100"
01-24 11:14:13.256 10361 10361 V WebViewChromiumFactoryProvider: Binding Chromium to main looper Looper (main, tid 1) {e8dc9b9}
01-24 11:14:13.256 10361 10361 I cr_LibraryLoader: Expected native library version number "52.0.2743.100", actual native library version number "52.0.2743.100"
01-24 11:14:13.257 10361 10361 I chromium: [INFO:library_loader_hooks.cc(143)] Chromium logging enabled: level = 0, default verbosity = 0
01-24 11:14:13.274 10361 10361 I cr_BrowserStartup: Initializing chromium process, singleProcess=true
01-24 11:14:13.298 10361 10361 I mali_so : [File] : hardware/rockchip/driver/./src/base/arch/arch_011_udd/base_arch_main.c; [Line] : 565; [Func] : deal_with_version_affairs_rk_ext;
01-24 11:14:13.298 10361 10361 I mali_so : arm_release_ver of this mali_so is 'r7p0-00rel1', rk_so_ver is '1@2' for 3328h_android_7.1, built at '15:47:49', on 'Jun 28 2017'.
01-24 11:14:13.298 10361 10361 I mali_so : [File] : hardware/rockchip/driver/./src/base/arch/arch_011_udd/base_arch_main.c; [Line] : 578; [Func] : deal_with_version_affairs_rk_ext;
01-24 11:14:13.298 10361 10361 I mali_so : mali_ver_property has been set to 'r7p0-00rel1-5-1@2', to return.
01-24 11:14:13.361 10361 10361 I cr_DRP  : No DRP key due to exception:java.lang.ClassNotFoundException: com.android.webview.chromium.Drp
01-24 11:14:13.410 10361 10361 W cr_AwContents: onDetachedFromWindow called when already detached. Ignoring
01-24 11:14:13.717 10361 10361 W System  : ClassLoader referenced unknown path: 
01-24 11:14:17.105 10361 10361 V UpdateUI: Network: inactive, disconnected
01-24 11:14:17.106 10361 10361 V ServiceStarter: attempting to start service FtcRobotControllerWatchdogService
01-24 11:14:17.108 10361 10361 V ServiceStarter: started service FtcRobotControllerWatchdogService
01-24 11:14:17.129 10361 10361 I RobotCore: App info: version=8.1.1 appId=com.qualcomm.ftcrobotcontroller
01-24 11:14:17.129 10361 10361 I RobotCore: Android Device: maker=REV Robotics model=Control Hub v1.0 sdk=25 serial=caade241cd00a884
01-24 11:14:17.129 10361 10361 V AndroidBoard: REV Control Hub contains REV3328
01-24 11:14:17.129 10361 10361 V AndroidBoard: Communicating with embedded REV hub via /dev/ttyS1
01-24 11:14:18.295 10361 10361 V RCActivity: onStart()
01-24 11:14:18.299 10361 10361 V RCActivity: onResume()
01-24 11:14:18.317 10361 10361 V NetDiscover_prefremrc: onSharedPreferenceChanged(name=App Restrictions, value=AAAAAA==
01-24 11:14:18.317 10361 10361 V NetDiscover_prefremrc: )
01-24 11:14:18.329 10361 10361 V FtcRobotControllerWatchdogService: onCreate()
01-24 11:14:18.330 10361 10361 V FtcRobotControllerWatchdogService: onStartCommand() intent=Intent { cmp=com.qualcomm.ftcrobotcontroller/org.firstinspires.ftc.ftccommon.internal.FtcRobotControllerWatchdogService } flags=0x0 startId=1
01-24 11:14:18.330 10361 10361 V FtcRobotControllerWatchdogService: shouldAutoLauchRobotController() result=true
01-24 11:14:18.331 10361 10361 V FTCService: onCreate()
01-24 11:14:18.364 10361 10361 W art     : Before Android 4.1, method double java.util.concurrent.ThreadLocalRandom.internalNextDouble(double, double) would have incorrectly overridden the package-private method in java.util.Random
01-24 11:14:18.364 10361 10361 W art     : Before Android 4.1, method int java.util.concurrent.ThreadLocalRandom.internalNextInt(int, int) would have incorrectly overridden the package-private method in java.util.Random
01-24 11:14:18.364 10361 10361 W art     : Before Android 4.1, method long java.util.concurrent.ThreadLocalRandom.internalNextLong(long, long) would have incorrectly overridden the package-private method in java.util.Random
01-24 11:14:18.399 10361 10361 V FTCService: onBind()
01-24 11:14:18.429 10361 10361 V CoreRobotWebServer: creating NanoHTTPD(8080)
01-24 11:14:18.431 10361 10361 V WebSocketManager: Registered broadcast-only namespace progress
01-24 11:14:18.438 10361 10361 V WebSocketManager: Registered handler for namespace ControlHubUpdater
01-24 11:14:18.439 10361 10361 V RobotCore: Getting network assistant of type: RCWIRELESSAP
01-24 11:14:18.441 10361 10361 I RobotControllerAccessPointAssistant: Enabling network services
01-24 11:14:18.443 10361 10361 I RobotControllerAccessPointAssistant: Sending SSID and password to AP service
01-24 11:14:18.444 10361 10361 I RobotCore: ftc21180
01-24 11:14:18.445 10361 10361 D RobotControllerAccessPointAssistant: setNetworkProperties(deviceName=21180-RC, password=ftc21180, ApChannel=null) sendSettingsIndividually=false
01-24 11:14:18.445 10361 10361 I NetDiscover_ControlHubNameManager: Robot controller name: 21180-RC
01-24 11:14:18.445 10361 10361 I ControlHubPasswordManager: Robot controller password: ftc21180
01-24 11:14:18.446 10361 10361 D RobotControllerAccessPointAssistant: Sending bulk settings broadcast intent
01-24 11:14:18.516 10361 10437 I OpenGLRenderer: Initialized EGL, version 1.4
01-24 11:14:18.516 10361 10437 D OpenGLRenderer: Swap behavior 1
01-24 11:14:18.522 10361 10361 I RobotControllerAccessPointAssistant: Wi-Fi state change:, wifiApState: 13
01-24 11:14:18.522 10361 10361 I FTCService: onNetworkConnectionEvent: CONNECTION_INFO_AVAILABLE
01-24 11:14:18.523 10361 10361 I RobotCore: ftc21180
01-24 11:14:18.523 10361 10361 I FTCService: Network Connection Passphrase: ftc21180
01-24 11:14:18.524 10361 10361 V CoreRobotWebServer: starting port=8080
01-24 11:14:18.535 10361 10361 V RobotCore: Getting network assistant of type: RCWIRELESSAP
01-24 11:14:18.536 10361 10361 V CoreRobotWebServer: started port=8080
01-24 11:14:18.536 10361 10361 V FTCService: RCActivity.controllerService=bound
01-24 11:14:18.537 10361 10361 V UpdateUI: Network: active, disconnected
01-24 11:14:18.538 10361 10361 V RobotCore: Robot Status: stopped
01-24 11:14:18.545 10361 10442 V TooTallWebSocketServer: Started WebSocket server on port 8081
01-24 11:14:18.550 10361 10445 V RobotCore: thread: 'RobotSetupRunnable.run()' starting...
01-24 11:14:18.550 10361 10445 V FTCService: Processing robot setup
01-24 11:14:18.552 10361 10445 V RobotCore: Robot Status: stopped, scanning for USB devices
01-24 11:14:18.552 10361 10445 I AppAliveNotifier: Telling the OS to set the RC alive notification timeout to 10 seconds
01-24 11:14:18.582 10361 10361 V WebSocketManager: Registered handler for namespace ONBOTJAVA
01-24 11:14:18.631 10361 10437 I [Gralloc]:  ion device open success! fd = 92
01-24 11:14:18.666 10361 10444 V FtcWebSocket: Opening websocket (ip=192.168.43.107/192.168.43.107 port=8081)
01-24 11:14:18.672 10361 10444 V WebSocketManager: Subscribed websocket (ip=192.168.43.107/192.168.43.107 port=8081) to namespace (progress)
01-24 11:14:18.674 10361 10444 V WebSocketManager: Subscribed websocket (ip=192.168.43.107/192.168.43.107 port=8081) to namespace (ControlHubUpdater)
01-24 11:14:18.696 10361 10444 V FtcWebSocket: Opening websocket (ip=192.168.43.107/192.168.43.107 port=8081)
01-24 11:14:18.709 10361 10361 V AppUtil : rootActivity=PermissionValidatorWrapper destroyed
01-24 11:14:18.710 10361 10361 V AppUtil : rootActivity=FtcRobotControllerActivity
01-24 11:14:18.710 10361 10361 I PermissionValidatorActivity: Lifecycle onDestroy : 6a70b24
01-24 11:14:18.712 10361 10444 V WebSocketManager: Subscribed websocket (ip=192.168.43.107/192.168.43.107 port=8081) to namespace (progress)
01-24 11:14:18.716 10361 10444 V WebSocketManager: Subscribed websocket (ip=192.168.43.107/192.168.43.107 port=8081) to namespace (ControlHubUpdater)
01-24 11:14:18.729 10361 10444 V FtcWebSocket: Opening websocket (ip=192.168.43.107/192.168.43.107 port=8081)
01-24 11:14:18.754 10361 10444 V WebSocketManager: Subscribed websocket (ip=192.168.43.107/192.168.43.107 port=8081) to namespace (progress)
01-24 11:14:18.756 10361 10444 V WebSocketManager: Subscribed websocket (ip=192.168.43.107/192.168.43.107 port=8081) to namespace (ControlHubUpdater)
01-24 11:14:19.165 10361 10464 I RobotCore: ftc21180
01-24 11:14:19.223 10361 10462 V ProgrammingModeManager: serve uri=/css/colors.less
01-24 11:14:19.764 10361 10464 I RobotCore: ftc21180
01-24 11:14:19.905 10361 10457 V ProgrammingModeManager: serve uri=/css/colors.less
01-24 11:14:21.467 10361 10457 I RobotCore: ftc21180
01-24 11:14:23.559 10361 10445 V RobotCore: EventLoopManager state is NOT_STARTED
01-24 11:14:23.560 10361 10445 V FTCService: Waiting for a connection to a Wi-Fi service
01-24 11:14:23.560 10361 10445 V RobotCore: Robot Status: stopped, waiting for network to become active
01-24 11:14:23.565 10361 10445 I RobotControllerAccessPointAssistant: Wi-Fi AP is enabled
01-24 11:14:23.566 10361 10445 V CoreRobotWebServer: Asked an already running WebServer to start
01-24 11:14:23.566 10361 10445 V RobotCore: Robot Status: stopped, starting robot
01-24 11:14:23.566 10361 10445 V Robocol : EventLoopManager.start()
01-24 11:14:23.567 10361 10445 V RobotCore: Getting network assistant of type: RCWIRELESSAP
01-24 11:14:23.568 10361 10445 I RobotControllerAccessPointAssistant: Wi-Fi AP is enabled
01-24 11:14:23.568 10361 10445 V Robocol : Spoofing a Network Connection event...
01-24 11:14:23.569 10361 10445 I EventLoopManager: onNetworkConnectionEvent: CONNECTION_INFO_AVAILABLE
01-24 11:14:23.569 10361 10445 I Robocol : Received network connection event
01-24 11:14:23.575 10361 10445 I RobotControllerAccessPointAssistant: Wi-Fi AP is enabled
01-24 11:14:23.575 10361 10445 I NetworkConnectionHandler: Handling new network connection infomation, connected: true setup needed: true
01-24 11:14:23.577 10361 10445 I RobotControllerAccessPointAssistant: Wi-Fi AP is enabled
01-24 11:14:26.616 10361 10482 V RobotCore: thread: 'SetupRunnable.run()' starting...
01-24 11:14:26.616 10361 10445 V RobotCore: EventLoopManager state is STOPPED
01-24 11:14:26.617 10361 10445 V Robocol : eventLoop=FtcEventLoop
01-24 11:14:26.618 10361 10445 V RobotCore: EventLoopManager state is INIT
01-24 11:14:26.618 10361 10445 V RobotCore: Robot Status: initializing, starting robot
01-24 11:14:26.618 10361 10445 I FtcEventLoop: ======= INIT START =======
01-24 11:14:26.619 10361 10445 V OpmodeRegistration: registered {DefaultOpMode} as {$Stop$Robot$}
01-24 11:14:26.620 10361 10482 D Robocol : RobocolDatagramSocket listening addr=/192.168.43.1:20884 cbRec=65520 cbSend=106496 msRecTO=300
01-24 11:14:26.621 10361 10482 V Robocol : RecvLoopRunnable created
01-24 11:14:26.622 10361 10483 V Robocol : PacketProcessor started
01-24 11:14:26.624 10361 10445 V OpmodeRegistration: registered instance as {Enable/Disable Dashboard}
01-24 11:14:26.624 10361 10445 D OpmodeRegistration: registered instance {com.acmerobotics.dashboard.FtcDashboard$9@eb6848e} as {Enable/Disable Dashboard}
01-24 11:14:26.624 10361 10484 V Robocol : CommandProcessor started
01-24 11:14:26.625 10361 10482 V PeerDiscovery: Starting peer discovery remote: /192.168.43.1 local: /192.168.43.1
01-24 11:14:26.626 10361 10482 V PeerDiscovery: No need for initiating peer discovery, we are the Robot Controller
01-24 11:14:26.626 10361 10482 V RobotCore: Setup complete
01-24 11:14:26.626 10361 10482 V RobotCore: thread: ...terminating 'SetupRunnable.run()'
01-24 11:14:26.627 10361 10485 V RobotCore: thread: 'RecvLoopRunnable.run()' starting...
01-24 11:14:26.851 10361 10445 V MD5     : Calculated digest: 9d9a9ed11665dc92c91c475aad54ef94
01-24 11:14:26.851 10361 10445 V MD5     : Provided digest: 9d9a9ed11665dc92c91c475aad54ef94
01-24 11:14:26.929 10361 10485 E Robocol : exception SocketTimeoutException(Receive timed out): no packet received [java.net.PlainDatagramSocketImpl.receive0(Native Method)]
01-24 11:14:27.477 10361 10445 V OpmodeRegistration: registered {TrackingWheelForwardOffsetTuner} as {TrackingWheelForwardOffsetTuner}
01-24 11:14:27.477 10361 10445 V OpmodeRegistration: registered {TrackWidthTuner} as {TrackWidthTuner}
01-24 11:14:27.477 10361 10445 V OpmodeRegistration: registered {StrafeTest} as {StrafeTest}
01-24 11:14:27.478 10361 10445 V OpmodeRegistration: registered {AutomaticFeedforwardTuner} as {AutomaticFeedforwardTuner}
01-24 11:14:27.478 10361 10445 V OpmodeRegistration: registered {AutonomousLeft} as {Autonomous_Left}
01-24 11:14:27.479 10361 10445 V OpmodeRegistration: registered {AutonomousRight} as {Autonomous_Right}
01-24 11:14:27.480 10361 10445 V OpmodeRegistration: registered {BackAndForth} as {BackAndForth}
01-24 11:14:27.480 10361 10445 V OpmodeRegistration: registered {MaxAngularVeloTuner} as {MaxAngularVeloTuner}
01-24 11:14:27.480 10361 10445 V OpmodeRegistration: registered {MaxVelocityTuner} as {MaxVelocityTuner}
01-24 11:14:27.481 10361 10445 V OpmodeRegistration: registered {DriveVelocityPIDTuner} as {DriveVelocityPIDTuner}
01-24 11:14:27.481 10361 10445 V OpmodeRegistration: registered {ManualFeedforwardTuner} as {ManualFeedforwardTuner}
01-24 11:14:27.482 10361 10445 V OpmodeRegistration: registered {TeleopDualDrivers} as {Teleop_DualDrivers}
01-24 11:14:27.482 10361 10445 V OpmodeRegistration: registered {LocalizationTest} as {LocalizationTest}
01-24 11:14:27.482 10361 10445 V OpmodeRegistration: registered {FollowerPIDTuner} as {FollowerPIDTuner}
01-24 11:14:27.483 10361 10445 V OpmodeRegistration: registered {TurnTest} as {TurnTest}
01-24 11:14:27.483 10361 10445 V OpmodeRegistration: registered {TrackingWheelLateralDistanceTuner} as {TrackingWheelLateralDistanceTuner}
01-24 11:14:27.484 10361 10445 V OpmodeRegistration: registered {AutoRoadRunner} as {auto RR right}
01-24 11:14:27.485 10361 10445 V OpmodeRegistration: registered {StraightTest} as {StraightTest}
01-24 11:14:27.485 10361 10445 V OpmodeRegistration: registered {AutoFlipRight} as {Auto Flip Right}
01-24 11:14:27.486 10361 10445 V OpmodeRegistration: registered {SplineTest} as {SplineTest}
01-24 11:14:27.541 10361 10445 V FtcEventLoop: Ensuring that the embedded Control Hub module is set up correctly
01-24 11:14:27.547 10361 10445 V RobotCore: Creating REV Robotics USB Expansion Hub Portal [(embedded)]
01-24 11:14:27.547 10361 10445 V LynxUsb : creating new [(embedded)]: 0x06f42e7b
01-24 11:14:27.552 10361 10445 V FtDeviceManager: createDeviceInfoList(): 0 USB devices
01-24 11:14:27.552 10361 10445 V RobotUsbManagerCombining: FTDI driver failed to open USB device with serial number (embedded) (returned null device)
01-24 11:14:27.551 10361 10361 I pRunnable.run(): type=1400 audit(0.0:1177): avc: denied { read } for name="ttyS1" dev="tmpfs" ino=5250 scontext=u:r:untrusted_app:s0:c512,c768 tcontext=u:object_r:serial_device:s0 tclass=chr_file permissive=1
01-24 11:14:27.551 10361 10361 I pRunnable.run(): type=1400 audit(0.0:1178): avc: denied { write } for name="ttyS1" dev="tmpfs" ino=5250 scontext=u:r:untrusted_app:s0:c512,c768 tcontext=u:object_r:serial_device:s0 tclass=chr_file permissive=1
01-24 11:14:27.553 10361 10445 V SerialPortNative: [SerialPort.cpp:150] opened(/dev/ttyS1): fd=102
01-24 11:14:27.551 10361 10361 I pRunnable.run(): type=1400 audit(0.0:1179): avc: denied { open } for path="/dev/ttyS1" dev="tmpfs" ino=5250 scontext=u:r:untrusted_app:s0:c512,c768 tcontext=u:object_r:serial_device:s0 tclass=chr_file permissive=1
01-24 11:14:27.551 10361 10361 I pRunnable.run(): type=1400 audit(0.0:1180): avc: denied { ioctl } for path="/dev/ttyS1" dev="tmpfs" ino=5250 ioctlcmd=5401 scontext=u:r:untrusted_app:s0:c512,c768 tcontext=u:object_r:serial_device:s0 tclass=chr_file permissive=1
01-24 11:14:27.555 10361 10445 V RobotUsbDeviceTTY: opening serial=(embedded) file=/dev/ttyS1
01-24 11:14:27.555 10361 10445 V LynxUsb : armDevice() serial=(embedded)...
01-24 11:14:27.555 10361 10445 V LynxUsb : resetDevice() serial=(embedded)
01-24 11:14:27.554 10361 10361 I pRunnable.run(): type=1400 audit(0.0:1181): avc: denied { read } for name="value" dev="sysfs" ino=13327 scontext=u:r:untrusted_app:s0:c512,c768 tcontext=u:object_r:sysfs:s0 tclass=file permissive=1
01-24 11:14:27.554 10361 10361 I pRunnable.run(): type=1400 audit(0.0:1182): avc: denied { open } for path="/sys/devices/pinctrl.26/gpio/gpio50/value" dev="sysfs" ino=13327 scontext=u:r:untrusted_app:s0:c512,c768 tcontext=u:object_r:sysfs:s0 tclass=file permissive=1
01-24 11:14:27.554 10361 10361 I pRunnable.run(): type=1400 audit(0.0:1183): avc: denied { getattr } for path="/sys/devices/pinctrl.26/gpio/gpio50/value" dev="sysfs" ino=13327 scontext=u:r:untrusted_app:s0:c512,c768 tcontext=u:object_r:sysfs:s0 tclass=file permissive=1
01-24 11:14:27.557 10361 10445 V LynxModule: resetting embedded usb device: isPresent: was=true
01-24 11:14:27.554 10361 10361 I pRunnable.run(): type=1400 audit(0.0:1184): avc: denied { write } for name="value" dev="sysfs" ino=16645 scontext=u:r:untrusted_app:s0:c512,c768 tcontext=u:object_r:sysfs:s0 tclass=file permissive=1
01-24 11:14:27.914 10361 10445 V LynxUsb : ...done armDevice()
01-24 11:14:27.915 10361 10490 V RobotCore: thread: 'lynx incoming datagrams' starting...
01-24 11:14:27.915 10361 10445 V LynxUsb : 0x05da58d6 on 0x06f42e7b: new delegate to [(embedded)]
01-24 11:14:27.925 10361 10445 V LynxUsb : addConfiguredModule() module#=173
01-24 11:14:27.926 10361 10445 V LynxModule: pingAndQueryKnownInterfaces mod=173
01-24 11:14:27.929 10361 10490 V LynxUsb : synchronization gained: serial=(embedded)
01-24 11:14:27.949 10361 10445 V LynxModule: mod#=173 queryInterface(DEKA)=54 commands starting at 4096
01-24 11:14:27.962 10361 10445 V LynxModule: sending LynxFtdiResetControlCommand(true) wasInterrupted=false
01-24 11:14:27.969 10361 10445 V LynxModule: sendLEDPatternSteps(): steps=[Step(color=65280, msDuration=1000)]
01-24 11:14:27.974 10361 10445 V LynxModule: setAsControlHubEmbeddedModule(mod=173)
01-24 11:14:27.974 10361 10445 V EmbeddedControlHubModule: setting embedded module
01-24 11:14:27.975 10361 10445 V LynxModule: sending LynxFtdiResetControlCommand(false) wasInterrupted=false
01-24 11:14:27.977 10361 10445 V LynxModule: close(#173)
01-24 11:14:27.979 10361 10445 V LynxUsb : Verified that the embedded Control Hub module has the correct address
01-24 11:14:27.980 10361 10445 V LynxUsb : addConfiguredModule() module#=173
01-24 11:14:27.981 10361 10445 V LynxModule: pingAndQueryKnownInterfaces mod=173
01-24 11:14:27.994 10361 10445 V LynxModule: mod#=173 queryInterface(DEKA)=54 commands starting at 4096
01-24 11:14:28.004 10361 10445 V LynxModule: sending LynxFtdiResetControlCommand(true) wasInterrupted=false
01-24 11:14:28.009 10361 10445 V LynxModule: sendLEDPatternSteps(): steps=[Step(color=65280, msDuration=1000)]
01-24 11:14:28.013 10361 10445 V LynxModule: setAsControlHubEmbeddedModule(mod=173)
01-24 11:14:28.013 10361 10445 V EmbeddedControlHubModule: setting embedded module
01-24 11:14:28.014 10361 10445 I RobotCore: LynxFirmwareVersionManager: LynxI2cDeviceSynchV2
01-24 11:14:28.014 10361 10445 V LynxI2cDeviceSynch: initializeHardware() mod#=173
01-24 11:14:28.015 10361 10445 V BHI260IMU: Suppressing I2C warnings while we check for a BHI260AP IMU
01-24 11:14:28.020 10361 10445 V BHI260IMU: No BHI260AP IMU found
01-24 11:14:28.021 10361 10445 V BNO055  : Suppressing I2C warnings while we check for a BNO055 IMU
01-24 11:14:28.025 10361 10445 V BNO055  : Found BNO055 IMU
01-24 11:14:28.025 10361 10445 V LynxModule: sending LynxFtdiResetControlCommand(false) wasInterrupted=false
01-24 11:14:28.027 10361 10445 V LynxModule: close(#173)
01-24 11:14:28.028 10361 10445 V HardwareFactory: createHardwareMap()
01-24 11:14:28.028 10361 10445 V EmbeddedControlHubModule: clearing embedded module
01-24 11:14:28.040 10361 10445 V ReadXMLFileHandler: embedded lynx USB device is already present
01-24 11:14:28.041 10361 10445 V RobotCore: Creating REV Robotics USB Expansion Hub Portal [(embedded)]
01-24 11:14:28.041 10361 10445 V LynxUsb : using existing [(embedded)]: 0x06f42e7b
01-24 11:14:28.041 10361 10445 V LynxUsb : 0x090a68f7 on 0x06f42e7b: new delegate to [(embedded)]
01-24 11:14:28.042 10361 10445 V RobotCore: Creating Lynx Module - mod=173 parent=true
01-24 11:14:28.043 10361 10445 V RobotCore: Creating Lynx Module - mod=2 parent=false
01-24 11:14:28.045 10361 10445 V LynxUsb : addConfiguredModule() module#=173
01-24 11:14:28.045 10361 10445 V LynxModule: pingAndQueryKnownInterfaces mod=173
01-24 11:14:28.056 10361 10445 V LynxModule: mod#=173 queryInterface(DEKA)=54 commands starting at 4096
01-24 11:14:28.065 10361 10445 V LynxModule: sending LynxFtdiResetControlCommand(true) wasInterrupted=false
01-24 11:14:28.069 10361 10445 V LynxModule: sendLEDPatternSteps(): steps=[Step(color=65280, msDuration=1000)]
01-24 11:14:28.072 10361 10493 V LynxModule: received status: LynxGetModuleStatusResponse(status=0x02 alerts=0x00: Reset)
01-24 11:14:28.073 10361 10493 W HubPowerCycle: Expansion Hub 173 regained power after a complete power loss. No user Op Mode was running.
01-24 11:14:28.073 10361 10493 V LynxModule: resendCurrentPattern()
01-24 11:14:28.073 10361 10493 V LynxModule: sendLEDPatternSteps(): steps=[Step(color=65280, msDuration=1000)]
01-24 11:14:28.078 10361 10445 V LynxModule: setAsControlHubEmbeddedModule(mod=173)
01-24 11:14:28.079 10361 10445 V EmbeddedControlHubModule: setting embedded module
01-24 11:14:28.079 10361 10445 V LynxUsb : addConfiguredModule() module#=2
01-24 11:14:28.079 10361 10445 V LynxModule: pingAndQueryKnownInterfaces mod=2
01-24 11:14:28.094 10361 10445 V LynxModule: mod#=2 queryInterface(DEKA)=54 commands starting at 4096
01-24 11:14:28.102 10361 10445 V LynxModule: sending LynxFtdiResetControlCommand(true) wasInterrupted=false
01-24 11:14:28.109 10361 10445 V LynxModule: sendLEDPatternSteps(): steps=[Step(color=65280, msDuration=4500), Step(color=0, msDuration=500), Step(color=255, msDuration=500), Step(color=0, msDuration=500), Step(color=255, msDuration=500), Step(color=0, msDuration=500)]
01-24 11:14:28.111 10361 10494 V LynxModule: received status: LynxGetModuleStatusResponse(status=0x05 alerts=0x00: KeepAliveTimeout|FailSafe)
01-24 11:14:28.111 10361 10494 V LynxModule: resendCurrentPattern()
01-24 11:14:28.112 10361 10494 V LynxModule: sendLEDPatternSteps(): steps=[Step(color=65280, msDuration=4500), Step(color=0, msDuration=500), Step(color=255, msDuration=500), Step(color=0, msDuration=500), Step(color=255, msDuration=500), Step(color=0, msDuration=500)]
01-24 11:14:28.120 10361 10445 V LynxMotor: initializeHardware() mod#=173
01-24 11:14:28.163 10361 10445 V RobotCore: DcMotorImpl(type=goBILDA5202SeriesMotor)
01-24 11:14:28.163 10361 10445 V RobotCore: DcMotorImpl(type=goBILDA5202SeriesMotor)
01-24 11:14:28.164 10361 10445 V RobotCore: DcMotorImpl(type=goBILDA5202SeriesMotor)
01-24 11:14:28.164 10361 10445 V RobotCore: DcMotorImpl(type=goBILDA5202SeriesMotor)
01-24 11:14:28.165 10361 10445 V LynxServoController: initializeHardware() mod#=173
01-24 11:14:28.192 10361 10445 V LynxVoltageSensor: initializeHardware() mod#=173
01-24 11:14:28.192 10361 10445 V LynxAnalogInputController: initializeHardware() mod#=173
01-24 11:14:28.193 10361 10445 V LynxDigitalChannelController: initializeHardware() mod#=173
01-24 11:14:28.210 10361 10445 V RobotCore: Creating user sensor REV internal IMU (BNO055) - on Lynx module=173 bus=0
01-24 11:14:28.210 10361 10445 I RobotCore: LynxFirmwareVersionManager: LynxI2cDeviceSynchV2
01-24 11:14:28.210 10361 10445 V LynxI2cDeviceSynch: initializeHardware() mod#=173
01-24 11:14:28.212 10361 10445 V BNO055  : Suppressing I2C warnings while we check for a BNO055 IMU
01-24 11:14:28.217 10361 10445 V BNO055  : Found BNO055 IMU
01-24 11:14:28.217 10361 10445 V BNO055  : Suppressing I2C warnings while we check for a BNO055 IMU
01-24 11:14:28.222 10361 10445 V BNO055  : Found BNO055 IMU
01-24 11:14:28.375 10361 10445 I RobotCore: LynxFirmwareVersionManager: LynxI2cDeviceSynchV2
01-24 11:14:28.376 10361 10445 V LynxI2cDeviceSynch: initializeHardware() mod#=173
01-24 11:14:28.379 10361 10445 V LynxMotor: initializeHardware() mod#=2
01-24 11:14:28.446 10361 10445 V RobotCore: DcMotorImpl(type=goBILDA5202SeriesMotor)
01-24 11:14:28.447 10361 10445 V RobotCore: DcMotorImpl(type=goBILDA5202SeriesMotor)
01-24 11:14:28.449 10361 10445 V LynxServoController: initializeHardware() mod#=2
01-24 11:14:28.489 10361 10445 V LynxVoltageSensor: initializeHardware() mod#=2
01-24 11:14:28.490 10361 10445 V LynxAnalogInputController: initializeHardware() mod#=2
01-24 11:14:28.491 10361 10445 V LynxDigitalChannelController: initializeHardware() mod#=2
01-24 11:14:28.518 10361 10445 V RobotCore: Creating user sensor REV 2M Distance Sensor - on Lynx module=2 bus=1
01-24 11:14:28.519 10361 10445 I RobotCore: LynxFirmwareVersionManager: LynxI2cDeviceSynchV2
01-24 11:14:28.520 10361 10445 V LynxI2cDeviceSynch: initializeHardware() mod#=2
01-24 11:14:28.522 10361 10445 V RobotCore: Creating user sensor REV 2M Distance Sensor - on Lynx module=2 bus=2
01-24 11:14:28.522 10361 10445 I RobotCore: LynxFirmwareVersionManager: LynxI2cDeviceSynchV2
01-24 11:14:28.523 10361 10445 V LynxI2cDeviceSynch: initializeHardware() mod#=2
01-24 11:14:28.526 10361 10445 V RobotCore: Creating Webcam [D5386480]
01-24 11:14:28.528 10361 10445 V CameraManager: construct(hash=0x062ba9e2|inst#=0)
01-24 11:14:28.527 10361 10361 I pRunnable.run(): type=1400 audit(0.0:1185): avc: denied { read } for name="devices" dev="sysfs" ino=7258 scontext=u:r:untrusted_app:s0:c512,c768 tcontext=u:object_r:sysfs:s0 tclass=dir permissive=1
01-24 11:14:28.531 10361 10445 D libusb  : [ 0.001140] [000028cd] libusb: debug [op_init] sysfs(/sys/bus/usb/devices) available
01-24 11:14:28.531 10361 10445 D libusb  : [ 0.001317] [000028cd] libusb: debug [op_init] sysfs can relate devices
01-24 11:14:28.531 10361 10445 D libusb  : [ 0.001392] [000028cd] libusb: debug [op_init] sysfs has complete descriptors
01-24 11:14:28.531 10361 10445 D libusb  : [ 0.001463] [000028cd] libusb: debug [op_init] sysfs has serial numbers
01-24 11:14:28.533 10361 10445 V UvcContext: construct(pointer=0xcb2095e0|inst#=0)
01-24 11:14:28.527 10361 10361 I pRunnable.run(): type=1400 audit(0.0:1186): avc: denied { open } for path="/sys/bus/usb/devices" dev="sysfs" ino=7258 scontext=u:r:untrusted_app:s0:c512,c768 tcontext=u:object_r:sysfs:s0 tclass=dir permissive=1
01-24 11:14:28.549 10361 10445 I RobotCore: ========= Device Information ===================================================
01-24 11:14:28.549 10361 10445 I RobotCore: Type                                               Name                           Connection
01-24 11:14:28.550 10361 10445 I RobotCore: Motor                                              RightSlider                    USB (embedded); module 2; port 0
