02-07 12:04:36.808   982   982 I pRunnable.run(): type=1400 audit(0.0:118): avc: denied { open } for path="/sys/bus/usb/devices" dev="sysfs" ino=7258 scontext=u:r:untrusted_app:s0:c512,c768 tcontext=u:object_r:sysfs:s0 tclass=dir permissive=1
02-07 12:04:36.812   982  1149 V UvcContext: construct(pointer=0xd0398480|inst#=0)
02-07 12:04:36.820   982  1149 V RobotCore: Creating REV Robotics USB Expansion Hub Portal [(embedded)]
02-07 12:04:36.820   982  1149 V LynxUsb : using existing [(embedded)]: 0x04c7469b
02-07 12:04:36.820   982  1149 V LynxUsb : 0x0b6cb76e on 0x04c7469b: new delegate to [(embedded)]
02-07 12:04:36.821   982  1149 V RobotCore: Creating Lynx Module - mod=173 parent=true
02-07 12:04:36.822   982  1149 V RobotCore: Creating Lynx Module - mod=2 parent=false
02-07 12:04:36.824   982  1149 V LynxUsb : addConfiguredModule() module#=173
02-07 12:04:36.824   982  1149 V LynxModule: pingAndQueryKnownInterfaces mod=173
02-07 12:04:36.837   982  1149 V LynxModule: mod#=173 queryInterface(DEKA)=54 commands starting at 4096
02-07 12:04:36.846   982  1149 V LynxModule: sending LynxFtdiResetControlCommand(true) wasInterrupted=false
02-07 12:04:36.851   982  1149 V LynxModule: sendLEDPatternSteps(): steps=[Step(color=65280, msDuration=1000)]
02-07 12:04:36.854   982  1283 V LynxModule: received status: LynxGetModuleStatusResponse(status=0x02 alerts=0x00: Reset)
02-07 12:04:36.858   982  1149 V LynxModule: setAsControlHubEmbeddedModule(mod=173)
02-07 12:04:36.858   982  1149 V EmbeddedControlHubModule: setting embedded module
02-07 12:04:36.858   982  1149 V LynxUsb : addConfiguredModule() module#=2
02-07 12:04:36.858   982  1149 V LynxModule: pingAndQueryKnownInterfaces mod=2
02-07 12:04:36.870   982  1283 W HubPowerCycle: Expansion Hub 173 regained power after a complete power loss. No user Op Mode was running.
02-07 12:04:36.870   982  1283 V LynxModule: resendCurrentPattern()
02-07 12:04:36.870   982  1283 V LynxModule: sendLEDPatternSteps(): steps=[Step(color=65280, msDuration=1000)]
02-07 12:04:36.873   982  1149 V LynxModule: mod#=2 queryInterface(DEKA)=54 commands starting at 4096
02-07 12:04:36.885   982  1149 V LynxModule: sending LynxFtdiResetControlCommand(true) wasInterrupted=false
02-07 12:04:36.891   982  1149 V LynxModule: sendLEDPatternSteps(): steps=[Step(color=65280, msDuration=4500), Step(color=0, msDuration=500), Step(color=255, msDuration=500), Step(color=0, msDuration=500), Step(color=255, msDuration=500), Step(color=0, msDuration=500)]
02-07 12:04:36.893   982  1284 V LynxModule: received status: LynxGetModuleStatusResponse(status=0x02 alerts=0x00: Reset)
02-07 12:04:36.894   982  1284 W HubPowerCycle: Expansion Hub 2 regained power after a complete power loss. No user Op Mode was running.
02-07 12:04:36.894   982  1284 V LynxModule: resendCurrentPattern()
02-07 12:04:36.895   982  1284 V LynxModule: sendLEDPatternSteps(): steps=[Step(color=65280, msDuration=4500), Step(color=0, msDuration=500), Step(color=255, msDuration=500), Step(color=0, msDuration=500), Step(color=255, msDuration=500), Step(color=0, msDuration=500)]
02-07 12:04:36.903   982  1149 V LynxMotor: initializeHardware() mod#=173
02-07 12:04:36.944   982  1149 V RobotCore: DcMotorImpl(type=goBILDA5202SeriesMotor)
02-07 12:04:36.944   982  1149 V RobotCore: DcMotorImpl(type=goBILDA5202SeriesMotor)
02-07 12:04:36.945   982  1149 V RobotCore: DcMotorImpl(type=goBILDA5202SeriesMotor)
02-07 12:04:36.945   982  1149 V RobotCore: DcMotorImpl(type=goBILDA5202SeriesMotor)
02-07 12:04:36.946   982  1149 V LynxServoController: initializeHardware() mod#=173
02-07 12:04:36.972   982  1149 V LynxVoltageSensor: initializeHardware() mod#=173
02-07 12:04:36.972   982  1149 V LynxAnalogInputController: initializeHardware() mod#=173
02-07 12:04:36.973   982  1149 V LynxDigitalChannelController: initializeHardware() mod#=173
02-07 12:04:36.990   982  1149 V LynxMotor: initializeHardware() mod#=2
02-07 12:04:37.043   982  1149 V RobotCore: DcMotorImpl(type=goBILDA5202SeriesMotor)
02-07 12:04:37.043   982  1149 V RobotCore: DcMotorImpl(type=goBILDA5202SeriesMotor)
02-07 12:04:37.044   982  1149 V LynxServoController: initializeHardware() mod#=2
02-07 12:04:37.078   982  1149 V LynxVoltageSensor: initializeHardware() mod#=2
02-07 12:04:37.079   982  1149 V LynxAnalogInputController: initializeHardware() mod#=2
02-07 12:04:37.080   982  1149 V LynxDigitalChannelController: initializeHardware() mod#=2
02-07 12:04:37.103   982  1149 V RobotCore: Creating user sensor REV internal IMU (BNO055) - on Lynx module=2 bus=0
02-07 12:04:37.103   982  1149 I RobotCore: LynxFirmwareVersionManager: LynxI2cDeviceSynchV2
02-07 12:04:37.104   982  1149 V LynxI2cDeviceSynch: initializeHardware() mod#=2
02-07 12:04:37.111   982  1149 V BNO055  : Suppressing I2C warnings while we check for a BNO055 IMU
02-07 12:04:37.120   982  1149 V BNO055  : Found BNO055 IMU
02-07 12:04:37.120   982  1149 V BNO055  : Suppressing I2C warnings while we check for a BNO055 IMU
02-07 12:04:37.127   982  1149 V BNO055  : Found BNO055 IMU
02-07 12:04:37.278   982  1149 I RobotCore: LynxFirmwareVersionManager: LynxI2cDeviceSynchV2
02-07 12:04:37.278   982  1149 V LynxI2cDeviceSynch: initializeHardware() mod#=2
02-07 12:04:37.282   982  1149 V RobotCore: Creating Webcam [D5386480]
02-07 12:04:37.291   982  1149 I RobotCore: ========= Device Information ===================================================
02-07 12:04:37.291   982  1149 I RobotCore: Type                                               Name                           Connection
02-07 12:04:37.305   982  1149 I RobotCore: Logitech C270 HD WEBCAM                            WebcamR                        USB (D5386480)
02-07 12:04:37.306   982  1149 I RobotCore: Motor                                              LeftSlider                     USB (embedded); module 2; port 0
02-07 12:04:37.307   982  1149 I RobotCore: Motor                                              RightSlider                    USB (embedded); module 2; port 1
02-07 12:04:37.307   982  1149 I RobotCore: REV Robotics USB Expansion Hub Portal              Control Hub Portal             USB (embedded)
02-07 12:04:37.308   982  1149 I RobotCore: Motor                                              FrontLeft                      USB (embedded); module 173; port 0
02-07 12:04:37.308   982  1149 I RobotCore: Motor                                              BackRight                      USB (embedded); module 173; port 3
02-07 12:04:37.309   982  1149 I RobotCore: Expansion Hub DC Motor Controller                  Expansion Hub 2                USB (embedded); module 2
02-07 12:04:37.309   982  1149 I RobotCore: Expansion Hub Servo Controller                     Expansion Hub 2                USB (embedded); module 2
02-07 12:04:37.310   982  1149 I RobotCore: Expansion Hub Voltage Sensor                       Expansion Hub 2                USB (embedded); module 2
02-07 12:04:37.311   982  1149 I RobotCore: Expansion Hub Analog Input Controller              Expansion Hub 2                USB (embedded); module 2
02-07 12:04:37.312   982  1149 I RobotCore: Expansion Hub Digital Channel Controller           Expansion Hub 2                USB (embedded); module 2
02-07 12:04:37.317   982  1149 I RobotCore: Expansion Hub (HW: 20, Maj: 1, Min: 8, Eng: 2)     Expansion Hub 2                USB (embedded); module 2
02-07 12:04:37.318   982  1149 I RobotCore: REV internal IMU (BNO055)                          imu                            USB (embedded); module 2; bus 0; addr7=0x28
02-07 12:04:37.319   982  1149 I RobotCore: REV internal IMU (BNO055)                          imu                            USB (embedded); module 2; bus 0; addr7=0x28
02-07 12:04:37.331   982  1149 I RobotCore: Logitech HD Pro Webcam C920                        Webcam 1                       USB (2D25B27F)
02-07 12:04:37.332   982  1149 I RobotCore: Expansion Hub DC Motor Controller                  Control Hub                    USB (embedded); module 173
02-07 12:04:37.332   982  1149 I RobotCore: Expansion Hub Servo Controller                     Control Hub                    USB (embedded); module 173
02-07 12:04:37.333   982  1149 I RobotCore: Expansion Hub Voltage Sensor                       Control Hub                    USB (embedded); module 173
02-07 12:04:37.334   982  1149 I RobotCore: Expansion Hub Analog Input Controller              Control Hub                    USB (embedded); module 173
02-07 12:04:37.334   982  1149 I RobotCore: Expansion Hub Digital Channel Controller           Control Hub                    USB (embedded); module 173
02-07 12:04:37.338   982  1149 I RobotCore: Expansion Hub (HW: 20, Maj: 1, Min: 8, Eng: 2)     Control Hub                    USB (embedded); module 173
02-07 12:04:37.339   982  1149 I RobotCore: Servo                                              ClawServo                      USB (embedded); module 2; port 1
02-07 12:04:37.340   982  1149 I RobotCore: Motor                                              FrontRight                     USB (embedded); module 173; port 1
02-07 12:04:37.340   982  1149 I RobotCore: Motor                                              BackLeft                       USB (embedded); module 173; port 2
02-07 12:04:37.341   982  1149 I RobotCore: Servo                                              ArmServo                       USB (embedded); module 2; port 0
02-07 12:04:37.344   982  1149 I RobotCore: LynxFirmwareVersionManager: LynxI2cDeviceSynchV2
02-07 12:04:37.345   982  1149 V LynxI2cDeviceSynch: initializeHardware() mod#=173
02-07 12:04:37.345   982  1149 V BHI260IMU: Suppressing I2C warnings while we check for a BHI260AP IMU
02-07 12:04:37.350   982  1149 V BHI260IMU: Found BHI260AP IMU
02-07 12:04:37.355   982  1149 I RobotCore: LynxFirmwareVersionManager: LynxI2cDeviceSynchV2
02-07 12:04:37.355   982  1149 V LynxI2cDeviceSynch: initializeHardware() mod#=2
02-07 12:04:37.355   982  1149 V BNO055  : Suppressing I2C warnings while we check for a BNO055 IMU
02-07 12:04:37.362   982  1149 V BNO055  : Found BNO055 IMU
02-07 12:04:37.372   982  1149 V LynxUsb : 0x0d7d01e4 on 0x04c7469b: releasing delegate to [(embedded)]
02-07 12:04:37.373   982  1149 I FtcEventLoop: ======= INIT FINISH =======
02-07 12:04:37.373   982  1149 V RobotCore: EventLoopManager state is RUNNING
02-07 12:04:37.373   982  1229 W art     : Long monitor contention with owner RobotSetupRunnable.run() (1149) at java.lang.String java.lang.Runtime.nativeLoad(java.lang.String, java.lang.ClassLoader, java.lang.String)(Runtime.java:-2) waiters=0 in org.firstinspires.ftc.robotcore.internal.network.CallbackResult com.qualcomm.robotcore.eventloop.EventLoopManager.commandEvent(com.qualcomm.robotcore.robocol.Command) for 1.203s
02-07 12:04:37.373   982  1149 V RobotCore: Robot Status: running, starting robot
02-07 12:04:37.377   982  1149 V RobotCore: Robot Status: running
02-07 12:04:37.380   982  1149 D FTCService: Detecting Wi-Fi reset
02-07 12:04:37.381   982  1286 V RobotCore: thread: 'EventLoop' starting...
02-07 12:04:37.382   982  1149 D RobotControllerAccessPointAssistant: detectWifiReset button=false
02-07 12:04:37.385   982  1229 E Robocol : command processing took 1214 ms: command=CMD_REQUEST_ACTIVE_CONFIG
02-07 12:04:37.387   982  1149 V RobotCore: thread: ...terminating 'RobotSetupRunnable.run()'
02-07 12:04:37.393   982  1256 V Robocol : sending CMD_NOTIFY_ROBOT_STATE(74), attempt: 0
02-07 12:04:37.395   982  1256 V Robocol : sending CMD_SHOW_TOAST(75), attempt: 0
02-07 12:04:37.397   982  1256 V Robocol : sending CMD_NOTIFY_ACTIVE_CONFIGURATION(77), attempt: 0
02-07 12:04:37.433   982  1256 V Robocol : sending CMD_NOTIFY_USER_DEVICE_LIST(81), attempt: 0
02-07 12:04:37.435   982  1256 V Robocol : sending CMD_NOTIFY_OP_MODE_LIST(84), attempt: 0
02-07 12:04:37.473   982  1256 V Robocol : sending CMD_NOTIFY_ACTIVE_CONFIGURATION(88), attempt: 0
02-07 12:04:37.482   982  1264 V SoundInfo: construct(0x02405fa6)
02-07 12:04:37.513   982  1256 V Robocol : sending CMD_NOTIFY_USER_DEVICE_LIST(97), attempt: 0
02-07 12:04:37.515   982  1256 V Robocol : sending CMD_NOTIFY_OP_MODE_LIST(100), attempt: 0
02-07 12:04:37.539   982  1263 I MediaCodec: callingProcessName:com.qualcomm.ftcrobotcontroller
02-07 12:04:37.542   982  1294 I ACodec  : onAllocateComponent:6752 mSoftCodecPref:0 componentName:
02-07 12:04:37.543   982  1294 I ACodec  : onAllocateComponent:6783 mSoftCodecPref:0 componentName:OMX.google.raw.decoder
02-07 12:04:37.600   982  1100 D SoundPlayer: onLoadComplete(samp=2|ms=4506, samp=2)=0
02-07 12:04:37.602   982  1264 W AudioTrack: AUDIO_OUTPUT_FLAG_FAST denied by client; transfer 4, track 48000 Hz, output 44100 Hz
02-07 12:04:37.619   982  1264 D SoundPlayer: playing volume=0.000000 samp=2|ms=4506
02-07 12:04:37.633   982  1256 V Robocol : sending CMD_PLAY_SOUND(109), attempt: 0
02-07 12:04:37.895   982  1286 I RobotCore: Attempting to switch to op mode $Stop$Robot$
02-07 12:04:37.897   982  1286 D HardwareMap: Clearing which device instances have been retrieved
02-07 12:04:37.897   982  1286 D HardwareMap: Clearing which device instances have been retrieved
02-07 12:04:37.902   982  1298 V RobotCore: thread: 'OpModeThread' starting...
02-07 12:04:37.914   982  1256 V Robocol : sending CMD_NOTIFY_INIT_OP_MODE(119), attempt: 0
02-07 12:04:38.573   982  1325 V SessionCookie: added SessionCookie: cookie=c7f74dff-20d2-4059-944b-6df4e83500fd uri='/js/rcInfo.json'
02-07 12:04:38.573   982  1325 I RobotCore: ftc21180
02-07 12:04:38.600   982  1327 V SessionCookie: added SessionCookie: cookie=165df534-f3cd-4969-be50-19e7f110f733 uri='/revHubsAvailableForUpdate'
02-07 12:04:38.602   982  1327 V Robocol : locally injecting CMD_GET_USB_ACCESSIBLE_LYNX_MODULES
02-07 12:04:38.611   982  1149 V FtcEventLoop: getUSBAccessibleLynxDevices(includeModuleAddresses=true)...
02-07 12:04:38.613   982  1329 V FtcConfigTag: scanning USB bus...
02-07 12:04:38.621   982  1329 V FtDeviceManager: createDeviceInfoList(): 0 USB devices
02-07 12:04:38.621   982  1329 V USBScan : device count=1
02-07 12:04:38.623   982  1330 V USBScan : opening (embedded)...
02-07 12:04:38.624   982  1330 V RobotUsbManagerCombining: FTDI driver failed to open USB device with serial number (embedded) (returned null device)
02-07 12:04:38.624   982  1330 V RobotUsbManagerCombining: (embedded) is already open: unable to open second time
02-07 12:04:38.626   982  1330 V USBScan : RobotCoreException(Unable to open USB device (embedded): Combiner unable to open device with serialNumber = (embedded)) exception while opening (embedded)
02-07 12:04:38.626   982  1330 V USBScan : ... done opening (embedded)
02-07 12:04:38.627   982  1329 V USBScan : added extant device (embedded) type=LYNX_USB_DEVICE
02-07 12:04:38.633   982  1329 D UvcContext: found webcam: usbPath=/dev/bus/usb/003/004 vid=0x46D pid=0x825 serial=D5386480 product=C270 HD WEBCAM
02-07 12:04:38.633   982  1329 D Uvc     : [jni_context.cpp:120] Java_org_firstinspires_ftc_robotcore_internal_camera_libuvc_nativeobject_UvcContext_nativeCreateUvcDevice()...
02-07 12:04:38.633   982  1329 V Uvc     : API: Java_org_firstinspires_ftc_robotcore_internal_camera_libuvc_nativeobject_UvcContext_nativeCreateUvcDevice: enter...
02-07 12:04:38.635   982  1329 D libusb  : [ 1.824910] [00000531] libusb: debug [op_create] op_create: szUsbPath=/dev/bus/usb/003/004 szSysfsDir=3-1.4
02-07 12:04:38.635   982  1329 D libusb  : [ 1.825159] [00000531] libusb: debug [initialize_device] initialize_device(szUsbPath=/dev/bus/usb/003/004 szSysfsDir=3-1.4)
02-07 12:04:38.636   982  1329 D libusb  : [ 1.825680] [00000531] libusb: debug [initialize_device] initialize_device(szUsbPath=(null) szSysfsDir=3-1)
02-07 12:04:38.636   982  1329 E libusb  : [ 1.826120] [00000531] libusb: error [initialize_device] unable to open serial number sysfs; error ignored
02-07 12:04:38.637   982  1329 D libusb  : [ 1.826520] [00000531] libusb: debug [initialize_device] initialize_device(szUsbPath=(null) szSysfsDir=usb3)
02-07 12:04:38.637   982  1329 D Uvc     : [device.cpp:613] uvc_create_uvc_device()...
02-07 12:04:38.637   982  1329 D Uvc     : [libuvc/libuvc_internal.h:346] uvc_device::uvc_device()...
02-07 12:04:38.637   982  1329 D Uvc     : [libuvc/libuvc_internal.h:375] acquired vid=1133 & pid=2085
02-07 12:04:38.637   982  1329 D Uvc     : [libuvc/libuvc_internal.h:346] ...uvc_device::uvc_device()
02-07 12:04:38.637   982  1329 D Uvc     : [device.cpp:613] ...uvc_create_uvc_device() rc=0
02-07 12:04:38.637   982  1329 V Uvc     : API: Java_org_firstinspires_ftc_robotcore_internal_camera_libuvc_nativeobject_UvcContext_nativeCreateUvcDevice: ...exit
02-07 12:04:38.637   982  1329 D Uvc     : [jni_context.cpp:120] ...Java_org_firstinspires_ftc_robotcore_internal_camera_libuvc_nativeobject_UvcContext_nativeCreateUvcDevice()
02-07 12:04:38.638   982  1329 V UvcDevice: construct(pointer=0xce59fc78|null)
02-07 12:04:38.638   982  1329 D Uvc     : [jni_device.cpp:108] Java_org_firstinspires_ftc_robotcore_internal_camera_libuvc_nativeobject_UvcDevice_nativeGetLibUsbDevice()...
02-07 12:04:38.638   982  1329 D Uvc     : [jni_device.cpp:108] ...Java_org_firstinspires_ftc_robotcore_internal_camera_libuvc_nativeobject_UvcDevice_nativeGetLibUsbDevice()
02-07 12:04:38.639   982  1329 V LibUsbDevice: construct(pointer=0xd35bbec0)
02-07 12:04:38.639   982  1329 D UvcContext: usb device is *not* UVC compatible, /dev/bus/usb/003/003
02-07 12:04:38.640   982  1329 D UvcContext: found webcam: usbPath=/dev/bus/usb/001/002 vid=0x46D pid=0x8E5 serial=2D25B27F product=HD Pro Webcam C920
02-07 12:04:38.640   982  1329 D Uvc     : [jni_context.cpp:120] Java_org_firstinspires_ftc_robotcore_internal_camera_libuvc_nativeobject_UvcContext_nativeCreateUvcDevice()...
02-07 12:04:38.640   982  1329 V Uvc     : API: Java_org_firstinspires_ftc_robotcore_internal_camera_libuvc_nativeobject_UvcContext_nativeCreateUvcDevice: enter...
02-07 12:04:38.640   982  1329 D libusb  : [ 1.829897] [00000531] libusb: debug [op_create] op_create: szUsbPath=/dev/bus/usb/001/002 szSysfsDir=1-1
02-07 12:04:38.641   982  1329 D libusb  : [ 1.830296] [00000531] libusb: debug [initialize_device] initialize_device(szUsbPath=/dev/bus/usb/001/002 szSysfsDir=1-1)
02-07 12:04:38.641   982  1329 D libusb  : [ 1.831155] [00000531] libusb: debug [initialize_device] initialize_device(szUsbPath=(null) szSysfsDir=usb1)
02-07 12:04:38.642   982  1329 D Uvc     : [device.cpp:613] uvc_create_uvc_device()...
02-07 12:04:38.642   982  1329 D Uvc     : [libuvc/libuvc_internal.h:346] uvc_device::uvc_device()...
02-07 12:04:38.642   982  1329 D Uvc     : [libuvc/libuvc_internal.h:375] acquired vid=1133 & pid=2277
02-07 12:04:38.642   982  1329 D Uvc     : [libuvc/libuvc_internal.h:346] ...uvc_device::uvc_device()
02-07 12:04:38.642   982  1329 D Uvc     : [device.cpp:613] ...uvc_create_uvc_device() rc=0
02-07 12:04:38.643   982  1329 V Uvc     : API: Java_org_firstinspires_ftc_robotcore_internal_camera_libuvc_nativeobject_UvcContext_nativeCreateUvcDevice: ...exit
02-07 12:04:38.643   982  1329 D Uvc     : [jni_context.cpp:120] ...Java_org_firstinspires_ftc_robotcore_internal_camera_libuvc_nativeobject_UvcContext_nativeCreateUvcDevice()
02-07 12:04:38.643   982  1329 V UvcDevice: construct(pointer=0xce59fcc8|null)
02-07 12:04:38.643   982  1329 D Uvc     : [jni_device.cpp:108] Java_org_firstinspires_ftc_robotcore_internal_camera_libuvc_nativeobject_UvcDevice_nativeGetLibUsbDevice()...
02-07 12:04:38.643   982  1329 D Uvc     : [jni_device.cpp:108] ...Java_org_firstinspires_ftc_robotcore_internal_camera_libuvc_nativeobject_UvcDevice_nativeGetLibUsbDevice()
02-07 12:04:38.644   982  1329 V LibUsbDevice: construct(pointer=0xd35bbfe0)
02-07 12:04:38.645   982  1329 V UvcDevice: destroy(pointer=0xce59fc78|/dev/bus/usb/003/004)
02-07 12:04:38.645   982  1329 D Uvc     : [jni_device.cpp:126] Java_org_firstinspires_ftc_robotcore_internal_camera_libuvc_nativeobject_UvcDevice_nativeReleaseRefDevice()...
02-07 12:04:38.645   982  1329 V Uvc     : API: Java_org_firstinspires_ftc_robotcore_internal_camera_libuvc_nativeobject_UvcDevice_nativeReleaseRefDevice: enter...
02-07 12:04:38.645   982  1329 D Uvc     : [device.cpp:882] uvc_unref_device()...
02-07 12:04:38.645   982  1329 D Uvc     : [device.cpp:882] ...uvc_unref_device()
02-07 12:04:38.645   982  1329 V Uvc     : API: Java_org_firstinspires_ftc_robotcore_internal_camera_libuvc_nativeobject_UvcDevice_nativeReleaseRefDevice: ...exit
02-07 12:04:38.645   982  1329 D Uvc     : [jni_device.cpp:126] ...Java_org_firstinspires_ftc_robotcore_internal_camera_libuvc_nativeobject_UvcDevice_nativeReleaseRefDevice()
02-07 12:04:38.645   982  1329 V LibUsbDevice: destroy(pointer=0xd35bbec0)
02-07 12:04:38.646   982  1329 D Uvc     : [jni_libusb_device.cpp:64] Java_org_firstinspires_ftc_robotcore_internal_camera_libuvc_nativeobject_LibUsbDevice_nativeReleaseRefDevice()...
02-07 12:04:38.646   982  1329 D Uvc     : [jni_libusb_device.cpp:64] ...Java_org_firstinspires_ftc_robotcore_internal_camera_libuvc_nativeobject_LibUsbDevice_nativeReleaseRefDevice()
02-07 12:04:38.647   982  1329 V UvcDevice: destroy(pointer=0xce59fcc8|/dev/bus/usb/001/002)
02-07 12:04:38.647   982  1329 D Uvc     : [jni_device.cpp:126] Java_org_firstinspires_ftc_robotcore_internal_camera_libuvc_nativeobject_UvcDevice_nativeReleaseRefDevice()...
02-07 12:04:38.647   982  1329 V Uvc     : API: Java_org_firstinspires_ftc_robotcore_internal_camera_libuvc_nativeobject_UvcDevice_nativeReleaseRefDevice: enter...
02-07 12:04:38.647   982  1329 D Uvc     : [device.cpp:882] uvc_unref_device()...
02-07 12:04:38.647   982  1329 D Uvc     : [device.cpp:882] ...uvc_unref_device()
02-07 12:04:38.647   982  1329 V Uvc     : API: Java_org_firstinspires_ftc_robotcore_internal_camera_libuvc_nativeobject_UvcDevice_nativeReleaseRefDevice: ...exit
02-07 12:04:38.647   982  1329 D Uvc     : [jni_device.cpp:126] ...Java_org_firstinspires_ftc_robotcore_internal_camera_libuvc_nativeobject_UvcDevice_nativeReleaseRefDevice()
02-07 12:04:38.648   982  1329 V LibUsbDevice: destroy(pointer=0xd35bbfe0)
02-07 12:04:38.648   982  1329 D Uvc     : [jni_libusb_device.cpp:64] Java_org_firstinspires_ftc_robotcore_internal_camera_libuvc_nativeobject_LibUsbDevice_nativeReleaseRefDevice()...
02-07 12:04:38.648   982  1329 D Uvc     : [jni_libusb_device.cpp:64] ...Java_org_firstinspires_ftc_robotcore_internal_camera_libuvc_nativeobject_LibUsbDevice_nativeReleaseRefDevice()
02-07 12:04:38.648   982  1329 V HardwareDeviceManager: scanned webcam serial=D5386480
02-07 12:04:38.648   982  1329 V HardwareDeviceManager: scanned webcam serial=2D25B27F
02-07 12:04:38.649   982  1329 V USBScan : scanForUsbDevices() took 35ms count=3
02-07 12:04:38.649   982  1329 V FtcConfigTag: .. scanning complete: [2D25B27F, (embedded), D5386480]
02-07 12:04:38.650   982  1149 V FtcEventLoop: getUSBAccessibleLynxDevices: found serial=(embedded)
02-07 12:04:38.650   982  1149 V FtcEventLoop: finding module addresses and current firmware versions
02-07 12:04:38.650   982  1149 V FtcEventLoop: getUSBAccessibleLynxDevices: finding module address for usbModule (embedded)
02-07 12:04:38.651   982  1149 V RobotCore: Creating REV Robotics USB Expansion Hub Portal [(embedded)]
02-07 12:04:38.652   982  1149 V LynxUsb : using existing [(embedded)]: 0x04c7469b
02-07 12:04:38.652   982  1149 V LynxUsb : 0x08949b2c on 0x04c7469b: new delegate to [(embedded)]
02-07 12:04:38.652   982  1149 V LynxUsb : lynx discovery beginning...transmitting LynxDiscoveryCommand()...
02-07 12:04:38.655   982  1279 V LynxUsb : onLynxDiscoveryResponseReceived()... module#=173 isParent=true
02-07 12:04:38.655   982  1149 V LynxUsb : discovery waiting 1012ms and 0ns
02-07 12:04:38.655   982  1279 V LynxUsb : discovered lynx module#=173 isParent=true
02-07 12:04:38.656   982  1279 V LynxUsb : ...onLynxDiscoveryResponseReceived()
02-07 12:04:38.659   982  1279 V LynxUsb : onLynxDiscoveryResponseReceived()... module#=2 isParent=false
02-07 12:04:38.660   982  1279 V LynxUsb : discovered lynx module#=2 isParent=false
02-07 12:04:38.660   982  1279 V LynxUsb : ...onLynxDiscoveryResponseReceived()
02-07 12:04:38.935   982  1298 V LynxModule: retransmitting: mod=2 cmd=0x7f05 msg#=130 ref#=0 
02-07 12:04:39.037   982  1298 V LynxModule: retransmitting: mod=2 cmd=0x7f05 msg#=130 ref#=0 
02-07 12:04:39.085   982  1298 V LynxModule: retransmitting: mod=2 cmd=0x7f05 msg#=130 ref#=0 
02-07 12:04:39.092   982  1298 E LynxModule: timeout: abandoning waiting 250ms for ack: cmd=LynxFailSafeCommand mod=2 msg#=130
02-07 12:04:39.093   982  1298 E LynxModule: Marking module #2 as unresponsive until we receive some data back
02-07 12:04:39.094   982  1298 W RobotCore: Expansion Hub 2 is currently unresponsive.
02-07 12:04:39.095   982  1286 D RobotCore: system telemetry: key=$System$Warning$ msg="Expansion Hub 2 not currently responding to commands."
02-07 12:04:39.215   982  1264 V SoundInfo: construct(0x0935fe56)
02-07 12:04:39.257   982  1263 I MediaCodec: callingProcessName:com.qualcomm.ftcrobotcontroller
02-07 12:04:39.260   982  1337 I ACodec  : onAllocateComponent:6752 mSoftCodecPref:0 componentName:
02-07 12:04:39.261   982  1337 I ACodec  : onAllocateComponent:6783 mSoftCodecPref:0 componentName:OMX.google.raw.decoder
02-07 12:04:39.308   982  1100 D SoundPlayer: onLoadComplete(samp=3|ms=2509, samp=3)=0
02-07 12:04:39.320   982  1279 V LynxModule: REV Hub #2 has reconnected
02-07 12:04:39.320   982  1279 E LynxModule: unable to find originating LynxRespondable for mod=2 msg#=133 ref#=132
02-07 12:04:39.324   982  1286 D RobotCore: system telemetry: key=$System$None$ msg=""
02-07 12:04:39.668   982  1149 V LynxUsb : discovery waiting complete: #modules=2
02-07 12:04:39.668   982  1149 V LynxModule: close(#0)
02-07 12:04:39.671   982  1149 V LynxUsb : ...lynx discovery completed
02-07 12:04:39.671   982  1149 V FtcEventLoop: assessing LynxModuleMeta(#2,false,ImuType.unknown)
02-07 12:04:39.672   982  1149 V FtcEventLoop: assessing LynxModuleMeta(#173,true,ImuType.unknown)
02-07 12:04:39.674   982  1149 V LynxUsb : addConfiguredModule() module#=173
02-07 12:04:39.674   982  1149 V LynxUsb : addConfiguredModule() module#=173: already exists
02-07 12:04:39.678   982  1149 V LynxUsb : 0x08949b2c on 0x04c7469b: releasing delegate to [(embedded)]
02-07 12:04:39.679   982  1149 V FtcEventLoop: getUSBAccessibleLynxDevices(): 1 modules found
02-07 12:04:39.679   982  1149 V FtcEventLoop: ...getUSBAccessibleLynxDevices()
02-07 12:04:39.687   982  1149 V Robocol : locally injecting CMD_GET_USB_ACCESSIBLE_LYNX_MODULES_RESP
02-07 12:04:39.756   982  1148 V FtcWebSocket: Opening websocket (ip=192.168.43.107/192.168.43.107 port=8081)
02-07 12:04:39.788   982  1148 V FtcWebSocket: Opening websocket (ip=192.168.43.107/192.168.43.107 port=8081)
02-07 12:04:39.955   982  1148 V WebSocketManager: Subscribed websocket (ip=192.168.43.107/192.168.43.107 port=8081) to namespace (progress)
02-07 12:04:39.957   982  1148 V WebSocketManager: Subscribed websocket (ip=192.168.43.107/192.168.43.107 port=8081) to namespace (ControlHubUpdater)
02-07 12:04:39.960   982  1148 V WebSocketManager: Subscribed websocket (ip=192.168.43.107/192.168.43.107 port=8081) to namespace (progress)
02-07 12:04:39.989   982  1148 V FtcWebSocket: Opening websocket (ip=192.168.43.107/192.168.43.107 port=8081)
02-07 12:04:39.995   982  1148 V WebSocketManager: Subscribed websocket (ip=192.168.43.107/192.168.43.107 port=8081) to namespace (progress)
02-07 12:04:40.000   982  1148 V WebSocketManager: Subscribed websocket (ip=192.168.43.107/192.168.43.107 port=8081) to namespace (ControlHubUpdater)
02-07 12:04:40.021   982  1148 V FtcWebSocket: Opening websocket (ip=192.168.43.107/192.168.43.107 port=8081)
02-07 12:04:40.028   982  1148 V WebSocketManager: Subscribed websocket (ip=192.168.43.107/192.168.43.107 port=8081) to namespace (progress)
02-07 12:04:41.395  1372  1372 I ps      : type=1400 audit(0.0:121): avc: denied { getattr } for path="/proc/1" dev="proc" ino=5168 scontext=u:r:untrusted_app:s0:c512,c768 tcontext=u:r:init:s0 tclass=dir permissive=1
02-07 12:04:41.395  1372  1372 I ps      : type=1400 audit(0.0:122): avc: denied { search } for name="1" dev="proc" ino=5168 scontext=u:r:untrusted_app:s0:c512,c768 tcontext=u:r:init:s0 tclass=dir permissive=1
02-07 12:04:41.395  1372  1372 I ps      : type=1400 audit(0.0:123): avc: denied { read } for name="cmdline" dev="proc" ino=8670 scontext=u:r:untrusted_app:s0:c512,c768 tcontext=u:r:init:s0 tclass=file permissive=1
02-07 12:04:41.395  1372  1372 I ps      : type=1400 audit(0.0:124): avc: denied { open } for path="/proc/1/cmdline" dev="proc" ino=8670 scontext=u:r:untrusted_app:s0:c512,c768 tcontext=u:r:init:s0 tclass=file permissive=1
02-07 12:04:41.395  1372  1372 I ps      : type=1400 audit(0.0:125): avc: denied { getattr } for path="/proc/2" dev="proc" ino=9134 scontext=u:r:untrusted_app:s0:c512,c768 tcontext=u:r:kernel:s0 tclass=dir permissive=1
02-07 12:04:41.395  1372  1372 I ps      : type=1400 audit(0.0:126): avc: denied { search } for name="2" dev="proc" ino=9134 scontext=u:r:untrusted_app:s0:c512,c768 tcontext=u:r:kernel:s0 tclass=dir permissive=1
02-07 12:04:41.395  1372  1372 I ps      : type=1400 audit(0.0:127): avc: denied { read } for name="cmdline" dev="proc" ino=10257 scontext=u:r:untrusted_app:s0:c512,c768 tcontext=u:r:kernel:s0 tclass=file permissive=1
02-07 12:04:41.395  1372  1372 I ps      : type=1400 audit(0.0:128): avc: denied { open } for path="/proc/2/cmdline" dev="proc" ino=10257 scontext=u:r:untrusted_app:s0:c512,c768 tcontext=u:r:kernel:s0 tclass=file permissive=1
02-07 12:04:42.111   982  1340 W AudioTrack: AUDIO_OUTPUT_FLAG_FAST denied by client; transfer 4, track 48000 Hz, output 44100 Hz
02-07 12:04:42.116   982  1340 D SoundPlayer: playing volume=0.000000 samp=3|ms=2509
02-07 12:04:42.154   982  1256 V Robocol : sending CMD_PLAY_SOUND(185), attempt: 0
02-07 12:04:43.414   982  1148 V FtcWebSocket: Opening websocket (ip=192.168.43.107/192.168.43.107 port=8081)
02-07 12:04:43.423   982  1148 V WebSocketManager: Subscribed websocket (ip=192.168.43.107/192.168.43.107 port=8081) to namespace (progress)
02-07 12:04:43.425   982  1148 V WebSocketManager: Subscribed websocket (ip=192.168.43.107/192.168.43.107 port=8081) to namespace (ControlHubUpdater)
02-07 12:04:43.447   982  1148 V FtcWebSocket: Opening websocket (ip=192.168.43.107/192.168.43.107 port=8081)
02-07 12:04:43.452   982  1148 V WebSocketManager: Subscribed websocket (ip=192.168.43.107/192.168.43.107 port=8081) to namespace (progress)
02-07 12:04:43.455   982  1148 V WebSocketManager: Subscribed websocket (ip=192.168.43.107/192.168.43.107 port=8081) to namespace (ControlHubUpdater)
02-07 12:04:43.475   982  1148 V FtcWebSocket: Opening websocket (ip=192.168.43.107/192.168.43.107 port=8081)
02-07 12:04:43.480   982  1148 V WebSocketManager: Subscribed websocket (ip=192.168.43.107/192.168.43.107 port=8081) to namespace (progress)
02-07 12:04:43.486   982  1148 V WebSocketManager: Subscribed websocket (ip=192.168.43.107/192.168.43.107 port=8081) to namespace (ControlHubUpdater)
02-07 12:04:43.503   982  1148 V FtcWebSocket: Opening websocket (ip=192.168.43.107/192.168.43.107 port=8081)
02-07 12:04:43.514   982  1148 V WebSocketManager: Subscribed websocket (ip=192.168.43.107/192.168.43.107 port=8081) to namespace (progress)
02-07 12:04:43.516   982  1148 V WebSocketManager: Subscribed websocket (ip=192.168.43.107/192.168.43.107 port=8081) to namespace (ControlHubUpdater)
02-07 12:04:43.530   982  1148 V FtcWebSocket: Opening websocket (ip=192.168.43.107/192.168.43.107 port=8081)
02-07 12:04:43.532   982  1148 V WebSocketManager: Subscribed websocket (ip=192.168.43.107/192.168.43.107 port=8081) to namespace (progress)
02-07 12:04:43.534   982  1148 V WebSocketManager: Subscribed websocket (ip=192.168.43.107/192.168.43.107 port=8081) to namespace (ControlHubUpdater)
--------- beginning of main
02-07 12:04:59.762  1522  1522 I ps      : type=1400 audit(0.0:132): avc: denied { getattr } for path="/proc/1" dev="proc" ino=5168 scontext=u:r:untrusted_app:s0:c512,c768 tcontext=u:r:init:s0 tclass=dir permissive=1
02-07 12:04:59.762  1522  1522 I ps      : type=1400 audit(0.0:133): avc: denied { search } for name="1" dev="proc" ino=5168 scontext=u:r:untrusted_app:s0:c512,c768 tcontext=u:r:init:s0 tclass=dir permissive=1
02-07 12:04:59.762  1522  1522 I ps      : type=1400 audit(0.0:134): avc: denied { read } for name="cmdline" dev="proc" ino=8670 scontext=u:r:untrusted_app:s0:c512,c768 tcontext=u:r:init:s0 tclass=file permissive=1
02-07 12:04:59.762  1522  1522 I ps      : type=1400 audit(0.0:135): avc: denied { open } for path="/proc/1/cmdline" dev="proc" ino=8670 scontext=u:r:untrusted_app:s0:c512,c768 tcontext=u:r:init:s0 tclass=file permissive=1
02-07 12:04:59.762  1522  1522 I ps      : type=1400 audit(0.0:136): avc: denied { getattr } for path="/proc/2" dev="proc" ino=9134 scontext=u:r:untrusted_app:s0:c512,c768 tcontext=u:r:kernel:s0 tclass=dir permissive=1
02-07 12:04:59.762  1522  1522 I ps      : type=1400 audit(0.0:137): avc: denied { search } for name="2" dev="proc" ino=9134 scontext=u:r:untrusted_app:s0:c512,c768 tcontext=u:r:kernel:s0 tclass=dir permissive=1
02-07 12:04:59.762  1522  1522 I ps      : type=1400 audit(0.0:138): avc: denied { read } for name="cmdline" dev="proc" ino=10257 scontext=u:r:untrusted_app:s0:c512,c768 tcontext=u:r:kernel:s0 tclass=file permissive=1
02-07 12:04:59.765  1522  1522 I ps      : type=1400 audit(0.0:139): avc: denied { open } for path="/proc/2/cmdline" dev="proc" ino=10257 scontext=u:r:untrusted_app:s0:c512,c768 tcontext=u:r:kernel:s0 tclass=file permissive=1
02-07 12:05:03.329  1527  1527 D Uvc     : [jni.cpp:72] JNI_OnLoad()...
02-07 12:05:03.329  1527  1527 D Uvc     : [JniEnv.h:32] ScopedJniEnv::onJniLoad()...
02-07 12:05:03.329  1527  1527 D Uvc     : [JniEnv.h:32] ...ScopedJniEnv::onJniLoad()
02-07 12:05:03.329  1527  1527 D Uvc     : [jni.cpp:72] ...JNI_OnLoad()
02-07 12:05:03.336  1527  1527 V AppUtil : initializing: getExternalStorageDirectory()=/storage/emulated/0
02-07 12:05:03.353  1527  1527 I AppUtil : found usbFileSystemRoot: /dev/bus/usb
02-07 12:05:03.358  1527  1527 I robotcontroller: type=1400 audit(0.0:140): avc: denied { read } for name="direction" dev="sysfs" ino=16836 scontext=u:r:untrusted_app:s0:c512,c768 tcontext=u:object_r:sysfs:s0 tclass=file permissive=1
02-07 12:05:03.358  1527  1527 I robotcontroller: type=1400 audit(0.0:141): avc: denied { open } for path="/sys/devices/pinctrl.26/gpio/gpio50/direction" dev="sysfs" ino=16836 scontext=u:r:untrusted_app:s0:c512,c768 tcontext=u:object_r:sysfs:s0 tclass=file permissive=1
02-07 12:05:03.358  1527  1527 I robotcontroller: type=1400 audit(0.0:142): avc: denied { getattr } for path="/sys/devices/pinctrl.26/gpio/gpio50/direction" dev="sysfs" ino=16836 scontext=u:r:untrusted_app:s0:c512,c768 tcontext=u:object_r:sysfs:s0 tclass=file permissive=1
02-07 12:05:03.358  1527  1527 I robotcontroller: type=1400 audit(0.0:143): avc: denied { write } for name="value" dev="sysfs" ino=13327 scontext=u:r:untrusted_app:s0:c512,c768 tcontext=u:object_r:sysfs:s0 tclass=file permissive=1
02-07 12:05:03.369  1527  1527 I AppAliveNotifier: Telling the OS to set the RC alive notification timeout to 20 seconds
02-07 12:05:03.375  1527  1543 V RobotCore: saving logcat to /storage/emulated/0/robotControllerLog.txt
02-07 12:05:03.376  1527  1543 V RobotCore: logging command line: exec logcat -f /storage/emulated/0/robotControllerLog.txt -r4096 -n4 -v threadtime UsbRequestJNI:S UsbRequest:S art:W ThreadPool:W System:W ExtendedExtractor:W OMXClient:W MediaPlayer:W dalvikvm:W  *:V
02-07 12:05:03.389  1527  1527 V AppUtil : rootActivity=PermissionValidatorWrapper
02-07 12:05:03.389  1527  1527 I PermissionValidatorActivity: Lifecycle onCreate : 89d17b7
02-07 12:05:03.410  1527  1543 I RobotCore: Done running ps
02-07 12:05:03.425  1546  1546 I sh      : type=1400 audit(0.0:144): avc: denied { read } for name="/" dev="rootfs" ino=1 scontext=u:r:untrusted_app:s0:c512,c768 tcontext=u:object_r:rootfs:s0 tclass=dir permissive=1
02-07 12:05:03.425  1546  1546 I sh      : type=1400 audit(0.0:145): avc: denied { open } for path="/" dev="rootfs" ino=1 scontext=u:r:untrusted_app:s0:c512,c768 tcontext=u:object_r:rootfs:s0 tclass=dir permissive=1
02-07 12:05:03.545  1527  1527 I PermissionValidatorActivity: Lifecycle onStart : 89d17b7
02-07 12:05:03.547  1527  1527 I PermissionValidator: Checking permission for android.permission.WRITE_EXTERNAL_STORAGE
02-07 12:05:03.552  1527  1527 I PermissionValidator:     Granted: android.permission.WRITE_EXTERNAL_STORAGE
02-07 12:05:03.553  1527  1527 I PermissionValidator: Checking permission for android.permission.READ_EXTERNAL_STORAGE
02-07 12:05:03.554  1527  1527 I PermissionValidator:     Granted: android.permission.READ_EXTERNAL_STORAGE
02-07 12:05:03.554  1527  1527 I PermissionValidator: Checking permission for android.permission.CAMERA
02-07 12:05:03.555  1527  1527 I PermissionValidator:     Granted: android.permission.CAMERA
02-07 12:05:03.555  1527  1527 I PermissionValidator: Checking permission for android.permission.ACCESS_COARSE_LOCATION
02-07 12:05:03.556  1527  1527 I PermissionValidator:     Granted: android.permission.ACCESS_COARSE_LOCATION
02-07 12:05:03.556  1527  1527 I PermissionValidator: Checking permission for android.permission.ACCESS_FINE_LOCATION
02-07 12:05:03.557  1527  1527 I PermissionValidator:     Granted: android.permission.ACCESS_FINE_LOCATION
02-07 12:05:03.558  1527  1527 I PermissionValidator: Checking permission for android.permission.READ_PHONE_STATE
02-07 12:05:03.559  1527  1527 I PermissionValidator:     Granted: android.permission.READ_PHONE_STATE
02-07 12:05:03.563  1527  1527 V ServiceStarter: attempting to start service MediaTransferProtocolMonitorService
02-07 12:05:03.566  1527  1527 V ServiceStarter: started service MediaTransferProtocolMonitorService
02-07 12:05:03.566  1527  1527 V ServiceStarter: attempting to start service OnBotJavaService
02-07 12:05:03.569  1527  1527 V ServiceStarter: started service OnBotJavaService
02-07 12:05:03.569  1527  1527 I PermissionValidatorActivity: All permissions validated.  Starting RobotController
02-07 12:05:03.583  1527  1527 V MTPMonitorService: onCreate()
02-07 12:05:03.584  1527  1527 V MTPMonitorService: onStartCommand() intent=Intent { cmp=com.qualcomm.ftcrobotcontroller/org.firstinspires.ftc.robotcore.internal.files.MediaTransferProtocolMonitorService } flags=0x0 startId=1
02-07 12:05:03.589  1527  1527 V MTPMonitor: observing: /storage/emulated/0
02-07 12:05:03.653  1527  1527 V OnBotJavaService: onCreate()
02-07 12:05:03.653  1527  1527 V OnBotJavaService: onStartCommand() intent=Intent { cmp=com.qualcomm.ftcrobotcontroller/org.firstinspires.ftc.onbotjava.OnBotJavaService } flags=0x0 startId=1
02-07 12:05:03.655  1527  1527 V OnBotJava: OnBotJavaManager::static
02-07 12:05:03.762  1554  1554 I ps      : type=1400 audit(0.0:146): avc: denied { read } for name="cmdline" dev="proc" ino=8670 scontext=u:r:untrusted_app:s0:c512,c768 tcontext=u:r:init:s0 tclass=file permissive=1
02-07 12:05:03.762  1554  1554 I ps      : type=1400 audit(0.0:147): avc: denied { open } for path="/proc/1/cmdline" dev="proc" ino=8670 scontext=u:r:untrusted_app:s0:c512,c768 tcontext=u:r:init:s0 tclass=file permissive=1
02-07 12:05:04.271  1527  1527 V OnBotJava: ctor()...
02-07 12:05:04.275  1527  1527 V OnBotJava: ...ctor()
02-07 12:05:04.282  1527  1527 V RCActivity: Permissions validated already
02-07 12:05:04.282  1527  1527 V RCActivity: onCreate()
02-07 12:05:04.285  1527  1527 V RCActivity: rootActivity is of class PermissionValidatorWrapper
02-07 12:05:04.288  1527  1527 V RCActivity: launchActivity is of class class org.firstinspires.ftc.robotcontroller.internal.PermissionValidatorWrapper
02-07 12:05:04.288  1527  1527 I robotcontroller: type=1400 audit(0.0:148): avc: denied { read } for name="direction" dev="sysfs" ino=16836 scontext=u:r:untrusted_app:s0:c512,c768 tcontext=u:object_r:sysfs:s0 tclass=file permissive=1
02-07 12:05:04.288  1527  1527 I robotcontroller: type=1400 audit(0.0:149): avc: denied { open } for path="/sys/devices/pinctrl.26/gpio/gpio50/direction" dev="sysfs" ino=16836 scontext=u:r:untrusted_app:s0:c512,c768 tcontext=u:object_r:sysfs:s0 tclass=file permissive=1
02-07 12:05:04.300  1527  1561 V CallbackLooper: thread=32
02-07 12:05:04.288  1527  1527 I robotcontroller: type=1400 audit(0.0:150): avc: denied { getattr } for path="/sys/devices/pinctrl.26/gpio/gpio50/direction" dev="sysfs" ino=16836 scontext=u:r:untrusted_app:s0:c512,c768 tcontext=u:object_r:sysfs:s0 tclass=file permissive=1
02-07 12:05:04.288  1527  1527 I robotcontroller: type=1400 audit(0.0:151): avc: denied { write } for name="value" dev="sysfs" ino=13327 scontext=u:r:untrusted_app:s0:c512,c768 tcontext=u:object_r:sysfs:s0 tclass=file permissive=1
02-07 12:05:04.305  1527  1527 V NetDiscover_wifiDirectAgent: doStart()...
02-07 12:05:04.310  1527  1527 V NetDiscover_wifiDirectAgent: ...doStart()
02-07 12:05:04.311  1527  1527 V NetDiscover_prefremrc: ----- all preferences -----
02-07 12:05:04.311  1527  1527 V NetDiscover_prefremrc: name='pref_app_version' value=unavailable
02-07 12:05:04.311  1527  1527 V NetDiscover_prefremrc: name='android.permission.READ_PHONE_STATE' value=false
02-07 12:05:04.311  1527  1527 V NetDiscover_prefremrc: name='pref_autostarted_robot_controller' value=true
02-07 12:05:04.312  1527  1527 V NetDiscover_prefremrc: name='pref_warn_about_obsolete_software' value=true
02-07 12:05:04.312  1527  1527 V NetDiscover_prefremrc: name='pref_network_protocol_version' value=unavailable
02-07 12:05:04.312  1527  1527 V NetDiscover_prefremrc: name='pref_has_independent_phone_battery' value=false
02-07 12:05:04.312  1527  1527 V NetDiscover_prefremrc: name='android.permission.CAMERA' value=false
02-07 12:05:04.312  1527  1527 V NetDiscover_prefremrc: name='pref_wifip2p_remote_channel_change_works' value=false
02-07 12:05:04.313  1527  1527 V NetDiscover_prefremrc: name='pref_hardware_config_filename' value={"isDirty":false,"location":"LOCAL_STORAGE","name":"ftc6motorExIMU2C","resourceId":0}
02-07 12:05:04.313  1527  1527 V NetDiscover_prefremrc: name='pref_build_time' value=unavailable
02-07 12:05:04.313  1527  1527 V NetDiscover_prefremrc: name='pref_warn_about_mismatched_app_versions' value=true
02-07 12:05:04.313  1527  1527 V NetDiscover_prefremrc: name='pref_sound_on_off' value=false
02-07 12:05:04.313  1527  1527 V NetDiscover_prefremrc: name='pref_ftc_season_year_of_current_rc_new' value=2022
02-07 12:05:04.313  1527  1527 V NetDiscover_prefremrc: name='App Restrictions' value=AAAAAA==
02-07 12:05:04.313  1527  1527 V NetDiscover_prefremrc:     
02-07 12:05:04.314  1527  1527 V NetDiscover_prefremrc: name='pref_warn_about_incorrect_clocks' value=true
02-07 12:05:04.314  1527  1527 V NetDiscover_prefremrc: name='pref_has_speaker' value=false
02-07 12:05:04.314  1527  1527 V NetDiscover_prefremrc: name='android.permission.ACCESS_COARSE_LOCATION' value=false
02-07 12:05:04.314  1527  1527 V NetDiscover_prefremrc: name='android.permission.WRITE_EXTERNAL_STORAGE' value=false
02-07 12:05:04.314  1527  1527 V NetDiscover_prefremrc: name='pref_connection_owner_password' value=ftc21180
02-07 12:05:04.315  1527  1527 V NetDiscover_prefremrc: name='pref_pairing_kind' value=RCWIRELESSAP
02-07 12:05:04.315  1527  1527 V NetDiscover_prefremrc: name='pref_device_name_internal' value=21180-RC
02-07 12:05:04.315  1527  1527 V NetDiscover_prefremrc: name='pref_app_theme' value=red
02-07 12:05:04.315  1527  1527 V NetDiscover_prefremrc: name='android.permission.ACCESS_FINE_LOCATION' value=false
02-07 12:05:04.315  1527  1527 V NetDiscover_prefremrc: name='pref_network_connection_info' value=unavailable
02-07 12:05:04.315  1527  1527 V NetDiscover_prefremrc: name='pref_device_name' value=21180-RC
02-07 12:05:04.315  1527  1527 V NetDiscover_prefremrc: name='pref_warn_about_2_4_ghz_band' value=true
02-07 12:05:04.316  1527  1527 V NetDiscover_prefremrc: name='android.permission.READ_EXTERNAL_STORAGE' value=false
02-07 12:05:04.316  1527  1527 V NetDiscover_prefremrc: name='pref_device_name_tracking' value=WIFIAP
02-07 12:05:04.316  1527  1527 V NetDiscover_prefremrc: name='pref_lib_version' value=unavailable
02-07 12:05:04.316  1527  1527 V NetDiscover_prefremrc: name='pref_rc_connected' value=true
02-07 12:05:04.322  1527  1527 V Robocol : SendOnceRunnable created
02-07 12:05:04.325  1527  1527 V NetDiscover_prefremrc: doStart()...
02-07 12:05:04.325  1527  1527 V NetDiscover_prefremrc: ...doStart()
02-07 12:05:04.357  1527  1527 W System  : ClassLoader referenced unknown path: /system/app/webview/lib/arm
02-07 12:05:04.359  1527  1527 D ApplicationLoaders: ignored Vulkan layer search path /system/app/webview/lib/arm:/system/app/webview/webview.apk!/lib/armeabi-v7a:/system/lib:/vendor/lib for namespace 0xf3239090
02-07 12:05:04.362  1527  1527 I WebViewFactory: Loading com.android.webview version 52.0.2743.100 (code 275610050)
02-07 12:05:04.441  1527  1527 I cr_LibraryLoader: Time to load native libraries: 39 ms (timestamps 8462-8501)
02-07 12:05:04.441  1527  1527 I cr_LibraryLoader: Expected native library version number "52.0.2743.100", actual native library version number "52.0.2743.100"
02-07 12:05:04.456  1527  1527 V WebViewChromiumFactoryProvider: Binding Chromium to main looper Looper (main, tid 1) {f793b68}
02-07 12:05:04.456  1527  1527 I cr_LibraryLoader: Expected native library version number "52.0.2743.100", actual native library version number "52.0.2743.100"
02-07 12:05:04.466  1527  1527 I chromium: [INFO:library_loader_hooks.cc(143)] Chromium logging enabled: level = 0, default verbosity = 0
02-07 12:05:04.507  1527  1527 I cr_BrowserStartup: Initializing chromium process, singleProcess=true
02-07 12:05:04.545  1527  1527 I mali_so : [File] : hardware/rockchip/driver/./src/base/arch/arch_011_udd/base_arch_main.c; [Line] : 565; [Func] : deal_with_version_affairs_rk_ext;
02-07 12:05:04.545  1527  1527 I mali_so : arm_release_ver of this mali_so is 'r7p0-00rel1', rk_so_ver is '1@2' for 3328h_android_7.1, built at '15:47:49', on 'Jun 28 2017'.
02-07 12:05:04.545  1527  1527 I mali_so : [File] : hardware/rockchip/driver/./src/base/arch/arch_011_udd/base_arch_main.c; [Line] : 578; [Func] : deal_with_version_affairs_rk_ext;
02-07 12:05:04.545  1527  1527 I mali_so : mali_ver_property has been set to 'r7p0-00rel1-5-1@2', to return.
02-07 12:05:04.618  1527  1527 I cr_DRP  : No DRP key due to exception:java.lang.ClassNotFoundException: com.android.webview.chromium.Drp
02-07 12:05:04.692  1527  1527 W cr_AwContents: onDetachedFromWindow called when already detached. Ignoring
02-07 12:05:05.040  1527  1527 V OnBotJava: getCurrentOutputDir() unavailable
02-07 12:05:05.041  1527  1527 V OnBotJava: getCurrentOutputDir() unavailable
02-07 12:05:05.042  1527  1527 W System  : ClassLoader referenced unknown path: 
02-07 12:05:09.461  1527  1527 V UpdateUI: Network: inactive, disconnected
02-07 12:05:09.462  1527  1527 V ServiceStarter: attempting to start service FtcRobotControllerWatchdogService
02-07 12:05:09.466  1527  1527 V ServiceStarter: started service FtcRobotControllerWatchdogService
02-07 12:05:09.501  1527  1527 I RobotCore: App info: version=8.1.1 appId=com.qualcomm.ftcrobotcontroller
02-07 12:05:09.502  1527  1527 I RobotCore: Android Device: maker=REV Robotics model=Control Hub v1.0 sdk=25 serial=e909a8e5cde7beec
02-07 12:05:09.503  1527  1527 V AndroidBoard: REV Control Hub contains REV3328
02-07 12:05:09.503  1527  1527 V AndroidBoard: Communicating with embedded REV hub via /dev/ttyS1
02-07 12:05:10.897  1527  1527 V RCActivity: onStart()
02-07 12:05:10.901  1527  1527 V RCActivity: onResume()
02-07 12:05:10.946  1527  1527 V NetDiscover_prefremrc: onSharedPreferenceChanged(name=App Restrictions, value=AAAAAA==
02-07 12:05:10.946  1527  1527 V NetDiscover_prefremrc: )
02-07 12:05:10.975  1527  1527 V FtcRobotControllerWatchdogService: onCreate()
02-07 12:05:10.976  1527  1527 V FtcRobotControllerWatchdogService: onStartCommand() intent=Intent { cmp=com.qualcomm.ftcrobotcontroller/org.firstinspires.ftc.ftccommon.internal.FtcRobotControllerWatchdogService } flags=0x0 startId=1
02-07 12:05:10.976  1527  1527 V FtcRobotControllerWatchdogService: shouldAutoLauchRobotController() result=true
02-07 12:05:11.019  1527  1527 V FTCService: onCreate()
02-07 12:05:11.064  1527  1527 W art     : Before Android 4.1, method double java.util.concurrent.ThreadLocalRandom.internalNextDouble(double, double) would have incorrectly overridden the package-private method in java.util.Random
02-07 12:05:11.064  1527  1527 W art     : Before Android 4.1, method int java.util.concurrent.ThreadLocalRandom.internalNextInt(int, int) would have incorrectly overridden the package-private method in java.util.Random
02-07 12:05:11.064  1527  1527 W art     : Before Android 4.1, method long java.util.concurrent.ThreadLocalRandom.internalNextLong(long, long) would have incorrectly overridden the package-private method in java.util.Random
02-07 12:05:11.104  1527  1527 V FTCService: onBind()
02-07 12:05:11.262  1527  1527 V CoreRobotWebServer: creating NanoHTTPD(8080)
02-07 12:05:11.267  1527  1527 V WebSocketManager: Registered broadcast-only namespace progress
02-07 12:05:11.277  1527  1527 V WebSocketManager: Registered handler for namespace ControlHubUpdater
02-07 12:05:11.280  1527  1527 V RobotCore: Getting network assistant of type: RCWIRELESSAP
02-07 12:05:11.283  1527  1527 I RobotControllerAccessPointAssistant: Enabling network services
02-07 12:05:11.286  1527  1527 I RobotControllerAccessPointAssistant: Sending SSID and password to AP service
02-07 12:05:11.287  1527  1527 I RobotCore: ftc21180
