02-01 12:26:11.280 18943 19206 I global  :  RENO - ObjectDetection.sleeveColorDetect(ObjectDetection.java:125): Start Opcv process to detect sleeve color.
02-01 12:26:11.282 18943 19206 I global  :  RENO - ObjectDetection.sleeveColorDetect(ObjectDetection.java:132): Sleeve max color = 381666.00, 312270.00, 296861.00
02-01 12:26:11.283 18943 19206 I global  :  RENO - ObjectDetection.sleeveColorDetect(ObjectDetection.java:151): Sleeve position: LEFT
02-01 12:26:11.312 18943 19206 I global  :  RENO - ObjectDetection.sleeveColorDetect(ObjectDetection.java:125): Start Opcv process to detect sleeve color.
02-01 12:26:11.313 18943 19206 I global  :  RENO - ObjectDetection.sleeveColorDetect(ObjectDetection.java:132): Sleeve max color = 381644.00, 312180.00, 296745.00
02-01 12:26:11.314 18943 19206 I global  :  RENO - ObjectDetection.sleeveColorDetect(ObjectDetection.java:151): Sleeve position: LEFT
02-01 12:26:11.344 18943 19206 I global  :  RENO - ObjectDetection.sleeveColorDetect(ObjectDetection.java:125): Start Opcv process to detect sleeve color.
02-01 12:26:11.345 18943 19206 I global  :  RENO - ObjectDetection.sleeveColorDetect(ObjectDetection.java:132): Sleeve max color = 381632.00, 312093.00, 296562.00
02-01 12:26:11.346 18943 19206 I global  :  RENO - ObjectDetection.sleeveColorDetect(ObjectDetection.java:151): Sleeve position: LEFT
02-01 12:26:11.380 18943 19206 I global  :  RENO - ObjectDetection.sleeveColorDetect(ObjectDetection.java:125): Start Opcv process to detect sleeve color.
02-01 12:26:11.381 18943 19206 I global  :  RENO - ObjectDetection.sleeveColorDetect(ObjectDetection.java:132): Sleeve max color = 381607.00, 309993.00, 294925.00
02-01 12:26:11.382 18943 19206 I global  :  RENO - ObjectDetection.sleeveColorDetect(ObjectDetection.java:151): Sleeve position: LEFT
02-01 12:26:11.412 18943 19206 I global  :  RENO - ObjectDetection.sleeveColorDetect(ObjectDetection.java:125): Start Opcv process to detect sleeve color.
02-01 12:26:11.413 18943 19206 I global  :  RENO - ObjectDetection.sleeveColorDetect(ObjectDetection.java:132): Sleeve max color = 381598.00, 307750.00, 293009.00
02-01 12:26:11.414 18943 19206 I global  :  RENO - ObjectDetection.sleeveColorDetect(ObjectDetection.java:151): Sleeve position: LEFT
02-01 12:26:11.444 18943 19206 I global  :  RENO - ObjectDetection.sleeveColorDetect(ObjectDetection.java:125): Start Opcv process to detect sleeve color.
02-01 12:26:11.446 18943 19206 I global  :  RENO - ObjectDetection.sleeveColorDetect(ObjectDetection.java:132): Sleeve max color = 381596.00, 307815.00, 293077.00
02-01 12:26:11.446 18943 19206 I global  :  RENO - ObjectDetection.sleeveColorDetect(ObjectDetection.java:151): Sleeve position: LEFT
02-01 12:26:11.481 18943 19206 I global  :  RENO - ObjectDetection.sleeveColorDetect(ObjectDetection.java:125): Start Opcv process to detect sleeve color.
02-01 12:26:11.482 18943 19206 I global  :  RENO - ObjectDetection.sleeveColorDetect(ObjectDetection.java:132): Sleeve max color = 381602.00, 307776.00, 293079.00
02-01 12:26:11.483 18943 19206 I global  :  RENO - ObjectDetection.sleeveColorDetect(ObjectDetection.java:151): Sleeve position: LEFT
02-01 12:26:11.512 18943 19206 I global  :  RENO - ObjectDetection.sleeveColorDetect(ObjectDetection.java:125): Start Opcv process to detect sleeve color.
02-01 12:26:11.513 18943 19206 I global  :  RENO - ObjectDetection.sleeveColorDetect(ObjectDetection.java:132): Sleeve max color = 381613.00, 307757.00, 292964.00
02-01 12:26:11.514 18943 19206 I global  :  RENO - ObjectDetection.sleeveColorDetect(ObjectDetection.java:151): Sleeve position: LEFT
02-01 12:26:11.544 18943 19206 I global  :  RENO - ObjectDetection.sleeveColorDetect(ObjectDetection.java:125): Start Opcv process to detect sleeve color.
02-01 12:26:11.545 18943 19206 I global  :  RENO - ObjectDetection.sleeveColorDetect(ObjectDetection.java:132): Sleeve max color = 381623.00, 307803.00, 293144.00
02-01 12:26:11.546 18943 19206 I global  :  RENO - ObjectDetection.sleeveColorDetect(ObjectDetection.java:151): Sleeve position: LEFT
02-01 12:26:11.580 18943 19206 I global  :  RENO - ObjectDetection.sleeveColorDetect(ObjectDetection.java:125): Start Opcv process to detect sleeve color.
02-01 12:26:11.581 18943 19206 I global  :  RENO - ObjectDetection.sleeveColorDetect(ObjectDetection.java:132): Sleeve max color = 381611.00, 307873.00, 293000.00
02-01 12:26:11.582 18943 19206 I global  :  RENO - ObjectDetection.sleeveColorDetect(ObjectDetection.java:151): Sleeve position: LEFT
02-01 12:26:11.612 18943 19206 I global  :  RENO - ObjectDetection.sleeveColorDetect(ObjectDetection.java:125): Start Opcv process to detect sleeve color.
02-01 12:26:11.613 18943 19206 I global  :  RENO - ObjectDetection.sleeveColorDetect(ObjectDetection.java:132): Sleeve max color = 381603.00, 307812.00, 292980.00
02-01 12:26:11.614 18943 19206 I global  :  RENO - ObjectDetection.sleeveColorDetect(ObjectDetection.java:151): Sleeve position: LEFT
02-01 12:26:11.644 18943 19206 I global  :  RENO - ObjectDetection.sleeveColorDetect(ObjectDetection.java:125): Start Opcv process to detect sleeve color.
02-01 12:26:11.645 18943 19206 I global  :  RENO - ObjectDetection.sleeveColorDetect(ObjectDetection.java:132): Sleeve max color = 381603.00, 307865.00, 292832.00
02-01 12:26:11.646 18943 19206 I global  :  RENO - ObjectDetection.sleeveColorDetect(ObjectDetection.java:151): Sleeve position: LEFT
02-01 12:26:11.680 18943 19206 I global  :  RENO - ObjectDetection.sleeveColorDetect(ObjectDetection.java:125): Start Opcv process to detect sleeve color.
02-01 12:26:11.681 18943 19206 I global  :  RENO - ObjectDetection.sleeveColorDetect(ObjectDetection.java:132): Sleeve max color = 381609.00, 307869.00, 293008.00
02-01 12:26:11.682 18943 19206 I global  :  RENO - ObjectDetection.sleeveColorDetect(ObjectDetection.java:151): Sleeve position: LEFT
02-01 12:26:11.712 18943 19206 I global  :  RENO - ObjectDetection.sleeveColorDetect(ObjectDetection.java:125): Start Opcv process to detect sleeve color.
02-01 12:26:11.713 18943 19206 I global  :  RENO - ObjectDetection.sleeveColorDetect(ObjectDetection.java:132): Sleeve max color = 381605.00, 307832.00, 293187.00
02-01 12:26:11.714 18943 19206 I global  :  RENO - ObjectDetection.sleeveColorDetect(ObjectDetection.java:151): Sleeve position: LEFT
02-01 12:26:11.744 18943 19206 I global  :  RENO - ObjectDetection.sleeveColorDetect(ObjectDetection.java:125): Start Opcv process to detect sleeve color.
02-01 12:26:11.745 18943 19206 I global  :  RENO - ObjectDetection.sleeveColorDetect(ObjectDetection.java:132): Sleeve max color = 381603.00, 307815.00, 292916.00
02-01 12:26:11.746 18943 19206 I global  :  RENO - ObjectDetection.sleeveColorDetect(ObjectDetection.java:151): Sleeve position: LEFT
02-01 12:26:11.780 18943 19206 I global  :  RENO - ObjectDetection.sleeveColorDetect(ObjectDetection.java:125): Start Opcv process to detect sleeve color.
02-01 12:26:11.782 18943 19206 I global  :  RENO - ObjectDetection.sleeveColorDetect(ObjectDetection.java:132): Sleeve max color = 381605.00, 307605.00, 292938.00
02-01 12:26:11.782 18943 19206 I global  :  RENO - ObjectDetection.sleeveColorDetect(ObjectDetection.java:151): Sleeve position: LEFT
02-01 12:26:11.813 18943 19206 I global  :  RENO - ObjectDetection.sleeveColorDetect(ObjectDetection.java:125): Start Opcv process to detect sleeve color.
02-01 12:26:11.814 18943 19206 I global  :  RENO - ObjectDetection.sleeveColorDetect(ObjectDetection.java:132): Sleeve max color = 381584.00, 307480.00, 292884.00
02-01 12:26:11.815 18943 19206 I global  :  RENO - ObjectDetection.sleeveColorDetect(ObjectDetection.java:151): Sleeve position: LEFT
02-01 12:26:11.844 18943 19206 I global  :  RENO - ObjectDetection.sleeveColorDetect(ObjectDetection.java:125): Start Opcv process to detect sleeve color.
02-01 12:26:11.846 18943 19206 I global  :  RENO - ObjectDetection.sleeveColorDetect(ObjectDetection.java:132): Sleeve max color = 381593.00, 307641.00, 292774.00
02-01 12:26:11.847 18943 19206 I global  :  RENO - ObjectDetection.sleeveColorDetect(ObjectDetection.java:151): Sleeve position: LEFT
02-01 12:26:11.880 18943 19206 I global  :  RENO - ObjectDetection.sleeveColorDetect(ObjectDetection.java:125): Start Opcv process to detect sleeve color.
02-01 12:26:11.882 18943 19206 I global  :  RENO - ObjectDetection.sleeveColorDetect(ObjectDetection.java:132): Sleeve max color = 381591.00, 307678.00, 292616.00
02-01 12:26:11.883 18943 19206 I global  :  RENO - ObjectDetection.sleeveColorDetect(ObjectDetection.java:151): Sleeve position: LEFT
02-01 12:26:11.913 18943 19206 I global  :  RENO - ObjectDetection.sleeveColorDetect(ObjectDetection.java:125): Start Opcv process to detect sleeve color.
02-01 12:26:11.914 18943 19206 I global  :  RENO - ObjectDetection.sleeveColorDetect(ObjectDetection.java:132): Sleeve max color = 381593.00, 307712.00, 292623.00
02-01 12:26:11.915 18943 19206 I global  :  RENO - ObjectDetection.sleeveColorDetect(ObjectDetection.java:151): Sleeve position: LEFT
02-01 12:26:11.944 18943 19206 I global  :  RENO - ObjectDetection.sleeveColorDetect(ObjectDetection.java:125): Start Opcv process to detect sleeve color.
02-01 12:26:11.945 18943 19206 I global  :  RENO - ObjectDetection.sleeveColorDetect(ObjectDetection.java:132): Sleeve max color = 381597.00, 307590.00, 292692.00
02-01 12:26:11.946 18943 19206 I global  :  RENO - ObjectDetection.sleeveColorDetect(ObjectDetection.java:151): Sleeve position: LEFT
02-01 12:26:11.980 18943 19206 I global  :  RENO - ObjectDetection.sleeveColorDetect(ObjectDetection.java:125): Start Opcv process to detect sleeve color.
02-01 12:26:11.981 18943 19206 I global  :  RENO - ObjectDetection.sleeveColorDetect(ObjectDetection.java:132): Sleeve max color = 381583.00, 307581.00, 292841.00
02-01 12:26:11.982 18943 19206 I global  :  RENO - ObjectDetection.sleeveColorDetect(ObjectDetection.java:151): Sleeve position: LEFT
02-01 12:26:12.012 18943 19206 I global  :  RENO - ObjectDetection.sleeveColorDetect(ObjectDetection.java:125): Start Opcv process to detect sleeve color.
02-01 12:26:12.014 18943 19206 I global  :  RENO - ObjectDetection.sleeveColorDetect(ObjectDetection.java:132): Sleeve max color = 381594.00, 307638.00, 292825.00
02-01 12:26:12.014 18943 19206 I global  :  RENO - ObjectDetection.sleeveColorDetect(ObjectDetection.java:151): Sleeve position: LEFT
02-01 12:26:12.044 18943 19206 I global  :  RENO - ObjectDetection.sleeveColorDetect(ObjectDetection.java:125): Start Opcv process to detect sleeve color.
02-01 12:26:12.045 18943 19206 I global  :  RENO - ObjectDetection.sleeveColorDetect(ObjectDetection.java:132): Sleeve max color = 381594.00, 307576.00, 292490.00
02-01 12:26:12.046 18943 19206 I global  :  RENO - ObjectDetection.sleeveColorDetect(ObjectDetection.java:151): Sleeve position: LEFT
02-01 12:26:12.080 18943 19206 I global  :  RENO - ObjectDetection.sleeveColorDetect(ObjectDetection.java:125): Start Opcv process to detect sleeve color.
02-01 12:26:12.081 18943 19206 I global  :  RENO - ObjectDetection.sleeveColorDetect(ObjectDetection.java:132): Sleeve max color = 381575.00, 307510.00, 292582.00
02-01 12:26:12.082 18943 19206 I global  :  RENO - ObjectDetection.sleeveColorDetect(ObjectDetection.java:151): Sleeve position: LEFT
02-01 12:26:12.112 18943 19206 I global  :  RENO - ObjectDetection.sleeveColorDetect(ObjectDetection.java:125): Start Opcv process to detect sleeve color.
02-01 12:26:12.113 18943 19206 I global  :  RENO - ObjectDetection.sleeveColorDetect(ObjectDetection.java:132): Sleeve max color = 381584.00, 307514.00, 292686.00
02-01 12:26:12.114 18943 19206 I global  :  RENO - ObjectDetection.sleeveColorDetect(ObjectDetection.java:151): Sleeve position: LEFT
02-01 12:26:12.144 18943 19206 I global  :  RENO - ObjectDetection.sleeveColorDetect(ObjectDetection.java:125): Start Opcv process to detect sleeve color.
02-01 12:26:12.145 18943 19206 I global  :  RENO - ObjectDetection.sleeveColorDetect(ObjectDetection.java:132): Sleeve max color = 381594.00, 307422.00, 292415.00
02-01 12:26:12.146 18943 19206 I global  :  RENO - ObjectDetection.sleeveColorDetect(ObjectDetection.java:151): Sleeve position: LEFT
02-01 12:26:12.180 18943 19206 I global  :  RENO - ObjectDetection.sleeveColorDetect(ObjectDetection.java:125): Start Opcv process to detect sleeve color.
02-01 12:26:12.181 18943 19206 I global  :  RENO - ObjectDetection.sleeveColorDetect(ObjectDetection.java:132): Sleeve max color = 381576.00, 307433.00, 292536.00
02-01 12:26:12.182 18943 19206 I global  :  RENO - ObjectDetection.sleeveColorDetect(ObjectDetection.java:151): Sleeve position: LEFT
02-01 12:26:12.212 18943 19206 I global  :  RENO - ObjectDetection.sleeveColorDetect(ObjectDetection.java:125): Start Opcv process to detect sleeve color.
02-01 12:26:12.214 18943 19206 I global  :  RENO - ObjectDetection.sleeveColorDetect(ObjectDetection.java:132): Sleeve max color = 381572.00, 307373.00, 292352.00
02-01 12:26:12.215 18943 19206 I global  :  RENO - ObjectDetection.sleeveColorDetect(ObjectDetection.java:151): Sleeve position: LEFT
02-01 12:26:12.244 18943 19206 I global  :  RENO - ObjectDetection.sleeveColorDetect(ObjectDetection.java:125): Start Opcv process to detect sleeve color.
02-01 12:26:12.246 18943 19206 I global  :  RENO - ObjectDetection.sleeveColorDetect(ObjectDetection.java:132): Sleeve max color = 381584.00, 307510.00, 292790.00
02-01 12:26:12.247 18943 19206 I global  :  RENO - ObjectDetection.sleeveColorDetect(ObjectDetection.java:151): Sleeve position: LEFT
02-01 12:26:12.281 18943 19206 I global  :  RENO - ObjectDetection.sleeveColorDetect(ObjectDetection.java:125): Start Opcv process to detect sleeve color.
02-01 12:26:12.282 18943 19206 I global  :  RENO - ObjectDetection.sleeveColorDetect(ObjectDetection.java:132): Sleeve max color = 381574.00, 307400.00, 292273.00
02-01 12:26:12.283 18943 19206 I global  :  RENO - ObjectDetection.sleeveColorDetect(ObjectDetection.java:151): Sleeve position: LEFT
02-01 12:26:12.312 18943 19206 I global  :  RENO - ObjectDetection.sleeveColorDetect(ObjectDetection.java:125): Start Opcv process to detect sleeve color.
02-01 12:26:12.313 18943 19206 I global  :  RENO - ObjectDetection.sleeveColorDetect(ObjectDetection.java:132): Sleeve max color = 381571.00, 307477.00, 292642.00
02-01 12:26:12.314 18943 19206 I global  :  RENO - ObjectDetection.sleeveColorDetect(ObjectDetection.java:151): Sleeve position: LEFT
02-01 12:26:12.344 18943 19206 I global  :  RENO - ObjectDetection.sleeveColorDetect(ObjectDetection.java:125): Start Opcv process to detect sleeve color.
02-01 12:26:12.345 18943 19206 I global  :  RENO - ObjectDetection.sleeveColorDetect(ObjectDetection.java:132): Sleeve max color = 381575.00, 307330.00, 292698.00
02-01 12:26:12.346 18943 19206 I global  :  RENO - ObjectDetection.sleeveColorDetect(ObjectDetection.java:151): Sleeve position: LEFT
02-01 12:26:12.380 18943 19206 I global  :  RENO - ObjectDetection.sleeveColorDetect(ObjectDetection.java:125): Start Opcv process to detect sleeve color.
02-01 12:26:12.381 18943 19206 I global  :  RENO - ObjectDetection.sleeveColorDetect(ObjectDetection.java:132): Sleeve max color = 381579.00, 307244.00, 292257.00
02-01 12:26:12.382 18943 19206 I global  :  RENO - ObjectDetection.sleeveColorDetect(ObjectDetection.java:151): Sleeve position: LEFT
02-01 12:26:12.413 18943 19206 I global  :  RENO - ObjectDetection.sleeveColorDetect(ObjectDetection.java:125): Start Opcv process to detect sleeve color.
02-01 12:26:12.414 18943 19206 I global  :  RENO - ObjectDetection.sleeveColorDetect(ObjectDetection.java:132): Sleeve max color = 381584.00, 307454.00, 292409.00
02-01 12:26:12.415 18943 19206 I global  :  RENO - ObjectDetection.sleeveColorDetect(ObjectDetection.java:151): Sleeve position: LEFT
02-01 12:26:12.444 18943 19206 I global  :  RENO - ObjectDetection.sleeveColorDetect(ObjectDetection.java:125): Start Opcv process to detect sleeve color.
02-01 12:26:12.445 18943 19206 I global  :  RENO - ObjectDetection.sleeveColorDetect(ObjectDetection.java:132): Sleeve max color = 381574.00, 307524.00, 292768.00
02-01 12:26:12.446 18943 19206 I global  :  RENO - ObjectDetection.sleeveColorDetect(ObjectDetection.java:151): Sleeve position: LEFT
02-01 12:26:12.480 18943 19206 I global  :  RENO - ObjectDetection.sleeveColorDetect(ObjectDetection.java:125): Start Opcv process to detect sleeve color.
02-01 12:26:12.483 18943 19206 I global  :  RENO - ObjectDetection.sleeveColorDetect(ObjectDetection.java:132): Sleeve max color = 381579.00, 307417.00, 292716.00
02-01 12:26:12.483 18943 19206 I global  :  RENO - ObjectDetection.sleeveColorDetect(ObjectDetection.java:151): Sleeve position: LEFT
02-01 12:26:12.512 18943 19206 I global  :  RENO - ObjectDetection.sleeveColorDetect(ObjectDetection.java:125): Start Opcv process to detect sleeve color.
02-01 12:26:12.514 18943 19206 I global  :  RENO - ObjectDetection.sleeveColorDetect(ObjectDetection.java:132): Sleeve max color = 381579.00, 307607.00, 292460.00
02-01 12:26:12.515 18943 19206 I global  :  RENO - ObjectDetection.sleeveColorDetect(ObjectDetection.java:151): Sleeve position: LEFT
02-01 12:26:12.544 18943 19206 I global  :  RENO - ObjectDetection.sleeveColorDetect(ObjectDetection.java:125): Start Opcv process to detect sleeve color.
02-01 12:26:12.546 18943 19206 I global  :  RENO - ObjectDetection.sleeveColorDetect(ObjectDetection.java:132): Sleeve max color = 381578.00, 307457.00, 292576.00
02-01 12:26:12.547 18943 19206 I global  :  RENO - ObjectDetection.sleeveColorDetect(ObjectDetection.java:151): Sleeve position: LEFT
02-01 12:26:12.580 18943 19206 I global  :  RENO - ObjectDetection.sleeveColorDetect(ObjectDetection.java:125): Start Opcv process to detect sleeve color.
02-01 12:26:12.582 18943 19206 I global  :  RENO - ObjectDetection.sleeveColorDetect(ObjectDetection.java:132): Sleeve max color = 381579.00, 307344.00, 292639.00
02-01 12:26:12.583 18943 19206 I global  :  RENO - ObjectDetection.sleeveColorDetect(ObjectDetection.java:151): Sleeve position: LEFT
02-01 12:26:12.612 18943 19206 I global  :  RENO - ObjectDetection.sleeveColorDetect(ObjectDetection.java:125): Start Opcv process to detect sleeve color.
02-01 12:26:12.614 18943 19206 I global  :  RENO - ObjectDetection.sleeveColorDetect(ObjectDetection.java:132): Sleeve max color = 381580.00, 307345.00, 292685.00
02-01 12:26:12.614 18943 19206 I global  :  RENO - ObjectDetection.sleeveColorDetect(ObjectDetection.java:151): Sleeve position: LEFT
02-01 12:26:12.644 18943 19206 I global  :  RENO - ObjectDetection.sleeveColorDetect(ObjectDetection.java:125): Start Opcv process to detect sleeve color.
02-01 12:26:12.645 18943 19206 I global  :  RENO - ObjectDetection.sleeveColorDetect(ObjectDetection.java:132): Sleeve max color = 381598.00, 307255.00, 292123.00
02-01 12:26:12.646 18943 19206 I global  :  RENO - ObjectDetection.sleeveColorDetect(ObjectDetection.java:151): Sleeve position: LEFT
02-01 12:26:12.680 18943 19206 I global  :  RENO - ObjectDetection.sleeveColorDetect(ObjectDetection.java:125): Start Opcv process to detect sleeve color.
02-01 12:26:12.681 18943 19206 I global  :  RENO - ObjectDetection.sleeveColorDetect(ObjectDetection.java:132): Sleeve max color = 381575.00, 307298.00, 292650.00
02-01 12:26:12.682 18943 19206 I global  :  RENO - ObjectDetection.sleeveColorDetect(ObjectDetection.java:151): Sleeve position: LEFT
02-01 12:26:12.712 18943 19206 I global  :  RENO - ObjectDetection.sleeveColorDetect(ObjectDetection.java:125): Start Opcv process to detect sleeve color.
02-01 12:26:12.713 18943 19206 I global  :  RENO - ObjectDetection.sleeveColorDetect(ObjectDetection.java:132): Sleeve max color = 381597.00, 307336.00, 292478.00
02-01 12:26:12.714 18943 19206 I global  :  RENO - ObjectDetection.sleeveColorDetect(ObjectDetection.java:151): Sleeve position: LEFT
02-01 12:26:12.744 18943 19206 I global  :  RENO - ObjectDetection.sleeveColorDetect(ObjectDetection.java:125): Start Opcv process to detect sleeve color.
02-01 12:26:12.745 18943 19206 I global  :  RENO - ObjectDetection.sleeveColorDetect(ObjectDetection.java:132): Sleeve max color = 381586.00, 307287.00, 292422.00
02-01 12:26:12.746 18943 19206 I global  :  RENO - ObjectDetection.sleeveColorDetect(ObjectDetection.java:151): Sleeve position: LEFT
02-01 12:26:12.780 18943 19206 I global  :  RENO - ObjectDetection.sleeveColorDetect(ObjectDetection.java:125): Start Opcv process to detect sleeve color.
02-01 12:26:12.781 18943 19206 I global  :  RENO - ObjectDetection.sleeveColorDetect(ObjectDetection.java:132): Sleeve max color = 381581.00, 307101.00, 292298.00
02-01 12:26:12.782 18943 19206 I global  :  RENO - ObjectDetection.sleeveColorDetect(ObjectDetection.java:151): Sleeve position: LEFT
02-01 12:26:12.813 18943 19206 I global  :  RENO - ObjectDetection.sleeveColorDetect(ObjectDetection.java:125): Start Opcv process to detect sleeve color.
02-01 12:26:12.814 18943 19206 I global  :  RENO - ObjectDetection.sleeveColorDetect(ObjectDetection.java:132): Sleeve max color = 381578.00, 306974.00, 292331.00
02-01 12:26:12.815 18943 19206 I global  :  RENO - ObjectDetection.sleeveColorDetect(ObjectDetection.java:151): Sleeve position: LEFT
02-01 12:26:12.844 18943 19206 I global  :  RENO - ObjectDetection.sleeveColorDetect(ObjectDetection.java:125): Start Opcv process to detect sleeve color.
02-01 12:26:12.846 18943 19206 I global  :  RENO - ObjectDetection.sleeveColorDetect(ObjectDetection.java:132): Sleeve max color = 381573.00, 307230.00, 292132.00
02-01 12:26:12.847 18943 19206 I global  :  RENO - ObjectDetection.sleeveColorDetect(ObjectDetection.java:151): Sleeve position: LEFT
02-01 12:26:12.880 18943 19206 I global  :  RENO - ObjectDetection.sleeveColorDetect(ObjectDetection.java:125): Start Opcv process to detect sleeve color.
02-01 12:26:12.888 18943 19206 I global  :  RENO - ObjectDetection.sleeveColorDetect(ObjectDetection.java:132): Sleeve max color = 381587.00, 307129.00, 292341.00
02-01 12:26:12.889 18943 19206 I global  :  RENO - ObjectDetection.sleeveColorDetect(ObjectDetection.java:151): Sleeve position: LEFT
02-01 12:26:12.914 18943 19206 I global  :  RENO - ObjectDetection.sleeveColorDetect(ObjectDetection.java:125): Start Opcv process to detect sleeve color.
02-01 12:26:12.916 18943 19206 I global  :  RENO - ObjectDetection.sleeveColorDetect(ObjectDetection.java:132): Sleeve max color = 381589.00, 307284.00, 292437.00
02-01 12:26:12.917 18943 19206 I global  :  RENO - ObjectDetection.sleeveColorDetect(ObjectDetection.java:151): Sleeve position: LEFT
02-01 12:26:12.945 18943 19206 I global  :  RENO - ObjectDetection.sleeveColorDetect(ObjectDetection.java:125): Start Opcv process to detect sleeve color.
02-01 12:26:12.947 18943 19206 I global  :  RENO - ObjectDetection.sleeveColorDetect(ObjectDetection.java:132): Sleeve max color = 381586.00, 307182.00, 292515.00
02-01 12:26:12.948 18943 19206 I global  :  RENO - ObjectDetection.sleeveColorDetect(ObjectDetection.java:151): Sleeve position: LEFT
02-01 12:26:12.981 18943 19206 I global  :  RENO - ObjectDetection.sleeveColorDetect(ObjectDetection.java:125): Start Opcv process to detect sleeve color.
02-01 12:26:12.982 18943 19206 I global  :  RENO - ObjectDetection.sleeveColorDetect(ObjectDetection.java:132): Sleeve max color = 381586.00, 307317.00, 292588.00
02-01 12:26:12.984 18943 19206 I global  :  RENO - ObjectDetection.sleeveColorDetect(ObjectDetection.java:151): Sleeve position: LEFT
02-01 12:26:13.014 18943 19206 I global  :  RENO - ObjectDetection.sleeveColorDetect(ObjectDetection.java:125): Start Opcv process to detect sleeve color.
02-01 12:26:13.016 18943 19206 I global  :  RENO - ObjectDetection.sleeveColorDetect(ObjectDetection.java:132): Sleeve max color = 381580.00, 307303.00, 292481.00
02-01 12:26:13.017 18943 19206 I global  :  RENO - ObjectDetection.sleeveColorDetect(ObjectDetection.java:151): Sleeve position: LEFT
02-01 12:26:13.044 18943 19206 I global  :  RENO - ObjectDetection.sleeveColorDetect(ObjectDetection.java:125): Start Opcv process to detect sleeve color.
02-01 12:26:13.046 18943 19206 I global  :  RENO - ObjectDetection.sleeveColorDetect(ObjectDetection.java:132): Sleeve max color = 381585.00, 307498.00, 292503.00
02-01 12:26:13.048 18943 19206 I global  :  RENO - ObjectDetection.sleeveColorDetect(ObjectDetection.java:151): Sleeve position: LEFT
02-01 12:26:13.080 18943 19085 V Robocol : received command: CMD_RUN_OP_MODE(10500) auto RR right
02-01 12:26:13.082 18943 19206 I global  :  RENO - ObjectDetection.sleeveColorDetect(ObjectDetection.java:125): Start Opcv process to detect sleeve color.
02-01 12:26:13.083 18943 19206 I global  :  RENO - ObjectDetection.sleeveColorDetect(ObjectDetection.java:132): Sleeve max color = 381566.00, 307437.00, 292692.00
02-01 12:26:13.084 18943 19206 I global  :  RENO - ObjectDetection.sleeveColorDetect(ObjectDetection.java:151): Sleeve position: LEFT
02-01 12:26:13.086 18943 18943 I OpModeThread: type=1400 audit(0.0:1054): avc: denied { read } for name="direction" dev="sysfs" ino=16707 scontext=u:r:untrusted_app:s0:c512,c768 tcontext=u:object_r:sysfs:s0 tclass=file permissive=1
02-01 12:26:13.086 18943 18943 I OpModeThread: type=1400 audit(0.0:1055): avc: denied { open } for path="/sys/devices/pinctrl.26/gpio/gpio85/direction" dev="sysfs" ino=16707 scontext=u:r:untrusted_app:s0:c512,c768 tcontext=u:object_r:sysfs:s0 tclass=file permissive=1
02-01 12:26:13.086 18943 18943 I OpModeThread: type=1400 audit(0.0:1056): avc: denied { getattr } for path="/sys/devices/pinctrl.26/gpio/gpio85/direction" dev="sysfs" ino=16707 scontext=u:r:untrusted_app:s0:c512,c768 tcontext=u:object_r:sysfs:s0 tclass=file permissive=1
02-01 12:26:13.089 18943 18943 I OpModeThread: type=1400 audit(0.0:1057): avc: denied { write } for name="value" dev="sysfs" ino=16705 scontext=u:r:untrusted_app:s0:c512,c768 tcontext=u:object_r:sysfs:s0 tclass=file permissive=1
02-01 12:26:13.110 18943 19088 V Robocol : sending CMD_NOTIFY_RUN_OP_MODE(557), attempt: 0
02-01 12:26:13.113 18943 19206 I global  :  RENO - ObjectDetection.sleeveColorDetect(ObjectDetection.java:125): Start Opcv process to detect sleeve color.
02-01 12:26:13.114 18943 19206 I global  :  RENO - ObjectDetection.sleeveColorDetect(ObjectDetection.java:132): Sleeve max color = 381591.00, 307458.00, 292437.00
02-01 12:26:13.115 18943 19206 I global  :  RENO - ObjectDetection.sleeveColorDetect(ObjectDetection.java:151): Sleeve position: LEFT
02-01 12:26:13.144 18943 19206 I global  :  RENO - ObjectDetection.sleeveColorDetect(ObjectDetection.java:125): Start Opcv process to detect sleeve color.
02-01 12:26:13.145 18943 19206 I global  :  RENO - ObjectDetection.sleeveColorDetect(ObjectDetection.java:132): Sleeve max color = 381580.00, 307509.00, 292796.00
02-01 12:26:13.146 18943 19206 I global  :  RENO - ObjectDetection.sleeveColorDetect(ObjectDetection.java:151): Sleeve position: LEFT
02-01 12:26:13.180 18943 19206 I global  :  RENO - ObjectDetection.sleeveColorDetect(ObjectDetection.java:125): Start Opcv process to detect sleeve color.
02-01 12:26:13.182 18943 19206 I global  :  RENO - ObjectDetection.sleeveColorDetect(ObjectDetection.java:132): Sleeve max color = 381576.00, 307350.00, 292590.00
02-01 12:26:13.183 18943 19206 I global  :  RENO - ObjectDetection.sleeveColorDetect(ObjectDetection.java:151): Sleeve position: LEFT
02-01 12:26:13.212 18943 19206 I global  :  RENO - ObjectDetection.sleeveColorDetect(ObjectDetection.java:125): Start Opcv process to detect sleeve color.
02-01 12:26:13.215 18943 19206 I global  :  RENO - ObjectDetection.sleeveColorDetect(ObjectDetection.java:132): Sleeve max color = 381576.00, 307373.00, 292292.00
02-01 12:26:13.215 18943 19206 I global  :  RENO - ObjectDetection.sleeveColorDetect(ObjectDetection.java:151): Sleeve position: LEFT
02-01 12:26:13.244 18943 19206 I global  :  RENO - ObjectDetection.sleeveColorDetect(ObjectDetection.java:125): Start Opcv process to detect sleeve color.
02-01 12:26:13.245 18943 19206 I global  :  RENO - ObjectDetection.sleeveColorDetect(ObjectDetection.java:132): Sleeve max color = 381585.00, 307450.00, 292229.00
02-01 12:26:13.246 18943 19206 I global  :  RENO - ObjectDetection.sleeveColorDetect(ObjectDetection.java:151): Sleeve position: LEFT
02-01 12:26:13.280 18943 19206 I global  :  RENO - ObjectDetection.sleeveColorDetect(ObjectDetection.java:125): Start Opcv process to detect sleeve color.
02-01 12:26:13.282 18943 19206 I global  :  RENO - ObjectDetection.sleeveColorDetect(ObjectDetection.java:132): Sleeve max color = 381580.00, 307150.00, 292190.00
02-01 12:26:13.283 18943 19206 I global  :  RENO - ObjectDetection.sleeveColorDetect(ObjectDetection.java:151): Sleeve position: LEFT
02-01 12:26:13.313 18943 19206 I global  :  RENO - ObjectDetection.sleeveColorDetect(ObjectDetection.java:125): Start Opcv process to detect sleeve color.
02-01 12:26:13.314 18943 19206 I global  :  RENO - ObjectDetection.sleeveColorDetect(ObjectDetection.java:132): Sleeve max color = 381581.00, 307387.00, 292669.00
02-01 12:26:13.315 18943 19206 I global  :  RENO - ObjectDetection.sleeveColorDetect(ObjectDetection.java:151): Sleeve position: LEFT
02-01 12:26:13.344 18943 19206 I global  :  RENO - ObjectDetection.sleeveColorDetect(ObjectDetection.java:125): Start Opcv process to detect sleeve color.
02-01 12:26:13.346 18943 19206 I global  :  RENO - ObjectDetection.sleeveColorDetect(ObjectDetection.java:132): Sleeve max color = 381595.00, 307310.00, 292273.00
02-01 12:26:13.347 18943 19206 I global  :  RENO - ObjectDetection.sleeveColorDetect(ObjectDetection.java:151): Sleeve position: LEFT
02-01 12:26:13.380 18943 19206 I global  :  RENO - ObjectDetection.sleeveColorDetect(ObjectDetection.java:125): Start Opcv process to detect sleeve color.
02-01 12:26:13.382 18943 19206 I global  :  RENO - ObjectDetection.sleeveColorDetect(ObjectDetection.java:132): Sleeve max color = 381587.00, 307536.00, 292433.00
02-01 12:26:13.383 18943 19206 I global  :  RENO - ObjectDetection.sleeveColorDetect(ObjectDetection.java:151): Sleeve position: LEFT
02-01 12:26:13.413 18943 19206 I global  :  RENO - ObjectDetection.sleeveColorDetect(ObjectDetection.java:125): Start Opcv process to detect sleeve color.
02-01 12:26:13.414 18943 19206 I global  :  RENO - ObjectDetection.sleeveColorDetect(ObjectDetection.java:132): Sleeve max color = 381585.00, 307350.00, 292393.00
02-01 12:26:13.415 18943 19206 I global  :  RENO - ObjectDetection.sleeveColorDetect(ObjectDetection.java:151): Sleeve position: LEFT
02-01 12:26:13.444 18943 19206 I global  :  RENO - ObjectDetection.sleeveColorDetect(ObjectDetection.java:125): Start Opcv process to detect sleeve color.
02-01 12:26:13.445 18943 19206 I global  :  RENO - ObjectDetection.sleeveColorDetect(ObjectDetection.java:132): Sleeve max color = 381584.00, 307391.00, 292578.00
02-01 12:26:13.446 18943 19206 I global  :  RENO - ObjectDetection.sleeveColorDetect(ObjectDetection.java:151): Sleeve position: LEFT
02-01 12:26:13.480 18943 19206 I global  :  RENO - ObjectDetection.sleeveColorDetect(ObjectDetection.java:125): Start Opcv process to detect sleeve color.
02-01 12:26:13.482 18943 19206 I global  :  RENO - ObjectDetection.sleeveColorDetect(ObjectDetection.java:132): Sleeve max color = 381587.00, 307730.00, 292657.00
02-01 12:26:13.483 18943 19206 I global  :  RENO - ObjectDetection.sleeveColorDetect(ObjectDetection.java:151): Sleeve position: LEFT
02-01 12:26:13.489 18943 19198 I System.out: stopRecordingPipeline()
02-01 12:26:13.489 18943 19198 I System.out: ...stopRecordingPipeline()
02-01 12:26:13.489 18943 19198 D UsbResiliantWebcam|DelCaptureSession: stopCapture()...
02-01 12:26:13.489 18943 19198 D UsbResiliantWebcam|DelCaptureSequence: undoStreaming()...
02-01 12:26:13.489 18943 19198 D UvcApiCaptureSession: stopCapture()...
02-01 12:26:13.489 18943 19198 D Uvc     : [jni_streamhandle.cpp:184] Java_org_firstinspires_ftc_robotcore_internal_camera_libuvc_nativeobject_UvcStreamHandle_nativeStopStreaming()...
02-01 12:26:13.489 18943 19198 V Uvc     : API: Java_org_firstinspires_ftc_robotcore_internal_camera_libuvc_nativeobject_UvcStreamHandle_nativeStopStreaming: enter...
02-01 12:26:13.489 18943 19198 D Uvc     : [stream.cpp:1514] uvc_stream_stop()...
02-01 12:26:13.489 18943 19198 D UvcStream: [stream.cpp:1542] cancelling extant transfers
02-01 12:26:13.496 18943 18943 D OpenCvViewport: surfaceDestroyed()
02-01 12:26:13.496 18943 18943 D OpenCvViewport: CheckState(): lifecycle mandates deactivation regardless of user
02-01 12:26:13.496 18943 18943 D OpenCvViewport: CheckState(): deactivating viewport
02-01 12:26:13.497 18943 19204 W System.err: java.lang.InterruptedException
02-01 12:26:13.497 18943 19204 W System.err: 	at java.lang.Object.wait(Native Method)
02-01 12:26:13.497 18943 19204 W System.err: 	at org.firstinspires.ftc.robotcore.internal.collections.EvictingBlockingQueue.take(EvictingBlockingQueue.java:143)
02-01 12:26:13.498 18943 19204 W System.err: 	at org.openftc.easyopencv.OpenCvViewport$RenderThread.run(OpenCvViewport.java:554)
02-01 12:26:13.498 18943 19204 D OpenCvViewportRenderThread: About to exit
02-01 12:26:13.498 18943 18943 D OpenCvViewport: ...surfaceDestroyed()
02-01 12:26:13.526 18943 19198 D Uvc     : [stream.cpp:1471] (waitForAllTransfers(waiting for cancelled transfers))...
02-01 12:26:13.528 18943 19198 D UvcStream: [stream.cpp:1485] no extant active transfers: continuing
02-01 12:26:13.528 18943 19198 D Uvc     : [stream.cpp:1471] ...()
02-01 12:26:13.528 18943 19198 D Uvc     : [stream.cpp:1189] uvc_stream_handle::stopIsochronousStreaming()...
02-01 12:26:13.528 18943 19198 D Uvc     : [libuvc/libuvc_internal.h:825] uvc_device_handle::setInterfaceAltSetting(setInterfaceAltSetting(intf=1 alt=0))...
02-01 12:26:13.528 18943 19198 D UvcDevice: setInterfaceAltSetting(1,0)
02-01 12:26:13.529 18943 19198 D UvcDevice: setInterfaceAltSetting(1,0) succeeded
02-01 12:26:13.529 18943 19198 D Uvc     : [libuvc/libuvc_internal.h:825] ...uvc_device_handle::setInterfaceAltSetting() rc=0
02-01 12:26:13.529 18943 19198 D Uvc     : [stream.cpp:1189] ...uvc_stream_handle::stopIsochronousStreaming() rc=0
02-01 12:26:13.529 18943 19198 D UvcStream: [stream.cpp:1558] awakening user thread
02-01 12:26:13.529 18943 19198 D UvcStream: [stream.cpp:1567] waiting for user callback thread to finish
02-01 12:26:13.529 18943 19198 D Uvc     : [stream.cpp:1514] ...uvc_stream_stop() rc=0
02-01 12:26:13.529 18943 19206 D UvcStream: [stream.cpp:1329] user callback thread stopped
02-01 12:26:13.529 18943 19198 V Uvc     : API: Java_org_firstinspires_ftc_robotcore_internal_camera_libuvc_nativeobject_UvcStreamHandle_nativeStopStreaming: ...exit
02-01 12:26:13.529 18943 19198 D Uvc     : [jni_streamhandle.cpp:184] ...Java_org_firstinspires_ftc_robotcore_internal_camera_libuvc_nativeobject_UvcStreamHandle_nativeStopStreaming()
02-01 12:26:13.530 18943 19198 V UvcFrameCallback: destroy(hash=0x07ddd220)
02-01 12:26:13.531 18943 19198 V UvcFrameCallbackData: destroy(pointer=0xc5c97148)
02-01 12:26:13.534 18943 19198 V Uvc     : API: Java_org_firstinspires_ftc_robotcore_internal_camera_libuvc_nativeobject_UvcFrameCallback_nativeReleaseCallbackState: enter...
02-01 12:26:13.534 18943 19198 V Uvc     : API: Java_org_firstinspires_ftc_robotcore_internal_camera_libuvc_nativeobject_UvcFrameCallback_nativeReleaseCallbackState: ...exit
02-01 12:26:13.535 18943 19198 V UvcStreamHandle: destroy(pointer=0xcc0a4780)
02-01 12:26:13.535 18943 19198 D Uvc     : [jni_streamhandle.cpp:184] Java_org_firstinspires_ftc_robotcore_internal_camera_libuvc_nativeobject_UvcStreamHandle_nativeStopStreaming()...
02-01 12:26:13.535 18943 19198 V Uvc     : API: Java_org_firstinspires_ftc_robotcore_internal_camera_libuvc_nativeobject_UvcStreamHandle_nativeStopStreaming: enter...
02-01 12:26:13.535 18943 19198 D Uvc     : [stream.cpp:1514] uvc_stream_stop()...
02-01 12:26:13.535 18943 19198 D Uvc     : [stream.cpp:1514] ...uvc_stream_stop() rc=0
02-01 12:26:13.535 18943 19198 V Uvc     : API: Java_org_firstinspires_ftc_robotcore_internal_camera_libuvc_nativeobject_UvcStreamHandle_nativeStopStreaming: ...exit
02-01 12:26:13.535 18943 19198 D Uvc     : [jni_streamhandle.cpp:184] ...Java_org_firstinspires_ftc_robotcore_internal_camera_libuvc_nativeobject_UvcStreamHandle_nativeStopStreaming()
02-01 12:26:13.536 18943 19198 D Uvc     : [jni_streamhandle.cpp:200] Java_org_firstinspires_ftc_robotcore_internal_camera_libuvc_nativeobject_UvcStreamHandle_nativeCloseStreamHandle()...
02-01 12:26:13.536 18943 19198 V Uvc     : API: Java_org_firstinspires_ftc_robotcore_internal_camera_libuvc_nativeobject_UvcStreamHandle_nativeCloseStreamHandle: enter...
02-01 12:26:13.536 18943 19198 D Uvc     : [stream.cpp:1584] uvc_stream_close()...
02-01 12:26:13.536 18943 19198 D Uvc     : [streamhandle.cpp:45] uvc_stream_handle::~uvc_stream_handle()...
02-01 12:26:13.536 18943 19198 D Uvc     : [streamhandle.cpp:66] uvc_stream_handle::releaseInterface()...
02-01 12:26:13.536 18943 19198 D Uvc     : [libuvc/libuvc_internal.h:793] uvc_device_handle::releaseInterface()...
02-01 12:26:13.536 18943 19198 D UvcDevice: releaseInterface(1)
02-01 12:26:13.537 18943 19198 D UvcDevice: releaseInterface(1) succeeded
02-01 12:26:13.537 18943 19198 D Uvc     : [libuvc/libuvc_internal.h:793] ...uvc_device_handle::releaseInterface() rc=0
02-01 12:26:13.537 18943 19198 D Uvc     : [streamhandle.cpp:66] ...uvc_stream_handle::releaseInterface()
02-01 12:26:13.537 18943 19198 D Uvc     : [streamhandle.cpp:45] ...uvc_stream_handle::~uvc_stream_handle()
02-01 12:26:13.537 18943 19198 D Uvc     : [stream.cpp:1584] ...uvc_stream_close()
02-01 12:26:13.537 18943 19198 V Uvc     : API: Java_org_firstinspires_ftc_robotcore_internal_camera_libuvc_nativeobject_UvcStreamHandle_nativeCloseStreamHandle: ...exit
02-01 12:26:13.537 18943 19198 D Uvc     : [jni_streamhandle.cpp:200] ...Java_org_firstinspires_ftc_robotcore_internal_camera_libuvc_nativeobject_UvcStreamHandle_nativeCloseStreamHandle()
02-01 12:26:13.538 18943 19198 V UvcApiCameraCaptureSequence: destroy(hash=0x08055652)
02-01 12:26:13.538 18943 19205 D RobotCore: capture sequence DelegatingCaptureSequenceId(1) reports completed: lastFrame=244
02-01 12:26:13.538 18943 19198 D UvcApiCaptureSession: ...stopCapture()
02-01 12:26:13.538 18943 19198 D UvcApiCaptureSession: doClose()...
02-01 12:26:13.538 18943 19198 D UvcApiCaptureSession: ...doClose()
02-01 12:26:13.539 18943 19103 D UsbResiliantWebcam|DelCaptureSession: camera session is closed: Webcam(D5386480)
02-01 12:26:13.539 18943 19198 D UsbResiliantWebcam|DelCaptureSequence: ...undoStreaming()
02-01 12:26:13.539 18943 19103 V UvcApiCaptureSession: destroy(hash=0x0a11fadd)
02-01 12:26:13.539 18943 19198 V UsbResiliantWebcam|DelCaptureSequence: destroy(hash=0x068d7eb4)
02-01 12:26:13.539 18943 19205 D RobotCore: capture sequence DelegatingCaptureSequenceId(1) reports completed: lastFrame=244
02-01 12:26:13.539 18943 19198 D UsbResiliantWebcam|DelCaptureSession: ...stopCapture()
02-01 12:26:13.539 18943 19103 D UvcApiCaptureSession: destructor...
02-01 12:26:13.539 18943 19103 D UvcApiCaptureSession: ...destructor
02-01 12:26:13.539 18943 19198 D UsbResiliantWebcam|DelCaptureSession: doClose()...
02-01 12:26:13.540 18943 19198 D UsbResiliantWebcam|DelCaptureSession: ...doClose()
02-01 12:26:13.540 18943 19198 V UsbResiliantWebcam|DelCaptureSession: destroy(hash=0x08d0c3c6)
02-01 12:26:13.540 18943 19198 D UsbResiliantWebcam|DelCaptureSession: destructor()...
02-01 12:26:13.541 18943 19198 D UsbResiliantWebcam|DelCaptureSession: ...destructor()
02-01 12:26:13.541 18943 19198 V CameraImpl: destroy(hash=0x06a1ca08)
02-01 12:26:13.541 18943 19198 D UsbResiliantWebcam: CameraImpl.destructor()...
02-01 12:26:13.542 18943 19198 D UsbResiliantWebcam: externalDestructor()...
02-01 12:26:13.542 18943 19103 D CameraManager: camera reports closed: CameraImpl(UsbResiliantWebcam(Webcam(D5386480)))
02-01 12:26:13.542 18943 19198 V CameraImpl: destroy(hash=0x0fede916)
02-01 12:26:13.543 18943 19198 D UvcDeviceHandle: CameraImpl.destructor()...
02-01 12:26:13.543 18943 19198 D UvcDeviceHandle: externalDestructor()...
02-01 12:26:13.544 18943 19198 D UsbResiliantWebcam: changeDelegatedCamera(CameraImpl(UvcDeviceHandle(pointer=0xc5d1b800|UvcDevice(/dev/bus/usb/003/004)))->null)...
02-01 12:26:13.545 18943 19198 D CachingExposureControl: onCameraChanged(CameraImpl(UvcDeviceHandle(pointer=0xc5d1b800|UvcDevice(/dev/bus/usb/003/004)))->null)...
02-01 12:26:13.545 18943 19198 D CachingExposureControl: ...onCameraChanged(CameraImpl(UvcDeviceHandle(pointer=0xc5d1b800|UvcDevice(/dev/bus/usb/003/004)))->null)
02-01 12:26:13.545 18943 19198 D UsbResiliantWebcam: ...changeDelegatedCamera(CameraImpl(UvcDeviceHandle(pointer=0xc5d1b800|UvcDevice(/dev/bus/usb/003/004)))->null)
02-01 12:26:13.545 18943 19198 D UvcDeviceHandle: ...externalDestructor()
02-01 12:26:13.546 18943 19198 V UvcDeviceHandle: destroy(pointer=0xc5d1b800)
02-01 12:26:13.546 18943 19198 D UvcDeviceHandle: destructor...
02-01 12:26:13.547 18943 19198 D Uvc     : [jni_devicehandle.cpp:87] Java_org_firstinspires_ftc_robotcore_internal_camera_libuvc_nativeobject_UvcDeviceHandle_nativeReleaseRefDeviceHandle()...
02-01 12:26:13.547 18943 19198 V Uvc     : API: Java_org_firstinspires_ftc_robotcore_internal_camera_libuvc_nativeobject_UvcDeviceHandle_nativeReleaseRefDeviceHandle: enter...
02-01 12:26:13.547 18943 19198 D Uvc     : [libuvc/libuvc_internal.h:872] uvc_device_handle::~uvc_device_handle()...
02-01 12:26:13.547 18943 19198 D Uvc     : [libuvc/libuvc_internal.h:840] uvc_device_handle::deconstruct()...
02-01 12:26:13.547 18943 19198 D Uvc     : [libuvc/libuvc_internal.h:751] uvc_device_handle::stop()...
02-01 12:26:13.547 18943 19198 D Uvc     : [libuvc/libuvc_internal.h:751] ...uvc_device_handle::stop()
02-01 12:26:13.547 18943 19198 D Uvc     : [libuvc/libuvc_internal.h:865] uvc_device_handle::close()...
02-01 12:26:13.547 18943 19198 E libusb  : [32.596758] [00004afe] libusb: error [do_close] Device handle closed while transfer was still being processed, but the device is still connected as far as we know
02-01 12:26:13.547 18943 19198 E libusb  : [32.596855] [00004afe] libusb: error [do_close] A cancellation hasn't even been scheduled on the transfer for which the device is closing
02-01 12:26:13.547 18943 19198 D Uvc     : [libuvc/libuvc_internal.h:865] ...uvc_device_handle::close()
02-01 12:26:13.547 18943 19198 D Uvc     : [libuvc/libuvc_internal.h:840] ...uvc_device_handle::deconstruct()
02-01 12:26:13.547 18943 19198 D Uvc     : [device.cpp:433] uvc_free_device_info()...
02-01 12:26:13.548 18943 19198 D Uvc     : [device.cpp:433] ...uvc_free_device_info()
02-01 12:26:13.548 18943 19198 D Uvc     : [libuvc/libuvc_internal.h:872] ...uvc_device_handle::~uvc_device_handle()
02-01 12:26:13.548 18943 19198 V Uvc     : API: Java_org_firstinspires_ftc_robotcore_internal_camera_libuvc_nativeobject_UvcDeviceHandle_nativeReleaseRefDeviceHandle: ...exit
02-01 12:26:13.548 18943 19198 D Uvc     : [jni_devicehandle.cpp:87] ...Java_org_firstinspires_ftc_robotcore_internal_camera_libuvc_nativeobject_UvcDeviceHandle_nativeReleaseRefDeviceHandle()
02-01 12:26:13.548 18943 19198 V UvcDevice: destroy(pointer=0xcc0d8160|/dev/bus/usb/003/004)
02-01 12:26:13.548 18943 19198 D UsbDeviceConnectionJNI: close
02-01 12:26:13.548 18943 19198 D Uvc     : [jni_device.cpp:126] Java_org_firstinspires_ftc_robotcore_internal_camera_libuvc_nativeobject_UvcDevice_nativeReleaseRefDevice()...
02-01 12:26:13.548 18943 19198 V Uvc     : API: Java_org_firstinspires_ftc_robotcore_internal_camera_libuvc_nativeobject_UvcDevice_nativeReleaseRefDevice: enter...
02-01 12:26:13.548 18943 19198 D Uvc     : [device.cpp:882] uvc_unref_device()...
02-01 12:26:13.551 18943 19198 D Uvc     : [device.cpp:882] ...uvc_unref_device()
02-01 12:26:13.551 18943 19198 V Uvc     : API: Java_org_firstinspires_ftc_robotcore_internal_camera_libuvc_nativeobject_UvcDevice_nativeReleaseRefDevice: ...exit
02-01 12:26:13.551 18943 19198 D Uvc     : [jni_device.cpp:126] ...Java_org_firstinspires_ftc_robotcore_internal_camera_libuvc_nativeobject_UvcDevice_nativeReleaseRefDevice()
02-01 12:26:13.551 18943 19198 V LibUsbDevice: destroy(pointer=0xcc0b1680)
02-01 12:26:13.551 18943 19198 D Uvc     : [jni_libusb_device.cpp:64] Java_org_firstinspires_ftc_robotcore_internal_camera_libuvc_nativeobject_LibUsbDevice_nativeReleaseRefDevice()...
02-01 12:26:13.551 18943 19198 D Uvc     : [jni_libusb_device.cpp:64] ...Java_org_firstinspires_ftc_robotcore_internal_camera_libuvc_nativeobject_LibUsbDevice_nativeReleaseRefDevice()
02-01 12:26:13.551 18943 19198 D UvcDeviceHandle: ...destructor
02-01 12:26:13.552 18943 19198 D UvcDeviceHandle: ...CameraImpl.destructor()
02-01 12:26:13.552 18943 19198 D UsbResiliantWebcam: ...externalDestructor()
02-01 12:26:13.552 18943 19198 V UsbResiliantWebcam: destroy(hash=0x02cdfad8)
02-01 12:26:13.552 18943 19198 D UsbResiliantWebcam: destructor()...
02-01 12:26:13.552 18943 19198 D UsbResiliantWebcam: ...destructor()
02-01 12:26:13.552 18943 19198 D UsbResiliantWebcam: ...CameraImpl.destructor()
02-01 12:26:16.169 18943 19198 I global  :  RENO - AutoRoadRunner.rrUnloadCone(AutoRoadRunner.java:336): Wait before unloading claw open.
02-01 12:26:16.232 18943 19198 I global  :  RENO - AutoRoadRunner.rrUnloadCone(AutoRoadRunner.java:340): Auto unload - Cone has been unloaded.
02-01 12:26:18.029 18943 19198 I global  :  RENO - AutoRoadRunner.moveFromJunctionToConeStack(AutoRoadRunner.java:353): Arrived cone stack
02-01 12:26:18.031 18943 19198 I global  :  RENO - AutoRoadRunner.moveFromJunctionToConeStack(AutoRoadRunner.java:354): traj1 end x = -11.50,  y = -61.50, angle = 270.00
02-01 12:26:18.032 18943 19198 I global  :  RENO - AutoRoadRunner.moveFromJunctionToConeStack(AutoRoadRunner.java:356): estimate end x = -11.61,  y = -61.62, angle = 270.25
02-01 12:26:18.436 18943 19198 I global  :  RENO - AutoRoadRunner.rrLoadCone(AutoRoadRunner.java:317): Wait before claw close.
02-01 12:26:18.444 18943 19198 I global  :  RENO - SlidersWith2Motors.waitRunningComplete(SlidersWith2Motors.java:147): Slider waiting time = 0.01 sec
02-01 12:26:18.612 18943 19198 I global  :  RENO - AutoRoadRunner.rrLoadCone(AutoRoadRunner.java:323): Wait before moving out cone stack.
02-01 12:26:20.438 18943 19198 I global  :  RENO - AutoRoadRunner.moveFromConeStackToJunction(AutoRoadRunner.java:372): Arrived junction
02-01 12:26:20.440 18943 19198 I global  :  RENO - AutoRoadRunner.moveFromConeStackToJunction(AutoRoadRunner.java:373): traj1 end x = -20.35,  y = -30.32, angle = 300.00
02-01 12:26:20.441 18943 19198 I global  :  RENO - AutoRoadRunner.moveFromConeStackToJunction(AutoRoadRunner.java:375): estimate end x = -20.54,  y = -30.03, angle = 299.88
02-01 12:26:20.557 18943 19198 I global  :  RENO - AutoRoadRunner.rrUnloadCone(AutoRoadRunner.java:336): Wait before unloading claw open.
02-01 12:26:20.619 18943 19198 I global  :  RENO - AutoRoadRunner.rrUnloadCone(AutoRoadRunner.java:340): Auto unload - Cone has been unloaded.
02-01 12:26:22.384 18943 19198 I global  :  RENO - AutoRoadRunner.moveFromJunctionToConeStack(AutoRoadRunner.java:353): Arrived cone stack
02-01 12:26:22.386 18943 19198 I global  :  RENO - AutoRoadRunner.moveFromJunctionToConeStack(AutoRoadRunner.java:354): traj1 end x = -11.50,  y = -61.50, angle = 270.00
02-01 12:26:22.387 18943 19198 I global  :  RENO - AutoRoadRunner.moveFromJunctionToConeStack(AutoRoadRunner.java:356): estimate end x = -11.61,  y = -61.54, angle = 270.21
02-01 12:26:22.767 18943 19198 I global  :  RENO - AutoRoadRunner.rrLoadCone(AutoRoadRunner.java:317): Wait before claw close.
02-01 12:26:22.791 18943 19198 I global  :  RENO - SlidersWith2Motors.waitRunningComplete(SlidersWith2Motors.java:147): Slider waiting time = 0.02 sec
02-01 12:26:22.960 18943 19198 I global  :  RENO - AutoRoadRunner.rrLoadCone(AutoRoadRunner.java:323): Wait before moving out cone stack.
02-01 12:26:24.753 18943 19198 I global  :  RENO - AutoRoadRunner.moveFromConeStackToJunction(AutoRoadRunner.java:372): Arrived junction
02-01 12:26:24.754 18943 19198 I global  :  RENO - AutoRoadRunner.moveFromConeStackToJunction(AutoRoadRunner.java:373): traj1 end x = -20.35,  y = -30.32, angle = 300.00
02-01 12:26:24.756 18943 19198 I global  :  RENO - AutoRoadRunner.moveFromConeStackToJunction(AutoRoadRunner.java:375): estimate end x = -20.53,  y = -30.04, angle = 299.97
02-01 12:26:24.870 18943 19198 I global  :  RENO - AutoRoadRunner.rrUnloadCone(AutoRoadRunner.java:336): Wait before unloading claw open.
02-01 12:26:24.932 18943 19198 I global  :  RENO - AutoRoadRunner.rrUnloadCone(AutoRoadRunner.java:340): Auto unload - Cone has been unloaded.
02-01 12:26:26.699 18943 19198 I global  :  RENO - AutoRoadRunner.moveFromJunctionToConeStack(AutoRoadRunner.java:353): Arrived cone stack
02-01 12:26:26.701 18943 19198 I global  :  RENO - AutoRoadRunner.moveFromJunctionToConeStack(AutoRoadRunner.java:354): traj1 end x = -11.50,  y = -61.50, angle = 270.00
02-01 12:26:26.702 18943 19198 I global  :  RENO - AutoRoadRunner.moveFromJunctionToConeStack(AutoRoadRunner.java:356): estimate end x = -11.64,  y = -61.50, angle = 269.91
02-01 12:26:27.073 18943 19198 I global  :  RENO - AutoRoadRunner.rrLoadCone(AutoRoadRunner.java:317): Wait before claw close.
02-01 12:26:27.184 18943 19198 I global  :  RENO - SlidersWith2Motors.waitRunningComplete(SlidersWith2Motors.java:147): Slider waiting time = 0.11 sec
02-01 12:26:27.349 18943 19198 I global  :  RENO - AutoRoadRunner.rrLoadCone(AutoRoadRunner.java:323): Wait before moving out cone stack.
02-01 12:26:29.151 18943 19198 I global  :  RENO - AutoRoadRunner.moveFromConeStackToJunction(AutoRoadRunner.java:372): Arrived junction
