01-24 11:08:05.897  9423  9611 I global  :  RENO - ObjectDetection.sleeveColorDetect(ObjectDetection.java:125): Start Opcv process to detect sleeve color.
01-24 11:08:05.899  9423  9611 I global  :  RENO - ObjectDetection.sleeveColorDetect(ObjectDetection.java:132): Sleeve max color = 128802.00, 163676.00, 162277.00
01-24 11:08:05.900  9423  9611 I global  :  RENO - ObjectDetection.sleeveColorDetect(ObjectDetection.java:151): Sleeve position: CENTER
01-24 11:08:05.949  9423  9611 I global  :  RENO - ObjectDetection.sleeveColorDetect(ObjectDetection.java:125): Start Opcv process to detect sleeve color.
01-24 11:08:05.951  9423  9611 I global  :  RENO - ObjectDetection.sleeveColorDetect(ObjectDetection.java:132): Sleeve max color = 132888.00, 163546.00, 153384.00
01-24 11:08:05.952  9423  9611 I global  :  RENO - ObjectDetection.sleeveColorDetect(ObjectDetection.java:151): Sleeve position: CENTER
01-24 11:08:05.997  9423  9611 I global  :  RENO - ObjectDetection.sleeveColorDetect(ObjectDetection.java:125): Start Opcv process to detect sleeve color.
01-24 11:08:05.999  9423  9611 I global  :  RENO - ObjectDetection.sleeveColorDetect(ObjectDetection.java:132): Sleeve max color = 133148.00, 163366.00, 153469.00
01-24 11:08:06.000  9423  9611 I global  :  RENO - ObjectDetection.sleeveColorDetect(ObjectDetection.java:151): Sleeve position: CENTER
01-24 11:08:06.049  9423  9611 I global  :  RENO - ObjectDetection.sleeveColorDetect(ObjectDetection.java:125): Start Opcv process to detect sleeve color.
01-24 11:08:06.051  9423  9611 I global  :  RENO - ObjectDetection.sleeveColorDetect(ObjectDetection.java:132): Sleeve max color = 132759.00, 163402.00, 153165.00
01-24 11:08:06.052  9423  9611 I global  :  RENO - ObjectDetection.sleeveColorDetect(ObjectDetection.java:151): Sleeve position: CENTER
01-24 11:08:06.098  9423  9611 I global  :  RENO - ObjectDetection.sleeveColorDetect(ObjectDetection.java:125): Start Opcv process to detect sleeve color.
01-24 11:08:06.099  9423  9611 I global  :  RENO - ObjectDetection.sleeveColorDetect(ObjectDetection.java:132): Sleeve max color = 134182.00, 163053.00, 146339.00
01-24 11:08:06.100  9423  9611 I global  :  RENO - ObjectDetection.sleeveColorDetect(ObjectDetection.java:151): Sleeve position: CENTER
01-24 11:08:06.150  9423  9611 I global  :  RENO - ObjectDetection.sleeveColorDetect(ObjectDetection.java:125): Start Opcv process to detect sleeve color.
01-24 11:08:06.151  9423  9611 I global  :  RENO - ObjectDetection.sleeveColorDetect(ObjectDetection.java:132): Sleeve max color = 133706.00, 163420.00, 145332.00
01-24 11:08:06.152  9423  9611 I global  :  RENO - ObjectDetection.sleeveColorDetect(ObjectDetection.java:151): Sleeve position: CENTER
01-24 11:08:06.182  9423  9545 V Robocol : received command: CMD_RUN_OP_MODE(10231) auto RR right
01-24 11:08:06.198  9423  9611 I global  :  RENO - ObjectDetection.sleeveColorDetect(ObjectDetection.java:125): Start Opcv process to detect sleeve color.
01-24 11:08:06.199  9423  9611 I global  :  RENO - ObjectDetection.sleeveColorDetect(ObjectDetection.java:132): Sleeve max color = 133942.00, 163157.00, 145935.00
01-24 11:08:06.201  9423  9548 V Robocol : sending CMD_NOTIFY_RUN_OP_MODE(288), attempt: 0
01-24 11:08:06.201  9423  9611 I global  :  RENO - ObjectDetection.sleeveColorDetect(ObjectDetection.java:151): Sleeve position: CENTER
01-24 11:08:06.202  9423  9602 I System.out: stopRecordingPipeline()
01-24 11:08:06.202  9423  9602 I System.out: ...stopRecordingPipeline()
01-24 11:08:06.203  9423  9602 D UsbResiliantWebcam|DelCaptureSession: stopCapture()...
01-24 11:08:06.203  9423  9602 D UsbResiliantWebcam|DelCaptureSequence: undoStreaming()...
01-24 11:08:06.203  9423  9602 D UvcApiCaptureSession: stopCapture()...
01-24 11:08:06.204  9423  9602 D Uvc     : [jni_streamhandle.cpp:184] Java_org_firstinspires_ftc_robotcore_internal_camera_libuvc_nativeobject_UvcStreamHandle_nativeStopStreaming()...
01-24 11:08:06.204  9423  9602 V Uvc     : API: Java_org_firstinspires_ftc_robotcore_internal_camera_libuvc_nativeobject_UvcStreamHandle_nativeStopStreaming: enter...
01-24 11:08:06.204  9423  9602 D Uvc     : [stream.cpp:1514] uvc_stream_stop()...
01-24 11:08:06.204  9423  9602 D UvcStream: [stream.cpp:1542] cancelling extant transfers
01-24 11:08:06.214  9423  9423 D OpenCvViewport: surfaceDestroyed()
01-24 11:08:06.214  9423  9423 D OpenCvViewport: CheckState(): lifecycle mandates deactivation regardless of user
01-24 11:08:06.214  9423  9423 D OpenCvViewport: CheckState(): deactivating viewport
01-24 11:08:06.214  9423  9609 W System.err: java.lang.InterruptedException
01-24 11:08:06.215  9423  9609 W System.err: 	at java.lang.Object.wait(Native Method)
01-24 11:08:06.215  9423  9609 W System.err: 	at org.firstinspires.ftc.robotcore.internal.collections.EvictingBlockingQueue.take(EvictingBlockingQueue.java:143)
01-24 11:08:06.215  9423  9609 W System.err: 	at org.openftc.easyopencv.OpenCvViewport$RenderThread.run(OpenCvViewport.java:554)
01-24 11:08:06.215  9423  9609 D OpenCvViewportRenderThread: About to exit
01-24 11:08:06.215  9423  9423 D OpenCvViewport: ...surfaceDestroyed()
01-24 11:08:06.243  9423  9602 D Uvc     : [stream.cpp:1471] (waitForAllTransfers(waiting for cancelled transfers))...
01-24 11:08:06.245  9423  9602 D UvcStream: [stream.cpp:1485] no extant active transfers: continuing
01-24 11:08:06.245  9423  9602 D Uvc     : [stream.cpp:1471] ...()
01-24 11:08:06.245  9423  9602 D Uvc     : [stream.cpp:1189] uvc_stream_handle::stopIsochronousStreaming()...
01-24 11:08:06.245  9423  9602 D Uvc     : [libuvc/libuvc_internal.h:825] uvc_device_handle::setInterfaceAltSetting(setInterfaceAltSetting(intf=1 alt=0))...
01-24 11:08:06.245  9423  9602 D UvcDevice: setInterfaceAltSetting(1,0)
01-24 11:08:06.246  9423  9602 D UvcDevice: setInterfaceAltSetting(1,0) succeeded
01-24 11:08:06.246  9423  9602 D Uvc     : [libuvc/libuvc_internal.h:825] ...uvc_device_handle::setInterfaceAltSetting() rc=0
01-24 11:08:06.246  9423  9602 D Uvc     : [stream.cpp:1189] ...uvc_stream_handle::stopIsochronousStreaming() rc=0
01-24 11:08:06.246  9423  9602 D UvcStream: [stream.cpp:1558] awakening user thread
01-24 11:08:06.247  9423  9602 D UvcStream: [stream.cpp:1567] waiting for user callback thread to finish
01-24 11:08:06.247  9423  9611 D UvcStream: [stream.cpp:1329] user callback thread stopped
01-24 11:08:06.247  9423  9602 D Uvc     : [stream.cpp:1514] ...uvc_stream_stop() rc=0
01-24 11:08:06.247  9423  9602 V Uvc     : API: Java_org_firstinspires_ftc_robotcore_internal_camera_libuvc_nativeobject_UvcStreamHandle_nativeStopStreaming: ...exit
01-24 11:08:06.247  9423  9602 D Uvc     : [jni_streamhandle.cpp:184] ...Java_org_firstinspires_ftc_robotcore_internal_camera_libuvc_nativeobject_UvcStreamHandle_nativeStopStreaming()
01-24 11:08:06.248  9423  9602 V UvcFrameCallback: destroy(hash=0x038f358f)
01-24 11:08:06.248  9423  9602 V UvcFrameCallbackData: destroy(pointer=0xcbb88970)
01-24 11:08:06.250  9423  9602 V Uvc     : API: Java_org_firstinspires_ftc_robotcore_internal_camera_libuvc_nativeobject_UvcFrameCallback_nativeReleaseCallbackState: enter...
01-24 11:08:06.250  9423  9602 V Uvc     : API: Java_org_firstinspires_ftc_robotcore_internal_camera_libuvc_nativeobject_UvcFrameCallback_nativeReleaseCallbackState: ...exit
01-24 11:08:06.250  9423  9602 V UvcStreamHandle: destroy(pointer=0xcf0254e0)
01-24 11:08:06.250  9423  9602 D Uvc     : [jni_streamhandle.cpp:184] Java_org_firstinspires_ftc_robotcore_internal_camera_libuvc_nativeobject_UvcStreamHandle_nativeStopStreaming()...
01-24 11:08:06.250  9423  9602 V Uvc     : API: Java_org_firstinspires_ftc_robotcore_internal_camera_libuvc_nativeobject_UvcStreamHandle_nativeStopStreaming: enter...
01-24 11:08:06.250  9423  9602 D Uvc     : [stream.cpp:1514] uvc_stream_stop()...
01-24 11:08:06.250  9423  9602 D Uvc     : [stream.cpp:1514] ...uvc_stream_stop() rc=0
01-24 11:08:06.250  9423  9602 V Uvc     : API: Java_org_firstinspires_ftc_robotcore_internal_camera_libuvc_nativeobject_UvcStreamHandle_nativeStopStreaming: ...exit
01-24 11:08:06.250  9423  9602 D Uvc     : [jni_streamhandle.cpp:184] ...Java_org_firstinspires_ftc_robotcore_internal_camera_libuvc_nativeobject_UvcStreamHandle_nativeStopStreaming()
01-24 11:08:06.253  9423  9602 D Uvc     : [jni_streamhandle.cpp:200] Java_org_firstinspires_ftc_robotcore_internal_camera_libuvc_nativeobject_UvcStreamHandle_nativeCloseStreamHandle()...
01-24 11:08:06.254  9423  9602 V Uvc     : API: Java_org_firstinspires_ftc_robotcore_internal_camera_libuvc_nativeobject_UvcStreamHandle_nativeCloseStreamHandle: enter...
01-24 11:08:06.254  9423  9602 D Uvc     : [stream.cpp:1584] uvc_stream_close()...
01-24 11:08:06.254  9423  9602 D Uvc     : [streamhandle.cpp:45] uvc_stream_handle::~uvc_stream_handle()...
01-24 11:08:06.254  9423  9602 D Uvc     : [streamhandle.cpp:66] uvc_stream_handle::releaseInterface()...
01-24 11:08:06.254  9423  9602 D Uvc     : [libuvc/libuvc_internal.h:793] uvc_device_handle::releaseInterface()...
01-24 11:08:06.254  9423  9602 D UvcDevice: releaseInterface(1)
01-24 11:08:06.254  9423  9602 D UvcDevice: releaseInterface(1) succeeded
01-24 11:08:06.254  9423  9602 D Uvc     : [libuvc/libuvc_internal.h:793] ...uvc_device_handle::releaseInterface() rc=0
01-24 11:08:06.255  9423  9602 D Uvc     : [streamhandle.cpp:66] ...uvc_stream_handle::releaseInterface()
01-24 11:08:06.255  9423  9602 D Uvc     : [streamhandle.cpp:45] ...uvc_stream_handle::~uvc_stream_handle()
01-24 11:08:06.255  9423  9602 D Uvc     : [stream.cpp:1584] ...uvc_stream_close()
01-24 11:08:06.255  9423  9602 V Uvc     : API: Java_org_firstinspires_ftc_robotcore_internal_camera_libuvc_nativeobject_UvcStreamHandle_nativeCloseStreamHandle: ...exit
01-24 11:08:06.255  9423  9602 D Uvc     : [jni_streamhandle.cpp:200] ...Java_org_firstinspires_ftc_robotcore_internal_camera_libuvc_nativeobject_UvcStreamHandle_nativeCloseStreamHandle()
01-24 11:08:06.256  9423  9610 D RobotCore: capture sequence DelegatingCaptureSequenceId(1) reports completed: lastFrame=27
01-24 11:08:06.256  9423  9602 V UvcApiCameraCaptureSequence: destroy(hash=0x07163a69)
01-24 11:08:06.256  9423  9602 D UvcApiCaptureSession: ...stopCapture()
01-24 11:08:06.256  9423  9602 D UvcApiCaptureSession: doClose()...
01-24 11:08:06.257  9423  9602 D UvcApiCaptureSession: ...doClose()
01-24 11:08:06.257  9423  9602 D UsbResiliantWebcam|DelCaptureSequence: ...undoStreaming()
01-24 11:08:06.257  9423  9562 D UsbResiliantWebcam|DelCaptureSession: camera session is closed: Webcam(D5386480)
01-24 11:08:06.257  9423  9562 V UvcApiCaptureSession: destroy(hash=0x03bc14f0)
01-24 11:08:06.257  9423  9562 D UvcApiCaptureSession: destructor...
01-24 11:08:06.258  9423  9562 D UvcApiCaptureSession: ...destructor
01-24 11:08:06.258  9423  9602 V UsbResiliantWebcam|DelCaptureSequence: destroy(hash=0x0e543933)
01-24 11:08:06.258  9423  9602 D UsbResiliantWebcam|DelCaptureSession: ...stopCapture()
01-24 11:08:06.258  9423  9610 D RobotCore: capture sequence DelegatingCaptureSequenceId(1) reports completed: lastFrame=27
01-24 11:08:06.258  9423  9602 D UsbResiliantWebcam|DelCaptureSession: doClose()...
01-24 11:08:06.259  9423  9602 D UsbResiliantWebcam|DelCaptureSession: ...doClose()
01-24 11:08:06.260  9423  9602 V UsbResiliantWebcam|DelCaptureSession: destroy(hash=0x0c64c46d)
01-24 11:08:06.260  9423  9602 D UsbResiliantWebcam|DelCaptureSession: destructor()...
01-24 11:08:06.260  9423  9602 D UsbResiliantWebcam|DelCaptureSession: ...destructor()
01-24 11:08:06.261  9423  9602 V CameraImpl: destroy(hash=0x0deb8a97)
01-24 11:08:06.261  9423  9602 D UsbResiliantWebcam: CameraImpl.destructor()...
01-24 11:08:06.261  9423  9602 D UsbResiliantWebcam: externalDestructor()...
01-24 11:08:06.262  9423  9602 V CameraImpl: destroy(hash=0x035261fd)
01-24 11:08:06.262  9423  9562 D CameraManager: camera reports closed: CameraImpl(UsbResiliantWebcam(Webcam(D5386480)))
01-24 11:08:06.262  9423  9602 D UvcDeviceHandle: CameraImpl.destructor()...
01-24 11:08:06.262  9423  9602 D UvcDeviceHandle: externalDestructor()...
01-24 11:08:06.263  9423  9602 D UsbResiliantWebcam: changeDelegatedCamera(CameraImpl(UvcDeviceHandle(pointer=0xc738da90|UvcDevice(/dev/bus/usb/003/004)))->null)...
01-24 11:08:06.264  9423  9602 D CachingExposureControl: onCameraChanged(CameraImpl(UvcDeviceHandle(pointer=0xc738da90|UvcDevice(/dev/bus/usb/003/004)))->null)...
01-24 11:08:06.264  9423  9602 D CachingExposureControl: ...onCameraChanged(CameraImpl(UvcDeviceHandle(pointer=0xc738da90|UvcDevice(/dev/bus/usb/003/004)))->null)
01-24 11:08:06.264  9423  9602 D UsbResiliantWebcam: ...changeDelegatedCamera(CameraImpl(UvcDeviceHandle(pointer=0xc738da90|UvcDevice(/dev/bus/usb/003/004)))->null)
01-24 11:08:06.265  9423  9602 D UvcDeviceHandle: ...externalDestructor()
01-24 11:08:06.265  9423  9602 V UvcDeviceHandle: destroy(pointer=0xc738da90)
01-24 11:08:06.265  9423  9602 D UvcDeviceHandle: destructor...
01-24 11:08:06.266  9423  9602 D Uvc     : [jni_devicehandle.cpp:87] Java_org_firstinspires_ftc_robotcore_internal_camera_libuvc_nativeobject_UvcDeviceHandle_nativeReleaseRefDeviceHandle()...
01-24 11:08:06.266  9423  9602 V Uvc     : API: Java_org_firstinspires_ftc_robotcore_internal_camera_libuvc_nativeobject_UvcDeviceHandle_nativeReleaseRefDeviceHandle: enter...
01-24 11:08:06.266  9423  9602 D Uvc     : [libuvc/libuvc_internal.h:872] uvc_device_handle::~uvc_device_handle()...
01-24 11:08:06.266  9423  9602 D Uvc     : [libuvc/libuvc_internal.h:840] uvc_device_handle::deconstruct()...
01-24 11:08:06.266  9423  9602 D Uvc     : [libuvc/libuvc_internal.h:751] uvc_device_handle::stop()...
01-24 11:08:06.266  9423  9602 D Uvc     : [libuvc/libuvc_internal.h:751] ...uvc_device_handle::stop()
01-24 11:08:06.266  9423  9602 D Uvc     : [libuvc/libuvc_internal.h:865] uvc_device_handle::close()...
01-24 11:08:06.266  9423  9602 E libusb  : [11.924470] [00002582] libusb: error [do_close] Device handle closed while transfer was still being processed, but the device is still connected as far as we know
01-24 11:08:06.266  9423  9602 E libusb  : [11.924523] [00002582] libusb: error [do_close] A cancellation hasn't even been scheduled on the transfer for which the device is closing
01-24 11:08:06.266  9423  9602 D Uvc     : [libuvc/libuvc_internal.h:865] ...uvc_device_handle::close()
01-24 11:08:06.266  9423  9602 D Uvc     : [libuvc/libuvc_internal.h:840] ...uvc_device_handle::deconstruct()
01-24 11:08:06.266  9423  9602 D Uvc     : [device.cpp:433] uvc_free_device_info()...
01-24 11:08:06.267  9423  9602 D Uvc     : [device.cpp:433] ...uvc_free_device_info()
01-24 11:08:06.267  9423  9602 D Uvc     : [libuvc/libuvc_internal.h:872] ...uvc_device_handle::~uvc_device_handle()
01-24 11:08:06.267  9423  9602 V Uvc     : API: Java_org_firstinspires_ftc_robotcore_internal_camera_libuvc_nativeobject_UvcDeviceHandle_nativeReleaseRefDeviceHandle: ...exit
01-24 11:08:06.267  9423  9602 D Uvc     : [jni_devicehandle.cpp:87] ...Java_org_firstinspires_ftc_robotcore_internal_camera_libuvc_nativeobject_UvcDeviceHandle_nativeReleaseRefDeviceHandle()
01-24 11:08:06.267  9423  9602 V UvcDevice: destroy(pointer=0xeabb2a70|/dev/bus/usb/003/004)
01-24 11:08:06.267  9423  9602 D UsbDeviceConnectionJNI: close
01-24 11:08:06.268  9423  9602 D Uvc     : [jni_device.cpp:126] Java_org_firstinspires_ftc_robotcore_internal_camera_libuvc_nativeobject_UvcDevice_nativeReleaseRefDevice()...
01-24 11:08:06.268  9423  9602 V Uvc     : API: Java_org_firstinspires_ftc_robotcore_internal_camera_libuvc_nativeobject_UvcDevice_nativeReleaseRefDevice: enter...
01-24 11:08:06.268  9423  9602 D Uvc     : [device.cpp:882] uvc_unref_device()...
01-24 11:08:06.270  9423  9602 D Uvc     : [device.cpp:882] ...uvc_unref_device()
01-24 11:08:06.270  9423  9602 V Uvc     : API: Java_org_firstinspires_ftc_robotcore_internal_camera_libuvc_nativeobject_UvcDevice_nativeReleaseRefDevice: ...exit
01-24 11:08:06.270  9423  9602 D Uvc     : [jni_device.cpp:126] ...Java_org_firstinspires_ftc_robotcore_internal_camera_libuvc_nativeobject_UvcDevice_nativeReleaseRefDevice()
01-24 11:08:06.270  9423  9602 V LibUsbDevice: destroy(pointer=0xcf030740)
01-24 11:08:06.270  9423  9602 D Uvc     : [jni_libusb_device.cpp:64] Java_org_firstinspires_ftc_robotcore_internal_camera_libuvc_nativeobject_LibUsbDevice_nativeReleaseRefDevice()...
01-24 11:08:06.270  9423  9602 D Uvc     : [jni_libusb_device.cpp:64] ...Java_org_firstinspires_ftc_robotcore_internal_camera_libuvc_nativeobject_LibUsbDevice_nativeReleaseRefDevice()
01-24 11:08:06.271  9423  9602 D UvcDeviceHandle: ...destructor
01-24 11:08:06.271  9423  9602 D UvcDeviceHandle: ...CameraImpl.destructor()
01-24 11:08:06.271  9423  9602 D UsbResiliantWebcam: ...externalDestructor()
01-24 11:08:06.271  9423  9602 V UsbResiliantWebcam: destroy(hash=0x06b12266)
01-24 11:08:06.271  9423  9602 D UsbResiliantWebcam: destructor()...
01-24 11:08:06.272  9423  9602 D UsbResiliantWebcam: ...destructor()
01-24 11:08:06.272  9423  9602 D UsbResiliantWebcam: ...CameraImpl.destructor()
01-24 11:08:06.291  9423  9602 V RobotCore: thread: ...terminating 'OpModeThread'
01-24 11:08:06.293  9423  9574 I RobotCore: ******************** STOP - OPMODE /storage/emulated/0/FIRST/matchlogs/Match-0-auto_RR_right.txt ********************
01-24 11:08:06.299  9423  9574 E OpModeManager: User code threw an uncaught exception
01-24 11:08:06.299  9423  9618 I RobotCore: saving match logcat to /storage/emulated/0/FIRST/matchlogs/Match-0-auto_RR_right.txt
01-24 11:08:06.299  9423  9618 I RobotCore: logging command line: exec logcat -d -T '1-24 11:8:3.000' -f '/storage/emulated/0/FIRST/matchlogs/Match-0-auto_RR_right.txt' -n4 -v threadtime UsbRequestJNI:S UsbRequest:S art:W ThreadPool:W System:W ExtendedExtractor:W OMXClient:W MediaPlayer:W dalvikvm:W  *:V
01-24 11:08:06.305  9423  9574 E OpModeManager: com.acmerobotics.roadrunner.path.PathContinuityViolationException
01-24 11:08:06.309  9423  9574 E OpModeManager: 	at com.acmerobotics.roadrunner.path.PathBuilder.addSegment(PathBuilder.kt:144)
01-24 11:08:06.312  9423  9574 E OpModeManager: 	at com.acmerobotics.roadrunner.path.PathBuilder.lineToSplineHeading(PathBuilder.kt:205)
01-24 11:08:06.316  9423  9574 E OpModeManager: 	at com.acmerobotics.roadrunner.trajectory.BaseTrajectoryBuilder.lineToSplineHeading(BaseTrajectoryBuilder.kt:71)
01-24 11:08:06.320  9423  9574 E OpModeManager: 	at org.firstinspires.ftc.teamcode.AutoRoadRunner.autonomousCore(AutoRoadRunner.java:221)
01-24 11:08:06.322  9423  9574 E OpModeManager: 	at org.firstinspires.ftc.teamcode.AutoRoadRunner.runOpMode(AutoRoadRunner.java:200)
01-24 11:08:06.326  9423  9574 E OpModeManager: 	at com.qualcomm.robotcore.eventloop.opmode.LinearOpMode.internalRunOpMode(LinearOpMode.java:169)
01-24 11:08:06.331  9423  9574 E OpModeManager: 	at com.qualcomm.robotcore.eventloop.opmode.OpModeInternal.lambda$internalInit$1$com-qualcomm-robotcore-eventloop-opmode-OpModeInternal(OpModeInternal.java:180)
01-24 11:08:06.333  9423  9574 E OpModeManager: 	at com.qualcomm.robotcore.eventloop.opmode.OpModeInternal$$ExternalSyntheticLambda1.run(D8$$SyntheticClass)
01-24 11:08:06.334  9423  9574 E OpModeManager: 	at com.qualcomm.robotcore.util.ThreadPool.logThreadLifeCycle(ThreadPool.java:737)
01-24 11:08:06.336  9423  9574 E OpModeManager: 	at com.qualcomm.robotcore.eventloop.opmode.OpModeInternal.lambda$internalInit$2$com-qualcomm-robotcore-eventloop-opmode-OpModeInternal(OpModeInternal.java:178)
01-24 11:08:06.337  9423  9574 E OpModeManager: 	at com.qualcomm.robotcore.eventloop.opmode.OpModeInternal$$ExternalSyntheticLambda2.run(D8$$SyntheticClass)
01-24 11:08:06.338  9423  9574 E OpModeManager: 	at java.util.concurrent.ThreadPoolExecutor.runWorker(ThreadPoolExecutor.java:1133)
01-24 11:08:06.339  9423  9574 E OpModeManager: 	at java.util.concurrent.ThreadPoolExecutor$Worker.run(ThreadPoolExecutor.java:607)
01-24 11:08:06.340  9423  9574 E OpModeManager: 	at com.qualcomm.robotcore.util.ThreadPool$ThreadFactoryImpl$1.run(ThreadPool.java:793)
01-24 11:08:06.340  9423  9574 E OpModeManager: 	at java.lang.Thread.run(Thread.java:761)
01-24 11:08:06.343  9423  9574 I RobotCore: Attempting to switch to op mode $Stop$Robot$
01-24 11:08:06.344  9423  9574 D HardwareMap: Clearing which device instances have been retrieved
01-24 11:08:06.344  9423  9574 D HardwareMap: Clearing which device instances have been retrieved
01-24 11:08:06.346  9423  9623 V RobotCore: thread: 'OpModeThread' starting...
01-24 11:08:06.360  9423  9548 V Robocol : sending CMD_SHOW_STACKTRACE(292), attempt: 0
01-24 11:08:06.361  9423  9548 V Robocol : sending CMD_STREAM_CHANGE(295), attempt: 0
01-24 11:08:06.362  9423  9548 V Robocol : sending CMD_NOTIFY_INIT_OP_MODE(300), attempt: 0
01-24 11:08:06.389  9423  9618 I RobotCore: Done running exec logcat -d -T '1-24 11:8:3.000' -f '/storage/emulated/0/FIRST/matchlogs/Match-0-auto_RR_right.txt' -n4 -v threadtime UsbRequestJNI:S UsbRequest:S art:W ThreadPool:W System:W ExtendedExtractor:W OMXClient:W MediaPlayer:W dalvikvm:W  *:V
01-24 11:08:06.389  9423  9618 I RobotCore: exiting match logcat for /storage/emulated/0/FIRST/matchlogs/Match-0-auto_RR_right.txt
01-24 11:08:06.422  9423  9545 V Robocol : received command: CMD_RUN_OP_MODE(10242) $Stop$Robot$
01-24 11:08:06.441  9423  9548 V Robocol : sending CMD_NOTIFY_RUN_OP_MODE(308), attempt: 0
01-24 11:08:07.102  9423  9545 V Robocol : received command: CMD_INIT_OP_MODE(10256) $Stop$Robot$
01-24 11:08:07.118  9423  9623 V RobotCore: thread: ...terminating 'OpModeThread'
01-24 11:08:07.126  9423  9574 I RobotCore: Attempting to switch to op mode $Stop$Robot$
01-24 11:08:07.127  9423  9574 D HardwareMap: Clearing which device instances have been retrieved
01-24 11:08:07.128  9423  9574 D HardwareMap: Clearing which device instances have been retrieved
01-24 11:08:07.132  9423  9625 V RobotCore: thread: 'OpModeThread' starting...
01-24 11:08:07.160  9423  9548 V Robocol : sending CMD_NOTIFY_INIT_OP_MODE(329), attempt: 0
01-24 11:08:07.182  9423  9545 V Robocol : received command: CMD_RUN_OP_MODE(10264) $Stop$Robot$
01-24 11:08:07.201  9423  9548 V Robocol : sending CMD_NOTIFY_RUN_OP_MODE(335), attempt: 0
01-24 11:08:40.784  9423  9545 V Robocol : received command: CMD_SET_MATCH_NUMBER(10722) 0
01-24 11:08:40.786  9423  9545 V Robocol : received command: CMD_INIT_OP_MODE(10723) auto RR right
01-24 11:08:40.826  9423  9546 I RobotCore: ******************** START - OPMODE auto RR right ********************
01-24 11:08:40.832  9423  9625 V RobotCore: thread: ...terminating 'OpModeThread'
01-24 11:08:40.835  9423  9574 I RobotCore: Attempting to switch to op mode auto RR right
01-24 11:08:41.047  9423  9574 D HardwareMap: Clearing which device instances have been retrieved
01-24 11:08:41.048  9423  9574 D HardwareMap: Clearing which device instances have been retrieved
01-24 11:08:41.052  9423  9683 V RobotCore: thread: 'OpModeThread' starting...
01-24 11:08:41.054  9423  9683 I global  :  RENO - AutoRoadRunner.runOpMode(AutoRoadRunner.java:118): Status - Initialized
01-24 11:08:41.056  9423  9683 I System.out: OpenCvCameraBase ctor: EasyOpenCV version 1.5.2
01-24 11:08:41.079  9423  9684 D CameraManager: doOpenCamera()...
01-24 11:08:41.080  9423  9684 D CameraManager: requesting permission for camera: Webcam(D5386480)
01-24 11:08:41.081  9423  9548 V Robocol : sending CMD_NOTIFY_INIT_OP_MODE(807), attempt: 0
01-24 11:08:41.082  9423  9548 V Robocol : sending CMD_STREAM_CHANGE(808), attempt: 0
01-24 11:08:41.094  9423  9683 I I2C     : Automatically initializing I2C device LynxEmbeddedBNO055IMUNew (USB (embedded); module 173; bus 0; addr7=0x28)
01-24 11:08:41.094  9423  9683 V BNO055  : Suppressing I2C warnings while we check for a BNO055 IMU
01-24 11:08:41.098  9423  9683 V BNO055  : Found BNO055 IMU
01-24 11:08:41.099  9423  9684 D WebcamNameImpl: requesting permission for /dev/bus/usb/003/004
01-24 11:08:41.099  9423  9684 V WebcamNameImpl: asyncRequestUsbPermission()...
01-24 11:08:41.103  9423  9684 D WebcamNameImpl: permission already available for /dev/bus/usb/003/004
01-24 11:08:41.108  9423  9684 V WebcamNameImpl: ...asyncRequestUsbPermission()
01-24 11:08:41.109  9423  9685 D WebcamNameImpl: permission for /dev/bus/usb/003/004=true
01-24 11:08:41.109  9423  9684 D ContinuationSynchronizer: awaiting(camera open)...
01-24 11:08:41.109  9423  9685 D CameraManager: permission granted for camera: Webcam(D5386480)
01-24 11:08:41.110  9423  9685 D CameraManager: asyncOpenCamera(Webcam(D5386480))...
01-24 11:08:41.110  9423  9685 D CameraManager: asyncOpenWebcam(Webcam(D5386480))...
01-24 11:08:41.111  9423  9685 V UsbResiliantWebcam: construct(0x052ab276)
01-24 11:08:41.111  9423  9685 D UsbResiliantWebcam: openAssumingPermission()...
01-24 11:08:41.117  9423  9685 D UvcContext: found webcam: usbPath=/dev/bus/usb/003/004 vid=0x46D pid=0x825 serial=D5386480 product=C270 HD WEBCAM
01-24 11:08:41.117  9423  9423 D OpenCvViewport: surfaceCreated()
01-24 11:08:41.117  9423  9685 D Uvc     : [jni_context.cpp:120] Java_org_firstinspires_ftc_robotcore_internal_camera_libuvc_nativeobject_UvcContext_nativeCreateUvcDevice()...
01-24 11:08:41.117  9423  9423 D OpenCvViewport: ...surfaceCreated()
01-24 11:08:41.117  9423  9685 V Uvc     : API: Java_org_firstinspires_ftc_robotcore_internal_camera_libuvc_nativeobject_UvcContext_nativeCreateUvcDevice: enter...
01-24 11:08:41.117  9423  9423 D OpenCvViewport: surfaceChanged()
01-24 11:08:41.117  9423  9423 D OpenCvViewport: CheckState(): user requested that we deactivate
01-24 11:08:41.117  9423  9423 D OpenCvViewport: CheckState(): already deactivated
01-24 11:08:41.117  9423  9423 D OpenCvViewport: ...surfaceChanged()
01-24 11:08:41.119  9423  9685 D libusb  : [46.776781] [000025d5] libusb: debug [op_create] op_create: szUsbPath=/dev/bus/usb/003/004 szSysfsDir=3-1.4
01-24 11:08:41.119  9423  9685 D Uvc     : [device.cpp:613] uvc_create_uvc_device()...
01-24 11:08:41.119  9423  9685 D Uvc     : [libuvc/libuvc_internal.h:346] uvc_device::uvc_device()...
01-24 11:08:41.119  9423  9685 D Uvc     : [libuvc/libuvc_internal.h:375] acquired vid=1133 & pid=2085
01-24 11:08:41.119  9423  9685 D Uvc     : [libuvc/libuvc_internal.h:346] ...uvc_device::uvc_device()
01-24 11:08:41.119  9423  9685 D Uvc     : [device.cpp:613] ...uvc_create_uvc_device() rc=0
01-24 11:08:41.119  9423  9685 V Uvc     : API: Java_org_firstinspires_ftc_robotcore_internal_camera_libuvc_nativeobject_UvcContext_nativeCreateUvcDevice: ...exit
01-24 11:08:41.119  9423  9685 D Uvc     : [jni_context.cpp:120] ...Java_org_firstinspires_ftc_robotcore_internal_camera_libuvc_nativeobject_UvcContext_nativeCreateUvcDevice()
01-24 11:08:41.120  9423  9685 V UvcDevice: construct(pointer=0xeabb07e8|null)
01-24 11:08:41.121  9423  9685 D Uvc     : [jni_device.cpp:108] Java_org_firstinspires_ftc_robotcore_internal_camera_libuvc_nativeobject_UvcDevice_nativeGetLibUsbDevice()...
01-24 11:08:41.121  9423  9685 D Uvc     : [jni_device.cpp:108] ...Java_org_firstinspires_ftc_robotcore_internal_camera_libuvc_nativeobject_UvcDevice_nativeGetLibUsbDevice()
01-24 11:08:41.121  9423  9685 V LibUsbDevice: construct(pointer=0xcf030740)
01-24 11:08:41.121  9423  9685 D UvcContext: usb device is *not* UVC compatible, /dev/bus/usb/003/003
01-24 11:08:41.129  9423  9685 D UvcDevice: open()...
01-24 11:08:41.181  9423  9683 V BNO055  : Suppressing I2C warnings while we check for a BNO055 IMU
01-24 11:08:41.185  9423  9683 V BNO055  : Found BNO055 IMU
01-24 11:08:41.187  9423  9685 D Uvc     : [jni_device.cpp:50] Java_org_firstinspires_ftc_robotcore_internal_camera_libuvc_nativeobject_UvcDevice_nativeSetUsbDeviceInfo()...
01-24 11:08:41.187  9423  9685 D Uvc     : [jni_device.cpp:50] ...Java_org_firstinspires_ftc_robotcore_internal_camera_libuvc_nativeobject_UvcDevice_nativeSetUsbDeviceInfo()
01-24 11:08:41.187  9423  9685 D Uvc     : [jni_device.cpp:233] Java_org_firstinspires_ftc_robotcore_internal_camera_libuvc_nativeobject_UvcDevice_nativeOpenDeviceHandle()...
01-24 11:08:41.187  9423  9685 V Uvc     : API: Java_org_firstinspires_ftc_robotcore_internal_camera_libuvc_nativeobject_UvcDevice_nativeOpenDeviceHandle: enter...
01-24 11:08:41.187  9423  9685 D Uvc     : [device.cpp:279] uvc_open()...
01-24 11:08:41.187  9423  9685 D Uvc     : [libuvc/libuvc_internal.h:356] uvc_device::open()...
01-24 11:08:41.187  9423  9685 D libusb  : [46.845605] [000025d5] libusb: debug [op_open] op_open: szUsbPath=/dev/bus/usb/003/004
01-24 11:08:41.187  9423  9685 D Uvc     : [libuvc/libuvc_internal.h:356] ...uvc_device::open() rc=0
01-24 11:08:41.187  9423  9685 D Uvc     : [device.cpp:295] calling libusb_reset_device()...
01-24 11:08:41.338  9423  9683 I global  :  RENO - SlidersWith2Motors.init(SlidersWith2Motors.java:78): init slider motors.
01-24 11:08:41.340  9423  9683 I global  :  RENO - ArmClawUnit.init(ArmClawUnit.java:90): init servo motors for arm and claw.
01-24 11:08:41.664  9423  9545 V Robocol : received command: CMD_RUN_OP_MODE(10742) auto RR right
01-24 11:08:41.681  9423  9548 V Robocol : sending CMD_NOTIFY_RUN_OP_MODE(819), attempt: 0
01-24 11:08:41.754  9423  9685 D Uvc     : [device.cpp:303] ...libusb_reset_device() called
01-24 11:08:41.754  9423  9685 D Uvc     : [device.cpp:311] libusb_open() = 0
01-24 11:08:41.755  9423  9685 D Uvc     : [libuvc/libuvc_internal.h:732] uvc_device_handle::uvc_device_handle()...
01-24 11:08:41.755  9423  9685 D Uvc     : [libuvc/libuvc_internal.h:732] ...uvc_device_handle::uvc_device_handle()
01-24 11:08:41.755  9423  9685 D Uvc     : [device.cpp:386] uvc_get_device_info()...
01-24 11:08:41.755  9423  9685 D libusb  : [47.413056] [000025d5] libusb: debug [op_get_config_descriptor] op_get_config_descriptor: config_index=0
01-24 11:08:41.755  9423  9685 D libusb  : [47.413185] [000025d5] libusb: debug [op_get_config_descriptor] op_get_config_descriptor: config_index=0
01-24 11:08:41.755  9423  9685 D Uvc     : [device.cpp:986] uvc_scan_control()...
01-24 11:08:41.755  9423  9685 D Uvc     : [device.cpp:1041] uvc_parse_vc_header()...
01-24 11:08:41.755  9423  9685 D Uvc     : [device.cpp:1284] uvc_scan_streaming()...
01-24 11:08:41.756  9423  9685 D Uvc     : [device.cpp:1340] uvc_parse_vs_input_header()...
01-24 11:08:41.756  9423  9685 D Uvc     : [device.cpp:1340] ...uvc_parse_vs_input_header() rc=0
01-24 11:08:41.756  9423  9685 D Uvc     : [device.cpp:1389] uvc_parse_vs_format_uncompressed()...
01-24 11:08:41.756  9423  9685 D Uvc     : [device.cpp:1389] ...uvc_parse_vs_format_uncompressed() rc=0
01-24 11:08:41.757  9423  9685 V Uvc     : [device.cpp:1630] unsupported descriptor subtype: 13 UVC_VS_COLORFORMAT
01-24 11:08:41.757  9423  9685 D Uvc     : [device.cpp:1449] uvc_parse_vs_format_mjpeg()...
01-24 11:08:41.757  9423  9685 D Uvc     : [device.cpp:1449] ...uvc_parse_vs_format_mjpeg() rc=0
01-24 11:08:41.757  9423  9685 V Uvc     : [device.cpp:1630] unsupported descriptor subtype: 13 UVC_VS_COLORFORMAT
01-24 11:08:41.758  9423  9685 D Uvc     : [device.cpp:1284] ...uvc_scan_streaming() rc=0
01-24 11:08:41.758  9423  9685 D Uvc     : [device.cpp:1041] ...uvc_parse_vc_header() rc=0
01-24 11:08:41.758  9423  9685 D Uvc     : [device.cpp:1083] uvc_parse_vc_input_terminal()...
01-24 11:08:41.758  9423  9685 D Uvc     : [device.cpp:1083] ...uvc_parse_vc_input_terminal() rc=0
01-24 11:08:41.758  9423  9685 D Uvc     : [device.cpp:1156] uvc_parse_vc_processing_unit()...
01-24 11:08:41.758  9423  9685 D Uvc     : [device.cpp:1156] ...uvc_parse_vc_processing_unit() rc=0
01-24 11:08:41.758  9423  9685 D Uvc     : [device.cpp:986] ...uvc_scan_control() rc=0
01-24 11:08:41.758  9423  9685 D Uvc     : [device.cpp:386] ...uvc_get_device_info() rc=0
01-24 11:08:41.758  9423  9685 D Uvc     : [device.cpp:326] claiming control interface 0
01-24 11:08:41.758  9423  9685 D Uvc     : [libuvc/libuvc_internal.h:770] uvc_device_handle::claimInterface(idx=0)...
01-24 11:08:41.759  9423  9685 D UvcDevice: claimInterface(0)
01-24 11:08:41.759  9423  9685 D UvcDevice: claimInterface(0) succeeded
01-24 11:08:41.760  9423  9685 D Uvc     : [libuvc/libuvc_internal.h:783] claimInterface(0) succeeded
01-24 11:08:41.760  9423  9685 D Uvc     : [libuvc/libuvc_internal.h:770] ...uvc_device_handle::claimInterface() rc=0
01-24 11:08:41.760  9423  9685 D Uvc     : [device.cpp:279] ...uvc_open() rc=0
01-24 11:08:41.760  9423  9685 V Uvc     : API: Java_org_firstinspires_ftc_robotcore_internal_camera_libuvc_nativeobject_UvcDevice_nativeOpenDeviceHandle: ...exit
01-24 11:08:41.760  9423  9685 D Uvc     : [jni_device.cpp:233] ...Java_org_firstinspires_ftc_robotcore_internal_camera_libuvc_nativeobject_UvcDevice_nativeOpenDeviceHandle()
01-24 11:08:41.761  9423  9685 V UvcDeviceHandle: construct(pointer=0xc7389ff0)
01-24 11:08:41.762  9423  9685 V CameraImpl: construct(0x0c6644e4)
01-24 11:08:41.763  9423  9685 D UsbResiliantWebcam.InterveningStateCallback: onOpened() camera=CameraImpl(UvcDeviceHandle(pointer=0xc7389ff0|UvcDevice(/dev/bus/usb/003/004)))...
01-24 11:08:41.765  9423  9685 D UsbResiliantWebcam: changeDelegatedCamera(null->CameraImpl(UvcDeviceHandle(pointer=0xc7389ff0|UvcDevice(/dev/bus/usb/003/004))))...
01-24 11:08:41.766  9423  9685 D UvcApiFocusControl: isModeSupported(Auto)...
01-24 11:08:41.767  9423  9685 D UvcApiFocusControl: ...isModeSupported(Auto): false
01-24 11:08:41.767  9423  9685 D UvcApiFocusControl: isModeSupported(ContinuousAuto)...
01-24 11:08:41.768  9423  9685 D UvcApiFocusControl: ...isModeSupported(ContinuousAuto): false
01-24 11:08:41.768  9423  9685 D UvcApiFocusControl: isModeSupported(Macro)...
01-24 11:08:41.769  9423  9685 D UvcApiFocusControl: ...isModeSupported(Macro): false
01-24 11:08:41.769  9423  9685 D UvcApiFocusControl: isModeSupported(Infinity)...
01-24 11:08:41.769  9423  9685 D UvcApiFocusControl: ...isModeSupported(Infinity): false
01-24 11:08:41.770  9423  9685 D UvcApiFocusControl: isModeSupported(Fixed)...
01-24 11:08:41.770  9423  9685 D UvcApiFocusControl: ...isModeSupported(Fixed): true
01-24 11:08:41.771  9423  9685 D UvcApiFocusControl: isFocusLengthSupported...
01-24 11:08:41.771  9423  9685 D UvcApiFocusControl: ...isFocusLengthSupported: false
01-24 11:08:41.775  9423  9685 D CachingExposureControl: onCameraChanged(null->CameraImpl(UvcDeviceHandle(pointer=0xc7389ff0|UvcDevice(/dev/bus/usb/003/004))))...
01-24 11:08:41.775  9423  9685 D UvcApiExposureControl: isModeSupported(Auto)...
01-24 11:08:41.777  9423  9685 D UvcApiExposureControl: ...isModeSupported(Auto): false
01-24 11:08:41.778  9423  9685 D UvcApiExposureControl: isModeSupported(ContinuousAuto)...
01-24 11:08:41.780  9423  9685 D UvcApiExposureControl: ...isModeSupported(ContinuousAuto): false
01-24 11:08:41.780  9423  9685 D UvcApiExposureControl: isModeSupported(Manual)...
01-24 11:08:41.782  9423  9685 D UvcApiExposureControl: ...isModeSupported(Manual): true
01-24 11:08:41.783  9423  9685 D UvcApiExposureControl: isModeSupported(ShutterPriority)...
01-24 11:08:41.784  9423  9685 D UvcApiExposureControl: ...isModeSupported(ShutterPriority): false
01-24 11:08:41.785  9423  9685 D UvcApiExposureControl: isModeSupported(AperturePriority)...
01-24 11:08:41.787  9423  9685 D UvcApiExposureControl: ...isModeSupported(AperturePriority): true
01-24 11:08:41.787  9423  9685 D UvcApiExposureControl: isExposureSupported()...
01-24 11:08:41.787  9423  9685 D UvcApiExposureControl: ...isExposureSupported(): true
01-24 11:08:41.788  9423  9685 D UvcApiExposureControl: getMinExposure(NANOSECONDS)...
01-24 11:08:41.788  9423  9685 D Uvc     : [jni_devicehandle.cpp:645] Java_org_firstinspires_ftc_robotcore_internal_camera_libuvc_nativeobject_UvcDeviceHandle_nativeGetMinExposure()...
01-24 11:08:41.790  9423  9685 D Uvc     : [jni_devicehandle.cpp:645] ...Java_org_firstinspires_ftc_robotcore_internal_camera_libuvc_nativeobject_UvcDeviceHandle_nativeGetMinExposure()
01-24 11:08:41.790  9423  9685 D UvcApiExposureControl: ...getMinExposure(NANOSECONDS): 100000
01-24 11:08:41.791  9423  9685 D UvcApiExposureControl: getMaxExposure(NANOSECONDS)...
01-24 11:08:41.793  9423  9685 D UvcApiExposureControl: ...getMaxExposure(NANOSECONDS): 1000000000
01-24 11:08:41.793  9423  9685 D UvcApiExposureControl: setAePriority()...
01-24 11:08:41.795  9423  9685 D UvcApiExposureControl: ...setAePriority()
01-24 11:08:41.795  9423  9685 D UvcApiExposureControl: getMode()...
01-24 11:08:41.796  9423  9685 D Uvc     : [jni_devicehandle.cpp:493] Java_org_firstinspires_ftc_robotcore_internal_camera_libuvc_nativeobject_UvcDeviceHandle_nativeGetVuforiaExposureMode()...
01-24 11:08:41.797  9423  9685 D Uvc     : [jni_devicehandle.cpp:493] ...Java_org_firstinspires_ftc_robotcore_internal_camera_libuvc_nativeobject_UvcDeviceHandle_nativeGetVuforiaExposureMode()
01-24 11:08:41.797  9423  9685 D UvcApiExposureControl: ...getMode(): AperturePriority
01-24 11:08:41.800  9423  9685 D CachingExposureControl: ...onCameraChanged(null->CameraImpl(UvcDeviceHandle(pointer=0xc7389ff0|UvcDevice(/dev/bus/usb/003/004))))
01-24 11:08:41.800  9423  9685 D UvcApiPtzControl: getMinZoom()...
01-24 11:08:41.801  9423  9685 E UvcDeviceHandle: [jni_devicehandle.cpp:219] Failed to get min zoom : error -9
01-24 11:08:41.801  9423  9685 D UvcApiPtzControl: ...getMinZoom(): 0
01-24 11:08:41.802  9423  9685 D UvcApiPtzControl: getMaxZoom()...
01-24 11:08:41.803  9423  9685 E UvcDeviceHandle: [jni_devicehandle.cpp:242] Failed to get max zoom : error -9
01-24 11:08:41.803  9423  9685 D UvcApiPtzControl: ...getMaxZoom(): 0
01-24 11:08:41.803  9423  9685 D UvcApiPtzControl: getMinPanTilt()...
01-24 11:08:41.804  9423  9685 E UvcDeviceHandle: [jni_devicehandle.cpp:365] Failed to get min pan/tilt : error -9
01-24 11:08:41.805  9423  9685 D UvcApiPtzControl: ...getMinPanTilt(): org.firstinspires.ftc.robotcore.external.hardware.camera.controls.PtzControl$PanTiltHolder@ce0fd4d
01-24 11:08:41.805  9423  9685 D UvcApiPtzControl: getMaxPanTilt()...
01-24 11:08:41.806  9423  9685 E UvcDeviceHandle: [jni_devicehandle.cpp:333] Failed to get max pan/tilt : error -9
01-24 11:08:41.806  9423  9685 D UvcApiPtzControl: ...getMaxPanTilt(): org.firstinspires.ftc.robotcore.external.hardware.camera.controls.PtzControl$PanTiltHolder@f878002
01-24 11:08:41.806  9423  9685 D UvcApiPtzControl: getZoom()...
01-24 11:08:41.808  9423  9685 E UvcDeviceHandle: [jni_devicehandle.cpp:196] Failed to get zoom : error -9
01-24 11:08:41.808  9423  9685 D UvcApiPtzControl: ...getZoom(): 0
01-24 11:08:41.808  9423  9685 D UvcApiPtzControl: getPanTilt()...
01-24 11:08:41.809  9423  9685 E UvcDeviceHandle: [jni_devicehandle.cpp:301] Failed to get pan/tilt : error -9
01-24 11:08:41.810  9423  9685 D UvcApiPtzControl: ...getPanTilt(): org.firstinspires.ftc.robotcore.external.hardware.camera.controls.PtzControl$PanTiltHolder@93e4d13
01-24 11:08:41.810  9423  9685 D UvcApiGainControl: getMinGain()...
01-24 11:08:41.810  9423  9685 D Uvc     : [jni_devicehandle.cpp:894] Java_org_firstinspires_ftc_robotcore_internal_camera_libuvc_nativeobject_UvcDeviceHandle_nativeGetMinGain()...
01-24 11:08:41.812  9423  9685 D Uvc     : [jni_devicehandle.cpp:894] ...Java_org_firstinspires_ftc_robotcore_internal_camera_libuvc_nativeobject_UvcDeviceHandle_nativeGetMinGain()
01-24 11:08:41.812  9423  9685 D UvcApiGainControl: ...getMinGain(): 0
01-24 11:08:41.812  9423  9685 D UvcApiGainControl: getMaxGain()...
01-24 11:08:41.813  9423  9685 D Uvc     : [jni_devicehandle.cpp:917] Java_org_firstinspires_ftc_robotcore_internal_camera_libuvc_nativeobject_UvcDeviceHandle_nativeGetMaxGain()...
01-24 11:08:41.815  9423  9685 D Uvc     : [jni_devicehandle.cpp:917] ...Java_org_firstinspires_ftc_robotcore_internal_camera_libuvc_nativeobject_UvcDeviceHandle_nativeGetMaxGain()
01-24 11:08:41.815  9423  9685 D UvcApiGainControl: ...getMaxGain(): 255
01-24 11:08:41.816  9423  9685 D UvcApiGainControl: getGain()...
01-24 11:08:41.816  9423  9685 D Uvc     : [jni_devicehandle.cpp:940] Java_org_firstinspires_ftc_robotcore_internal_camera_libuvc_nativeobject_UvcDeviceHandle_nativeGetGain()...
01-24 11:08:41.817  9423  9685 D Uvc     : [jni_devicehandle.cpp:940] ...Java_org_firstinspires_ftc_robotcore_internal_camera_libuvc_nativeobject_UvcDeviceHandle_nativeGetGain()
01-24 11:08:41.818  9423  9685 D UvcApiGainControl: ...getGain(): 0
01-24 11:08:41.818  9423  9685 D UvcApiWhiteBalanceControl: getMinWhiteBalanceTemperature()...
01-24 11:08:41.819  9423  9685 D Uvc     : [jni_devicehandle.cpp:726] Java_org_firstinspires_ftc_robotcore_internal_camera_libuvc_nativeobject_UvcDeviceHandle_nativeGetMinWhiteBalanceTemperature()...
01-24 11:08:41.820  9423  9685 D Uvc     : [jni_devicehandle.cpp:726] ...Java_org_firstinspires_ftc_robotcore_internal_camera_libuvc_nativeobject_UvcDeviceHandle_nativeGetMinWhiteBalanceTemperature()
01-24 11:08:41.821  9423  9685 D UvcApiWhiteBalanceControl: ...getMinWhiteBalanceTemperature(): 0
01-24 11:08:41.821  9423  9685 D UvcApiWhiteBalanceControl: getMaxWhiteBalanceTemperature()...
01-24 11:08:41.821  9423  9685 D Uvc     : [jni_devicehandle.cpp:748] Java_org_firstinspires_ftc_robotcore_internal_camera_libuvc_nativeobject_UvcDeviceHandle_nativeGetMaxWhiteBalanceTemperature()...
01-24 11:08:41.823  9423  9685 D Uvc     : [jni_devicehandle.cpp:748] ...Java_org_firstinspires_ftc_robotcore_internal_camera_libuvc_nativeobject_UvcDeviceHandle_nativeGetMaxWhiteBalanceTemperature()
01-24 11:08:41.823  9423  9685 D UvcApiWhiteBalanceControl: ...getMaxWhiteBalanceTemperature(): 10000
01-24 11:08:41.823  9423  9685 D UvcApiWhiteBalanceControl: getWhiteBalanceTemperature()...
01-24 11:08:41.823  9423  9685 D Uvc     : [jni_devicehandle.cpp:793] Java_org_firstinspires_ftc_robotcore_internal_camera_libuvc_nativeobject_UvcDeviceHandle_nativeGetWhiteBalanceTemperature()...
01-24 11:08:41.825  9423  9685 D Uvc     : [jni_devicehandle.cpp:793] ...Java_org_firstinspires_ftc_robotcore_internal_camera_libuvc_nativeobject_UvcDeviceHandle_nativeGetWhiteBalanceTemperature()
01-24 11:08:41.825  9423  9685 D UvcApiWhiteBalanceControl: ...getWhiteBalanceTemperature(): 4000
01-24 11:08:41.826  9423  9685 D UsbResiliantWebcam: ...changeDelegatedCamera(null->CameraImpl(UvcDeviceHandle(pointer=0xc7389ff0|UvcDevice(/dev/bus/usb/003/004))))
01-24 11:08:41.826  9423  9685 D UsbResiliantWebcam: openSelfAndReport()...
01-24 11:08:41.826  9423  9685 V CameraImpl: construct(0x0ab4cb50)
01-24 11:08:41.827  9423  9685 D UsbResiliantWebcam: ...openSelfAndReport()
01-24 11:08:41.827  9423  9685 D UsbResiliantWebcam.InterveningStateCallback: ...onOpened() camera=CameraImpl(UvcDeviceHandle(pointer=0xc7389ff0|UvcDevice(/dev/bus/usb/003/004)))
01-24 11:08:41.828  9423  9685 D UvcDevice: ...open()
01-24 11:08:41.828  9423  9685 D UsbResiliantWebcam: ...openAssumingPermission()
01-24 11:08:41.828  9423  9685 D CameraManager: ...asyncOpenWebcam(Webcam(D5386480))
01-24 11:08:41.828  9423  9689 D CameraManager: camera reports opened: CameraImpl(UsbResiliantWebcam(Webcam(D5386480)))
01-24 11:08:41.828  9423  9685 D CameraManager: ...asyncOpenCamera(Webcam(D5386480))
01-24 11:08:41.830  9423  9689 D ContinuationSynchronizer: finish("camera reports opened: Webcam(D5386480)": CameraImpl(UsbResiliantWebcam(Webcam(D5386480))))...
01-24 11:08:41.831  9423  9689 D ContinuationSynchronizer: ...finish("camera reports opened: Webcam(D5386480)": CameraImpl(UsbResiliantWebcam(Webcam(D5386480))))
01-24 11:08:41.831  9423  9684 D ContinuationSynchronizer: ...awaiting(camera open)
01-24 11:08:41.831  9423  9684 D CameraManager: ...doOpenCamera()
01-24 11:08:41.836  9423  9684 D UvcContext: found webcam: usbPath=/dev/bus/usb/003/004 vid=0x46D pid=0x825 serial=D5386480 product=C270 HD WEBCAM
01-24 11:08:41.836  9423  9684 D Uvc     : [jni_context.cpp:120] Java_org_firstinspires_ftc_robotcore_internal_camera_libuvc_nativeobject_UvcContext_nativeCreateUvcDevice()...
01-24 11:08:41.836  9423  9684 V Uvc     : API: Java_org_firstinspires_ftc_robotcore_internal_camera_libuvc_nativeobject_UvcContext_nativeCreateUvcDevice: enter...
01-24 11:08:41.838  9423  9684 D libusb  : [47.496211] [000025d4] libusb: debug [op_create] op_create: szUsbPath=/dev/bus/usb/003/004 szSysfsDir=3-1.4
01-24 11:08:41.838  9423  9684 D Uvc     : [device.cpp:613] uvc_create_uvc_device()...
01-24 11:08:41.838  9423  9684 D Uvc     : [libuvc/libuvc_internal.h:346] uvc_device::uvc_device()...
01-24 11:08:41.838  9423  9684 D Uvc     : [libuvc/libuvc_internal.h:375] acquired vid=1133 & pid=2085
01-24 11:08:41.838  9423  9684 D Uvc     : [libuvc/libuvc_internal.h:346] ...uvc_device::uvc_device()
01-24 11:08:41.838  9423  9684 D Uvc     : [device.cpp:613] ...uvc_create_uvc_device() rc=0
01-24 11:08:41.838  9423  9684 V Uvc     : API: Java_org_firstinspires_ftc_robotcore_internal_camera_libuvc_nativeobject_UvcContext_nativeCreateUvcDevice: ...exit
01-24 11:08:41.838  9423  9684 D Uvc     : [jni_context.cpp:120] ...Java_org_firstinspires_ftc_robotcore_internal_camera_libuvc_nativeobject_UvcContext_nativeCreateUvcDevice()
01-24 11:08:41.839  9423  9684 V UvcDevice: construct(pointer=0xeabb2340|null)
01-24 11:08:41.839  9423  9684 D Uvc     : [jni_device.cpp:108] Java_org_firstinspires_ftc_robotcore_internal_camera_libuvc_nativeobject_UvcDevice_nativeGetLibUsbDevice()...
01-24 11:08:41.839  9423  9684 D Uvc     : [jni_device.cpp:108] ...Java_org_firstinspires_ftc_robotcore_internal_camera_libuvc_nativeobject_UvcDevice_nativeGetLibUsbDevice()
01-24 11:08:41.840  9423  9684 V LibUsbDevice: construct(pointer=0xcf030740)
01-24 11:08:41.840  9423  9684 D UvcContext: usb device is *not* UVC compatible, /dev/bus/usb/003/003
01-24 11:08:41.841  9423  9684 V UvcApiCameraCharacteristicsBuilder: construct(0x02f19a4e)
01-24 11:08:41.841  9423  9684 D Uvc     : [jni_device.cpp:289] Java_org_firstinspires_ftc_robotcore_internal_camera_libuvc_nativeobject_UvcDevice_nativeGetDeviceInfo()...
01-24 11:08:41.841  9423  9684 V Uvc     : API: Java_org_firstinspires_ftc_robotcore_internal_camera_libuvc_nativeobject_UvcDevice_nativeGetDeviceInfo: enter...
01-24 11:08:41.841  9423  9684 D Uvc     : [device.cpp:386] uvc_get_device_info()...
01-24 11:08:41.841  9423  9684 D libusb  : [47.499305] [000025d4] libusb: debug [op_get_config_descriptor] op_get_config_descriptor: config_index=0
01-24 11:08:41.841  9423  9684 D libusb  : [47.499371] [000025d4] libusb: debug [op_get_config_descriptor] op_get_config_descriptor: config_index=0
01-24 11:08:41.841  9423  9684 D Uvc     : [device.cpp:986] uvc_scan_control()...
01-24 11:08:41.841  9423  9684 D Uvc     : [device.cpp:1041] uvc_parse_vc_header()...
01-24 11:08:41.841  9423  9684 D Uvc     : [device.cpp:1284] uvc_scan_streaming()...
01-24 11:08:41.841  9423  9684 D Uvc     : [device.cpp:1340] uvc_parse_vs_input_header()...
01-24 11:08:41.841  9423  9684 D Uvc     : [device.cpp:1340] ...uvc_parse_vs_input_header() rc=0
01-24 11:08:41.841  9423  9684 D Uvc     : [device.cpp:1389] uvc_parse_vs_format_uncompressed()...
01-24 11:08:41.841  9423  9684 D Uvc     : [device.cpp:1389] ...uvc_parse_vs_format_uncompressed() rc=0
01-24 11:08:41.842  9423  9684 V Uvc     : [device.cpp:1630] unsupported descriptor subtype: 13 UVC_VS_COLORFORMAT
01-24 11:08:41.842  9423  9684 D Uvc     : [device.cpp:1449] uvc_parse_vs_format_mjpeg()...
01-24 11:08:41.842  9423  9684 D Uvc     : [device.cpp:1449] ...uvc_parse_vs_format_mjpeg() rc=0
01-24 11:08:41.843  9423  9684 V Uvc     : [device.cpp:1630] unsupported descriptor subtype: 13 UVC_VS_COLORFORMAT
01-24 11:08:41.843  9423  9684 D Uvc     : [device.cpp:1284] ...uvc_scan_streaming() rc=0
01-24 11:08:41.843  9423  9684 D Uvc     : [device.cpp:1041] ...uvc_parse_vc_header() rc=0
01-24 11:08:41.843  9423  9684 D Uvc     : [device.cpp:1083] uvc_parse_vc_input_terminal()...
01-24 11:08:41.843  9423  9684 D Uvc     : [device.cpp:1083] ...uvc_parse_vc_input_terminal() rc=0
01-24 11:08:41.843  9423  9684 D Uvc     : [device.cpp:1156] uvc_parse_vc_processing_unit()...
01-24 11:08:41.843  9423  9684 D Uvc     : [device.cpp:1156] ...uvc_parse_vc_processing_unit() rc=0
01-24 11:08:41.843  9423  9684 D Uvc     : [device.cpp:986] ...uvc_scan_control() rc=0
01-24 11:08:41.843  9423  9684 D Uvc     : [device.cpp:386] ...uvc_get_device_info() rc=0
01-24 11:08:41.843  9423  9684 V Uvc     : API: Java_org_firstinspires_ftc_robotcore_internal_camera_libuvc_nativeobject_UvcDevice_nativeGetDeviceInfo: ...exit
01-24 11:08:41.843  9423  9684 D Uvc     : [jni_device.cpp:289] ...Java_org_firstinspires_ftc_robotcore_internal_camera_libuvc_nativeobject_UvcDevice_nativeGetDeviceInfo()
01-24 11:08:41.844  9423  9684 V UvcDeviceInfo: construct(pointer=0xc739d380)
01-24 11:08:41.844  9423  9684 V UvcStreamingInterface: construct(pointer=0xcbc16f80)
01-24 11:08:41.908  9423  9684 V UvcStreamingInterface: destroy(pointer=0xcbc16f80)
01-24 11:08:41.908  9423  9684 V UvcDeviceInfo: destroy(pointer=0xc739d380)
01-24 11:08:41.908  9423  9684 D Uvc     : [jni_deviceinfo.cpp:63] Java_org_firstinspires_ftc_robotcore_internal_camera_libuvc_nativeobject_UvcDeviceInfo_nativeFreeDeviceInfo()...
01-24 11:08:41.908  9423  9684 V Uvc     : API: Java_org_firstinspires_ftc_robotcore_internal_camera_libuvc_nativeobject_UvcDeviceInfo_nativeFreeDeviceInfo: enter...
01-24 11:08:41.908  9423  9684 D Uvc     : [device.cpp:433] uvc_free_device_info()...
01-24 11:08:41.908  9423  9684 D Uvc     : [device.cpp:433] ...uvc_free_device_info()
01-24 11:08:41.908  9423  9684 V Uvc     : API: Java_org_firstinspires_ftc_robotcore_internal_camera_libuvc_nativeobject_UvcDeviceInfo_nativeFreeDeviceInfo: ...exit
01-24 11:08:41.908  9423  9684 D Uvc     : [jni_deviceinfo.cpp:63] ...Java_org_firstinspires_ftc_robotcore_internal_camera_libuvc_nativeobject_UvcDeviceInfo_nativeFreeDeviceInfo()
01-24 11:08:41.909  9423  9684 V UvcApiCameraCharacteristicsBuilder: destroy(hash=0x02f19a4e)
01-24 11:08:41.909  9423  9684 V UvcDevice: destroy(pointer=0xeabb2340|/dev/bus/usb/003/004)
