01-31 10:07:58.261  2464  2464 V NetDiscover_wifiDirectAgent: ...doStart()
01-31 10:07:58.261  2464  2464 V NetDiscover_prefremrc: ----- all preferences -----
01-31 10:07:58.261  2464  2464 V NetDiscover_prefremrc: name='android.permission.READ_PHONE_STATE' value=false
01-31 10:07:58.261  2464  2464 V NetDiscover_prefremrc: name='pref_app_version' value=unavailable
01-31 10:07:58.262  2464  2464 V NetDiscover_prefremrc: name='pref_autostarted_robot_controller' value=true
01-31 10:07:58.262  2464  2464 V NetDiscover_prefremrc: name='pref_warn_about_obsolete_software' value=true
01-31 10:07:58.262  2464  2464 V NetDiscover_prefremrc: name='pref_network_protocol_version' value=unavailable
01-31 10:07:58.262  2464  2464 V NetDiscover_prefremrc: name='pref_has_independent_phone_battery' value=false
01-31 10:07:58.262  2464  2464 V NetDiscover_prefremrc: name='android.permission.CAMERA' value=false
01-31 10:07:58.262  2464  2464 V NetDiscover_prefremrc: name='pref_wifip2p_remote_channel_change_works' value=false
01-31 10:07:58.263  2464  2464 V NetDiscover_prefremrc: name='pref_hardware_config_filename' value={"isDirty":false,"location":"LOCAL_STORAGE","name":"ftc6motor","resourceId":0}
01-31 10:07:58.263  2464  2464 V NetDiscover_prefremrc: name='pref_build_time' value=unavailable
01-31 10:07:58.263  2464  2464 V NetDiscover_prefremrc: name='pref_sound_on_off' value=false
01-31 10:07:58.263  2464  2464 V NetDiscover_prefremrc: name='pref_warn_about_mismatched_app_versions' value=true
01-31 10:07:58.263  2464  2464 V NetDiscover_prefremrc: name='pref_ftc_season_year_of_current_rc_new' value=2022
01-31 10:07:58.263  2464  2464 V NetDiscover_prefremrc: name='App Restrictions' value=AAAAAA==
01-31 10:07:58.263  2464  2464 V NetDiscover_prefremrc:     
01-31 10:07:58.263  2464  2464 V NetDiscover_prefremrc: name='pref_warn_about_incorrect_clocks' value=true
01-31 10:07:58.263  2464  2464 V NetDiscover_prefremrc: name='pref_has_speaker' value=false
01-31 10:07:58.263  2464  2464 V NetDiscover_prefremrc: name='android.permission.ACCESS_COARSE_LOCATION' value=false
01-31 10:07:58.263  2464  2464 V NetDiscover_prefremrc: name='android.permission.WRITE_EXTERNAL_STORAGE' value=false
01-31 10:07:58.264  2464  2464 V NetDiscover_prefremrc: name='pref_connection_owner_password' value=ftc21180
01-31 10:07:58.264  2464  2464 V NetDiscover_prefremrc: name='pref_pairing_kind' value=RCWIRELESSAP
01-31 10:07:58.264  2464  2464 V NetDiscover_prefremrc: name='pref_device_name_internal' value=21180-RC
01-31 10:07:58.264  2464  2464 V NetDiscover_prefremrc: name='pref_app_theme' value=red
01-31 10:07:58.264  2464  2464 V NetDiscover_prefremrc: name='android.permission.ACCESS_FINE_LOCATION' value=false
01-31 10:07:58.264  2464  2464 V NetDiscover_prefremrc: name='pref_device_name' value=21180-RC
01-31 10:07:58.264  2464  2464 V NetDiscover_prefremrc: name='pref_network_connection_info' value=unavailable
01-31 10:07:58.264  2464  2464 V NetDiscover_prefremrc: name='pref_warn_about_2_4_ghz_band' value=true
01-31 10:07:58.264  2464  2464 V NetDiscover_prefremrc: name='pref_device_name_tracking' value=WIFIAP
01-31 10:07:58.264  2464  2464 V NetDiscover_prefremrc: name='android.permission.READ_EXTERNAL_STORAGE' value=false
01-31 10:07:58.265  2464  2464 V NetDiscover_prefremrc: name='pref_rc_connected' value=true
01-31 10:07:58.265  2464  2464 V NetDiscover_prefremrc: name='pref_lib_version' value=unavailable
01-31 10:07:58.271  2464  2464 V Robocol : SendOnceRunnable created
01-31 10:07:58.273  2464  2464 V NetDiscover_prefremrc: doStart()...
01-31 10:07:58.273  2464  2464 V NetDiscover_prefremrc: ...doStart()
01-31 10:07:58.300  2464  2464 W System  : ClassLoader referenced unknown path: /system/app/webview/lib/arm
01-31 10:07:58.301  2464  2464 D ApplicationLoaders: ignored Vulkan layer search path /system/app/webview/lib/arm:/system/app/webview/webview.apk!/lib/armeabi-v7a:/system/lib:/vendor/lib for namespace 0xf7052090
01-31 10:07:58.304  2464  2464 I WebViewFactory: Loading com.android.webview version 52.0.2743.100 (code 275610050)
01-31 10:07:58.334  2464  2464 I cr_LibraryLoader: Time to load native libraries: 2 ms (timestamps 3762-3764)
01-31 10:07:58.334  2464  2464 I cr_LibraryLoader: Expected native library version number "52.0.2743.100", actual native library version number "52.0.2743.100"
01-31 10:07:58.347  2464  2464 V WebViewChromiumFactoryProvider: Binding Chromium to main looper Looper (main, tid 1) {97cb44f}
01-31 10:07:58.347  2464  2464 I cr_LibraryLoader: Expected native library version number "52.0.2743.100", actual native library version number "52.0.2743.100"
01-31 10:07:58.348  2464  2464 I chromium: [INFO:library_loader_hooks.cc(143)] Chromium logging enabled: level = 0, default verbosity = 0
01-31 10:07:58.365  2464  2464 I cr_BrowserStartup: Initializing chromium process, singleProcess=true
01-31 10:07:58.390  2464  2464 I mali_so : [File] : hardware/rockchip/driver/./src/base/arch/arch_011_udd/base_arch_main.c; [Line] : 565; [Func] : deal_with_version_affairs_rk_ext;
01-31 10:07:58.390  2464  2464 I mali_so : arm_release_ver of this mali_so is 'r7p0-00rel1', rk_so_ver is '1@2' for 3328h_android_7.1, built at '15:47:49', on 'Jun 28 2017'.
01-31 10:07:58.390  2464  2464 I mali_so : [File] : hardware/rockchip/driver/./src/base/arch/arch_011_udd/base_arch_main.c; [Line] : 578; [Func] : deal_with_version_affairs_rk_ext;
01-31 10:07:58.390  2464  2464 I mali_so : mali_ver_property has been set to 'r7p0-00rel1-5-1@2', to return.
01-31 10:07:58.450  2464  2464 I cr_DRP  : No DRP key due to exception:java.lang.ClassNotFoundException: com.android.webview.chromium.Drp
01-31 10:07:58.509  2464  2464 W cr_AwContents: onDetachedFromWindow called when already detached. Ignoring
01-31 10:07:58.742  2553  2553 I ps      : type=1400 audit(0.0:179): avc: denied { getattr } for path="/proc/2" dev="proc" ino=8995 scontext=u:r:untrusted_app:s0:c512,c768 tcontext=u:r:kernel:s0 tclass=dir permissive=1
01-31 10:07:58.746  2553  2553 I ps      : type=1400 audit(0.0:180): avc: denied { search } for name="2" dev="proc" ino=8995 scontext=u:r:untrusted_app:s0:c512,c768 tcontext=u:r:kernel:s0 tclass=dir permissive=1
01-31 10:07:58.746  2553  2553 I ps      : type=1400 audit(0.0:181): avc: denied { read } for name="cmdline" dev="proc" ino=9094 scontext=u:r:untrusted_app:s0:c512,c768 tcontext=u:r:kernel:s0 tclass=file permissive=1
01-31 10:07:58.746  2553  2553 I ps      : type=1400 audit(0.0:182): avc: denied { open } for path="/proc/2/cmdline" dev="proc" ino=9094 scontext=u:r:untrusted_app:s0:c512,c768 tcontext=u:r:kernel:s0 tclass=file permissive=1
01-31 10:07:58.820  2464  2464 V OnBotJava: getCurrentOutputDir() unavailable
01-31 10:07:58.821  2464  2464 V OnBotJava: getCurrentOutputDir() unavailable
01-31 10:07:58.821  2464  2464 W System  : ClassLoader referenced unknown path: 
01-31 10:08:02.371  2464  2464 V UpdateUI: Network: inactive, disconnected
01-31 10:08:02.373  2464  2464 V ServiceStarter: attempting to start service FtcRobotControllerWatchdogService
01-31 10:08:02.375  2464  2464 V ServiceStarter: started service FtcRobotControllerWatchdogService
01-31 10:08:02.396  2464  2464 I RobotCore: App info: version=8.1.1 appId=com.qualcomm.ftcrobotcontroller
01-31 10:08:02.396  2464  2464 I RobotCore: Android Device: maker=REV Robotics model=Control Hub v1.0 sdk=25 serial=e909a8e5cde7beec
01-31 10:08:02.397  2464  2464 V AndroidBoard: REV Control Hub contains REV3328
01-31 10:08:02.397  2464  2464 V AndroidBoard: Communicating with embedded REV hub via /dev/ttyS1
01-31 10:08:03.543  2464  2464 V RCActivity: onStart()
01-31 10:08:03.547  2464  2464 V RCActivity: onResume()
01-31 10:08:03.574  2464  2464 V NetDiscover_prefremrc: onSharedPreferenceChanged(name=App Restrictions, value=AAAAAA==
01-31 10:08:03.574  2464  2464 V NetDiscover_prefremrc: )
01-31 10:08:03.586  2464  2464 V FtcRobotControllerWatchdogService: onCreate()
01-31 10:08:03.588  2464  2464 V FtcRobotControllerWatchdogService: onStartCommand() intent=Intent { cmp=com.qualcomm.ftcrobotcontroller/org.firstinspires.ftc.ftccommon.internal.FtcRobotControllerWatchdogService } flags=0x0 startId=1
01-31 10:08:03.588  2464  2464 V FtcRobotControllerWatchdogService: shouldAutoLauchRobotController() result=true
01-31 10:08:03.590  2464  2464 V FTCService: onCreate()
01-31 10:08:03.631  2464  2464 W art     : Before Android 4.1, method double java.util.concurrent.ThreadLocalRandom.internalNextDouble(double, double) would have incorrectly overridden the package-private method in java.util.Random
01-31 10:08:03.631  2464  2464 W art     : Before Android 4.1, method int java.util.concurrent.ThreadLocalRandom.internalNextInt(int, int) would have incorrectly overridden the package-private method in java.util.Random
01-31 10:08:03.631  2464  2464 W art     : Before Android 4.1, method long java.util.concurrent.ThreadLocalRandom.internalNextLong(long, long) would have incorrectly overridden the package-private method in java.util.Random
01-31 10:08:03.673  2464  2464 V FTCService: onBind()
01-31 10:08:03.712  2464  2464 V CoreRobotWebServer: creating NanoHTTPD(8080)
01-31 10:08:03.715  2464  2464 V WebSocketManager: Registered broadcast-only namespace progress
01-31 10:08:03.721  2464  2464 V WebSocketManager: Registered handler for namespace ControlHubUpdater
01-31 10:08:03.723  2464  2464 V RobotCore: Getting network assistant of type: RCWIRELESSAP
01-31 10:08:03.724  2464  2464 I RobotControllerAccessPointAssistant: Enabling network services
01-31 10:08:03.727  2464  2464 I RobotControllerAccessPointAssistant: Sending SSID and password to AP service
01-31 10:08:03.728  2464  2464 I RobotCore: ftc21180
01-31 10:08:03.728  2464  2464 D RobotControllerAccessPointAssistant: setNetworkProperties(deviceName=21180-RC, password=ftc21180, ApChannel=null) sendSettingsIndividually=false
01-31 10:08:03.729  2464  2464 I NetDiscover_ControlHubNameManager: Robot controller name: 21180-RC
01-31 10:08:03.729  2464  2464 I ControlHubPasswordManager: Robot controller password: ftc21180
01-31 10:08:03.729  2464  2464 D RobotControllerAccessPointAssistant: Sending bulk settings broadcast intent
01-31 10:08:03.824  2464  2568 I OpenGLRenderer: Initialized EGL, version 1.4
01-31 10:08:03.824  2464  2568 D OpenGLRenderer: Swap behavior 1
01-31 10:08:03.843  2464  2464 I RobotControllerAccessPointAssistant: Wi-Fi state change:, wifiApState: 13
01-31 10:08:03.844  2464  2464 I FTCService: onNetworkConnectionEvent: CONNECTION_INFO_AVAILABLE
01-31 10:08:03.844  2464  2464 I RobotCore: ftc21180
01-31 10:08:03.844  2464  2464 I FTCService: Network Connection Passphrase: ftc21180
01-31 10:08:03.845  2464  2464 V CoreRobotWebServer: starting port=8080
01-31 10:08:03.857  2464  2464 V RobotCore: Getting network assistant of type: RCWIRELESSAP
01-31 10:08:03.860  2464  2464 V CoreRobotWebServer: started port=8080
01-31 10:08:03.861  2464  2464 V FTCService: RCActivity.controllerService=bound
01-31 10:08:03.862  2464  2464 V UpdateUI: Network: active, disconnected
01-31 10:08:03.863  2464  2464 V RobotCore: Robot Status: stopped
01-31 10:08:03.870  2464  2574 V TooTallWebSocketServer: Started WebSocket server on port 8081
01-31 10:08:03.875  2464  2577 V RobotCore: thread: 'RobotSetupRunnable.run()' starting...
01-31 10:08:03.875  2464  2577 V FTCService: Processing robot setup
01-31 10:08:03.876  2464  2577 V RobotCore: Robot Status: stopped, scanning for USB devices
01-31 10:08:03.877  2464  2577 I AppAliveNotifier: Telling the OS to set the RC alive notification timeout to 10 seconds
01-31 10:08:03.909  2464  2464 V WebSocketManager: Registered handler for namespace ONBOTJAVA
01-31 10:08:03.964  2464  2576 V FtcWebSocket: Opening websocket (ip=192.168.43.107/192.168.43.107 port=8081)
01-31 10:08:03.970  2464  2568 I [Gralloc]:  ion device open success! fd = 93
01-31 10:08:03.970  2464  2576 V WebSocketManager: Subscribed websocket (ip=192.168.43.107/192.168.43.107 port=8081) to namespace (progress)
01-31 10:08:03.972  2464  2576 V WebSocketManager: Subscribed websocket (ip=192.168.43.107/192.168.43.107 port=8081) to namespace (ControlHubUpdater)
01-31 10:08:03.986  2464  2576 V FtcWebSocket: Opening websocket (ip=192.168.43.107/192.168.43.107 port=8081)
01-31 10:08:03.987  2464  2576 V WebSocketManager: Subscribed websocket (ip=192.168.43.107/192.168.43.107 port=8081) to namespace (progress)
01-31 10:08:03.990  2464  2576 V WebSocketManager: Subscribed websocket (ip=192.168.43.107/192.168.43.107 port=8081) to namespace (ControlHubUpdater)
01-31 10:08:04.014  2464  2576 V FtcWebSocket: Opening websocket (ip=192.168.43.107/192.168.43.107 port=8081)
01-31 10:08:04.016  2464  2576 V WebSocketManager: Subscribed websocket (ip=192.168.43.107/192.168.43.107 port=8081) to namespace (progress)
01-31 10:08:04.017  2464  2576 V WebSocketManager: Subscribed websocket (ip=192.168.43.107/192.168.43.107 port=8081) to namespace (ControlHubUpdater)
01-31 10:08:04.040  2464  2576 V FtcWebSocket: Opening websocket (ip=192.168.43.107/192.168.43.107 port=8081)
01-31 10:08:04.044  2464  2576 V WebSocketManager: Subscribed websocket (ip=192.168.43.107/192.168.43.107 port=8081) to namespace (progress)
01-31 10:08:04.045  2464  2576 V WebSocketManager: Subscribed websocket (ip=192.168.43.107/192.168.43.107 port=8081) to namespace (ControlHubUpdater)
01-31 10:08:04.061  2464  2464 V AppUtil : rootActivity=PermissionValidatorWrapper destroyed
01-31 10:08:04.061  2464  2464 V AppUtil : rootActivity=FtcRobotControllerActivity
01-31 10:08:04.061  2464  2464 I PermissionValidatorActivity: Lifecycle onDestroy : 21fe8bb
01-31 10:08:04.070  2464  2576 V FtcWebSocket: Opening websocket (ip=192.168.43.107/192.168.43.107 port=8081)
01-31 10:08:04.072  2464  2576 V WebSocketManager: Subscribed websocket (ip=192.168.43.107/192.168.43.107 port=8081) to namespace (progress)
01-31 10:08:04.074  2464  2576 V WebSocketManager: Subscribed websocket (ip=192.168.43.107/192.168.43.107 port=8081) to namespace (ControlHubUpdater)
01-31 10:08:04.094  2464  2576 V FtcWebSocket: Opening websocket (ip=192.168.43.107/192.168.43.107 port=8081)
01-31 10:08:04.102  2464  2576 V WebSocketManager: Subscribed websocket (ip=192.168.43.107/192.168.43.107 port=8081) to namespace (progress)
01-31 10:08:04.103  2464  2576 V WebSocketManager: Subscribed websocket (ip=192.168.43.107/192.168.43.107 port=8081) to namespace (ControlHubUpdater)
01-31 10:08:04.122  2464  2576 V FtcWebSocket: Opening websocket (ip=192.168.43.107/192.168.43.107 port=8081)
01-31 10:08:04.125  2464  2576 V WebSocketManager: Subscribed websocket (ip=192.168.43.107/192.168.43.107 port=8081) to namespace (progress)
01-31 10:08:04.127  2464  2576 V WebSocketManager: Subscribed websocket (ip=192.168.43.107/192.168.43.107 port=8081) to namespace (ControlHubUpdater)
01-31 10:08:04.146  2464  2576 V FtcWebSocket: Opening websocket (ip=192.168.43.107/192.168.43.107 port=8081)
01-31 10:08:04.151  2464  2576 V WebSocketManager: Subscribed websocket (ip=192.168.43.107/192.168.43.107 port=8081) to namespace (progress)
01-31 10:08:04.152  2464  2576 V WebSocketManager: Subscribed websocket (ip=192.168.43.107/192.168.43.107 port=8081) to namespace (ControlHubUpdater)
01-31 10:08:04.172  2464  2576 V FtcWebSocket: Opening websocket (ip=192.168.43.107/192.168.43.107 port=8081)
01-31 10:08:04.178  2464  2576 V WebSocketManager: Subscribed websocket (ip=192.168.43.107/192.168.43.107 port=8081) to namespace (progress)
01-31 10:08:04.181  2464  2576 V WebSocketManager: Subscribed websocket (ip=192.168.43.107/192.168.43.107 port=8081) to namespace (ControlHubUpdater)
01-31 10:08:04.424  2464  2594 I RobotCore: ftc21180
01-31 10:08:04.507  2464  2599 V ProgrammingModeManager: serve uri=/css/colors.less
01-31 10:08:04.743  2464  2601 I RobotCore: ftc21180
01-31 10:08:04.861  2464  2604 V ProgrammingModeManager: serve uri=/css/colors.less
01-31 10:08:06.699  2464  2604 I RobotCore: ftc21180
01-31 10:08:08.884  2464  2577 V RobotCore: EventLoopManager state is NOT_STARTED
01-31 10:08:08.884  2464  2577 V FTCService: Waiting for a connection to a Wi-Fi service
01-31 10:08:08.885  2464  2577 V RobotCore: Robot Status: stopped, waiting for network to become active
01-31 10:08:08.889  2464  2577 I RobotControllerAccessPointAssistant: Wi-Fi AP is enabled
01-31 10:08:08.889  2464  2577 V CoreRobotWebServer: Asked an already running WebServer to start
01-31 10:08:08.889  2464  2577 V RobotCore: Robot Status: stopped, starting robot
01-31 10:08:08.890  2464  2577 V Robocol : EventLoopManager.start()
01-31 10:08:08.890  2464  2577 V RobotCore: Getting network assistant of type: RCWIRELESSAP
01-31 10:08:08.891  2464  2577 I RobotControllerAccessPointAssistant: Wi-Fi AP is enabled
01-31 10:08:08.891  2464  2577 V Robocol : Spoofing a Network Connection event...
01-31 10:08:08.891  2464  2577 I EventLoopManager: onNetworkConnectionEvent: CONNECTION_INFO_AVAILABLE
01-31 10:08:08.891  2464  2577 I Robocol : Received network connection event
01-31 10:08:08.892  2464  2577 I RobotControllerAccessPointAssistant: Wi-Fi AP is enabled
01-31 10:08:08.892  2464  2577 I NetworkConnectionHandler: Handling new network connection infomation, connected: true setup needed: true
01-31 10:08:08.893  2464  2577 I RobotControllerAccessPointAssistant: Wi-Fi AP is enabled
01-31 10:08:11.931  2464  2626 V RobotCore: thread: 'SetupRunnable.run()' starting...
01-31 10:08:11.931  2464  2577 V RobotCore: EventLoopManager state is STOPPED
01-31 10:08:11.934  2464  2577 V Robocol : eventLoop=FtcEventLoop
01-31 10:08:11.934  2464  2577 V RobotCore: EventLoopManager state is INIT
01-31 10:08:11.935  2464  2577 V RobotCore: Robot Status: initializing, starting robot
01-31 10:08:11.935  2464  2577 I FtcEventLoop: ======= INIT START =======
01-31 10:08:11.936  2464  2577 V OpmodeRegistration: registered {DefaultOpMode} as {$Stop$Robot$}
01-31 10:08:11.937  2464  2626 D Robocol : RobocolDatagramSocket listening addr=/192.168.43.1:20884 cbRec=65520 cbSend=106496 msRecTO=300
01-31 10:08:11.939  2464  2626 V Robocol : RecvLoopRunnable created
01-31 10:08:11.941  2464  2577 V OpmodeRegistration: registered instance as {Enable/Disable Dashboard}
01-31 10:08:11.941  2464  2577 D OpmodeRegistration: registered instance {com.acmerobotics.dashboard.FtcDashboard$9@e903397} as {Enable/Disable Dashboard}
01-31 10:08:11.944  2464  2628 V Robocol : CommandProcessor started
01-31 10:08:11.945  2464  2629 V RobotCore: thread: 'RecvLoopRunnable.run()' starting...
01-31 10:08:11.946  2464  2626 V PeerDiscovery: Starting peer discovery remote: /192.168.43.1 local: /192.168.43.1
01-31 10:08:11.946  2464  2626 V PeerDiscovery: No need for initiating peer discovery, we are the Robot Controller
01-31 10:08:11.946  2464  2626 V RobotCore: Setup complete
01-31 10:08:11.947  2464  2626 V RobotCore: thread: ...terminating 'SetupRunnable.run()'
01-31 10:08:11.947  2464  2627 V Robocol : PacketProcessor started
01-31 10:08:12.162  2464  2577 V MD5     : Calculated digest: 9d9a9ed11665dc92c91c475aad54ef94
01-31 10:08:12.162  2464  2577 V MD5     : Provided digest: 9d9a9ed11665dc92c91c475aad54ef94
01-31 10:08:12.246  2464  2629 E Robocol : exception SocketTimeoutException(Receive timed out): no packet received [java.net.PlainDatagramSocketImpl.receive0(Native Method)]
01-31 10:08:12.580  2464  2627 D RobotCore: system telemetry: key=$System$None$ msg=""
01-31 10:08:12.581  2464  2627 V PeerDiscovery: new remote peer discovered: 192.168.43.230
01-31 10:08:12.581  2464  2627 V NetworkConnectionHandler: starting sending loop
01-31 10:08:12.583  2464  2633 V Robocol : sending CMD_NOTIFY_ROBOT_STATE(9), attempt: 0
01-31 10:08:12.584  2464  2633 V Robocol : sending CMD_NOTIFY_ROBOT_STATE(10), attempt: 0
01-31 10:08:12.584  2464  2633 V Robocol : sending CMD_NOTIFY_ROBOT_STATE(11), attempt: 0
01-31 10:08:12.611  2464  2627 V UpdateUI: Network: active, connected
01-31 10:08:12.611  2464  2627 D FTCService: Sending user device types and preferences to driver station
01-31 10:08:12.692  2464  2636 V SoundInfo: construct(0x0a97c46b)
01-31 10:08:12.718  2464  2635 E WVMExtractor: Failed to open libwvm.so: dlopen failed: library "libwvm.so" not found
01-31 10:08:12.718  2464  2627 V NetDiscover_prefremrc: sendAllPreferences()
01-31 10:08:12.719  2464  2627 V NetDiscover_prefremrc: sending RC pref name=pref_wifip2p_remote_channel_change_works value=false
01-31 10:08:12.723  2464  2627 V NetDiscover_prefremrc: sending RC pref name=pref_device_name value=21180-RC
01-31 10:08:12.724  2464  2627 V NetDiscover_prefremrc: sending RC pref name=pref_warn_about_incorrect_clocks value=true
01-31 10:08:12.725  2464  2627 V NetDiscover_prefremrc: sending RC pref name=pref_warn_about_obsolete_software value=true
01-31 10:08:12.729  2464  2627 V NetDiscover_prefremrc: sending RC pref name=pref_has_speaker value=false
01-31 10:08:12.729  2464  2627 V NetDiscover_prefremrc: sending RC pref name=pref_warn_about_2_4_ghz_band value=true
01-31 10:08:12.730  2464  2627 V NetDiscover_prefremrc: sending RC pref name=pref_has_independent_phone_battery value=false
01-31 10:08:12.731  2464  2627 V NetDiscover_prefremrc: sending RC pref name=pref_app_theme value=red
01-31 10:08:12.732  2464  2627 V NetDiscover_prefremrc: sending RC pref name=pref_warn_about_mismatched_app_versions value=true
01-31 10:08:12.733  2464  2627 V NetDiscover_prefremrc: sending RC pref name=pref_sound_on_off value=false
01-31 10:08:12.733  2464  2627 V NetworkConnectionHandler: Peer connection established
01-31 10:08:12.736  2464  2627 V Robocol : packet processing took 156.0ms: type=PEER_DISCOVERY
01-31 10:08:12.739  2464  2635 I MediaCodec: callingProcessName:com.qualcomm.ftcrobotcontroller
01-31 10:08:12.742  2464  2633 V Robocol : sending CMD_NOTIFY_USER_DEVICE_LIST(19), attempt: 0
01-31 10:08:12.744  2464  2633 V Robocol : sending CMD_ROBOT_CONTROLLER_PREFERENCE(20), attempt: 0
01-31 10:08:12.745  2464  2633 V Robocol : sending CMD_ROBOT_CONTROLLER_PREFERENCE(21), attempt: 0
01-31 10:08:12.747  2464  2642 I ACodec  : onAllocateComponent:6752 mSoftCodecPref:0 componentName:
01-31 10:08:12.748  2464  2642 I ACodec  : onAllocateComponent:6783 mSoftCodecPref:0 componentName:OMX.google.raw.decoder
01-31 10:08:12.746  2464  2633 V Robocol : sending CMD_ROBOT_CONTROLLER_PREFERENCE(22), attempt: 0
01-31 10:08:12.749  2464  2633 V Robocol : sending CMD_ROBOT_CONTROLLER_PREFERENCE(23), attempt: 0
01-31 10:08:12.750  2464  2633 V Robocol : sending CMD_ROBOT_CONTROLLER_PREFERENCE(24), attempt: 0
01-31 10:08:12.753  2464  2633 V Robocol : sending CMD_ROBOT_CONTROLLER_PREFERENCE(25), attempt: 0
01-31 10:08:12.754  2464  2633 V Robocol : sending CMD_ROBOT_CONTROLLER_PREFERENCE(26), attempt: 0
01-31 10:08:12.754  2464  2629 V EventLoopManager: Setting authoritative wall clock based on connected DS.
01-31 10:08:12.754  2464  2629 D Uvc     : [time.cpp:64] Java_org_firstinspires_ftc_robotcore_internal_system_AppUtil_nativeSetCurrentTimeMillis()...
01-31 10:08:12.745  2464  2629 I JniTime : [time.cpp:83] settimeofday() succeeded
01-31 10:08:12.745  2464  2629 D Uvc     : [time.cpp:64] ...Java_org_firstinspires_ftc_robotcore_internal_system_AppUtil_nativeSetCurrentTimeMillis()
01-31 10:08:12.745  2464  2633 V Robocol : sending CMD_ROBOT_CONTROLLER_PREFERENCE(27), attempt: 0
01-31 10:08:12.745  2464  2633 V Robocol : sending CMD_ROBOT_CONTROLLER_PREFERENCE(28), attempt: 0
01-31 10:08:12.746  2464  2633 V Robocol : sending CMD_ROBOT_CONTROLLER_PREFERENCE(29), attempt: 0
01-31 10:08:12.777  2464  2629 V AppUtil : attempted to set timezone: before=America/Chicago after=America/Chicago
01-31 10:08:12.779  2464  2627 V Robocol : received command: CMD_REQUEST_ACTIVE_CONFIG(10001) 
01-31 10:08:12.781  2464  2627 V Robocol : received command: CMD_REQUEST_USER_DEVICE_TYPES(10002) 
01-31 10:08:12.782  2464  2627 V Robocol : received command: CMD_REQUEST_OP_MODE_LIST(10003) 
01-31 10:08:12.783  2464  2627 V Robocol : received command: CMD_ROBOT_CONTROLLER_PREFERENCE(10005) {"booleanValue":true,"prefName":"pref_ds_supports_5_ghz"}
01-31 10:08:12.783  2464  2528 D SoundPlayer: onLoadComplete(samp=1|ms=757, samp=1)=0
01-31 10:08:12.784  2464  2627 V Robocol : received command: CMD_ROBOT_CONTROLLER_PREFERENCE(10006) {"intValue":21,"prefName":"pref_dh_os_version_code"}
01-31 10:08:12.785  2464  2636 W AudioTrack: AUDIO_OUTPUT_FLAG_FAST denied by client; transfer 4, track 48000 Hz, output 44100 Hz
01-31 10:08:12.786  2464  2627 V Robocol : received command: CMD_REQUEST_ACTIVE_CONFIG(10007) 
01-31 10:08:12.790  2464  2636 D SoundPlayer: playing volume=0.000000 samp=1|ms=757
01-31 10:08:12.793  2464  2627 V Robocol : received command: CMD_REQUEST_USER_DEVICE_TYPES(10008) 
01-31 10:08:12.794  2464  2627 V Robocol : received command: CMD_REQUEST_OP_MODE_LIST(10009) 
01-31 10:08:12.795  2464  2627 V Robocol : received command: CMD_ROBOT_CONTROLLER_PREFERENCE(10010) {"booleanValue":true,"prefName":"pref_ds_supports_5_ghz"}
01-31 10:08:12.796  2464  2627 V Robocol : received command: CMD_ROBOT_CONTROLLER_PREFERENCE(10011) {"intValue":21,"prefName":"pref_dh_os_version_code"}
01-31 10:08:12.812  2464  2633 V Robocol : sending CMD_NOTIFY_ROBOT_STATE(9), attempt: 1
01-31 10:08:12.813  2464  2633 V Robocol : sending CMD_NOTIFY_ROBOT_STATE(10), attempt: 1
01-31 10:08:12.813  2464  2633 V Robocol : sending CMD_NOTIFY_ROBOT_STATE(11), attempt: 1
01-31 10:08:12.818  2464  2633 V Robocol : sending CMD_PLAY_SOUND(39), attempt: 0
01-31 10:08:12.902  2464  2577 V OpmodeRegistration: registered {TrackWidthTuner} as {TrackWidthTuner}
01-31 10:08:12.903  2464  2577 V OpmodeRegistration: registered {StraightTest} as {StraightTest}
01-31 10:08:12.903  2464  2577 V OpmodeRegistration: registered {DriveVelocityPIDTuner} as {DriveVelocityPIDTuner}
01-31 10:08:12.903  2464  2577 V OpmodeRegistration: registered {TurnTest} as {TurnTest}
01-31 10:08:12.904  2464  2577 V OpmodeRegistration: registered {FollowerPIDTuner} as {FollowerPIDTuner}
01-31 10:08:12.905  2464  2577 V OpmodeRegistration: registered {StrafeTest} as {StrafeTest}
01-31 10:08:12.905  2464  2577 V OpmodeRegistration: registered {AutoRoadRunner} as {auto RR right}
01-31 10:08:12.906  2464  2577 V OpmodeRegistration: registered {AutomaticFeedforwardTuner} as {AutomaticFeedforwardTuner}
01-31 10:08:12.907  2464  2577 V OpmodeRegistration: registered {LocalizationTest} as {LocalizationTest}
01-31 10:08:12.907  2464  2577 V OpmodeRegistration: registered {TrackingWheelLateralDistanceTuner} as {TrackingWheelLateralDistanceTuner}
01-31 10:08:12.908  2464  2577 V OpmodeRegistration: registered {TeleopRR} as {Teleop RR}
01-31 10:08:12.908  2464  2577 V OpmodeRegistration: registered {TrackingWheelForwardOffsetTuner} as {TrackingWheelForwardOffsetTuner}
01-31 10:08:12.909  2464  2577 V OpmodeRegistration: registered {MaxAngularVeloTuner} as {MaxAngularVeloTuner}
01-31 10:08:12.909  2464  2577 V OpmodeRegistration: registered {MaxVelocityTuner} as {MaxVelocityTuner}
01-31 10:08:12.910  2464  2577 V OpmodeRegistration: registered {SplineTest} as {SplineTest}
01-31 10:08:12.911  2464  2577 V OpmodeRegistration: registered {BackAndForth} as {BackAndForth}
01-31 10:08:12.911  2464  2577 V OpmodeRegistration: registered {ManualFeedforwardTuner} as {ManualFeedforwardTuner}
01-31 10:08:12.931  2464  2577 V FtcEventLoop: Ensuring that the embedded Control Hub module is set up correctly
01-31 10:08:12.932  2464  2633 V Robocol : sending CMD_NOTIFY_ACTIVE_CONFIGURATION(58), attempt: 0
01-31 10:08:12.933  2464  2633 V Robocol : sending CMD_NOTIFY_USER_DEVICE_LIST(59), attempt: 0
01-31 10:08:12.935  2464  2633 V Robocol : sending CMD_NOTIFY_OP_MODE_LIST(60), attempt: 0
01-31 10:08:12.937  2464  2577 V RobotCore: Creating REV Robotics USB Expansion Hub Portal [(embedded)]
01-31 10:08:12.949  2464  2577 V LynxUsb : creating new [(embedded)]: 0x05e4100d
01-31 10:08:12.953  2464  2577 V FtDeviceManager: createDeviceInfoList(): 0 USB devices
01-31 10:08:12.954  2464  2577 V RobotUsbManagerCombining: FTDI driver failed to open USB device with serial number (embedded) (returned null device)
01-31 10:08:12.951  2464  2464 I pRunnable.run(): type=1400 audit(0.0:198): avc: denied { read } for name="ttyS1" dev="tmpfs" ino=6169 scontext=u:r:untrusted_app:s0:c512,c768 tcontext=u:object_r:serial_device:s0 tclass=chr_file permissive=1
01-31 10:08:12.956  2464  2577 V SerialPortNative: [SerialPort.cpp:150] opened(/dev/ttyS1): fd=107
01-31 10:08:12.955  2464  2464 I pRunnable.run(): type=1400 audit(0.0:199): avc: denied { write } for name="ttyS1" dev="tmpfs" ino=6169 scontext=u:r:untrusted_app:s0:c512,c768 tcontext=u:object_r:serial_device:s0 tclass=chr_file permissive=1
01-31 10:08:12.955  2464  2464 I pRunnable.run(): type=1400 audit(0.0:200): avc: denied { open } for path="/dev/ttyS1" dev="tmpfs" ino=6169 scontext=u:r:untrusted_app:s0:c512,c768 tcontext=u:object_r:serial_device:s0 tclass=chr_file permissive=1
01-31 10:08:12.955  2464  2464 I pRunnable.run(): type=1400 audit(0.0:201): avc: denied { ioctl } for path="/dev/ttyS1" dev="tmpfs" ino=6169 ioctlcmd=5401 scontext=u:r:untrusted_app:s0:c512,c768 tcontext=u:object_r:serial_device:s0 tclass=chr_file permissive=1
01-31 10:08:12.964  2464  2577 V RobotUsbDeviceTTY: opening serial=(embedded) file=/dev/ttyS1
01-31 10:08:12.964  2464  2577 V LynxUsb : armDevice() serial=(embedded)...
01-31 10:08:12.964  2464  2577 V LynxUsb : resetDevice() serial=(embedded)
01-31 10:08:12.965  2464  2577 V LynxModule: resetting embedded usb device: isPresent: was=true
01-31 10:08:13.322  2464  2577 V LynxUsb : ...done armDevice()
01-31 10:08:13.323  2464  2577 V LynxUsb : 0x04cea009 on 0x05e4100d: new delegate to [(embedded)]
01-31 10:08:13.323  2464  2649 V RobotCore: thread: 'lynx incoming datagrams' starting...
01-31 10:08:13.331  2464  2577 V LynxUsb : addConfiguredModule() module#=173
01-31 10:08:13.332  2464  2577 V LynxModule: pingAndQueryKnownInterfaces mod=173
01-31 10:08:13.335  2464  2649 V LynxUsb : synchronization gained: serial=(embedded)
01-31 10:08:13.359  2464  2577 V LynxModule: mod#=173 queryInterface(DEKA)=54 commands starting at 4096
01-31 10:08:13.372  2464  2577 V LynxModule: sending LynxFtdiResetControlCommand(true) wasInterrupted=false
01-31 10:08:13.379  2464  2577 V LynxModule: sendLEDPatternSteps(): steps=[Step(color=65280, msDuration=1000)]
01-31 10:08:13.384  2464  2577 V LynxModule: setAsControlHubEmbeddedModule(mod=173)
01-31 10:08:13.385  2464  2577 V EmbeddedControlHubModule: setting embedded module
01-31 10:08:13.385  2464  2577 V LynxModule: sending LynxFtdiResetControlCommand(false) wasInterrupted=false
01-31 10:08:13.388  2464  2577 V LynxModule: close(#173)
01-31 10:08:13.390  2464  2577 V LynxUsb : Verified that the embedded Control Hub module has the correct address
01-31 10:08:13.392  2464  2577 V LynxUsb : addConfiguredModule() module#=173
01-31 10:08:13.392  2464  2577 V LynxModule: pingAndQueryKnownInterfaces mod=173
01-31 10:08:13.410  2464  2577 V LynxModule: mod#=173 queryInterface(DEKA)=54 commands starting at 4096
01-31 10:08:13.420  2464  2577 V LynxModule: sending LynxFtdiResetControlCommand(true) wasInterrupted=false
01-31 10:08:13.425  2464  2577 V LynxModule: sendLEDPatternSteps(): steps=[Step(color=65280, msDuration=1000)]
01-31 10:08:13.430  2464  2577 V LynxModule: setAsControlHubEmbeddedModule(mod=173)
01-31 10:08:13.430  2464  2577 V EmbeddedControlHubModule: setting embedded module
01-31 10:08:13.430  2464  2577 I RobotCore: LynxFirmwareVersionManager: LynxI2cDeviceSynchV2
01-31 10:08:13.431  2464  2577 V LynxI2cDeviceSynch: initializeHardware() mod#=173
01-31 10:08:13.432  2464  2577 V BHI260IMU: Suppressing I2C warnings while we check for a BHI260AP IMU
01-31 10:08:13.437  2464  2577 V BHI260IMU: Found BHI260AP IMU
01-31 10:08:13.438  2464  2577 I RobotCore: LynxFirmwareVersionManager: LynxI2cDeviceSynchV2
01-31 10:08:13.438  2464  2577 V LynxI2cDeviceSynch: initializeHardware() mod#=173
01-31 10:08:13.458  2464  2577 V BHI260IMU: flashFirmwareIfNecessary() alreadyFlashed=true firmwareVersion=20
01-31 10:08:13.459  2464  2577 V LynxModule: sending LynxFtdiResetControlCommand(false) wasInterrupted=false
01-31 10:08:13.461  2464  2577 V LynxModule: close(#173)
01-31 10:08:13.463  2464  2577 V HardwareFactory: createHardwareMap()
01-31 10:08:13.463  2464  2577 V EmbeddedControlHubModule: clearing embedded module
01-31 10:08:13.477  2464  2577 V ReadXMLFileHandler: embedded lynx USB device is already present
01-31 10:08:13.477  2464  2577 V RobotCore: Creating REV Robotics USB Expansion Hub Portal [(embedded)]
01-31 10:08:13.477  2464  2577 V LynxUsb : using existing [(embedded)]: 0x05e4100d
01-31 10:08:13.478  2464  2577 V LynxUsb : 0x0f57df5c on 0x05e4100d: new delegate to [(embedded)]
01-31 10:08:13.478  2464  2577 V RobotCore: Creating Lynx Module - mod=173 parent=true
01-31 10:08:13.480  2464  2577 V RobotCore: Creating Lynx Module - mod=2 parent=false
01-31 10:08:13.481  2464  2577 V LynxUsb : addConfiguredModule() module#=173
01-31 10:08:13.481  2464  2577 V LynxModule: pingAndQueryKnownInterfaces mod=173
01-31 10:08:13.494  2464  2577 V LynxModule: mod#=173 queryInterface(DEKA)=54 commands starting at 4096
01-31 10:08:13.502  2464  2577 V LynxModule: sending LynxFtdiResetControlCommand(true) wasInterrupted=false
01-31 10:08:13.507  2464  2577 V LynxModule: sendLEDPatternSteps(): steps=[Step(color=65280, msDuration=1000)]
01-31 10:08:13.509  2464  2652 V LynxModule: received status: LynxGetModuleStatusResponse(status=0x02 alerts=0x00: Reset)
01-31 10:08:13.514  2464  2577 V LynxModule: setAsControlHubEmbeddedModule(mod=173)
01-31 10:08:13.514  2464  2577 V EmbeddedControlHubModule: setting embedded module
01-31 10:08:13.514  2464  2577 V LynxUsb : addConfiguredModule() module#=2
01-31 10:08:13.515  2464  2577 V LynxModule: pingAndQueryKnownInterfaces mod=2
01-31 10:08:13.522  2464  2652 W HubPowerCycle: Expansion Hub 173 regained power after a complete power loss. No user Op Mode was running.
01-31 10:08:13.522  2464  2652 V LynxModule: resendCurrentPattern()
01-31 10:08:13.522  2464  2652 V LynxModule: sendLEDPatternSteps(): steps=[Step(color=65280, msDuration=1000)]
01-31 10:08:13.533  2464  2577 V LynxModule: mod#=2 queryInterface(DEKA)=54 commands starting at 4096
01-31 10:08:13.542  2464  2577 V LynxModule: sending LynxFtdiResetControlCommand(true) wasInterrupted=false
01-31 10:08:13.549  2464  2577 V LynxModule: sendLEDPatternSteps(): steps=[Step(color=65280, msDuration=4500), Step(color=0, msDuration=500), Step(color=255, msDuration=500), Step(color=0, msDuration=500), Step(color=255, msDuration=500), Step(color=0, msDuration=500)]
01-31 10:08:13.552  2464  2653 V LynxModule: received status: LynxGetModuleStatusResponse(status=0x05 alerts=0x00: KeepAliveTimeout|FailSafe)
01-31 10:08:13.552  2464  2653 V LynxModule: resendCurrentPattern()
01-31 10:08:13.553  2464  2653 V LynxModule: sendLEDPatternSteps(): steps=[Step(color=65280, msDuration=4500), Step(color=0, msDuration=500), Step(color=255, msDuration=500), Step(color=0, msDuration=500), Step(color=255, msDuration=500), Step(color=0, msDuration=500)]
01-31 10:08:13.561  2464  2577 V LynxMotor: initializeHardware() mod#=173
01-31 10:08:13.609  2464  2577 V RobotCore: DcMotorImpl(type=goBILDA5202SeriesMotor)
01-31 10:08:13.610  2464  2577 V RobotCore: DcMotorImpl(type=goBILDA5202SeriesMotor)
01-31 10:08:13.611  2464  2577 V RobotCore: DcMotorImpl(type=goBILDA5202SeriesMotor)
01-31 10:08:13.611  2464  2577 V RobotCore: DcMotorImpl(type=goBILDA5202SeriesMotor)
01-31 10:08:13.613  2464  2577 V LynxServoController: initializeHardware() mod#=173
01-31 10:08:13.639  2464  2577 V LynxVoltageSensor: initializeHardware() mod#=173
01-31 10:08:13.640  2464  2577 V LynxAnalogInputController: initializeHardware() mod#=173
01-31 10:08:13.642  2464  2577 V LynxDigitalChannelController: initializeHardware() mod#=173
01-31 10:08:13.659  2464  2577 V RobotCore: Creating user sensor REV internal IMU (BHI260AP) - on Lynx module=173 bus=0
01-31 10:08:13.660  2464  2577 I RobotCore: LynxFirmwareVersionManager: LynxI2cDeviceSynchV2
01-31 10:08:13.661  2464  2577 V LynxI2cDeviceSynch: initializeHardware() mod#=173
01-31 10:08:13.664  2464  2577 V BHI260IMU: Suppressing I2C warnings while we check for a BHI260AP IMU
01-31 10:08:13.668  2464  2577 V BHI260IMU: Found BHI260AP IMU
01-31 10:08:13.676  2464  2577 V BHI260IMU: Suppressing I2C warnings while we check for a BHI260AP IMU
01-31 10:08:13.680  2464  2577 V BHI260IMU: Found BHI260AP IMU
01-31 10:08:13.705  2464  2577 D BHI260IMU: Firmware version: 20
01-31 10:08:13.724  2464  2577 V LynxMotor: initializeHardware() mod#=2
01-31 10:08:13.784  2464  2577 V RobotCore: DcMotorImpl(type=goBILDA5202SeriesMotor)
01-31 10:08:13.785  2464  2577 V RobotCore: DcMotorImpl(type=goBILDA5202SeriesMotor)
01-31 10:08:13.786  2464  2577 V LynxServoController: initializeHardware() mod#=2
01-31 10:08:13.831  2464  2577 V LynxVoltageSensor: initializeHardware() mod#=2
01-31 10:08:13.832  2464  2577 V LynxAnalogInputController: initializeHardware() mod#=2
01-31 10:08:13.833  2464  2577 V LynxDigitalChannelController: initializeHardware() mod#=2
01-31 10:08:13.865  2464  2577 V RobotCore: Creating Webcam [D5386480]
01-31 10:08:13.866  2464  2577 V CameraManager: construct(hash=0x0e734690|inst#=0)
01-31 10:08:13.868  2464  2577 D libusb  : [ 0.000802] [00000a11] libusb: debug [op_init] sysfs(/sys/bus/usb/devices) available
01-31 10:08:13.868  2464  2577 D libusb  : [ 0.000928] [00000a11] libusb: debug [op_init] sysfs can relate devices
01-31 10:08:13.868  2464  2577 D libusb  : [ 0.000982] [00000a11] libusb: debug [op_init] sysfs has complete descriptors
01-31 10:08:13.868  2464  2577 D libusb  : [ 0.001033] [00000a11] libusb: debug [op_init] sysfs has serial numbers
01-31 10:08:13.865  2464  2464 I pRunnable.run(): type=1400 audit(0.0:202): avc: denied { read } for name="devices" dev="sysfs" ino=7258 scontext=u:r:untrusted_app:s0:c512,c768 tcontext=u:object_r:sysfs:s0 tclass=dir permissive=1
01-31 10:08:13.870  2464  2577 V UvcContext: construct(pointer=0xd4669300|inst#=0)
01-31 10:08:13.865  2464  2464 I pRunnable.run(): type=1400 audit(0.0:203): avc: denied { open } for path="/sys/bus/usb/devices" dev="sysfs" ino=7258 scontext=u:r:untrusted_app:s0:c512,c768 tcontext=u:object_r:sysfs:s0 tclass=dir permissive=1
01-31 10:08:13.883  2464  2577 I RobotCore: ========= Device Information ===================================================
01-31 10:08:13.883  2464  2577 I RobotCore: Type                                               Name                           Connection
01-31 10:08:13.884  2464  2577 I RobotCore: Motor                                              FrontLeft                      USB (embedded); module 173; port 0
01-31 10:08:13.885  2464  2577 I RobotCore: Expansion Hub DC Motor Controller                  Expansion Hub 2                USB (embedded); module 2
01-31 10:08:13.886  2464  2577 I RobotCore: Expansion Hub Servo Controller                     Expansion Hub 2                USB (embedded); module 2
01-31 10:08:13.886  2464  2577 I RobotCore: Expansion Hub Voltage Sensor                       Expansion Hub 2                USB (embedded); module 2
01-31 10:08:13.887  2464  2577 I RobotCore: Expansion Hub Analog Input Controller              Expansion Hub 2                USB (embedded); module 2
01-31 10:08:13.888  2464  2577 I RobotCore: Expansion Hub Digital Channel Controller           Expansion Hub 2                USB (embedded); module 2
01-31 10:08:13.894  2464  2577 I RobotCore: Expansion Hub (HW: 20, Maj: 1, Min: 8, Eng: 2)     Expansion Hub 2                USB (embedded); module 2
01-31 10:08:13.895  2464  2577 I RobotCore: Motor                                              BackRight                      USB (embedded); module 173; port 3
01-31 10:08:13.896  2464  2577 I RobotCore: REV internal IMU (BHI260AP)                        imu                            BHI260 IMU on USB (embedded); module 173; bus 0; addr7=0x28
01-31 10:08:13.904  2464  2577 I RobotCore: Logitech C270 HD WEBCAM                            Webcam 1                       USB (D5386480)
01-31 10:08:13.905  2464  2577 I RobotCore: Motor                                              RightSlider                    USB (embedded); module 2; port 1
01-31 10:08:13.905  2464  2577 I RobotCore: Motor                                              LeftSlider                     USB (embedded); module 2; port 0
01-31 10:08:13.906  2464  2577 I RobotCore: Expansion Hub DC Motor Controller                  Control Hub                    USB (embedded); module 173
01-31 10:08:13.907  2464  2577 I RobotCore: Expansion Hub Servo Controller                     Control Hub                    USB (embedded); module 173
01-31 10:08:13.907  2464  2577 I RobotCore: Expansion Hub Voltage Sensor                       Control Hub                    USB (embedded); module 173
01-31 10:08:13.908  2464  2577 I RobotCore: Expansion Hub Analog Input Controller              Control Hub                    USB (embedded); module 173
01-31 10:08:13.908  2464  2577 I RobotCore: Expansion Hub Digital Channel Controller           Control Hub                    USB (embedded); module 173
01-31 10:08:13.911  2464  2577 I RobotCore: Expansion Hub (HW: 20, Maj: 1, Min: 8, Eng: 2)     Control Hub                    USB (embedded); module 173
01-31 10:08:13.912  2464  2577 I RobotCore: Servo                                              ClawServo                      USB (embedded); module 2; port 0
01-31 10:08:13.913  2464  2577 I RobotCore: Motor                                              FrontRight                     USB (embedded); module 173; port 1
01-31 10:08:13.913  2464  2577 I RobotCore: REV Robotics USB Expansion Hub Portal              Control Hub Portal             USB (embedded)
01-31 10:08:13.914  2464  2577 I RobotCore: Servo                                              ArmServo                       USB (embedded); module 2; port 1
01-31 10:08:13.914  2464  2577 I RobotCore: Motor                                              BackLeft                       USB (embedded); module 173; port 2
01-31 10:08:13.918  2464  2577 I RobotCore: LynxFirmwareVersionManager: LynxI2cDeviceSynchV2
01-31 10:08:13.918  2464  2577 V LynxI2cDeviceSynch: initializeHardware() mod#=173
01-31 10:08:13.919  2464  2577 V BHI260IMU: Suppressing I2C warnings while we check for a BHI260AP IMU
01-31 10:08:13.923  2464  2577 V BHI260IMU: Found BHI260AP IMU
01-31 10:08:13.929  2464  2577 I RobotCore: LynxFirmwareVersionManager: LynxI2cDeviceSynchV2
01-31 10:08:13.929  2464  2577 V LynxI2cDeviceSynch: initializeHardware() mod#=2
01-31 10:08:13.931  2464  2577 V BNO055  : Suppressing I2C warnings while we check for a BNO055 IMU
01-31 10:08:13.938  2464  2577 V BNO055  : Found BNO055 IMU
01-31 10:08:13.950  2464  2577 V LynxUsb : 0x04cea009 on 0x05e4100d: releasing delegate to [(embedded)]
01-31 10:08:13.950  2464  2577 I FtcEventLoop: ======= INIT FINISH =======
01-31 10:08:13.950  2464  2577 V RobotCore: EventLoopManager state is RUNNING
01-31 10:08:13.951  2464  2628 W art     : Long monitor contention with owner RobotSetupRunnable.run() (2577) at int java.io.FileInputStream.read(byte[])(FileInputStream.java:223) waiters=0 in org.firstinspires.ftc.robotcore.internal.network.CallbackResult com.qualcomm.robotcore.eventloop.EventLoopManager.commandEvent(com.qualcomm.robotcore.robocol.Command) for 1.170s
01-31 10:08:13.951  2464  2577 V RobotCore: Robot Status: running, starting robot
01-31 10:08:13.952  2464  2577 V RobotCore: Robot Status: running
01-31 10:08:13.955  2464  2656 V RobotCore: thread: 'EventLoop' starting...
01-31 10:08:13.956  2464  2577 D FTCService: Detecting Wi-Fi reset
01-31 10:08:13.959  2464  2577 D RobotControllerAccessPointAssistant: detectWifiReset button=false
01-31 10:08:13.961  2464  2577 V RobotCore: thread: ...terminating 'RobotSetupRunnable.run()'
01-31 10:08:13.964  2464  2628 E Robocol : command processing took 1184 ms: command=CMD_REQUEST_ACTIVE_CONFIG
01-31 10:08:13.972  2464  2633 V Robocol : sending CMD_NOTIFY_ROBOT_STATE(75), attempt: 0
01-31 10:08:13.973  2464  2633 V Robocol : sending CMD_SHOW_TOAST(77), attempt: 0
01-31 10:08:13.974  2464  2633 V Robocol : sending CMD_NOTIFY_ACTIVE_CONFIGURATION(79), attempt: 0
01-31 10:08:14.012  2464  2633 V Robocol : sending CMD_NOTIFY_USER_DEVICE_LIST(85), attempt: 0
01-31 10:08:14.052  2464  2633 V Robocol : sending CMD_NOTIFY_OP_MODE_LIST(88), attempt: 0
01-31 10:08:14.053  2464  2636 V SoundInfo: construct(0x0b0bb9fd)
01-31 10:08:14.093  2464  2633 V Robocol : sending CMD_NOTIFY_ACTIVE_CONFIGURATION(97), attempt: 0
01-31 10:08:14.094  2464  2633 V Robocol : sending CMD_NOTIFY_USER_DEVICE_LIST(102), attempt: 0
01-31 10:08:14.096  2464  2633 V Robocol : sending CMD_NOTIFY_OP_MODE_LIST(105), attempt: 0
01-31 10:08:14.121  2464  2635 I MediaCodec: callingProcessName:com.qualcomm.ftcrobotcontroller
01-31 10:08:14.123  2464  2661 I ACodec  : onAllocateComponent:6752 mSoftCodecPref:0 componentName:
01-31 10:08:14.125  2464  2661 I ACodec  : onAllocateComponent:6783 mSoftCodecPref:0 componentName:OMX.google.raw.decoder
01-31 10:08:14.171  2464  2528 D SoundPlayer: onLoadComplete(samp=2|ms=4506, samp=2)=0
01-31 10:08:14.173  2464  2636 W AudioTrack: AUDIO_OUTPUT_FLAG_FAST denied by client; transfer 4, track 48000 Hz, output 44100 Hz
01-31 10:08:14.188  2464  2636 D SoundPlayer: playing volume=0.000000 samp=2|ms=4506
01-31 10:08:14.212  2464  2633 V Robocol : sending CMD_PLAY_SOUND(115), attempt: 0
01-31 10:08:14.467  2464  2656 I RobotCore: Attempting to switch to op mode $Stop$Robot$
01-31 10:08:14.470  2464  2656 D HardwareMap: Clearing which device instances have been retrieved
01-31 10:08:14.470  2464  2656 D HardwareMap: Clearing which device instances have been retrieved
01-31 10:08:14.474  2464  2668 V RobotCore: thread: 'OpModeThread' starting...
01-31 10:08:14.492  2464  2633 V Robocol : sending CMD_NOTIFY_INIT_OP_MODE(125), attempt: 0
01-31 10:09:47.859  2464  2827 I RobotCore: ******************** START - OPMODE DriveVelocityPIDTuner ********************
01-31 10:09:47.870  2464  2668 V RobotCore: thread: ...terminating 'OpModeThread'
01-31 10:09:47.975  2464  2656 I RobotCore: Attempting to switch to op mode DriveVelocityPIDTuner
01-31 10:09:48.171  2464  2656 D HardwareMap: Clearing which device instances have been retrieved
01-31 10:09:48.171  2464  2656 D HardwareMap: Clearing which device instances have been retrieved
01-31 10:09:48.175  2464  2922 V RobotCore: thread: 'OpModeThread' starting...
01-31 10:09:48.196  2464  2922 I I2C     : Automatically initializing I2C device BHI260IMU (BHI260 IMU on USB (embedded); module 173; bus 0; addr7=0x28)
01-31 10:09:48.199  2464  2922 V BHI260IMU: Suppressing I2C warnings while we check for a BHI260AP IMU
01-31 10:09:48.203  2464  2922 V BHI260IMU: Found BHI260AP IMU
01-31 10:09:48.212  2464  2633 V Robocol : sending CMD_NOTIFY_INIT_OP_MODE(1397), attempt: 0
01-31 10:09:48.222  2464  2922 D BHI260IMU: Firmware version: 20
01-31 10:09:48.237  2464  2922 V BHI260IMU: Suppressing I2C warnings while we check for a BHI260AP IMU
01-31 10:09:48.241  2464  2922 V BHI260IMU: Found BHI260AP IMU
01-31 10:09:48.259  2464  2922 D BHI260IMU: Firmware version: 20
01-31 10:10:03.092  2464  2633 V Robocol : sending CMD_NOTIFY_RUN_OP_MODE(1541), attempt: 0
01-31 10:10:33.148  2464  2627 V Robocol : received command: CMD_INIT_OP_MODE(11899) $Stop$Robot$
01-31 10:10:33.157  2464  2628 I RobotCore: ******************** STOP - OPMODE /storage/emulated/0/FIRST/matchlogs/Match-0-DriveVelocityPIDTuner.txt ********************
01-31 10:10:33.162  2464  3025 I RobotCore: saving match logcat to /storage/emulated/0/FIRST/matchlogs/Match-0-DriveVelocityPIDTuner.txt
01-31 10:10:33.162  2464  3025 I RobotCore: logging command line: exec logcat -d -T '1-31 10:9:47.000' -f '/storage/emulated/0/FIRST/matchlogs/Match-0-DriveVelocityPIDTuner.txt' -n4 -v threadtime UsbRequestJNI:S UsbRequest:S art:W ThreadPool:W System:W ExtendedExtractor:W OMXClient:W MediaPlayer:W dalvikvm:W  *:V
01-31 10:10:33.164  2464  2922 D RobotCore: User runOpModeMethod exited
01-31 10:10:33.167  2464  2922 V RobotCore: thread: ...terminating 'OpModeThread'
01-31 10:10:33.203  2464  3025 I RobotCore: Done running exec logcat -d -T '1-31 10:9:47.000' -f '/storage/emulated/0/FIRST/matchlogs/Match-0-DriveVelocityPIDTuner.txt' -n4 -v threadtime UsbRequestJNI:S UsbRequest:S art:W ThreadPool:W System:W ExtendedExtractor:W OMXClient:W MediaPlayer:W dalvikvm:W  *:V
01-31 10:10:33.204  2464  3025 I RobotCore: exiting match logcat for /storage/emulated/0/FIRST/matchlogs/Match-0-DriveVelocityPIDTuner.txt
01-31 10:10:33.208  2464  2656 I RobotCore: Attempting to switch to op mode $Stop$Robot$
01-31 10:10:33.209  2464  2656 D HardwareMap: Clearing which device instances have been retrieved
01-31 10:10:33.209  2464  2656 D HardwareMap: Clearing which device instances have been retrieved
01-31 10:10:33.211  2464  3030 V RobotCore: thread: 'OpModeThread' starting...
01-31 10:10:33.212  2464  2633 V Robocol : sending CMD_NOTIFY_INIT_OP_MODE(1957), attempt: 0
01-31 10:10:33.227  2464  2627 V Robocol : received command: CMD_RUN_OP_MODE(11906) $Stop$Robot$
01-31 10:10:33.252  2464  2633 V Robocol : sending CMD_NOTIFY_RUN_OP_MODE(1962), attempt: 0
01-31 10:10:58.589  2464  2627 V Robocol : received command: CMD_SET_MATCH_NUMBER(12252) 0
01-31 10:10:58.591  2464  2627 V Robocol : received command: CMD_INIT_OP_MODE(12253) DriveVelocityPIDTuner
01-31 10:10:58.610  2464  2628 I RobotCore: ******************** START - OPMODE DriveVelocityPIDTuner ********************
01-31 10:10:58.614  2464  3030 V RobotCore: thread: ...terminating 'OpModeThread'
01-31 10:10:58.634  2464  2656 I RobotCore: Attempting to switch to op mode DriveVelocityPIDTuner
